[2024-04-09T14:06:38.723+0300][0.002s][info][gc,init] CardTable entry size: 512
[2024-04-09T14:06:38.723+0300][0.002s][info][gc     ] Using G1
[2024-04-09T14:06:38.730+0300][0.009s][info][gc,init] Version: 19.0.2+7-Ubuntu-0ubuntu322.04 (release)
[2024-04-09T14:06:38.730+0300][0.009s][info][gc,init] CPUs: 6 total, 6 available
[2024-04-09T14:06:38.730+0300][0.009s][info][gc,init] Memory: 7932M
[2024-04-09T14:06:38.730+0300][0.009s][info][gc,init] Large Page Support: Disabled
[2024-04-09T14:06:38.730+0300][0.009s][info][gc,init] NUMA Support: Disabled
[2024-04-09T14:06:38.730+0300][0.009s][info][gc,init] Compressed Oops: Enabled (32-bit)
[2024-04-09T14:06:38.730+0300][0.009s][info][gc,init] Heap Region Size: 1M
[2024-04-09T14:06:38.730+0300][0.009s][info][gc,init] Heap Min Capacity: 1G
[2024-04-09T14:06:38.730+0300][0.009s][info][gc,init] Heap Initial Capacity: 1G
[2024-04-09T14:06:38.730+0300][0.009s][info][gc,init] Heap Max Capacity: 1G
[2024-04-09T14:06:38.730+0300][0.009s][info][gc,init] Pre-touch: Disabled
[2024-04-09T14:06:38.730+0300][0.009s][info][gc,init] Parallel Workers: 6
[2024-04-09T14:06:38.730+0300][0.009s][info][gc,init] Concurrent Workers: 2
[2024-04-09T14:06:38.730+0300][0.009s][info][gc,init] Concurrent Refinement Workers: 6
[2024-04-09T14:06:38.730+0300][0.009s][info][gc,init] Periodic GC: Disabled
[2024-04-09T14:06:38.730+0300][0.009s][info][gc,metaspace] CDS archive(s) mapped at: [0x0000000800000000-0x0000000800c51000-0x0000000800c51000), size 12914688, SharedBaseAddress: 0x0000000800000000, ArchiveRelocationMode: 0.
[2024-04-09T14:06:38.730+0300][0.009s][info][gc,metaspace] Compressed class space mapped at: 0x0000000801000000-0x0000000841000000, reserved size: 1073741824
[2024-04-09T14:06:38.730+0300][0.009s][info][gc,metaspace] Narrow klass base: 0x0000000800000000, Narrow klass shift: 0, Narrow klass range: 0x100000000
[2024-04-09T14:06:39.273+0300][0.551s][info][gc,start    ] GC(0) Pause Young (Normal) (G1 Evacuation Pause)
[2024-04-09T14:06:39.273+0300][0.552s][info][gc,task     ] GC(0) Using 6 workers of 6 for evacuation
[2024-04-09T14:06:39.279+0300][0.558s][info][gc,phases   ] GC(0)   Pre Evacuate Collection Set: 0.1ms
[2024-04-09T14:06:39.279+0300][0.558s][info][gc,phases   ] GC(0)   Merge Heap Roots: 0.1ms
[2024-04-09T14:06:39.279+0300][0.558s][info][gc,phases   ] GC(0)   Evacuate Collection Set: 5.0ms
[2024-04-09T14:06:39.279+0300][0.558s][info][gc,phases   ] GC(0)   Post Evacuate Collection Set: 0.5ms
[2024-04-09T14:06:39.279+0300][0.558s][info][gc,phases   ] GC(0)   Other: 0.5ms
[2024-04-09T14:06:39.279+0300][0.558s][info][gc,heap     ] GC(0) Eden regions: 51->0(44)
[2024-04-09T14:06:39.279+0300][0.558s][info][gc,heap     ] GC(0) Survivor regions: 0->7(7)
[2024-04-09T14:06:39.279+0300][0.558s][info][gc,heap     ] GC(0) Old regions: 0->3
[2024-04-09T14:06:39.279+0300][0.558s][info][gc,heap     ] GC(0) Archive regions: 2->2
[2024-04-09T14:06:39.279+0300][0.558s][info][gc,heap     ] GC(0) Humongous regions: 1->0
[2024-04-09T14:06:39.279+0300][0.558s][info][gc,metaspace] GC(0) Metaspace: 11637K(11840K)->11637K(11840K) NonClass: 10510K(10624K)->10510K(10624K) Class: 1126K(1216K)->1126K(1216K)
[2024-04-09T14:06:39.279+0300][0.558s][info][gc          ] GC(0) Pause Young (Normal) (G1 Evacuation Pause) 52M->10M(1024M) 6.254ms
[2024-04-09T14:06:39.279+0300][0.558s][info][gc,cpu      ] GC(0) User=0.02s Sys=0.01s Real=0.01s
[2024-04-09T14:06:39.403+0300][0.681s][info][gc,start    ] GC(1) Pause Young (Normal) (G1 Evacuation Pause)
[2024-04-09T14:06:39.403+0300][0.681s][info][gc,task     ] GC(1) Using 6 workers of 6 for evacuation
[2024-04-09T14:06:39.409+0300][0.688s][info][gc,phases   ] GC(1)   Pre Evacuate Collection Set: 0.1ms
[2024-04-09T14:06:39.409+0300][0.688s][info][gc,phases   ] GC(1)   Merge Heap Roots: 0.1ms
[2024-04-09T14:06:39.409+0300][0.688s][info][gc,phases   ] GC(1)   Evacuate Collection Set: 5.8ms
[2024-04-09T14:06:39.409+0300][0.688s][info][gc,phases   ] GC(1)   Post Evacuate Collection Set: 0.7ms
[2024-04-09T14:06:39.409+0300][0.688s][info][gc,phases   ] GC(1)   Other: 0.0ms
[2024-04-09T14:06:39.409+0300][0.688s][info][gc,heap     ] GC(1) Eden regions: 44->0(44)
[2024-04-09T14:06:39.409+0300][0.688s][info][gc,heap     ] GC(1) Survivor regions: 7->7(7)
[2024-04-09T14:06:39.410+0300][0.688s][info][gc,heap     ] GC(1) Old regions: 3->19
[2024-04-09T14:06:39.410+0300][0.688s][info][gc,heap     ] GC(1) Archive regions: 2->2
[2024-04-09T14:06:39.410+0300][0.688s][info][gc,heap     ] GC(1) Humongous regions: 5->3
[2024-04-09T14:06:39.410+0300][0.688s][info][gc,metaspace] GC(1) Metaspace: 12190K(12480K)->12190K(12480K) NonClass: 11006K(11136K)->11006K(11136K) Class: 1184K(1344K)->1184K(1344K)
[2024-04-09T14:06:39.410+0300][0.688s][info][gc          ] GC(1) Pause Young (Normal) (G1 Evacuation Pause) 59M->29M(1024M) 6.832ms
[2024-04-09T14:06:39.410+0300][0.688s][info][gc,cpu      ] GC(1) User=0.03s Sys=0.00s Real=0.00s
[2024-04-09T14:06:39.464+0300][0.743s][info][gc,start    ] GC(2) Pause Young (Normal) (G1 Evacuation Pause)
[2024-04-09T14:06:39.464+0300][0.743s][info][gc,task     ] GC(2) Using 6 workers of 6 for evacuation
[2024-04-09T14:06:39.466+0300][0.745s][info][gc,phases   ] GC(2)   Pre Evacuate Collection Set: 0.1ms
[2024-04-09T14:06:39.466+0300][0.745s][info][gc,phases   ] GC(2)   Merge Heap Roots: 0.0ms
[2024-04-09T14:06:39.466+0300][0.745s][info][gc,phases   ] GC(2)   Evacuate Collection Set: 1.9ms
[2024-04-09T14:06:39.466+0300][0.745s][info][gc,phases   ] GC(2)   Post Evacuate Collection Set: 0.3ms
[2024-04-09T14:06:39.466+0300][0.745s][info][gc,phases   ] GC(2)   Other: 0.0ms
[2024-04-09T14:06:39.466+0300][0.745s][info][gc,heap     ] GC(2) Eden regions: 44->0(79)
[2024-04-09T14:06:39.466+0300][0.745s][info][gc,heap     ] GC(2) Survivor regions: 7->2(7)
[2024-04-09T14:06:39.466+0300][0.745s][info][gc,heap     ] GC(2) Old regions: 19->27
[2024-04-09T14:06:39.466+0300][0.745s][info][gc,heap     ] GC(2) Archive regions: 2->2
[2024-04-09T14:06:39.466+0300][0.745s][info][gc,heap     ] GC(2) Humongous regions: 3->3
[2024-04-09T14:06:39.466+0300][0.745s][info][gc,metaspace] GC(2) Metaspace: 12694K(12992K)->12694K(12992K) NonClass: 11458K(11584K)->11458K(11584K) Class: 1235K(1408K)->1235K(1408K)
[2024-04-09T14:06:39.466+0300][0.745s][info][gc          ] GC(2) Pause Young (Normal) (G1 Evacuation Pause) 73M->32M(1024M) 2.470ms
[2024-04-09T14:06:39.466+0300][0.745s][info][gc,cpu      ] GC(2) User=0.00s Sys=0.01s Real=0.00s
[2024-04-09T14:06:39.570+0300][0.849s][info][gc,start    ] GC(3) Pause Young (Normal) (G1 Evacuation Pause)
[2024-04-09T14:06:39.570+0300][0.849s][info][gc,task     ] GC(3) Using 6 workers of 6 for evacuation
[2024-04-09T14:06:39.572+0300][0.851s][info][gc,phases   ] GC(3)   Pre Evacuate Collection Set: 0.1ms
[2024-04-09T14:06:39.573+0300][0.851s][info][gc,phases   ] GC(3)   Merge Heap Roots: 0.1ms
[2024-04-09T14:06:39.573+0300][0.851s][info][gc,phases   ] GC(3)   Evacuate Collection Set: 1.9ms
[2024-04-09T14:06:39.573+0300][0.851s][info][gc,phases   ] GC(3)   Post Evacuate Collection Set: 0.3ms
[2024-04-09T14:06:39.573+0300][0.851s][info][gc,phases   ] GC(3)   Other: 0.0ms
[2024-04-09T14:06:39.573+0300][0.851s][info][gc,heap     ] GC(3) Eden regions: 79->0(610)
[2024-04-09T14:06:39.573+0300][0.851s][info][gc,heap     ] GC(3) Survivor regions: 2->4(11)
[2024-04-09T14:06:39.573+0300][0.851s][info][gc,heap     ] GC(3) Old regions: 27->27
[2024-04-09T14:06:39.573+0300][0.851s][info][gc,heap     ] GC(3) Archive regions: 2->2
[2024-04-09T14:06:39.573+0300][0.851s][info][gc,heap     ] GC(3) Humongous regions: 3->3
[2024-04-09T14:06:39.573+0300][0.851s][info][gc,metaspace] GC(3) Metaspace: 13277K(13632K)->13277K(13632K) NonClass: 11991K(12160K)->11991K(12160K) Class: 1286K(1472K)->1286K(1472K)
[2024-04-09T14:06:39.573+0300][0.851s][info][gc          ] GC(3) Pause Young (Normal) (G1 Evacuation Pause) 111M->34M(1024M) 2.453ms
[2024-04-09T14:06:39.573+0300][0.851s][info][gc,cpu      ] GC(3) User=0.01s Sys=0.00s Real=0.00s
[2024-04-09T14:06:40.059+0300][1.337s][info][gc,start    ] GC(4) Pause Young (Concurrent Start) (Metadata GC Threshold)
[2024-04-09T14:06:40.059+0300][1.337s][info][gc,task     ] GC(4) Using 6 workers of 6 for evacuation
[2024-04-09T14:06:40.062+0300][1.341s][info][gc,phases   ] GC(4)   Pre Evacuate Collection Set: 0.2ms
[2024-04-09T14:06:40.062+0300][1.341s][info][gc,phases   ] GC(4)   Merge Heap Roots: 0.1ms
[2024-04-09T14:06:40.062+0300][1.341s][info][gc,phases   ] GC(4)   Evacuate Collection Set: 2.6ms
[2024-04-09T14:06:40.062+0300][1.341s][info][gc,phases   ] GC(4)   Post Evacuate Collection Set: 0.4ms
[2024-04-09T14:06:40.062+0300][1.341s][info][gc,phases   ] GC(4)   Other: 0.1ms
[2024-04-09T14:06:40.062+0300][1.341s][info][gc,heap     ] GC(4) Eden regions: 365->0(609)
[2024-04-09T14:06:40.062+0300][1.341s][info][gc,heap     ] GC(4) Survivor regions: 4->5(77)
[2024-04-09T14:06:40.062+0300][1.341s][info][gc,heap     ] GC(4) Old regions: 27->27
[2024-04-09T14:06:40.062+0300][1.341s][info][gc,heap     ] GC(4) Archive regions: 2->2
[2024-04-09T14:06:40.062+0300][1.341s][info][gc,heap     ] GC(4) Humongous regions: 3->3
[2024-04-09T14:06:40.062+0300][1.341s][info][gc,metaspace] GC(4) Metaspace: 21164K(21504K)->21164K(21504K) NonClass: 18836K(19008K)->18836K(19008K) Class: 2328K(2496K)->2328K(2496K)
[2024-04-09T14:06:40.062+0300][1.341s][info][gc          ] GC(4) Pause Young (Concurrent Start) (Metadata GC Threshold) 398M->35M(1024M) 3.384ms
[2024-04-09T14:06:40.062+0300][1.341s][info][gc,cpu      ] GC(4) User=0.00s Sys=0.01s Real=0.01s
[2024-04-09T14:06:40.062+0300][1.341s][info][gc          ] GC(5) Concurrent Mark Cycle
[2024-04-09T14:06:40.062+0300][1.341s][info][gc,marking  ] GC(5) Concurrent Clear Claimed Marks
[2024-04-09T14:06:40.062+0300][1.341s][info][gc,marking  ] GC(5) Concurrent Clear Claimed Marks 0.018ms
[2024-04-09T14:06:40.062+0300][1.341s][info][gc,marking  ] GC(5) Concurrent Scan Root Regions
[2024-04-09T14:06:40.065+0300][1.343s][info][gc,marking  ] GC(5) Concurrent Scan Root Regions 2.310ms
[2024-04-09T14:06:40.065+0300][1.343s][info][gc,marking  ] GC(5) Concurrent Mark
[2024-04-09T14:06:40.065+0300][1.343s][info][gc,marking  ] GC(5) Concurrent Mark From Roots
[2024-04-09T14:06:40.065+0300][1.343s][info][gc,task     ] GC(5) Using 2 workers of 2 for marking
[2024-04-09T14:06:40.073+0300][1.352s][info][gc,marking  ] GC(5) Concurrent Mark From Roots 8.522ms
[2024-04-09T14:06:40.073+0300][1.352s][info][gc,marking  ] GC(5) Concurrent Preclean
[2024-04-09T14:06:40.073+0300][1.352s][info][gc,marking  ] GC(5) Concurrent Preclean 0.060ms
[2024-04-09T14:06:40.074+0300][1.353s][info][gc,start    ] GC(5) Pause Remark
[2024-04-09T14:06:40.077+0300][1.356s][info][gc          ] GC(5) Pause Remark 44M->44M(1024M) 2.965ms
[2024-04-09T14:06:40.077+0300][1.356s][info][gc,cpu      ] GC(5) User=0.01s Sys=0.00s Real=0.00s
[2024-04-09T14:06:40.077+0300][1.356s][info][gc,marking  ] GC(5) Concurrent Mark 12.902ms
[2024-04-09T14:06:40.077+0300][1.356s][info][gc,marking  ] GC(5) Concurrent Rebuild Remembered Sets
[2024-04-09T14:06:40.081+0300][1.359s][info][gc,marking  ] GC(5) Concurrent Rebuild Remembered Sets 3.308ms
[2024-04-09T14:06:40.081+0300][1.360s][info][gc,start    ] GC(5) Pause Cleanup
[2024-04-09T14:06:40.081+0300][1.360s][info][gc          ] GC(5) Pause Cleanup 45M->45M(1024M) 0.137ms
[2024-04-09T14:06:40.081+0300][1.360s][info][gc,cpu      ] GC(5) User=0.00s Sys=0.00s Real=0.00s
[2024-04-09T14:06:40.081+0300][1.360s][info][gc,marking  ] GC(5) Concurrent Cleanup for Next Mark
[2024-04-09T14:06:40.086+0300][1.365s][info][gc,marking  ] GC(5) Concurrent Cleanup for Next Mark 5.052ms
[2024-04-09T14:06:40.086+0300][1.365s][info][gc          ] GC(5) Concurrent Mark Cycle 24.141ms
[2024-04-09T14:06:40.492+0300][1.770s][info][gc,start    ] GC(6) Pause Young (Prepare Mixed) (Metadata GC Threshold)
[2024-04-09T14:06:40.492+0300][1.770s][info][gc,task     ] GC(6) Using 6 workers of 6 for evacuation
[2024-04-09T14:06:40.497+0300][1.776s][info][gc,phases   ] GC(6)   Pre Evacuate Collection Set: 0.1ms
[2024-04-09T14:06:40.497+0300][1.776s][info][gc,phases   ] GC(6)   Merge Heap Roots: 0.1ms
[2024-04-09T14:06:40.497+0300][1.776s][info][gc,phases   ] GC(6)   Evacuate Collection Set: 4.4ms
[2024-04-09T14:06:40.497+0300][1.776s][info][gc,phases   ] GC(6)   Post Evacuate Collection Set: 0.7ms
[2024-04-09T14:06:40.497+0300][1.776s][info][gc,phases   ] GC(6)   Other: 0.0ms
[2024-04-09T14:06:40.497+0300][1.776s][info][gc,heap     ] GC(6) Eden regions: 204->0(37)
[2024-04-09T14:06:40.497+0300][1.776s][info][gc,heap     ] GC(6) Survivor regions: 5->14(77)
[2024-04-09T14:06:40.497+0300][1.776s][info][gc,heap     ] GC(6) Old regions: 27->27
[2024-04-09T14:06:40.497+0300][1.776s][info][gc,heap     ] GC(6) Archive regions: 2->2
[2024-04-09T14:06:40.497+0300][1.776s][info][gc,heap     ] GC(6) Humongous regions: 4->3
[2024-04-09T14:06:40.497+0300][1.776s][info][gc,metaspace] GC(6) Metaspace: 35994K(36416K)->35994K(36416K) NonClass: 31881K(32064K)->31881K(32064K) Class: 4113K(4352K)->4113K(4352K)
[2024-04-09T14:06:40.497+0300][1.776s][info][gc          ] GC(6) Pause Young (Prepare Mixed) (Metadata GC Threshold) 239M->44M(1024M) 5.494ms
[2024-04-09T14:06:40.497+0300][1.776s][info][gc,cpu      ] GC(6) User=0.02s Sys=0.00s Real=0.01s
[2024-04-09T14:06:40.508+0300][1.787s][info][gc,start    ] GC(7) Pause Young (Mixed) (Metadata GC Threshold)
[2024-04-09T14:06:40.508+0300][1.787s][info][gc,task     ] GC(7) Using 6 workers of 6 for evacuation
[2024-04-09T14:06:40.515+0300][1.794s][info][gc,phases   ] GC(7)   Pre Evacuate Collection Set: 0.1ms
[2024-04-09T14:06:40.515+0300][1.794s][info][gc,phases   ] GC(7)   Merge Heap Roots: 0.1ms
[2024-04-09T14:06:40.515+0300][1.794s][info][gc,phases   ] GC(7)   Evacuate Collection Set: 6.4ms
[2024-04-09T14:06:40.515+0300][1.794s][info][gc,phases   ] GC(7)   Post Evacuate Collection Set: 0.5ms
[2024-04-09T14:06:40.515+0300][1.794s][info][gc,phases   ] GC(7)   Other: 0.0ms
[2024-04-09T14:06:40.515+0300][1.794s][info][gc,heap     ] GC(7) Eden regions: 5->0(612)
[2024-04-09T14:06:40.515+0300][1.794s][info][gc,heap     ] GC(7) Survivor regions: 14->2(7)
[2024-04-09T14:06:40.515+0300][1.794s][info][gc,heap     ] GC(7) Old regions: 27->40
[2024-04-09T14:06:40.515+0300][1.794s][info][gc,heap     ] GC(7) Archive regions: 2->2
[2024-04-09T14:06:40.515+0300][1.794s][info][gc,heap     ] GC(7) Humongous regions: 3->3
[2024-04-09T14:06:40.515+0300][1.794s][info][gc,metaspace] GC(7) Metaspace: 36291K(36736K)->36291K(36736K) NonClass: 32149K(32320K)->32149K(32320K) Class: 4141K(4416K)->4141K(4416K)
[2024-04-09T14:06:40.515+0300][1.794s][info][gc          ] GC(7) Pause Young (Mixed) (Metadata GC Threshold) 48M->45M(1024M) 7.230ms
[2024-04-09T14:06:40.515+0300][1.794s][info][gc,cpu      ] GC(7) User=0.03s Sys=0.00s Real=0.01s
[2024-04-09T14:06:40.524+0300][1.803s][info][gc,start    ] GC(8) Pause Young (Concurrent Start) (Metadata GC Threshold)
[2024-04-09T14:06:40.524+0300][1.803s][info][gc,task     ] GC(8) Using 6 workers of 6 for evacuation
[2024-04-09T14:06:40.525+0300][1.804s][info][gc,phases   ] GC(8)   Pre Evacuate Collection Set: 0.2ms
[2024-04-09T14:06:40.525+0300][1.804s][info][gc,phases   ] GC(8)   Merge Heap Roots: 0.0ms
[2024-04-09T14:06:40.525+0300][1.804s][info][gc,phases   ] GC(8)   Evacuate Collection Set: 0.5ms
[2024-04-09T14:06:40.525+0300][1.804s][info][gc,phases   ] GC(8)   Post Evacuate Collection Set: 0.3ms
[2024-04-09T14:06:40.525+0300][1.804s][info][gc,phases   ] GC(8)   Other: 0.0ms
[2024-04-09T14:06:40.525+0300][1.804s][info][gc,heap     ] GC(8) Eden regions: 3->0(613)
[2024-04-09T14:06:40.525+0300][1.804s][info][gc,heap     ] GC(8) Survivor regions: 2->1(77)
[2024-04-09T14:06:40.525+0300][1.804s][info][gc,heap     ] GC(8) Old regions: 40->40
[2024-04-09T14:06:40.525+0300][1.804s][info][gc,heap     ] GC(8) Archive regions: 2->2
[2024-04-09T14:06:40.525+0300][1.804s][info][gc,heap     ] GC(8) Humongous regions: 3->3
[2024-04-09T14:06:40.525+0300][1.804s][info][gc,metaspace] GC(8) Metaspace: 36590K(37056K)->36590K(37056K) NonClass: 32409K(32640K)->32409K(32640K) Class: 4181K(4416K)->4181K(4416K)
[2024-04-09T14:06:40.525+0300][1.804s][info][gc          ] GC(8) Pause Young (Concurrent Start) (Metadata GC Threshold) 48M->43M(1024M) 1.067ms
[2024-04-09T14:06:40.525+0300][1.804s][info][gc,cpu      ] GC(8) User=0.00s Sys=0.01s Real=0.00s
[2024-04-09T14:06:40.525+0300][1.804s][info][gc          ] GC(9) Concurrent Mark Cycle
[2024-04-09T14:06:40.525+0300][1.804s][info][gc,marking  ] GC(9) Concurrent Clear Claimed Marks
[2024-04-09T14:06:40.525+0300][1.804s][info][gc,marking  ] GC(9) Concurrent Clear Claimed Marks 0.015ms
[2024-04-09T14:06:40.525+0300][1.804s][info][gc,marking  ] GC(9) Concurrent Scan Root Regions
[2024-04-09T14:06:40.526+0300][1.804s][info][gc,marking  ] GC(9) Concurrent Scan Root Regions 0.523ms
[2024-04-09T14:06:40.526+0300][1.804s][info][gc,marking  ] GC(9) Concurrent Mark
[2024-04-09T14:06:40.526+0300][1.804s][info][gc,marking  ] GC(9) Concurrent Mark From Roots
[2024-04-09T14:06:40.526+0300][1.804s][info][gc,task     ] GC(9) Using 2 workers of 2 for marking
[2024-04-09T14:06:40.537+0300][1.816s][info][gc,marking  ] GC(9) Concurrent Mark From Roots 11.763ms
[2024-04-09T14:06:40.537+0300][1.816s][info][gc,marking  ] GC(9) Concurrent Preclean
[2024-04-09T14:06:40.537+0300][1.816s][info][gc,marking  ] GC(9) Concurrent Preclean 0.073ms
[2024-04-09T14:06:40.538+0300][1.816s][info][gc,start    ] GC(9) Pause Remark
[2024-04-09T14:06:40.539+0300][1.818s][info][gc          ] GC(9) Pause Remark 46M->46M(1024M) 1.770ms
[2024-04-09T14:06:40.539+0300][1.818s][info][gc,cpu      ] GC(9) User=0.00s Sys=0.00s Real=0.00s
[2024-04-09T14:06:40.540+0300][1.818s][info][gc,marking  ] GC(9) Concurrent Mark 13.918ms
[2024-04-09T14:06:40.540+0300][1.818s][info][gc,marking  ] GC(9) Concurrent Rebuild Remembered Sets
[2024-04-09T14:06:40.548+0300][1.827s][info][gc,marking  ] GC(9) Concurrent Rebuild Remembered Sets 8.752ms
[2024-04-09T14:06:40.549+0300][1.827s][info][gc,start    ] GC(9) Pause Cleanup
[2024-04-09T14:06:40.549+0300][1.827s][info][gc          ] GC(9) Pause Cleanup 47M->47M(1024M) 0.154ms
[2024-04-09T14:06:40.549+0300][1.827s][info][gc,cpu      ] GC(9) User=0.00s Sys=0.00s Real=0.00s
[2024-04-09T14:06:40.549+0300][1.827s][info][gc,marking  ] GC(9) Concurrent Cleanup for Next Mark
[2024-04-09T14:06:40.552+0300][1.831s][info][gc,marking  ] GC(9) Concurrent Cleanup for Next Mark 3.120ms
[2024-04-09T14:06:40.552+0300][1.831s][info][gc          ] GC(9) Concurrent Mark Cycle 26.921ms
[2024-04-09T14:06:42.229+0300][3.507s][info][gc,start    ] GC(10) Pause Young (Prepare Mixed) (G1 Evacuation Pause)
[2024-04-09T14:06:42.229+0300][3.507s][info][gc,task     ] GC(10) Using 6 workers of 6 for evacuation
[2024-04-09T14:06:42.237+0300][3.515s][info][gc,phases   ] GC(10)   Pre Evacuate Collection Set: 0.2ms
[2024-04-09T14:06:42.237+0300][3.515s][info][gc,phases   ] GC(10)   Merge Heap Roots: 0.1ms
[2024-04-09T14:06:42.237+0300][3.515s][info][gc,phases   ] GC(10)   Evacuate Collection Set: 7.0ms
[2024-04-09T14:06:42.237+0300][3.515s][info][gc,phases   ] GC(10)   Post Evacuate Collection Set: 0.6ms
[2024-04-09T14:06:42.237+0300][3.515s][info][gc,phases   ] GC(10)   Other: 0.2ms
[2024-04-09T14:06:42.237+0300][3.515s][info][gc,heap     ] GC(10) Eden regions: 613->0(40)
[2024-04-09T14:06:42.237+0300][3.515s][info][gc,heap     ] GC(10) Survivor regions: 1->11(77)
[2024-04-09T14:06:42.237+0300][3.515s][info][gc,heap     ] GC(10) Old regions: 40->40
[2024-04-09T14:06:42.237+0300][3.515s][info][gc,heap     ] GC(10) Archive regions: 2->2
[2024-04-09T14:06:42.237+0300][3.515s][info][gc,heap     ] GC(10) Humongous regions: 3->3
[2024-04-09T14:06:42.237+0300][3.515s][info][gc,metaspace] GC(10) Metaspace: 58891K(59392K)->58891K(59392K) NonClass: 51547K(51840K)->51547K(51840K) Class: 7343K(7552K)->7343K(7552K)
[2024-04-09T14:06:42.237+0300][3.515s][info][gc          ] GC(10) Pause Young (Prepare Mixed) (G1 Evacuation Pause) 656M->53M(1024M) 8.125ms
[2024-04-09T14:06:42.237+0300][3.515s][info][gc,cpu      ] GC(10) User=0.02s Sys=0.01s Real=0.01s
[2024-04-09T14:06:42.301+0300][3.580s][info][gc,start    ] GC(11) Pause Young (Mixed) (G1 Evacuation Pause)
[2024-04-09T14:06:42.301+0300][3.580s][info][gc,task     ] GC(11) Using 6 workers of 6 for evacuation
[2024-04-09T14:06:42.308+0300][3.587s][info][gc,phases   ] GC(11)   Pre Evacuate Collection Set: 0.1ms
[2024-04-09T14:06:42.309+0300][3.587s][info][gc,phases   ] GC(11)   Merge Heap Roots: 0.1ms
[2024-04-09T14:06:42.309+0300][3.587s][info][gc,phases   ] GC(11)   Evacuate Collection Set: 6.5ms
[2024-04-09T14:06:42.309+0300][3.587s][info][gc,phases   ] GC(11)   Post Evacuate Collection Set: 0.7ms
[2024-04-09T14:06:42.309+0300][3.587s][info][gc,phases   ] GC(11)   Other: 0.0ms
[2024-04-09T14:06:42.309+0300][3.587s][info][gc,heap     ] GC(11) Eden regions: 40->0(613)
[2024-04-09T14:06:42.309+0300][3.587s][info][gc,heap     ] GC(11) Survivor regions: 11->1(7)
[2024-04-09T14:06:42.309+0300][3.587s][info][gc,heap     ] GC(11) Old regions: 40->50
[2024-04-09T14:06:42.309+0300][3.587s][info][gc,heap     ] GC(11) Archive regions: 2->2
[2024-04-09T14:06:42.309+0300][3.587s][info][gc,heap     ] GC(11) Humongous regions: 3->3
[2024-04-09T14:06:42.309+0300][3.587s][info][gc,metaspace] GC(11) Metaspace: 59228K(59712K)->59228K(59712K) NonClass: 51838K(52096K)->51838K(52096K) Class: 7389K(7616K)->7389K(7616K)
[2024-04-09T14:06:42.309+0300][3.587s][info][gc          ] GC(11) Pause Young (Mixed) (G1 Evacuation Pause) 93M->54M(1024M) 7.645ms
[2024-04-09T14:06:42.309+0300][3.587s][info][gc,cpu      ] GC(11) User=0.02s Sys=0.00s Real=0.00s
[2024-04-09T14:06:42.471+0300][3.749s][info][gc,start    ] GC(12) Pause Young (Concurrent Start) (Metadata GC Threshold)
[2024-04-09T14:06:42.471+0300][3.749s][info][gc,task     ] GC(12) Using 6 workers of 6 for evacuation
[2024-04-09T14:06:42.472+0300][3.751s][info][gc,phases   ] GC(12)   Pre Evacuate Collection Set: 0.2ms
[2024-04-09T14:06:42.472+0300][3.751s][info][gc,phases   ] GC(12)   Merge Heap Roots: 0.1ms
[2024-04-09T14:06:42.472+0300][3.751s][info][gc,phases   ] GC(12)   Evacuate Collection Set: 1.1ms
[2024-04-09T14:06:42.472+0300][3.751s][info][gc,phases   ] GC(12)   Post Evacuate Collection Set: 0.4ms
[2024-04-09T14:06:42.472+0300][3.751s][info][gc,phases   ] GC(12)   Other: 0.0ms
[2024-04-09T14:06:42.472+0300][3.751s][info][gc,heap     ] GC(12) Eden regions: 52->0(612)
[2024-04-09T14:06:42.472+0300][3.751s][info][gc,heap     ] GC(12) Survivor regions: 1->2(77)
[2024-04-09T14:06:42.472+0300][3.751s][info][gc,heap     ] GC(12) Old regions: 50->50
[2024-04-09T14:06:42.472+0300][3.751s][info][gc,heap     ] GC(12) Archive regions: 2->2
[2024-04-09T14:06:42.472+0300][3.751s][info][gc,heap     ] GC(12) Humongous regions: 3->3
[2024-04-09T14:06:42.472+0300][3.751s][info][gc,metaspace] GC(12) Metaspace: 61980K(62528K)->61980K(62528K) NonClass: 54293K(54592K)->54293K(54592K) Class: 7686K(7936K)->7686K(7936K)
[2024-04-09T14:06:42.472+0300][3.751s][info][gc          ] GC(12) Pause Young (Concurrent Start) (Metadata GC Threshold) 105M->55M(1024M) 1.839ms
[2024-04-09T14:06:42.472+0300][3.751s][info][gc,cpu      ] GC(12) User=0.01s Sys=0.00s Real=0.00s
[2024-04-09T14:06:42.472+0300][3.751s][info][gc          ] GC(13) Concurrent Mark Cycle
[2024-04-09T14:06:42.472+0300][3.751s][info][gc,marking  ] GC(13) Concurrent Clear Claimed Marks
[2024-04-09T14:06:42.473+0300][3.751s][info][gc,marking  ] GC(13) Concurrent Clear Claimed Marks 0.024ms
[2024-04-09T14:06:42.473+0300][3.751s][info][gc,marking  ] GC(13) Concurrent Scan Root Regions
[2024-04-09T14:06:42.473+0300][3.752s][info][gc,marking  ] GC(13) Concurrent Scan Root Regions 0.814ms
[2024-04-09T14:06:42.473+0300][3.752s][info][gc,marking  ] GC(13) Concurrent Mark
[2024-04-09T14:06:42.473+0300][3.752s][info][gc,marking  ] GC(13) Concurrent Mark From Roots
[2024-04-09T14:06:42.473+0300][3.752s][info][gc,task     ] GC(13) Using 2 workers of 2 for marking
[2024-04-09T14:06:42.489+0300][3.768s][info][gc,marking  ] GC(13) Concurrent Mark From Roots 15.535ms
[2024-04-09T14:06:42.489+0300][3.768s][info][gc,marking  ] GC(13) Concurrent Preclean
[2024-04-09T14:06:42.489+0300][3.768s][info][gc,marking  ] GC(13) Concurrent Preclean 0.078ms
[2024-04-09T14:06:42.489+0300][3.768s][info][gc,start    ] GC(13) Pause Remark
[2024-04-09T14:06:42.492+0300][3.771s][info][gc          ] GC(13) Pause Remark 56M->56M(1024M) 2.995ms
[2024-04-09T14:06:42.492+0300][3.771s][info][gc,cpu      ] GC(13) User=0.00s Sys=0.00s Real=0.00s
[2024-04-09T14:06:42.492+0300][3.771s][info][gc,marking  ] GC(13) Concurrent Mark 18.838ms
[2024-04-09T14:06:42.492+0300][3.771s][info][gc,marking  ] GC(13) Concurrent Rebuild Remembered Sets
[2024-04-09T14:06:42.501+0300][3.780s][info][gc,marking  ] GC(13) Concurrent Rebuild Remembered Sets 9.037ms
[2024-04-09T14:06:42.504+0300][3.783s][info][gc,start    ] GC(13) Pause Cleanup
[2024-04-09T14:06:42.505+0300][3.783s][info][gc          ] GC(13) Pause Cleanup 56M->56M(1024M) 0.136ms
[2024-04-09T14:06:42.505+0300][3.783s][info][gc,cpu      ] GC(13) User=0.00s Sys=0.00s Real=0.00s
[2024-04-09T14:06:42.505+0300][3.783s][info][gc,marking  ] GC(13) Concurrent Cleanup for Next Mark
[2024-04-09T14:06:42.506+0300][3.785s][info][gc,marking  ] GC(13) Concurrent Cleanup for Next Mark 1.299ms
[2024-04-09T14:06:42.506+0300][3.785s][info][gc          ] GC(13) Concurrent Mark Cycle 33.452ms
[2024-04-09T14:06:43.647+0300][4.926s][info][gc,start    ] GC(14) Pause Young (Prepare Mixed) (G1 Evacuation Pause)
[2024-04-09T14:06:43.647+0300][4.926s][info][gc,task     ] GC(14) Using 6 workers of 6 for evacuation
[2024-04-09T14:06:43.652+0300][4.931s][info][gc,phases   ] GC(14)   Pre Evacuate Collection Set: 0.1ms
[2024-04-09T14:06:43.652+0300][4.931s][info][gc,phases   ] GC(14)   Merge Heap Roots: 0.1ms
[2024-04-09T14:06:43.652+0300][4.931s][info][gc,phases   ] GC(14)   Evacuate Collection Set: 4.0ms
[2024-04-09T14:06:43.652+0300][4.931s][info][gc,phases   ] GC(14)   Post Evacuate Collection Set: 1.1ms
[2024-04-09T14:06:43.652+0300][4.931s][info][gc,phases   ] GC(14)   Other: 0.0ms
[2024-04-09T14:06:43.652+0300][4.931s][info][gc,heap     ] GC(14) Eden regions: 612->0(42)
[2024-04-09T14:06:43.652+0300][4.931s][info][gc,heap     ] GC(14) Survivor regions: 2->9(77)
[2024-04-09T14:06:43.652+0300][4.931s][info][gc,heap     ] GC(14) Old regions: 50->50
[2024-04-09T14:06:43.652+0300][4.931s][info][gc,heap     ] GC(14) Archive regions: 2->2
[2024-04-09T14:06:43.652+0300][4.931s][info][gc,heap     ] GC(14) Humongous regions: 3->3
[2024-04-09T14:06:43.652+0300][4.931s][info][gc,metaspace] GC(14) Metaspace: 73461K(74048K)->73461K(74048K) NonClass: 64441K(64768K)->64441K(64768K) Class: 9020K(9280K)->9020K(9280K)
[2024-04-09T14:06:43.652+0300][4.931s][info][gc          ] GC(14) Pause Young (Prepare Mixed) (G1 Evacuation Pause) 667M->62M(1024M) 5.539ms
[2024-04-09T14:06:43.652+0300][4.931s][info][gc,cpu      ] GC(14) User=0.02s Sys=0.00s Real=0.00s
[2024-04-09T14:06:43.718+0300][4.997s][info][gc,start    ] GC(15) Pause Young (Mixed) (G1 Evacuation Pause)
[2024-04-09T14:06:43.718+0300][4.997s][info][gc,task     ] GC(15) Using 6 workers of 6 for evacuation
[2024-04-09T14:06:43.723+0300][5.002s][info][gc,phases   ] GC(15)   Pre Evacuate Collection Set: 0.1ms
[2024-04-09T14:06:43.723+0300][5.002s][info][gc,phases   ] GC(15)   Merge Heap Roots: 0.1ms
[2024-04-09T14:06:43.723+0300][5.002s][info][gc,phases   ] GC(15)   Evacuate Collection Set: 4.5ms
[2024-04-09T14:06:43.723+0300][5.002s][info][gc,phases   ] GC(15)   Post Evacuate Collection Set: 0.3ms
[2024-04-09T14:06:43.723+0300][5.002s][info][gc,phases   ] GC(15)   Other: 0.0ms
[2024-04-09T14:06:43.723+0300][5.002s][info][gc,heap     ] GC(15) Eden regions: 42->0(613)
[2024-04-09T14:06:43.723+0300][5.002s][info][gc,heap     ] GC(15) Survivor regions: 9->1(7)
[2024-04-09T14:06:43.723+0300][5.002s][info][gc,heap     ] GC(15) Old regions: 50->58
[2024-04-09T14:06:43.723+0300][5.002s][info][gc,heap     ] GC(15) Archive regions: 2->2
[2024-04-09T14:06:43.723+0300][5.002s][info][gc,heap     ] GC(15) Humongous regions: 3->3
[2024-04-09T14:06:43.723+0300][5.002s][info][gc,metaspace] GC(15) Metaspace: 74462K(75008K)->74462K(75008K) NonClass: 65322K(65600K)->65322K(65600K) Class: 9139K(9408K)->9139K(9408K)
[2024-04-09T14:06:43.723+0300][5.002s][info][gc          ] GC(15) Pause Young (Mixed) (G1 Evacuation Pause) 104M->62M(1024M) 5.179ms
[2024-04-09T14:06:43.723+0300][5.002s][info][gc,cpu      ] GC(15) User=0.03s Sys=0.00s Real=0.01s
[2024-04-09T14:06:44.880+0300][6.159s][info][gc,start    ] GC(16) Pause Young (Normal) (G1 Evacuation Pause)
[2024-04-09T14:06:44.880+0300][6.159s][info][gc,task     ] GC(16) Using 6 workers of 6 for evacuation
[2024-04-09T14:06:44.885+0300][6.164s][info][gc,phases   ] GC(16)   Pre Evacuate Collection Set: 0.2ms
[2024-04-09T14:06:44.885+0300][6.164s][info][gc,phases   ] GC(16)   Merge Heap Roots: 0.1ms
[2024-04-09T14:06:44.885+0300][6.164s][info][gc,phases   ] GC(16)   Evacuate Collection Set: 3.9ms
[2024-04-09T14:06:44.885+0300][6.164s][info][gc,phases   ] GC(16)   Post Evacuate Collection Set: 0.7ms
[2024-04-09T14:06:44.885+0300][6.164s][info][gc,phases   ] GC(16)   Other: 0.1ms
[2024-04-09T14:06:44.885+0300][6.164s][info][gc,heap     ] GC(16) Eden regions: 613->0(606)
[2024-04-09T14:06:44.885+0300][6.164s][info][gc,heap     ] GC(16) Survivor regions: 1->8(77)
[2024-04-09T14:06:44.885+0300][6.164s][info][gc,heap     ] GC(16) Old regions: 58->58
[2024-04-09T14:06:44.885+0300][6.164s][info][gc,heap     ] GC(16) Archive regions: 2->2
[2024-04-09T14:06:44.885+0300][6.164s][info][gc,heap     ] GC(16) Humongous regions: 3->3
[2024-04-09T14:06:44.885+0300][6.164s][info][gc,metaspace] GC(16) Metaspace: 87951K(88512K)->87951K(88512K) NonClass: 77140K(77440K)->77140K(77440K) Class: 10811K(11072K)->10811K(11072K)
[2024-04-09T14:06:44.885+0300][6.164s][info][gc          ] GC(16) Pause Young (Normal) (G1 Evacuation Pause) 675M->69M(1024M) 5.078ms
[2024-04-09T14:06:44.885+0300][6.164s][info][gc,cpu      ] GC(16) User=0.02s Sys=0.00s Real=0.01s
[2024-04-09T14:06:45.997+0300][7.276s][info][gc,start    ] GC(17) Pause Young (Normal) (G1 Evacuation Pause)
[2024-04-09T14:06:45.997+0300][7.276s][info][gc,task     ] GC(17) Using 6 workers of 6 for evacuation
[2024-04-09T14:06:46.008+0300][7.287s][info][gc,phases   ] GC(17)   Pre Evacuate Collection Set: 0.1ms
[2024-04-09T14:06:46.008+0300][7.287s][info][gc,phases   ] GC(17)   Merge Heap Roots: 0.1ms
[2024-04-09T14:06:46.008+0300][7.287s][info][gc,phases   ] GC(17)   Evacuate Collection Set: 10.0ms
[2024-04-09T14:06:46.008+0300][7.287s][info][gc,phases   ] GC(17)   Post Evacuate Collection Set: 1.1ms
[2024-04-09T14:06:46.008+0300][7.287s][info][gc,phases   ] GC(17)   Other: 0.0ms
[2024-04-09T14:06:46.008+0300][7.287s][info][gc,heap     ] GC(17) Eden regions: 606->0(589)
[2024-04-09T14:06:46.008+0300][7.287s][info][gc,heap     ] GC(17) Survivor regions: 8->25(77)
[2024-04-09T14:06:46.008+0300][7.287s][info][gc,heap     ] GC(17) Old regions: 58->58
[2024-04-09T14:06:46.008+0300][7.287s][info][gc,heap     ] GC(17) Archive regions: 2->2
[2024-04-09T14:06:46.008+0300][7.287s][info][gc,heap     ] GC(17) Humongous regions: 3->3
[2024-04-09T14:06:46.008+0300][7.287s][info][gc,metaspace] GC(17) Metaspace: 94074K(94720K)->94074K(94720K) NonClass: 82464K(82816K)->82464K(82816K) Class: 11609K(11904K)->11609K(11904K)
[2024-04-09T14:06:46.008+0300][7.287s][info][gc          ] GC(17) Pause Young (Normal) (G1 Evacuation Pause) 675M->85M(1024M) 11.490ms
[2024-04-09T14:06:46.008+0300][7.287s][info][gc,cpu      ] GC(17) User=0.04s Sys=0.00s Real=0.01s
[2024-04-09T14:06:47.014+0300][8.292s][info][gc,start    ] GC(18) Pause Young (Normal) (G1 Evacuation Pause)
[2024-04-09T14:06:47.014+0300][8.292s][info][gc,task     ] GC(18) Using 6 workers of 6 for evacuation
[2024-04-09T14:06:47.028+0300][8.306s][info][gc,phases   ] GC(18)   Pre Evacuate Collection Set: 0.1ms
[2024-04-09T14:06:47.028+0300][8.306s][info][gc,phases   ] GC(18)   Merge Heap Roots: 0.1ms
[2024-04-09T14:06:47.028+0300][8.306s][info][gc,phases   ] GC(18)   Evacuate Collection Set: 11.3ms
[2024-04-09T14:06:47.028+0300][8.306s][info][gc,phases   ] GC(18)   Post Evacuate Collection Set: 2.3ms
[2024-04-09T14:06:47.028+0300][8.306s][info][gc,phases   ] GC(18)   Other: 0.0ms
[2024-04-09T14:06:47.028+0300][8.306s][info][gc,heap     ] GC(18) Eden regions: 589->0(578)
[2024-04-09T14:06:47.028+0300][8.306s][info][gc,heap     ] GC(18) Survivor regions: 25->36(77)
[2024-04-09T14:06:47.028+0300][8.306s][info][gc,heap     ] GC(18) Old regions: 58->58
[2024-04-09T14:06:47.028+0300][8.306s][info][gc,heap     ] GC(18) Archive regions: 2->2
[2024-04-09T14:06:47.028+0300][8.306s][info][gc,heap     ] GC(18) Humongous regions: 3->3
[2024-04-09T14:06:47.028+0300][8.306s][info][gc,metaspace] GC(18) Metaspace: 101860K(102720K)->101860K(102720K) NonClass: 89354K(89792K)->89354K(89792K) Class: 12506K(12928K)->12506K(12928K)
[2024-04-09T14:06:47.028+0300][8.306s][info][gc          ] GC(18) Pause Young (Normal) (G1 Evacuation Pause) 674M->96M(1024M) 14.041ms
[2024-04-09T14:06:47.028+0300][8.306s][info][gc,cpu      ] GC(18) User=0.04s Sys=0.01s Real=0.01s
[2024-04-09T14:06:47.252+0300][8.530s][info][gc,start    ] GC(19) Pause Young (Concurrent Start) (Metadata GC Threshold)
[2024-04-09T14:06:47.252+0300][8.531s][info][gc,task     ] GC(19) Using 6 workers of 6 for evacuation
[2024-04-09T14:06:47.266+0300][8.545s][info][gc,phases   ] GC(19)   Pre Evacuate Collection Set: 0.2ms
[2024-04-09T14:06:47.266+0300][8.545s][info][gc,phases   ] GC(19)   Merge Heap Roots: 0.1ms
[2024-04-09T14:06:47.266+0300][8.545s][info][gc,phases   ] GC(19)   Evacuate Collection Set: 13.3ms
[2024-04-09T14:06:47.266+0300][8.545s][info][gc,phases   ] GC(19)   Post Evacuate Collection Set: 1.0ms
[2024-04-09T14:06:47.266+0300][8.545s][info][gc,phases   ] GC(19)   Other: 0.0ms
[2024-04-09T14:06:47.266+0300][8.545s][info][gc,heap     ] GC(19) Eden regions: 75->0(568)
[2024-04-09T14:06:47.266+0300][8.545s][info][gc,heap     ] GC(19) Survivor regions: 36->46(77)
[2024-04-09T14:06:47.266+0300][8.545s][info][gc,heap     ] GC(19) Old regions: 58->58
[2024-04-09T14:06:47.266+0300][8.545s][info][gc,heap     ] GC(19) Archive regions: 2->2
[2024-04-09T14:06:47.266+0300][8.545s][info][gc,heap     ] GC(19) Humongous regions: 3->3
[2024-04-09T14:06:47.267+0300][8.545s][info][gc,metaspace] GC(19) Metaspace: 104397K(105216K)->104397K(105216K) NonClass: 91563K(91968K)->91563K(91968K) Class: 12833K(13248K)->12833K(13248K)
[2024-04-09T14:06:47.267+0300][8.545s][info][gc          ] GC(19) Pause Young (Concurrent Start) (Metadata GC Threshold) 171M->107M(1024M) 14.747ms
[2024-04-09T14:06:47.267+0300][8.545s][info][gc,cpu      ] GC(19) User=0.07s Sys=0.00s Real=0.02s
[2024-04-09T14:06:47.267+0300][8.545s][info][gc          ] GC(20) Concurrent Mark Cycle
[2024-04-09T14:06:47.267+0300][8.545s][info][gc,marking  ] GC(20) Concurrent Clear Claimed Marks
[2024-04-09T14:06:47.267+0300][8.545s][info][gc,marking  ] GC(20) Concurrent Clear Claimed Marks 0.105ms
[2024-04-09T14:06:47.267+0300][8.545s][info][gc,marking  ] GC(20) Concurrent Scan Root Regions
[2024-04-09T14:06:47.279+0300][8.557s][info][gc,marking  ] GC(20) Concurrent Scan Root Regions 11.915ms
[2024-04-09T14:06:47.279+0300][8.557s][info][gc,marking  ] GC(20) Concurrent Mark
[2024-04-09T14:06:47.279+0300][8.557s][info][gc,marking  ] GC(20) Concurrent Mark From Roots
[2024-04-09T14:06:47.279+0300][8.557s][info][gc,task     ] GC(20) Using 2 workers of 2 for marking
[2024-04-09T14:06:47.305+0300][8.584s][info][gc,marking  ] GC(20) Concurrent Mark From Roots 26.679ms
[2024-04-09T14:06:47.305+0300][8.584s][info][gc,marking  ] GC(20) Concurrent Preclean
[2024-04-09T14:06:47.305+0300][8.584s][info][gc,marking  ] GC(20) Concurrent Preclean 0.120ms
[2024-04-09T14:06:47.306+0300][8.584s][info][gc,start    ] GC(20) Pause Remark
[2024-04-09T14:06:47.309+0300][8.588s][info][gc          ] GC(20) Pause Remark 110M->110M(1024M) 3.224ms
[2024-04-09T14:06:47.309+0300][8.588s][info][gc,cpu      ] GC(20) User=0.01s Sys=0.00s Real=0.00s
[2024-04-09T14:06:47.309+0300][8.588s][info][gc,marking  ] GC(20) Concurrent Mark 30.294ms
[2024-04-09T14:06:47.309+0300][8.588s][info][gc,marking  ] GC(20) Concurrent Rebuild Remembered Sets
[2024-04-09T14:06:47.322+0300][8.601s][info][gc,marking  ] GC(20) Concurrent Rebuild Remembered Sets 13.349ms
[2024-04-09T14:06:47.322+0300][8.601s][info][gc,start    ] GC(20) Pause Cleanup
[2024-04-09T14:06:47.323+0300][8.601s][info][gc          ] GC(20) Pause Cleanup 110M->110M(1024M) 0.140ms
[2024-04-09T14:06:47.323+0300][8.601s][info][gc,cpu      ] GC(20) User=0.00s Sys=0.00s Real=0.00s
[2024-04-09T14:06:47.323+0300][8.601s][info][gc,marking  ] GC(20) Concurrent Cleanup for Next Mark
[2024-04-09T14:06:47.324+0300][8.603s][info][gc,marking  ] GC(20) Concurrent Cleanup for Next Mark 1.319ms
[2024-04-09T14:06:47.324+0300][8.603s][info][gc          ] GC(20) Concurrent Mark Cycle 57.399ms
[2024-04-09T14:06:48.543+0300][9.822s][info][gc,start    ] GC(21) Pause Young (Prepare Mixed) (G1 Evacuation Pause)
[2024-04-09T14:06:48.543+0300][9.822s][info][gc,task     ] GC(21) Using 6 workers of 6 for evacuation
[2024-04-09T14:06:48.561+0300][9.840s][info][gc,phases   ] GC(21)   Pre Evacuate Collection Set: 0.1ms
[2024-04-09T14:06:48.561+0300][9.840s][info][gc,phases   ] GC(21)   Merge Heap Roots: 0.1ms
[2024-04-09T14:06:48.561+0300][9.840s][info][gc,phases   ] GC(21)   Evacuate Collection Set: 16.7ms
[2024-04-09T14:06:48.561+0300][9.840s][info][gc,phases   ] GC(21)   Post Evacuate Collection Set: 1.4ms
[2024-04-09T14:06:48.561+0300][9.840s][info][gc,phases   ] GC(21)   Other: 0.1ms
[2024-04-09T14:06:48.561+0300][9.840s][info][gc,heap     ] GC(21) Eden regions: 568->0(2)
[2024-04-09T14:06:48.561+0300][9.840s][info][gc,heap     ] GC(21) Survivor regions: 46->49(77)
[2024-04-09T14:06:48.561+0300][9.840s][info][gc,heap     ] GC(21) Old regions: 58->65
[2024-04-09T14:06:48.561+0300][9.840s][info][gc,heap     ] GC(21) Archive regions: 2->2
[2024-04-09T14:06:48.561+0300][9.840s][info][gc,heap     ] GC(21) Humongous regions: 4->3
[2024-04-09T14:06:48.561+0300][9.840s][info][gc,metaspace] GC(21) Metaspace: 112513K(113792K)->112513K(113792K) NonClass: 98588K(99200K)->98588K(99200K) Class: 13924K(14592K)->13924K(14592K)
[2024-04-09T14:06:48.561+0300][9.840s][info][gc          ] GC(21) Pause Young (Prepare Mixed) (G1 Evacuation Pause) 676M->117M(1024M) 18.476ms
[2024-04-09T14:06:48.561+0300][9.840s][info][gc,cpu      ] GC(21) User=0.08s Sys=0.01s Real=0.02s
[2024-04-09T14:06:48.567+0300][9.846s][info][gc,start    ] GC(22) Pause Young (Mixed) (G1 Evacuation Pause)
[2024-04-09T14:06:48.567+0300][9.846s][info][gc,task     ] GC(22) Using 6 workers of 6 for evacuation
[2024-04-09T14:06:48.582+0300][9.861s][info][gc,phases   ] GC(22)   Pre Evacuate Collection Set: 0.1ms
[2024-04-09T14:06:48.582+0300][9.861s][info][gc,phases   ] GC(22)   Merge Heap Roots: 0.1ms
[2024-04-09T14:06:48.582+0300][9.861s][info][gc,phases   ] GC(22)   Evacuate Collection Set: 14.3ms
[2024-04-09T14:06:48.582+0300][9.861s][info][gc,phases   ] GC(22)   Post Evacuate Collection Set: 0.5ms
[2024-04-09T14:06:48.582+0300][9.861s][info][gc,phases   ] GC(22)   Other: 0.0ms
[2024-04-09T14:06:48.582+0300][9.861s][info][gc,heap     ] GC(22) Eden regions: 2->0(611)
[2024-04-09T14:06:48.582+0300][9.861s][info][gc,heap     ] GC(22) Survivor regions: 49->3(7)
[2024-04-09T14:06:48.582+0300][9.861s][info][gc,heap     ] GC(22) Old regions: 65->112
[2024-04-09T14:06:48.582+0300][9.861s][info][gc,heap     ] GC(22) Archive regions: 2->2
[2024-04-09T14:06:48.582+0300][9.861s][info][gc,heap     ] GC(22) Humongous regions: 3->3
[2024-04-09T14:06:48.582+0300][9.861s][info][gc,metaspace] GC(22) Metaspace: 112525K(113792K)->112525K(113792K) NonClass: 98599K(99200K)->98599K(99200K) Class: 13926K(14592K)->13926K(14592K)
[2024-04-09T14:06:48.582+0300][9.861s][info][gc          ] GC(22) Pause Young (Mixed) (G1 Evacuation Pause) 119M->118M(1024M) 15.056ms
[2024-04-09T14:06:48.582+0300][9.861s][info][gc,cpu      ] GC(22) User=0.06s Sys=0.02s Real=0.02s
[2024-04-09T14:06:49.983+0300][11.262s][info][gc,start    ] GC(23) Pause Young (Normal) (G1 Evacuation Pause)
[2024-04-09T14:06:49.983+0300][11.262s][info][gc,task     ] GC(23) Using 6 workers of 6 for evacuation
[2024-04-09T14:06:49.994+0300][11.272s][info][gc,phases   ] GC(23)   Pre Evacuate Collection Set: 0.1ms
[2024-04-09T14:06:49.994+0300][11.272s][info][gc,phases   ] GC(23)   Merge Heap Roots: 0.2ms
[2024-04-09T14:06:49.994+0300][11.272s][info][gc,phases   ] GC(23)   Evacuate Collection Set: 8.8ms
[2024-04-09T14:06:49.994+0300][11.272s][info][gc,phases   ] GC(23)   Post Evacuate Collection Set: 1.1ms
[2024-04-09T14:06:49.994+0300][11.272s][info][gc,phases   ] GC(23)   Other: 0.0ms
[2024-04-09T14:06:49.994+0300][11.272s][info][gc,heap     ] GC(23) Eden regions: 611->0(596)
[2024-04-09T14:06:49.994+0300][11.272s][info][gc,heap     ] GC(23) Survivor regions: 3->18(77)
[2024-04-09T14:06:49.994+0300][11.272s][info][gc,heap     ] GC(23) Old regions: 112->112
[2024-04-09T14:06:49.994+0300][11.272s][info][gc,heap     ] GC(23) Archive regions: 2->2
[2024-04-09T14:06:49.994+0300][11.272s][info][gc,heap     ] GC(23) Humongous regions: 3->3
[2024-04-09T14:06:49.994+0300][11.272s][info][gc,metaspace] GC(23) Metaspace: 121784K(123648K)->121784K(123648K) NonClass: 106621K(107520K)->106621K(107520K) Class: 15163K(16128K)->15163K(16128K)
[2024-04-09T14:06:49.994+0300][11.272s][info][gc          ] GC(23) Pause Young (Normal) (G1 Evacuation Pause) 729M->133M(1024M) 10.333ms
[2024-04-09T14:06:49.994+0300][11.272s][info][gc,cpu      ] GC(23) User=0.04s Sys=0.00s Real=0.01s
[2024-04-09T14:06:51.339+0300][12.618s][info][gc,start    ] GC(24) Pause Young (Normal) (G1 Evacuation Pause)
[2024-04-09T14:06:51.339+0300][12.618s][info][gc,task     ] GC(24) Using 6 workers of 6 for evacuation
[2024-04-09T14:06:51.353+0300][12.631s][info][gc,phases   ] GC(24)   Pre Evacuate Collection Set: 0.2ms
[2024-04-09T14:06:51.353+0300][12.631s][info][gc,phases   ] GC(24)   Merge Heap Roots: 0.2ms
[2024-04-09T14:06:51.353+0300][12.631s][info][gc,phases   ] GC(24)   Evacuate Collection Set: 11.2ms
[2024-04-09T14:06:51.353+0300][12.631s][info][gc,phases   ] GC(24)   Post Evacuate Collection Set: 1.8ms
[2024-04-09T14:06:51.353+0300][12.631s][info][gc,phases   ] GC(24)   Other: 0.1ms
[2024-04-09T14:06:51.353+0300][12.631s][info][gc,heap     ] GC(24) Eden regions: 596->0(589)
[2024-04-09T14:06:51.353+0300][12.631s][info][gc,heap     ] GC(24) Survivor regions: 18->25(77)
[2024-04-09T14:06:51.353+0300][12.631s][info][gc,heap     ] GC(24) Old regions: 112->112
[2024-04-09T14:06:51.353+0300][12.631s][info][gc,heap     ] GC(24) Archive regions: 2->2
[2024-04-09T14:06:51.353+0300][12.631s][info][gc,heap     ] GC(24) Humongous regions: 6->3
[2024-04-09T14:06:51.353+0300][12.631s][info][gc,metaspace] GC(24) Metaspace: 129764K(131776K)->129764K(131776K) NonClass: 113559K(114496K)->113559K(114496K) Class: 16204K(17280K)->16204K(17280K)
[2024-04-09T14:06:51.353+0300][12.631s][info][gc          ] GC(24) Pause Young (Normal) (G1 Evacuation Pause) 732M->140M(1024M) 13.576ms
[2024-04-09T14:06:51.353+0300][12.631s][info][gc,cpu      ] GC(24) User=0.07s Sys=0.00s Real=0.01s
[2024-04-09T14:06:52.526+0300][13.805s][info][gc,start    ] GC(25) Pause Young (Normal) (G1 Evacuation Pause)
[2024-04-09T14:06:52.526+0300][13.805s][info][gc,task     ] GC(25) Using 6 workers of 6 for evacuation
[2024-04-09T14:06:52.545+0300][13.824s][info][gc,phases   ] GC(25)   Pre Evacuate Collection Set: 0.2ms
[2024-04-09T14:06:52.545+0300][13.824s][info][gc,phases   ] GC(25)   Merge Heap Roots: 0.2ms
[2024-04-09T14:06:52.545+0300][13.824s][info][gc,phases   ] GC(25)   Evacuate Collection Set: 16.5ms
[2024-04-09T14:06:52.545+0300][13.824s][info][gc,phases   ] GC(25)   Post Evacuate Collection Set: 1.7ms
[2024-04-09T14:06:52.545+0300][13.824s][info][gc,phases   ] GC(25)   Other: 0.1ms
[2024-04-09T14:06:52.545+0300][13.824s][info][gc,heap     ] GC(25) Eden regions: 589->0(578)
[2024-04-09T14:06:52.545+0300][13.824s][info][gc,heap     ] GC(25) Survivor regions: 25->36(77)
[2024-04-09T14:06:52.545+0300][13.824s][info][gc,heap     ] GC(25) Old regions: 112->112
[2024-04-09T14:06:52.545+0300][13.824s][info][gc,heap     ] GC(25) Archive regions: 2->2
[2024-04-09T14:06:52.545+0300][13.824s][info][gc,heap     ] GC(25) Humongous regions: 3->3
[2024-04-09T14:06:52.545+0300][13.824s][info][gc,metaspace] GC(25) Metaspace: 142135K(144256K)->142135K(144256K) NonClass: 124428K(125440K)->124428K(125440K) Class: 17707K(18816K)->17707K(18816K)
[2024-04-09T14:06:52.545+0300][13.824s][info][gc          ] GC(25) Pause Young (Normal) (G1 Evacuation Pause) 729M->151M(1024M) 18.725ms
[2024-04-09T14:06:52.545+0300][13.824s][info][gc,cpu      ] GC(25) User=0.09s Sys=0.00s Real=0.02s
[2024-04-09T14:06:53.997+0300][15.276s][info][gc,start    ] GC(26) Pause Young (Normal) (G1 Evacuation Pause)
[2024-04-09T14:06:53.998+0300][15.276s][info][gc,task     ] GC(26) Using 6 workers of 6 for evacuation
[2024-04-09T14:06:54.014+0300][15.293s][info][gc,phases   ] GC(26)   Pre Evacuate Collection Set: 0.1ms
[2024-04-09T14:06:54.014+0300][15.293s][info][gc,phases   ] GC(26)   Merge Heap Roots: 0.1ms
[2024-04-09T14:06:54.014+0300][15.293s][info][gc,phases   ] GC(26)   Evacuate Collection Set: 14.7ms
[2024-04-09T14:06:54.014+0300][15.293s][info][gc,phases   ] GC(26)   Post Evacuate Collection Set: 1.6ms
[2024-04-09T14:06:54.014+0300][15.293s][info][gc,phases   ] GC(26)   Other: 0.1ms
[2024-04-09T14:06:54.014+0300][15.293s][info][gc,heap     ] GC(26) Eden regions: 578->0(568)
[2024-04-09T14:06:54.014+0300][15.293s][info][gc,heap     ] GC(26) Survivor regions: 36->46(77)
[2024-04-09T14:06:54.014+0300][15.293s][info][gc,heap     ] GC(26) Old regions: 112->112
[2024-04-09T14:06:54.014+0300][15.293s][info][gc,heap     ] GC(26) Archive regions: 2->2
[2024-04-09T14:06:54.014+0300][15.293s][info][gc,heap     ] GC(26) Humongous regions: 3->3
[2024-04-09T14:06:54.014+0300][15.293s][info][gc,metaspace] GC(26) Metaspace: 156961K(159168K)->156961K(159168K) NonClass: 137201K(138240K)->137201K(138240K) Class: 19759K(20928K)->19759K(20928K)
[2024-04-09T14:06:54.014+0300][15.293s][info][gc          ] GC(26) Pause Young (Normal) (G1 Evacuation Pause) 729M->161M(1024M) 16.760ms
[2024-04-09T14:06:54.014+0300][15.293s][info][gc,cpu      ] GC(26) User=0.08s Sys=0.00s Real=0.02s
[2024-04-09T14:06:55.553+0300][16.832s][info][gc,start    ] GC(27) Pause Young (Normal) (G1 Evacuation Pause)
[2024-04-09T14:06:55.553+0300][16.832s][info][gc,task     ] GC(27) Using 6 workers of 6 for evacuation
[2024-04-09T14:06:55.585+0300][16.864s][info][gc,phases   ] GC(27)   Pre Evacuate Collection Set: 0.2ms
[2024-04-09T14:06:55.585+0300][16.864s][info][gc,phases   ] GC(27)   Merge Heap Roots: 0.1ms
[2024-04-09T14:06:55.585+0300][16.864s][info][gc,phases   ] GC(27)   Evacuate Collection Set: 24.4ms
[2024-04-09T14:06:55.585+0300][16.864s][info][gc,phases   ] GC(27)   Post Evacuate Collection Set: 6.7ms
[2024-04-09T14:06:55.585+0300][16.864s][info][gc,phases   ] GC(27)   Other: 0.1ms
[2024-04-09T14:06:55.585+0300][16.864s][info][gc,heap     ] GC(27) Eden regions: 568->0(566)
[2024-04-09T14:06:55.585+0300][16.864s][info][gc,heap     ] GC(27) Survivor regions: 46->48(77)
[2024-04-09T14:06:55.585+0300][16.864s][info][gc,heap     ] GC(27) Old regions: 112->128
[2024-04-09T14:06:55.585+0300][16.864s][info][gc,heap     ] GC(27) Archive regions: 2->2
[2024-04-09T14:06:55.585+0300][16.864s][info][gc,heap     ] GC(27) Humongous regions: 3->3
[2024-04-09T14:06:55.585+0300][16.864s][info][gc,metaspace] GC(27) Metaspace: 167860K(170112K)->167860K(170112K) NonClass: 146846K(147904K)->146846K(147904K) Class: 21014K(22208K)->21014K(22208K)
[2024-04-09T14:06:55.585+0300][16.864s][info][gc          ] GC(27) Pause Young (Normal) (G1 Evacuation Pause) 729M->179M(1024M) 31.603ms
[2024-04-09T14:06:55.585+0300][16.864s][info][gc,cpu      ] GC(27) User=0.14s Sys=0.01s Real=0.03s
[2024-04-09T14:06:55.980+0300][17.258s][info][gc,start    ] GC(28) Pause Young (Concurrent Start) (G1 Humongous Allocation)
[2024-04-09T14:06:55.980+0300][17.258s][info][gc,task     ] GC(28) Using 6 workers of 6 for evacuation
[2024-04-09T14:06:56.014+0300][17.292s][info][gc,phases   ] GC(28)   Pre Evacuate Collection Set: 0.4ms
[2024-04-09T14:06:56.014+0300][17.292s][info][gc,phases   ] GC(28)   Merge Heap Roots: 0.1ms
[2024-04-09T14:06:56.014+0300][17.292s][info][gc,phases   ] GC(28)   Evacuate Collection Set: 32.7ms
[2024-04-09T14:06:56.014+0300][17.292s][info][gc,phases   ] GC(28)   Post Evacuate Collection Set: 0.9ms
[2024-04-09T14:06:56.014+0300][17.292s][info][gc,phases   ] GC(28)   Other: 0.1ms
[2024-04-09T14:06:56.014+0300][17.292s][info][gc,heap     ] GC(28) Eden regions: 127->0(575)
[2024-04-09T14:06:56.014+0300][17.292s][info][gc,heap     ] GC(28) Survivor regions: 48->39(77)
[2024-04-09T14:06:56.014+0300][17.293s][info][gc,heap     ] GC(28) Old regions: 128->145
[2024-04-09T14:06:56.014+0300][17.293s][info][gc,heap     ] GC(28) Archive regions: 2->2
[2024-04-09T14:06:56.014+0300][17.293s][info][gc,heap     ] GC(28) Humongous regions: 11->3
[2024-04-09T14:06:56.014+0300][17.293s][info][gc,metaspace] GC(28) Metaspace: 168685K(170944K)->168685K(170944K) NonClass: 147597K(148672K)->147597K(148672K) Class: 21088K(22272K)->21088K(22272K)
[2024-04-09T14:06:56.014+0300][17.293s][info][gc          ] GC(28) Pause Young (Concurrent Start) (G1 Humongous Allocation) 314M->187M(1024M) 34.279ms
[2024-04-09T14:06:56.014+0300][17.293s][info][gc          ] GC(29) Concurrent Mark Cycle
[2024-04-09T14:06:56.014+0300][17.293s][info][gc,marking  ] GC(29) Concurrent Clear Claimed Marks
[2024-04-09T14:06:56.014+0300][17.293s][info][gc,cpu      ] GC(28) User=0.16s Sys=0.02s Real=0.04s
[2024-04-09T14:06:56.014+0300][17.293s][info][gc,marking  ] GC(29) Concurrent Clear Claimed Marks 0.261ms
[2024-04-09T14:06:56.014+0300][17.293s][info][gc,marking  ] GC(29) Concurrent Scan Root Regions
[2024-04-09T14:06:56.036+0300][17.315s][info][gc,marking  ] GC(29) Concurrent Scan Root Regions 22.244ms
[2024-04-09T14:06:56.036+0300][17.315s][info][gc,marking  ] GC(29) Concurrent Mark
[2024-04-09T14:06:56.036+0300][17.315s][info][gc,marking  ] GC(29) Concurrent Mark From Roots
[2024-04-09T14:06:56.036+0300][17.315s][info][gc,task     ] GC(29) Using 2 workers of 2 for marking
[2024-04-09T14:06:56.097+0300][17.376s][info][gc,marking  ] GC(29) Concurrent Mark From Roots 60.929ms
[2024-04-09T14:06:56.097+0300][17.376s][info][gc,marking  ] GC(29) Concurrent Preclean
[2024-04-09T14:06:56.097+0300][17.376s][info][gc,marking  ] GC(29) Concurrent Preclean 0.096ms
[2024-04-09T14:06:56.098+0300][17.376s][info][gc,start    ] GC(29) Pause Remark
[2024-04-09T14:06:56.102+0300][17.381s][info][gc          ] GC(29) Pause Remark 229M->229M(1024M) 4.775ms
[2024-04-09T14:06:56.102+0300][17.381s][info][gc,cpu      ] GC(29) User=0.02s Sys=0.00s Real=0.01s
[2024-04-09T14:06:56.103+0300][17.381s][info][gc,marking  ] GC(29) Concurrent Mark 66.176ms
[2024-04-09T14:06:56.103+0300][17.381s][info][gc,marking  ] GC(29) Concurrent Rebuild Remembered Sets
[2024-04-09T14:06:56.148+0300][17.427s][info][gc,marking  ] GC(29) Concurrent Rebuild Remembered Sets 45.403ms
[2024-04-09T14:06:56.149+0300][17.428s][info][gc,start    ] GC(29) Pause Cleanup
[2024-04-09T14:06:56.149+0300][17.428s][info][gc          ] GC(29) Pause Cleanup 239M->239M(1024M) 0.140ms
[2024-04-09T14:06:56.149+0300][17.428s][info][gc,cpu      ] GC(29) User=0.00s Sys=0.00s Real=0.00s
[2024-04-09T14:06:56.149+0300][17.428s][info][gc,marking  ] GC(29) Concurrent Cleanup for Next Mark
[2024-04-09T14:06:56.151+0300][17.429s][info][gc,marking  ] GC(29) Concurrent Cleanup for Next Mark 1.385ms
[2024-04-09T14:06:56.151+0300][17.429s][info][gc          ] GC(29) Concurrent Mark Cycle 136.856ms
[2024-04-09T14:06:57.731+0300][19.010s][info][gc,start    ] GC(30) Pause Young (Prepare Mixed) (G1 Evacuation Pause)
[2024-04-09T14:06:57.731+0300][19.010s][info][gc,task     ] GC(30) Using 6 workers of 6 for evacuation
[2024-04-09T14:06:57.749+0300][19.028s][info][gc,phases   ] GC(30)   Pre Evacuate Collection Set: 0.1ms
[2024-04-09T14:06:57.749+0300][19.028s][info][gc,phases   ] GC(30)   Merge Heap Roots: 0.1ms
[2024-04-09T14:06:57.749+0300][19.028s][info][gc,phases   ] GC(30)   Evacuate Collection Set: 16.0ms
[2024-04-09T14:06:57.749+0300][19.028s][info][gc,phases   ] GC(30)   Post Evacuate Collection Set: 1.7ms
[2024-04-09T14:06:57.749+0300][19.028s][info][gc,phases   ] GC(30)   Other: 0.1ms
[2024-04-09T14:06:57.749+0300][19.028s][info][gc,heap     ] GC(30) Eden regions: 575->0(1)
[2024-04-09T14:06:57.749+0300][19.028s][info][gc,heap     ] GC(30) Survivor regions: 39->50(77)
[2024-04-09T14:06:57.749+0300][19.028s][info][gc,heap     ] GC(30) Old regions: 145->145
[2024-04-09T14:06:57.749+0300][19.028s][info][gc,heap     ] GC(30) Archive regions: 2->2
[2024-04-09T14:06:57.749+0300][19.028s][info][gc,heap     ] GC(30) Humongous regions: 59->3
[2024-04-09T14:06:57.749+0300][19.028s][info][gc,metaspace] GC(30) Metaspace: 168843K(171072K)->168843K(171072K) NonClass: 147735K(148800K)->147735K(148800K) Class: 21108K(22272K)->21108K(22272K)
[2024-04-09T14:06:57.749+0300][19.028s][info][gc          ] GC(30) Pause Young (Prepare Mixed) (G1 Evacuation Pause) 818M->198M(1024M) 18.114ms
[2024-04-09T14:06:57.749+0300][19.028s][info][gc,cpu      ] GC(30) User=0.08s Sys=0.00s Real=0.02s
[2024-04-09T14:06:57.750+0300][19.029s][info][gc,start    ] GC(31) Pause Young (Mixed) (G1 Evacuation Pause)
[2024-04-09T14:06:57.750+0300][19.029s][info][gc,task     ] GC(31) Using 6 workers of 6 for evacuation
[2024-04-09T14:06:57.770+0300][19.049s][info][gc,phases   ] GC(31)   Pre Evacuate Collection Set: 0.1ms
[2024-04-09T14:06:57.770+0300][19.049s][info][gc,phases   ] GC(31)   Merge Heap Roots: 0.2ms
[2024-04-09T14:06:57.770+0300][19.049s][info][gc,phases   ] GC(31)   Evacuate Collection Set: 18.9ms
[2024-04-09T14:06:57.770+0300][19.049s][info][gc,phases   ] GC(31)   Post Evacuate Collection Set: 0.6ms
[2024-04-09T14:06:57.770+0300][19.049s][info][gc,phases   ] GC(31)   Other: 0.0ms
[2024-04-09T14:06:57.770+0300][19.049s][info][gc,heap     ] GC(31) Eden regions: 1->0(572)
[2024-04-09T14:06:57.770+0300][19.049s][info][gc,heap     ] GC(31) Survivor regions: 50->1(7)
[2024-04-09T14:06:57.770+0300][19.049s][info][gc,heap     ] GC(31) Old regions: 145->191
[2024-04-09T14:06:57.770+0300][19.049s][info][gc,heap     ] GC(31) Archive regions: 2->2
[2024-04-09T14:06:57.770+0300][19.049s][info][gc,heap     ] GC(31) Humongous regions: 3->3
[2024-04-09T14:06:57.770+0300][19.049s][info][gc,metaspace] GC(31) Metaspace: 168843K(171072K)->168843K(171072K) NonClass: 147735K(148800K)->147735K(148800K) Class: 21108K(22272K)->21108K(22272K)
[2024-04-09T14:06:57.770+0300][19.049s][info][gc          ] GC(31) Pause Young (Mixed) (G1 Evacuation Pause) 199M->195M(1024M) 19.970ms
[2024-04-09T14:06:57.770+0300][19.049s][info][gc,cpu      ] GC(31) User=0.09s Sys=0.02s Real=0.02s
[2024-04-09T14:06:58.617+0300][19.896s][info][gc,start    ] GC(32) Pause Young (Normal) (G1 Evacuation Pause)
[2024-04-09T14:06:58.617+0300][19.896s][info][gc,task     ] GC(32) Using 6 workers of 6 for evacuation
[2024-04-09T14:06:58.624+0300][19.903s][info][gc,phases   ] GC(32)   Pre Evacuate Collection Set: 0.1ms
[2024-04-09T14:06:58.624+0300][19.903s][info][gc,phases   ] GC(32)   Merge Heap Roots: 0.1ms
[2024-04-09T14:06:58.624+0300][19.903s][info][gc,phases   ] GC(32)   Evacuate Collection Set: 5.3ms
[2024-04-09T14:06:58.624+0300][19.903s][info][gc,phases   ] GC(32)   Post Evacuate Collection Set: 1.7ms
[2024-04-09T14:06:58.624+0300][19.903s][info][gc,phases   ] GC(32)   Other: 0.1ms
[2024-04-09T14:06:58.624+0300][19.903s][info][gc,heap     ] GC(32) Eden regions: 572->0(530)
[2024-04-09T14:06:58.624+0300][19.903s][info][gc,heap     ] GC(32) Survivor regions: 1->28(72)
[2024-04-09T14:06:58.624+0300][19.903s][info][gc,heap     ] GC(32) Old regions: 191->191
[2024-04-09T14:06:58.624+0300][19.903s][info][gc,heap     ] GC(32) Archive regions: 2->2
[2024-04-09T14:06:58.624+0300][19.903s][info][gc,heap     ] GC(32) Humongous regions: 14->7
[2024-04-09T14:06:58.624+0300][19.903s][info][gc,metaspace] GC(32) Metaspace: 169329K(171520K)->169329K(171520K) NonClass: 148191K(149248K)->148191K(149248K) Class: 21137K(22272K)->21137K(22272K)
[2024-04-09T14:06:58.624+0300][19.903s][info][gc          ] GC(32) Pause Young (Normal) (G1 Evacuation Pause) 778M->225M(1024M) 7.324ms
[2024-04-09T14:06:58.624+0300][19.903s][info][gc,cpu      ] GC(32) User=0.03s Sys=0.00s Real=0.01s
[2024-04-09T14:06:59.602+0300][20.880s][info][gc,start    ] GC(33) Pause Young (Concurrent Start) (G1 Humongous Allocation)
[2024-04-09T14:06:59.602+0300][20.880s][info][gc,task     ] GC(33) Using 6 workers of 6 for evacuation
[2024-04-09T14:06:59.616+0300][20.895s][info][gc,phases   ] GC(33)   Pre Evacuate Collection Set: 0.5ms
[2024-04-09T14:06:59.616+0300][20.895s][info][gc,phases   ] GC(33)   Merge Heap Roots: 0.1ms
[2024-04-09T14:06:59.616+0300][20.895s][info][gc,phases   ] GC(33)   Evacuate Collection Set: 10.9ms
[2024-04-09T14:06:59.616+0300][20.895s][info][gc,phases   ] GC(33)   Post Evacuate Collection Set: 3.0ms
[2024-04-09T14:06:59.616+0300][20.895s][info][gc,phases   ] GC(33)   Other: 0.0ms
[2024-04-09T14:06:59.616+0300][20.895s][info][gc,heap     ] GC(33) Eden regions: 444->0(516)
[2024-04-09T14:06:59.616+0300][20.895s][info][gc,heap     ] GC(33) Survivor regions: 28->42(70)
[2024-04-09T14:06:59.616+0300][20.895s][info][gc,heap     ] GC(33) Old regions: 191->191
[2024-04-09T14:06:59.616+0300][20.895s][info][gc,heap     ] GC(33) Archive regions: 2->2
[2024-04-09T14:06:59.616+0300][20.895s][info][gc,heap     ] GC(33) Humongous regions: 7->7
[2024-04-09T14:06:59.616+0300][20.895s][info][gc,metaspace] GC(33) Metaspace: 173995K(176384K)->173995K(176384K) NonClass: 152311K(153472K)->152311K(153472K) Class: 21683K(22912K)->21683K(22912K)
[2024-04-09T14:06:59.616+0300][20.895s][info][gc          ] GC(33) Pause Young (Concurrent Start) (G1 Humongous Allocation) 668M->240M(1024M) 14.693ms
[2024-04-09T14:06:59.616+0300][20.895s][info][gc          ] GC(34) Concurrent Mark Cycle
[2024-04-09T14:06:59.616+0300][20.895s][info][gc,marking  ] GC(34) Concurrent Clear Claimed Marks
[2024-04-09T14:06:59.616+0300][20.895s][info][gc,cpu      ] GC(33) User=0.06s Sys=0.00s Real=0.01s
[2024-04-09T14:06:59.617+0300][20.895s][info][gc,marking  ] GC(34) Concurrent Clear Claimed Marks 0.360ms
[2024-04-09T14:06:59.617+0300][20.895s][info][gc,marking  ] GC(34) Concurrent Scan Root Regions
[2024-04-09T14:06:59.631+0300][20.910s][info][gc,marking  ] GC(34) Concurrent Scan Root Regions 14.718ms
[2024-04-09T14:06:59.631+0300][20.910s][info][gc,marking  ] GC(34) Concurrent Mark
[2024-04-09T14:06:59.631+0300][20.910s][info][gc,marking  ] GC(34) Concurrent Mark From Roots
[2024-04-09T14:06:59.631+0300][20.910s][info][gc,task     ] GC(34) Using 2 workers of 2 for marking
[2024-04-09T14:06:59.800+0300][21.078s][info][gc,marking  ] GC(34) Concurrent Mark From Roots 168.175ms
[2024-04-09T14:06:59.800+0300][21.078s][info][gc,marking  ] GC(34) Concurrent Preclean
[2024-04-09T14:06:59.800+0300][21.079s][info][gc,marking  ] GC(34) Concurrent Preclean 0.179ms
[2024-04-09T14:06:59.800+0300][21.079s][info][gc,start    ] GC(34) Pause Remark
[2024-04-09T14:06:59.813+0300][21.092s][info][gc          ] GC(34) Pause Remark 253M->253M(1024M) 13.167ms
[2024-04-09T14:06:59.813+0300][21.092s][info][gc,cpu      ] GC(34) User=0.06s Sys=0.00s Real=0.02s
[2024-04-09T14:06:59.814+0300][21.092s][info][gc,marking  ] GC(34) Concurrent Mark 182.105ms
[2024-04-09T14:06:59.814+0300][21.092s][info][gc,marking  ] GC(34) Concurrent Rebuild Remembered Sets
[2024-04-09T14:06:59.918+0300][21.197s][info][gc,marking  ] GC(34) Concurrent Rebuild Remembered Sets 104.244ms
[2024-04-09T14:06:59.921+0300][21.200s][info][gc,start    ] GC(34) Pause Cleanup
[2024-04-09T14:06:59.922+0300][21.200s][info][gc          ] GC(34) Pause Cleanup 260M->260M(1024M) 0.159ms
[2024-04-09T14:06:59.922+0300][21.200s][info][gc,cpu      ] GC(34) User=0.00s Sys=0.00s Real=0.00s
[2024-04-09T14:06:59.922+0300][21.200s][info][gc,marking  ] GC(34) Concurrent Cleanup for Next Mark
[2024-04-09T14:06:59.923+0300][21.202s][info][gc,marking  ] GC(34) Concurrent Cleanup for Next Mark 1.344ms
[2024-04-09T14:06:59.923+0300][21.202s][info][gc          ] GC(34) Concurrent Mark Cycle 306.858ms
[2024-04-09T14:07:01.942+0300][23.220s][info][gc,start    ] GC(35) Pause Young (Prepare Mixed) (GCLocker Initiated GC)
[2024-04-09T14:07:01.942+0300][23.220s][info][gc,task     ] GC(35) Using 6 workers of 6 for evacuation
[2024-04-09T14:07:01.993+0300][23.272s][info][gc,phases   ] GC(35)   Pre Evacuate Collection Set: 0.1ms
[2024-04-09T14:07:01.993+0300][23.272s][info][gc,phases   ] GC(35)   Merge Heap Roots: 0.1ms
[2024-04-09T14:07:01.993+0300][23.272s][info][gc,phases   ] GC(35)   Evacuate Collection Set: 49.8ms
[2024-04-09T14:07:01.993+0300][23.272s][info][gc,phases   ] GC(35)   Post Evacuate Collection Set: 1.5ms
[2024-04-09T14:07:01.993+0300][23.272s][info][gc,phases   ] GC(35)   Other: 0.1ms
[2024-04-09T14:07:01.993+0300][23.272s][info][gc,heap     ] GC(35) Eden regions: 516->0(2)
[2024-04-09T14:07:01.993+0300][23.272s][info][gc,heap     ] GC(35) Survivor regions: 42->49(70)
[2024-04-09T14:07:01.993+0300][23.272s][info][gc,heap     ] GC(35) Old regions: 191->216
[2024-04-09T14:07:01.993+0300][23.272s][info][gc,heap     ] GC(35) Archive regions: 2->2
[2024-04-09T14:07:01.993+0300][23.272s][info][gc,heap     ] GC(35) Humongous regions: 40->22
[2024-04-09T14:07:01.993+0300][23.272s][info][gc,metaspace] GC(35) Metaspace: 190588K(194368K)->190588K(194368K) NonClass: 167063K(169088K)->167063K(169088K) Class: 23524K(25280K)->23524K(25280K)
[2024-04-09T14:07:01.993+0300][23.272s][info][gc          ] GC(35) Pause Young (Prepare Mixed) (GCLocker Initiated GC) 789M->287M(1024M) 51.691ms
[2024-04-09T14:07:01.993+0300][23.272s][info][gc,cpu      ] GC(35) User=0.26s Sys=0.03s Real=0.05s
[2024-04-09T14:07:01.998+0300][23.277s][info][gc,start    ] GC(36) Pause Young (Mixed) (G1 Evacuation Pause)
[2024-04-09T14:07:01.998+0300][23.277s][info][gc,task     ] GC(36) Using 6 workers of 6 for evacuation
[2024-04-09T14:07:02.054+0300][23.333s][info][gc,phases   ] GC(36)   Pre Evacuate Collection Set: 0.1ms
[2024-04-09T14:07:02.054+0300][23.333s][info][gc,phases   ] GC(36)   Merge Heap Roots: 0.1ms
[2024-04-09T14:07:02.054+0300][23.333s][info][gc,phases   ] GC(36)   Evacuate Collection Set: 55.1ms
[2024-04-09T14:07:02.054+0300][23.333s][info][gc,phases   ] GC(36)   Post Evacuate Collection Set: 0.5ms
[2024-04-09T14:07:02.054+0300][23.333s][info][gc,phases   ] GC(36)   Other: 0.0ms
[2024-04-09T14:07:02.054+0300][23.333s][info][gc,heap     ] GC(36) Eden regions: 2->0(465)
[2024-04-09T14:07:02.054+0300][23.333s][info][gc,heap     ] GC(36) Survivor regions: 49->3(7)
[2024-04-09T14:07:02.054+0300][23.333s][info][gc,heap     ] GC(36) Old regions: 216->262
[2024-04-09T14:07:02.054+0300][23.333s][info][gc,heap     ] GC(36) Archive regions: 2->2
[2024-04-09T14:07:02.054+0300][23.333s][info][gc,heap     ] GC(36) Humongous regions: 22->22
[2024-04-09T14:07:02.054+0300][23.333s][info][gc,metaspace] GC(36) Metaspace: 190625K(194368K)->190625K(194368K) NonClass: 167096K(169088K)->167096K(169088K) Class: 23528K(25280K)->23528K(25280K)
[2024-04-09T14:07:02.054+0300][23.333s][info][gc          ] GC(36) Pause Young (Mixed) (G1 Evacuation Pause) 289M->287M(1024M) 55.930ms
[2024-04-09T14:07:02.054+0300][23.333s][info][gc,cpu      ] GC(36) User=0.21s Sys=0.12s Real=0.06s
[2024-04-09T14:07:02.838+0300][24.117s][info][gc,start    ] GC(37) Pause Young (Normal) (G1 Evacuation Pause)
[2024-04-09T14:07:02.838+0300][24.117s][info][gc,task     ] GC(37) Using 6 workers of 6 for evacuation
[2024-04-09T14:07:02.851+0300][24.130s][info][gc,phases   ] GC(37)   Pre Evacuate Collection Set: 0.2ms
[2024-04-09T14:07:02.851+0300][24.130s][info][gc,phases   ] GC(37)   Merge Heap Roots: 0.1ms
[2024-04-09T14:07:02.851+0300][24.130s][info][gc,phases   ] GC(37)   Evacuate Collection Set: 10.7ms
[2024-04-09T14:07:02.851+0300][24.130s][info][gc,phases   ] GC(37)   Post Evacuate Collection Set: 1.4ms
[2024-04-09T14:07:02.851+0300][24.130s][info][gc,phases   ] GC(37)   Other: 0.1ms
[2024-04-09T14:07:02.851+0300][24.130s][info][gc,heap     ] GC(37) Eden regions: 465->0(444)
[2024-04-09T14:07:02.851+0300][24.130s][info][gc,heap     ] GC(37) Survivor regions: 3->25(59)
[2024-04-09T14:07:02.851+0300][24.130s][info][gc,heap     ] GC(37) Old regions: 262->262
[2024-04-09T14:07:02.851+0300][24.130s][info][gc,heap     ] GC(37) Archive regions: 2->2
[2024-04-09T14:07:02.851+0300][24.130s][info][gc,heap     ] GC(37) Humongous regions: 22->22
[2024-04-09T14:07:02.851+0300][24.130s][info][gc,metaspace] GC(37) Metaspace: 206096K(211008K)->206096K(211008K) NonClass: 180722K(183424K)->180722K(183424K) Class: 25374K(27584K)->25374K(27584K)
[2024-04-09T14:07:02.851+0300][24.130s][info][gc          ] GC(37) Pause Young (Normal) (G1 Evacuation Pause) 752M->309M(1024M) 12.610ms
[2024-04-09T14:07:02.851+0300][24.130s][info][gc,cpu      ] GC(37) User=0.05s Sys=0.00s Real=0.01s
[2024-04-09T14:07:03.492+0300][24.771s][info][gc,start    ] GC(38) Pause Young (Normal) (G1 Evacuation Pause)
[2024-04-09T14:07:03.492+0300][24.771s][info][gc,task     ] GC(38) Using 6 workers of 6 for evacuation
[2024-04-09T14:07:03.508+0300][24.787s][info][gc,phases   ] GC(38)   Pre Evacuate Collection Set: 0.1ms
[2024-04-09T14:07:03.508+0300][24.787s][info][gc,phases   ] GC(38)   Merge Heap Roots: 0.1ms
[2024-04-09T14:07:03.508+0300][24.787s][info][gc,phases   ] GC(38)   Evacuate Collection Set: 14.7ms
[2024-04-09T14:07:03.508+0300][24.787s][info][gc,phases   ] GC(38)   Post Evacuate Collection Set: 1.3ms
[2024-04-09T14:07:03.508+0300][24.787s][info][gc,phases   ] GC(38)   Other: 0.1ms
[2024-04-09T14:07:03.508+0300][24.787s][info][gc,heap     ] GC(38) Eden regions: 444->0(421)
[2024-04-09T14:07:03.508+0300][24.787s][info][gc,heap     ] GC(38) Survivor regions: 25->48(59)
[2024-04-09T14:07:03.508+0300][24.787s][info][gc,heap     ] GC(38) Old regions: 262->262
[2024-04-09T14:07:03.508+0300][24.787s][info][gc,heap     ] GC(38) Archive regions: 2->2
[2024-04-09T14:07:03.508+0300][24.787s][info][gc,heap     ] GC(38) Humongous regions: 22->22
[2024-04-09T14:07:03.508+0300][24.787s][info][gc,metaspace] GC(38) Metaspace: 224397K(230272K)->224397K(230272K) NonClass: 196868K(200000K)->196868K(200000K) Class: 27529K(30272K)->27529K(30272K)
[2024-04-09T14:07:03.508+0300][24.787s][info][gc          ] GC(38) Pause Young (Normal) (G1 Evacuation Pause) 753M->332M(1024M) 16.397ms
[2024-04-09T14:07:03.508+0300][24.787s][info][gc,cpu      ] GC(38) User=0.08s Sys=0.00s Real=0.02s
[2024-04-09T14:07:05.038+0300][26.316s][info][gc,start    ] GC(39) Pause Young (Concurrent Start) (G1 Evacuation Pause)
[2024-04-09T14:07:05.038+0300][26.316s][info][gc,task     ] GC(39) Using 6 workers of 6 for evacuation
[2024-04-09T14:07:05.061+0300][26.340s][info][gc,phases   ] GC(39)   Pre Evacuate Collection Set: 0.6ms
[2024-04-09T14:07:05.061+0300][26.340s][info][gc,phases   ] GC(39)   Merge Heap Roots: 0.2ms
[2024-04-09T14:07:05.061+0300][26.340s][info][gc,phases   ] GC(39)   Evacuate Collection Set: 21.6ms
[2024-04-09T14:07:05.061+0300][26.340s][info][gc,phases   ] GC(39)   Post Evacuate Collection Set: 1.1ms
[2024-04-09T14:07:05.061+0300][26.340s][info][gc,phases   ] GC(39)   Other: 0.1ms
[2024-04-09T14:07:05.061+0300][26.340s][info][gc,heap     ] GC(39) Eden regions: 421->0(413)
[2024-04-09T14:07:05.061+0300][26.340s][info][gc,heap     ] GC(39) Survivor regions: 48->38(59)
[2024-04-09T14:07:05.061+0300][26.340s][info][gc,heap     ] GC(39) Old regions: 262->285
[2024-04-09T14:07:05.061+0300][26.340s][info][gc,heap     ] GC(39) Archive regions: 2->2
[2024-04-09T14:07:05.061+0300][26.340s][info][gc,heap     ] GC(39) Humongous regions: 22->22
[2024-04-09T14:07:05.061+0300][26.340s][info][gc,metaspace] GC(39) Metaspace: 234460K(240896K)->234460K(240896K) NonClass: 205691K(209088K)->205691K(209088K) Class: 28769K(31808K)->28769K(31808K)
[2024-04-09T14:07:05.061+0300][26.340s][info][gc          ] GC(39) Pause Young (Concurrent Start) (G1 Evacuation Pause) 753M->345M(1024M) 23.639ms
[2024-04-09T14:07:05.061+0300][26.340s][info][gc,cpu      ] GC(39) User=0.12s Sys=0.00s Real=0.03s
[2024-04-09T14:07:05.061+0300][26.340s][info][gc          ] GC(40) Concurrent Mark Cycle
[2024-04-09T14:07:05.061+0300][26.340s][info][gc,marking  ] GC(40) Concurrent Clear Claimed Marks
[2024-04-09T14:07:05.062+0300][26.341s][info][gc,marking  ] GC(40) Concurrent Clear Claimed Marks 0.543ms
[2024-04-09T14:07:05.062+0300][26.341s][info][gc,marking  ] GC(40) Concurrent Scan Root Regions
[2024-04-09T14:07:05.085+0300][26.363s][info][gc,marking  ] GC(40) Concurrent Scan Root Regions 22.605ms
[2024-04-09T14:07:05.085+0300][26.363s][info][gc,marking  ] GC(40) Concurrent Mark
[2024-04-09T14:07:05.085+0300][26.363s][info][gc,marking  ] GC(40) Concurrent Mark From Roots
[2024-04-09T14:07:05.085+0300][26.363s][info][gc,task     ] GC(40) Using 2 workers of 2 for marking
[2024-04-09T14:07:05.184+0300][26.463s][info][gc,marking  ] GC(40) Concurrent Mark From Roots 99.363ms
[2024-04-09T14:07:05.184+0300][26.463s][info][gc,marking  ] GC(40) Concurrent Preclean
[2024-04-09T14:07:05.184+0300][26.463s][info][gc,marking  ] GC(40) Concurrent Preclean 0.423ms
[2024-04-09T14:07:05.185+0300][26.463s][info][gc,start    ] GC(40) Pause Remark
[2024-04-09T14:07:05.203+0300][26.481s][info][gc          ] GC(40) Pause Remark 395M->395M(1024M) 18.198ms
[2024-04-09T14:07:05.203+0300][26.482s][info][gc,cpu      ] GC(40) User=0.10s Sys=0.00s Real=0.02s
[2024-04-09T14:07:05.203+0300][26.482s][info][gc,marking  ] GC(40) Concurrent Mark 118.248ms
[2024-04-09T14:07:05.203+0300][26.482s][info][gc,marking  ] GC(40) Concurrent Rebuild Remembered Sets
[2024-04-09T14:07:05.302+0300][26.580s][info][gc,marking  ] GC(40) Concurrent Rebuild Remembered Sets 98.715ms
[2024-04-09T14:07:05.302+0300][26.580s][info][gc,start    ] GC(40) Pause Cleanup
[2024-04-09T14:07:05.302+0300][26.581s][info][gc          ] GC(40) Pause Cleanup 430M->430M(1024M) 0.154ms
[2024-04-09T14:07:05.302+0300][26.581s][info][gc,cpu      ] GC(40) User=0.00s Sys=0.00s Real=0.00s
[2024-04-09T14:07:05.302+0300][26.581s][info][gc,marking  ] GC(40) Concurrent Cleanup for Next Mark
[2024-04-09T14:07:05.303+0300][26.582s][info][gc,marking  ] GC(40) Concurrent Cleanup for Next Mark 1.119ms
[2024-04-09T14:07:05.303+0300][26.582s][info][gc          ] GC(40) Concurrent Mark Cycle 241.597ms
[2024-04-09T14:07:06.205+0300][27.484s][info][gc,start    ] GC(41) Pause Young (Prepare Mixed) (G1 Evacuation Pause)
[2024-04-09T14:07:06.205+0300][27.484s][info][gc,task     ] GC(41) Using 6 workers of 6 for evacuation
[2024-04-09T14:07:06.238+0300][27.516s][info][gc,phases   ] GC(41)   Pre Evacuate Collection Set: 0.2ms
[2024-04-09T14:07:06.238+0300][27.516s][info][gc,phases   ] GC(41)   Merge Heap Roots: 0.2ms
[2024-04-09T14:07:06.238+0300][27.516s][info][gc,phases   ] GC(41)   Evacuate Collection Set: 31.0ms
[2024-04-09T14:07:06.238+0300][27.516s][info][gc,phases   ] GC(41)   Post Evacuate Collection Set: 0.9ms
[2024-04-09T14:07:06.238+0300][27.516s][info][gc,phases   ] GC(41)   Other: 0.1ms
[2024-04-09T14:07:06.238+0300][27.516s][info][gc,heap     ] GC(41) Eden regions: 413->0(31)
[2024-04-09T14:07:06.238+0300][27.516s][info][gc,heap     ] GC(41) Survivor regions: 38->20(57)
[2024-04-09T14:07:06.238+0300][27.516s][info][gc,heap     ] GC(41) Old regions: 285->309
[2024-04-09T14:07:06.238+0300][27.516s][info][gc,heap     ] GC(41) Archive regions: 2->2
[2024-04-09T14:07:06.238+0300][27.516s][info][gc,heap     ] GC(41) Humongous regions: 22->22
[2024-04-09T14:07:06.238+0300][27.516s][info][gc,metaspace] GC(41) Metaspace: 236890K(243584K)->236890K(243584K) NonClass: 207730K(211136K)->207730K(211136K) Class: 29159K(32448K)->29159K(32448K)
[2024-04-09T14:07:06.238+0300][27.516s][info][gc          ] GC(41) Pause Young (Prepare Mixed) (G1 Evacuation Pause) 758M->351M(1024M) 32.512ms
[2024-04-09T14:07:06.238+0300][27.516s][info][gc,cpu      ] GC(41) User=0.13s Sys=0.02s Real=0.03s
[2024-04-09T14:07:06.322+0300][27.601s][info][gc,start    ] GC(42) Pause Young (Mixed) (G1 Evacuation Pause)
[2024-04-09T14:07:06.322+0300][27.601s][info][gc,task     ] GC(42) Using 6 workers of 6 for evacuation
[2024-04-09T14:07:06.368+0300][27.647s][info][gc,phases   ] GC(42)   Pre Evacuate Collection Set: 0.1ms
[2024-04-09T14:07:06.368+0300][27.647s][info][gc,phases   ] GC(42)   Merge Heap Roots: 0.1ms
[2024-04-09T14:07:06.368+0300][27.647s][info][gc,phases   ] GC(42)   Evacuate Collection Set: 45.0ms
[2024-04-09T14:07:06.368+0300][27.647s][info][gc,phases   ] GC(42)   Post Evacuate Collection Set: 0.8ms
[2024-04-09T14:07:06.368+0300][27.647s][info][gc,phases   ] GC(42)   Other: 0.1ms
[2024-04-09T14:07:06.368+0300][27.647s][info][gc,heap     ] GC(42) Eden regions: 31->0(419)
[2024-04-09T14:07:06.368+0300][27.647s][info][gc,heap     ] GC(42) Survivor regions: 20->3(7)
[2024-04-09T14:07:06.368+0300][27.647s][info][gc,heap     ] GC(42) Old regions: 309->324
[2024-04-09T14:07:06.368+0300][27.647s][info][gc,heap     ] GC(42) Archive regions: 2->2
[2024-04-09T14:07:06.368+0300][27.647s][info][gc,heap     ] GC(42) Humongous regions: 22->22
[2024-04-09T14:07:06.368+0300][27.647s][info][gc,metaspace] GC(42) Metaspace: 237179K(243904K)->237179K(243904K) NonClass: 207979K(211456K)->207979K(211456K) Class: 29200K(32448K)->29200K(32448K)
[2024-04-09T14:07:06.368+0300][27.647s][info][gc          ] GC(42) Pause Young (Mixed) (G1 Evacuation Pause) 382M->349M(1024M) 46.205ms
[2024-04-09T14:07:06.368+0300][27.647s][info][gc,cpu      ] GC(42) User=0.18s Sys=0.03s Real=0.04s
[2024-04-09T14:07:07.428+0300][28.707s][info][gc,start    ] GC(43) Pause Young (Normal) (G1 Evacuation Pause)
[2024-04-09T14:07:07.428+0300][28.707s][info][gc,task     ] GC(43) Using 6 workers of 6 for evacuation
[2024-04-09T14:07:07.434+0300][28.713s][info][gc,phases   ] GC(43)   Pre Evacuate Collection Set: 0.1ms
[2024-04-09T14:07:07.434+0300][28.713s][info][gc,phases   ] GC(43)   Merge Heap Roots: 0.1ms
[2024-04-09T14:07:07.434+0300][28.713s][info][gc,phases   ] GC(43)   Evacuate Collection Set: 4.9ms
[2024-04-09T14:07:07.434+0300][28.713s][info][gc,phases   ] GC(43)   Post Evacuate Collection Set: 0.9ms
[2024-04-09T14:07:07.434+0300][28.713s][info][gc,phases   ] GC(43)   Other: 0.1ms
[2024-04-09T14:07:07.434+0300][28.713s][info][gc,heap     ] GC(43) Eden regions: 419->0(421)
[2024-04-09T14:07:07.434+0300][28.713s][info][gc,heap     ] GC(43) Survivor regions: 3->7(53)
[2024-04-09T14:07:07.434+0300][28.713s][info][gc,heap     ] GC(43) Old regions: 324->324
[2024-04-09T14:07:07.434+0300][28.713s][info][gc,heap     ] GC(43) Archive regions: 2->2
[2024-04-09T14:07:07.434+0300][28.713s][info][gc,heap     ] GC(43) Humongous regions: 22->22
[2024-04-09T14:07:07.434+0300][28.713s][info][gc,metaspace] GC(43) Metaspace: 240356K(247296K)->240356K(247296K) NonClass: 210721K(214272K)->210721K(214272K) Class: 29635K(33024K)->29635K(33024K)
[2024-04-09T14:07:07.435+0300][28.713s][info][gc          ] GC(43) Pause Young (Normal) (G1 Evacuation Pause) 768M->353M(1024M) 6.239ms
[2024-04-09T14:07:07.435+0300][28.713s][info][gc,cpu      ] GC(43) User=0.02s Sys=0.00s Real=0.01s
[2024-04-09T14:07:07.604+0300][28.882s][info][gc,start    ] GC(44) Pause Young (Concurrent Start) (G1 Humongous Allocation)
[2024-04-09T14:07:07.604+0300][28.882s][info][gc,task     ] GC(44) Using 6 workers of 6 for evacuation
[2024-04-09T14:07:07.611+0300][28.890s][info][gc,phases   ] GC(44)   Pre Evacuate Collection Set: 0.9ms
[2024-04-09T14:07:07.611+0300][28.890s][info][gc,phases   ] GC(44)   Merge Heap Roots: 0.2ms
[2024-04-09T14:07:07.611+0300][28.890s][info][gc,phases   ] GC(44)   Evacuate Collection Set: 5.5ms
[2024-04-09T14:07:07.611+0300][28.890s][info][gc,phases   ] GC(44)   Post Evacuate Collection Set: 1.1ms
[2024-04-09T14:07:07.611+0300][28.890s][info][gc,phases   ] GC(44)   Other: 0.1ms
[2024-04-09T14:07:07.611+0300][28.890s][info][gc,heap     ] GC(44) Eden regions: 126->0(427)
[2024-04-09T14:07:07.611+0300][28.890s][info][gc,heap     ] GC(44) Survivor regions: 7->9(54)
[2024-04-09T14:07:07.611+0300][28.890s][info][gc,heap     ] GC(44) Old regions: 324->324
[2024-04-09T14:07:07.611+0300][28.890s][info][gc,heap     ] GC(44) Archive regions: 2->2
[2024-04-09T14:07:07.611+0300][28.890s][info][gc,heap     ] GC(44) Humongous regions: 22->22
[2024-04-09T14:07:07.611+0300][28.890s][info][gc,metaspace] GC(44) Metaspace: 241119K(248064K)->241119K(248064K) NonClass: 211369K(214912K)->211369K(214912K) Class: 29750K(33152K)->29750K(33152K)
[2024-04-09T14:07:07.611+0300][28.890s][info][gc          ] GC(44) Pause Young (Concurrent Start) (G1 Humongous Allocation) 479M->355M(1024M) 7.951ms
[2024-04-09T14:07:07.612+0300][28.890s][info][gc,cpu      ] GC(44) User=0.03s Sys=0.00s Real=0.00s
[2024-04-09T14:07:07.612+0300][28.890s][info][gc          ] GC(45) Concurrent Mark Cycle
[2024-04-09T14:07:07.612+0300][28.890s][info][gc,marking  ] GC(45) Concurrent Clear Claimed Marks
[2024-04-09T14:07:07.612+0300][28.891s][info][gc,marking  ] GC(45) Concurrent Clear Claimed Marks 0.574ms
[2024-04-09T14:07:07.612+0300][28.891s][info][gc,marking  ] GC(45) Concurrent Scan Root Regions
[2024-04-09T14:07:07.617+0300][28.896s][info][gc,marking  ] GC(45) Concurrent Scan Root Regions 5.200ms
[2024-04-09T14:07:07.617+0300][28.896s][info][gc,marking  ] GC(45) Concurrent Mark
[2024-04-09T14:07:07.617+0300][28.896s][info][gc,marking  ] GC(45) Concurrent Mark From Roots
[2024-04-09T14:07:07.617+0300][28.896s][info][gc,task     ] GC(45) Using 2 workers of 2 for marking
[2024-04-09T14:07:07.767+0300][29.046s][info][gc,marking  ] GC(45) Concurrent Mark From Roots 149.779ms
[2024-04-09T14:07:07.767+0300][29.046s][info][gc,marking  ] GC(45) Concurrent Preclean
[2024-04-09T14:07:07.767+0300][29.046s][info][gc,marking  ] GC(45) Concurrent Preclean 0.255ms
[2024-04-09T14:07:07.768+0300][29.047s][info][gc,start    ] GC(45) Pause Remark
[2024-04-09T14:07:07.776+0300][29.054s][info][gc          ] GC(45) Pause Remark 426M->426M(1024M) 7.893ms
[2024-04-09T14:07:07.776+0300][29.055s][info][gc,cpu      ] GC(45) User=0.03s Sys=0.00s Real=0.01s
[2024-04-09T14:07:07.776+0300][29.055s][info][gc,marking  ] GC(45) Concurrent Mark 158.466ms
[2024-04-09T14:07:07.776+0300][29.055s][info][gc,marking  ] GC(45) Concurrent Rebuild Remembered Sets
[2024-04-09T14:07:07.889+0300][29.168s][info][gc,marking  ] GC(45) Concurrent Rebuild Remembered Sets 113.574ms
[2024-04-09T14:07:07.891+0300][29.169s][info][gc,start    ] GC(45) Pause Cleanup
[2024-04-09T14:07:07.891+0300][29.170s][info][gc          ] GC(45) Pause Cleanup 524M->524M(1024M) 0.217ms
[2024-04-09T14:07:07.891+0300][29.170s][info][gc,cpu      ] GC(45) User=0.01s Sys=0.00s Real=0.00s
[2024-04-09T14:07:07.891+0300][29.170s][info][gc,marking  ] GC(45) Concurrent Cleanup for Next Mark
[2024-04-09T14:07:07.892+0300][29.171s][info][gc,marking  ] GC(45) Concurrent Cleanup for Next Mark 1.183ms
[2024-04-09T14:07:07.892+0300][29.171s][info][gc          ] GC(45) Concurrent Mark Cycle 280.555ms
[2024-04-09T14:07:08.477+0300][29.756s][info][gc,start    ] GC(46) Pause Young (Prepare Mixed) (G1 Evacuation Pause)
[2024-04-09T14:07:08.477+0300][29.756s][info][gc,task     ] GC(46) Using 6 workers of 6 for evacuation
[2024-04-09T14:07:08.492+0300][29.771s][info][gc,phases   ] GC(46)   Pre Evacuate Collection Set: 0.3ms
[2024-04-09T14:07:08.492+0300][29.771s][info][gc,phases   ] GC(46)   Merge Heap Roots: 0.2ms
[2024-04-09T14:07:08.492+0300][29.771s][info][gc,phases   ] GC(46)   Evacuate Collection Set: 12.1ms
[2024-04-09T14:07:08.492+0300][29.771s][info][gc,phases   ] GC(46)   Post Evacuate Collection Set: 2.5ms
[2024-04-09T14:07:08.492+0300][29.771s][info][gc,phases   ] GC(46)   Other: 0.1ms
[2024-04-09T14:07:08.492+0300][29.771s][info][gc,heap     ] GC(46) Eden regions: 427->0(14)
[2024-04-09T14:07:08.492+0300][29.771s][info][gc,heap     ] GC(46) Survivor regions: 9->37(55)
[2024-04-09T14:07:08.492+0300][29.771s][info][gc,heap     ] GC(46) Old regions: 324->324
[2024-04-09T14:07:08.492+0300][29.771s][info][gc,heap     ] GC(46) Archive regions: 2->2
[2024-04-09T14:07:08.492+0300][29.771s][info][gc,heap     ] GC(46) Humongous regions: 29->26
[2024-04-09T14:07:08.492+0300][29.771s][info][gc,metaspace] GC(46) Metaspace: 245062K(252160K)->245062K(252160K) NonClass: 214873K(218496K)->214873K(218496K) Class: 30189K(33664K)->30189K(33664K)
[2024-04-09T14:07:08.492+0300][29.771s][info][gc          ] GC(46) Pause Young (Prepare Mixed) (G1 Evacuation Pause) 789M->386M(1024M) 15.241ms
[2024-04-09T14:07:08.492+0300][29.771s][info][gc,cpu      ] GC(46) User=0.06s Sys=0.00s Real=0.01s
[2024-04-09T14:07:08.521+0300][29.799s][info][gc,start    ] GC(47) Pause Young (Mixed) (G1 Evacuation Pause)
[2024-04-09T14:07:08.521+0300][29.799s][info][gc,task     ] GC(47) Using 6 workers of 6 for evacuation
[2024-04-09T14:07:08.539+0300][29.818s][info][gc,phases   ] GC(47)   Pre Evacuate Collection Set: 0.2ms
[2024-04-09T14:07:08.539+0300][29.818s][info][gc,phases   ] GC(47)   Merge Heap Roots: 0.3ms
[2024-04-09T14:07:08.539+0300][29.818s][info][gc,phases   ] GC(47)   Evacuate Collection Set: 16.9ms
[2024-04-09T14:07:08.539+0300][29.818s][info][gc,phases   ] GC(47)   Post Evacuate Collection Set: 0.8ms
[2024-04-09T14:07:08.539+0300][29.818s][info][gc,phases   ] GC(47)   Other: 0.1ms
[2024-04-09T14:07:08.539+0300][29.818s][info][gc,heap     ] GC(47) Eden regions: 14->0(385)
[2024-04-09T14:07:08.539+0300][29.818s][info][gc,heap     ] GC(47) Survivor regions: 37->3(7)
[2024-04-09T14:07:08.539+0300][29.818s][info][gc,heap     ] GC(47) Old regions: 324->356
[2024-04-09T14:07:08.539+0300][29.818s][info][gc,heap     ] GC(47) Archive regions: 2->2
[2024-04-09T14:07:08.539+0300][29.818s][info][gc,heap     ] GC(47) Humongous regions: 26->26
[2024-04-09T14:07:08.539+0300][29.818s][info][gc,metaspace] GC(47) Metaspace: 245470K(252544K)->245470K(252544K) NonClass: 215240K(218880K)->215240K(218880K) Class: 30230K(33664K)->30230K(33664K)
[2024-04-09T14:07:08.539+0300][29.818s][info][gc          ] GC(47) Pause Young (Mixed) (G1 Evacuation Pause) 400M->385M(1024M) 18.415ms
[2024-04-09T14:07:08.539+0300][29.818s][info][gc,cpu      ] GC(47) User=0.09s Sys=0.01s Real=0.02s
[2024-04-09T14:07:09.252+0300][30.531s][info][gc,start    ] GC(48) Pause Young (Normal) (G1 Evacuation Pause)
[2024-04-09T14:07:09.252+0300][30.531s][info][gc,task     ] GC(48) Using 6 workers of 6 for evacuation
[2024-04-09T14:07:09.263+0300][30.541s][info][gc,phases   ] GC(48)   Pre Evacuate Collection Set: 0.1ms
[2024-04-09T14:07:09.263+0300][30.542s][info][gc,phases   ] GC(48)   Merge Heap Roots: 0.1ms
[2024-04-09T14:07:09.263+0300][30.542s][info][gc,phases   ] GC(48)   Evacuate Collection Set: 8.3ms
[2024-04-09T14:07:09.263+0300][30.542s][info][gc,phases   ] GC(48)   Post Evacuate Collection Set: 1.8ms
[2024-04-09T14:07:09.263+0300][30.542s][info][gc,phases   ] GC(48)   Other: 0.1ms
[2024-04-09T14:07:09.263+0300][30.542s][info][gc,heap     ] GC(48) Eden regions: 385->0(367)
[2024-04-09T14:07:09.263+0300][30.542s][info][gc,heap     ] GC(48) Survivor regions: 3->20(49)
[2024-04-09T14:07:09.263+0300][30.542s][info][gc,heap     ] GC(48) Old regions: 356->356
[2024-04-09T14:07:09.263+0300][30.542s][info][gc,heap     ] GC(48) Archive regions: 2->2
[2024-04-09T14:07:09.263+0300][30.542s][info][gc,heap     ] GC(48) Humongous regions: 27->26
[2024-04-09T14:07:09.263+0300][30.542s][info][gc,metaspace] GC(48) Metaspace: 262308K(270080K)->262308K(270080K) NonClass: 230213K(234176K)->230213K(234176K) Class: 32095K(35904K)->32095K(35904K)
[2024-04-09T14:07:09.263+0300][30.542s][info][gc          ] GC(48) Pause Young (Normal) (G1 Evacuation Pause) 771M->401M(1024M) 10.515ms
[2024-04-09T14:07:09.263+0300][30.542s][info][gc,cpu      ] GC(48) User=0.04s Sys=0.01s Real=0.02s
[2024-04-09T14:07:09.522+0300][30.800s][info][gc,start    ] GC(49) Pause Young (Concurrent Start) (G1 Humongous Allocation)
[2024-04-09T14:07:09.522+0300][30.800s][info][gc,task     ] GC(49) Using 6 workers of 6 for evacuation
[2024-04-09T14:07:09.533+0300][30.811s][info][gc,phases   ] GC(49)   Pre Evacuate Collection Set: 0.7ms
[2024-04-09T14:07:09.533+0300][30.811s][info][gc,phases   ] GC(49)   Merge Heap Roots: 0.1ms
[2024-04-09T14:07:09.533+0300][30.811s][info][gc,phases   ] GC(49)   Evacuate Collection Set: 9.1ms
[2024-04-09T14:07:09.533+0300][30.811s][info][gc,phases   ] GC(49)   Post Evacuate Collection Set: 1.1ms
[2024-04-09T14:07:09.533+0300][30.811s][info][gc,phases   ] GC(49)   Other: 0.1ms
[2024-04-09T14:07:09.533+0300][30.811s][info][gc,heap     ] GC(49) Eden regions: 108->0(355)
[2024-04-09T14:07:09.533+0300][30.811s][info][gc,heap     ] GC(49) Survivor regions: 20->26(49)
[2024-04-09T14:07:09.533+0300][30.811s][info][gc,heap     ] GC(49) Old regions: 356->356
[2024-04-09T14:07:09.533+0300][30.812s][info][gc,heap     ] GC(49) Archive regions: 2->2
[2024-04-09T14:07:09.533+0300][30.812s][info][gc,heap     ] GC(49) Humongous regions: 26->26
[2024-04-09T14:07:09.533+0300][30.812s][info][gc,metaspace] GC(49) Metaspace: 270229K(278208K)->270229K(278208K) NonClass: 237279K(241344K)->237279K(241344K) Class: 32949K(36864K)->32949K(36864K)
[2024-04-09T14:07:09.533+0300][30.812s][info][gc          ] GC(49) Pause Young (Concurrent Start) (G1 Humongous Allocation) 508M->408M(1024M) 11.175ms
[2024-04-09T14:07:09.533+0300][30.812s][info][gc,cpu      ] GC(49) User=0.05s Sys=0.00s Real=0.01s
[2024-04-09T14:07:09.533+0300][30.812s][info][gc          ] GC(50) Concurrent Mark Cycle
[2024-04-09T14:07:09.533+0300][30.812s][info][gc,marking  ] GC(50) Concurrent Clear Claimed Marks
[2024-04-09T14:07:09.534+0300][30.812s][info][gc,marking  ] GC(50) Concurrent Clear Claimed Marks 0.721ms
[2024-04-09T14:07:09.534+0300][30.812s][info][gc,marking  ] GC(50) Concurrent Scan Root Regions
[2024-04-09T14:07:09.543+0300][30.822s][info][gc,marking  ] GC(50) Concurrent Scan Root Regions 9.340ms
[2024-04-09T14:07:09.543+0300][30.822s][info][gc,marking  ] GC(50) Concurrent Mark
[2024-04-09T14:07:09.543+0300][30.822s][info][gc,marking  ] GC(50) Concurrent Mark From Roots
[2024-04-09T14:07:09.543+0300][30.822s][info][gc,task     ] GC(50) Using 2 workers of 2 for marking
[2024-04-09T14:07:09.833+0300][31.112s][info][gc,marking  ] GC(50) Concurrent Mark From Roots 290.308ms
[2024-04-09T14:07:09.833+0300][31.112s][info][gc,marking  ] GC(50) Concurrent Preclean
[2024-04-09T14:07:09.834+0300][31.113s][info][gc,marking  ] GC(50) Concurrent Preclean 0.687ms
[2024-04-09T14:07:09.836+0300][31.115s][info][gc,start    ] GC(50) Pause Remark
[2024-04-09T14:07:09.845+0300][31.123s][info][gc          ] GC(50) Pause Remark 601M->601M(1024M) 8.673ms
[2024-04-09T14:07:09.845+0300][31.123s][info][gc,cpu      ] GC(50) User=0.03s Sys=0.00s Real=0.01s
[2024-04-09T14:07:09.845+0300][31.123s][info][gc,marking  ] GC(50) Concurrent Mark 301.698ms
[2024-04-09T14:07:09.845+0300][31.124s][info][gc,marking  ] GC(50) Concurrent Rebuild Remembered Sets
[2024-04-09T14:07:10.026+0300][31.305s][info][gc,marking  ] GC(50) Concurrent Rebuild Remembered Sets 181.416ms
[2024-04-09T14:07:10.027+0300][31.306s][info][gc,start    ] GC(50) Pause Cleanup
[2024-04-09T14:07:10.027+0300][31.306s][info][gc          ] GC(50) Pause Cleanup 642M->642M(1024M) 0.181ms
[2024-04-09T14:07:10.027+0300][31.306s][info][gc,cpu      ] GC(50) User=0.00s Sys=0.00s Real=0.00s
[2024-04-09T14:07:10.027+0300][31.306s][info][gc,marking  ] GC(50) Concurrent Cleanup for Next Mark
[2024-04-09T14:07:10.029+0300][31.307s][info][gc,marking  ] GC(50) Concurrent Cleanup for Next Mark 1.415ms
[2024-04-09T14:07:10.029+0300][31.307s][info][gc          ] GC(50) Concurrent Mark Cycle 495.757ms
[2024-04-09T14:07:10.268+0300][31.547s][info][gc,start    ] GC(51) Pause Young (Prepare Mixed) (GCLocker Initiated GC)
[2024-04-09T14:07:10.268+0300][31.547s][info][gc,task     ] GC(51) Using 6 workers of 6 for evacuation
[2024-04-09T14:07:10.286+0300][31.565s][info][gc,phases   ] GC(51)   Pre Evacuate Collection Set: 0.1ms
[2024-04-09T14:07:10.286+0300][31.565s][info][gc,phases   ] GC(51)   Merge Heap Roots: 0.2ms
[2024-04-09T14:07:10.286+0300][31.565s][info][gc,phases   ] GC(51)   Evacuate Collection Set: 14.8ms
[2024-04-09T14:07:10.286+0300][31.565s][info][gc,phases   ] GC(51)   Post Evacuate Collection Set: 3.0ms
[2024-04-09T14:07:10.286+0300][31.565s][info][gc,phases   ] GC(51)   Other: 0.1ms
[2024-04-09T14:07:10.286+0300][31.565s][info][gc,heap     ] GC(51) Eden regions: 355->0(25)
[2024-04-09T14:07:10.286+0300][31.565s][info][gc,heap     ] GC(51) Survivor regions: 26->26(48)
[2024-04-09T14:07:10.286+0300][31.565s][info][gc,heap     ] GC(51) Old regions: 356->374
[2024-04-09T14:07:10.286+0300][31.565s][info][gc,heap     ] GC(51) Archive regions: 2->2
[2024-04-09T14:07:10.286+0300][31.565s][info][gc,heap     ] GC(51) Humongous regions: 30->29
[2024-04-09T14:07:10.286+0300][31.565s][info][gc,metaspace] GC(51) Metaspace: 289485K(297664K)->289485K(297664K) NonClass: 254427K(258624K)->254427K(258624K) Class: 35058K(39040K)->35058K(39040K)
[2024-04-09T14:07:10.286+0300][31.565s][info][gc          ] GC(51) Pause Young (Prepare Mixed) (GCLocker Initiated GC) 767M->429M(1024M) 18.306ms
[2024-04-09T14:07:10.286+0300][31.565s][info][gc,cpu      ] GC(51) User=0.08s Sys=0.00s Real=0.02s
[2024-04-09T14:07:10.351+0300][31.630s][info][gc,start    ] GC(52) Pause Young (Mixed) (G1 Evacuation Pause)
[2024-04-09T14:07:10.351+0300][31.630s][info][gc,task     ] GC(52) Using 6 workers of 6 for evacuation
[2024-04-09T14:07:10.362+0300][31.641s][info][gc,phases   ] GC(52)   Pre Evacuate Collection Set: 0.1ms
[2024-04-09T14:07:10.362+0300][31.641s][info][gc,phases   ] GC(52)   Merge Heap Roots: 0.1ms
[2024-04-09T14:07:10.362+0300][31.641s][info][gc,phases   ] GC(52)   Evacuate Collection Set: 9.6ms
[2024-04-09T14:07:10.362+0300][31.641s][info][gc,phases   ] GC(52)   Post Evacuate Collection Set: 0.8ms
[2024-04-09T14:07:10.362+0300][31.641s][info][gc,phases   ] GC(52)   Other: 0.0ms
[2024-04-09T14:07:10.362+0300][31.641s][info][gc,heap     ] GC(52) Eden regions: 25->0(335)
[2024-04-09T14:07:10.362+0300][31.641s][info][gc,heap     ] GC(52) Survivor regions: 26->3(7)
[2024-04-09T14:07:10.362+0300][31.641s][info][gc,heap     ] GC(52) Old regions: 374->397
[2024-04-09T14:07:10.362+0300][31.641s][info][gc,heap     ] GC(52) Archive regions: 2->2
[2024-04-09T14:07:10.362+0300][31.641s][info][gc,heap     ] GC(52) Humongous regions: 29->29
[2024-04-09T14:07:10.362+0300][31.641s][info][gc,metaspace] GC(52) Metaspace: 291243K(299456K)->291243K(299456K) NonClass: 255963K(260160K)->255963K(260160K) Class: 35279K(39296K)->35279K(39296K)
[2024-04-09T14:07:10.362+0300][31.641s][info][gc          ] GC(52) Pause Young (Mixed) (G1 Evacuation Pause) 454M->429M(1024M) 10.787ms
[2024-04-09T14:07:10.362+0300][31.641s][info][gc,cpu      ] GC(52) User=0.05s Sys=0.00s Real=0.02s
[2024-04-09T14:07:10.859+0300][32.138s][info][gc,start    ] GC(53) Pause Young (Normal) (GCLocker Initiated GC)
[2024-04-09T14:07:10.859+0300][32.138s][info][gc,task     ] GC(53) Using 6 workers of 6 for evacuation
[2024-04-09T14:07:10.865+0300][32.144s][info][gc,phases   ] GC(53)   Pre Evacuate Collection Set: 0.1ms
[2024-04-09T14:07:10.865+0300][32.144s][info][gc,phases   ] GC(53)   Merge Heap Roots: 0.1ms
[2024-04-09T14:07:10.865+0300][32.144s][info][gc,phases   ] GC(53)   Evacuate Collection Set: 4.6ms
[2024-04-09T14:07:10.865+0300][32.144s][info][gc,phases   ] GC(53)   Post Evacuate Collection Set: 1.0ms
[2024-04-09T14:07:10.865+0300][32.144s][info][gc,phases   ] GC(53)   Other: 0.1ms
[2024-04-09T14:07:10.865+0300][32.144s][info][gc,heap     ] GC(53) Eden regions: 335->0(328)
[2024-04-09T14:07:10.865+0300][32.144s][info][gc,heap     ] GC(53) Survivor regions: 3->14(43)
[2024-04-09T14:07:10.865+0300][32.144s][info][gc,heap     ] GC(53) Old regions: 397->397
[2024-04-09T14:07:10.865+0300][32.144s][info][gc,heap     ] GC(53) Archive regions: 2->2
[2024-04-09T14:07:10.865+0300][32.144s][info][gc,heap     ] GC(53) Humongous regions: 30->29
[2024-04-09T14:07:10.865+0300][32.144s][info][gc,metaspace] GC(53) Metaspace: 301314K(309760K)->301314K(309760K) NonClass: 264963K(269312K)->264963K(269312K) Class: 36351K(40448K)->36351K(40448K)
[2024-04-09T14:07:10.865+0300][32.144s][info][gc          ] GC(53) Pause Young (Normal) (GCLocker Initiated GC) 765M->440M(1024M) 5.952ms
[2024-04-09T14:07:10.865+0300][32.144s][info][gc,cpu      ] GC(53) User=0.04s Sys=0.00s Real=0.01s
[2024-04-09T14:07:11.026+0300][32.305s][info][gc,start    ] GC(54) Pause Young (Concurrent Start) (G1 Humongous Allocation)
[2024-04-09T14:07:11.026+0300][32.305s][info][gc,task     ] GC(54) Using 6 workers of 6 for evacuation
[2024-04-09T14:07:11.034+0300][32.313s][info][gc,phases   ] GC(54)   Pre Evacuate Collection Set: 0.7ms
[2024-04-09T14:07:11.034+0300][32.313s][info][gc,phases   ] GC(54)   Merge Heap Roots: 0.1ms
[2024-04-09T14:07:11.034+0300][32.313s][info][gc,phases   ] GC(54)   Evacuate Collection Set: 6.4ms
[2024-04-09T14:07:11.034+0300][32.313s][info][gc,phases   ] GC(54)   Post Evacuate Collection Set: 1.1ms
[2024-04-09T14:07:11.034+0300][32.313s][info][gc,phases   ] GC(54)   Other: 0.0ms
[2024-04-09T14:07:11.034+0300][32.313s][info][gc,heap     ] GC(54) Eden regions: 300->0(329)
[2024-04-09T14:07:11.034+0300][32.313s][info][gc,heap     ] GC(54) Survivor regions: 14->18(43)
[2024-04-09T14:07:11.034+0300][32.313s][info][gc,heap     ] GC(54) Old regions: 397->397
[2024-04-09T14:07:11.034+0300][32.313s][info][gc,heap     ] GC(54) Archive regions: 2->2
[2024-04-09T14:07:11.034+0300][32.313s][info][gc,heap     ] GC(54) Humongous regions: 29->29
[2024-04-09T14:07:11.034+0300][32.313s][info][gc,metaspace] GC(54) Metaspace: 305720K(314240K)->305720K(314240K) NonClass: 268834K(273216K)->268834K(273216K) Class: 36886K(41024K)->36886K(41024K)
[2024-04-09T14:07:11.034+0300][32.313s][info][gc          ] GC(54) Pause Young (Concurrent Start) (G1 Humongous Allocation) 739M->444M(1024M) 8.557ms
[2024-04-09T14:07:11.034+0300][32.313s][info][gc          ] GC(55) Concurrent Mark Cycle
[2024-04-09T14:07:11.034+0300][32.313s][info][gc,marking  ] GC(55) Concurrent Clear Claimed Marks
[2024-04-09T14:07:11.034+0300][32.313s][info][gc,cpu      ] GC(54) User=0.04s Sys=0.01s Real=0.01s
[2024-04-09T14:07:11.035+0300][32.314s][info][gc,marking  ] GC(55) Concurrent Clear Claimed Marks 0.584ms
[2024-04-09T14:07:11.035+0300][32.314s][info][gc,marking  ] GC(55) Concurrent Scan Root Regions
[2024-04-09T14:07:11.041+0300][32.320s][info][gc,marking  ] GC(55) Concurrent Scan Root Regions 6.299ms
[2024-04-09T14:07:11.041+0300][32.320s][info][gc,marking  ] GC(55) Concurrent Mark
[2024-04-09T14:07:11.041+0300][32.320s][info][gc,marking  ] GC(55) Concurrent Mark From Roots
[2024-04-09T14:07:11.041+0300][32.320s][info][gc,task     ] GC(55) Using 2 workers of 2 for marking
[2024-04-09T14:07:11.297+0300][32.576s][info][gc,marking  ] GC(55) Concurrent Mark From Roots 255.587ms
[2024-04-09T14:07:11.297+0300][32.576s][info][gc,marking  ] GC(55) Concurrent Preclean
[2024-04-09T14:07:11.297+0300][32.576s][info][gc,marking  ] GC(55) Concurrent Preclean 0.450ms
[2024-04-09T14:07:11.299+0300][32.578s][info][gc,start    ] GC(55) Pause Remark
[2024-04-09T14:07:11.306+0300][32.585s][info][gc          ] GC(55) Pause Remark 504M->504M(1024M) 6.977ms
[2024-04-09T14:07:11.307+0300][32.585s][info][gc,cpu      ] GC(55) User=0.03s Sys=0.00s Real=0.01s
[2024-04-09T14:07:11.307+0300][32.585s][info][gc,marking  ] GC(55) Concurrent Mark 265.197ms
[2024-04-09T14:07:11.307+0300][32.585s][info][gc,marking  ] GC(55) Concurrent Rebuild Remembered Sets
[2024-04-09T14:07:11.432+0300][32.710s][info][gc,marking  ] GC(55) Concurrent Rebuild Remembered Sets 125.184ms
[2024-04-09T14:07:11.434+0300][32.713s][info][gc,start    ] GC(55) Pause Cleanup
[2024-04-09T14:07:11.434+0300][32.713s][info][gc          ] GC(55) Pause Cleanup 515M->515M(1024M) 0.184ms
[2024-04-09T14:07:11.434+0300][32.713s][info][gc,cpu      ] GC(55) User=0.00s Sys=0.00s Real=0.00s
[2024-04-09T14:07:11.434+0300][32.713s][info][gc,marking  ] GC(55) Concurrent Cleanup for Next Mark
[2024-04-09T14:07:11.435+0300][32.714s][info][gc,marking  ] GC(55) Concurrent Cleanup for Next Mark 1.253ms
[2024-04-09T14:07:11.435+0300][32.714s][info][gc          ] GC(55) Concurrent Mark Cycle 401.050ms
[2024-04-09T14:07:13.018+0300][34.297s][info][gc,start    ] GC(56) Pause Young (Prepare Mixed) (G1 Evacuation Pause)
[2024-04-09T14:07:13.018+0300][34.297s][info][gc,task     ] GC(56) Using 6 workers of 6 for evacuation
[2024-04-09T14:07:13.033+0300][34.312s][info][gc,phases   ] GC(56)   Pre Evacuate Collection Set: 0.1ms
[2024-04-09T14:07:13.033+0300][34.312s][info][gc,phases   ] GC(56)   Merge Heap Roots: 0.2ms
[2024-04-09T14:07:13.033+0300][34.312s][info][gc,phases   ] GC(56)   Evacuate Collection Set: 12.7ms
[2024-04-09T14:07:13.033+0300][34.312s][info][gc,phases   ] GC(56)   Post Evacuate Collection Set: 1.7ms
[2024-04-09T14:07:13.033+0300][34.312s][info][gc,phases   ] GC(56)   Other: 0.1ms
[2024-04-09T14:07:13.033+0300][34.312s][info][gc,heap     ] GC(56) Eden regions: 329->0(18)
[2024-04-09T14:07:13.033+0300][34.312s][info][gc,heap     ] GC(56) Survivor regions: 18->33(44)
[2024-04-09T14:07:13.033+0300][34.312s][info][gc,heap     ] GC(56) Old regions: 397->397
[2024-04-09T14:07:13.033+0300][34.312s][info][gc,heap     ] GC(56) Archive regions: 2->2
[2024-04-09T14:07:13.033+0300][34.312s][info][gc,heap     ] GC(56) Humongous regions: 31->29
[2024-04-09T14:07:13.033+0300][34.312s][info][gc,metaspace] GC(56) Metaspace: 336811K(345664K)->336811K(345664K) NonClass: 295662K(300160K)->295662K(300160K) Class: 41149K(45504K)->41149K(45504K)
[2024-04-09T14:07:13.034+0300][34.312s][info][gc          ] GC(56) Pause Young (Prepare Mixed) (G1 Evacuation Pause) 775M->458M(1024M) 15.218ms
[2024-04-09T14:07:13.034+0300][34.312s][info][gc,cpu      ] GC(56) User=0.07s Sys=0.00s Real=0.02s
[2024-04-09T14:07:13.156+0300][34.435s][info][gc,start    ] GC(57) Pause Young (Mixed) (G1 Evacuation Pause)
[2024-04-09T14:07:13.156+0300][34.435s][info][gc,task     ] GC(57) Using 6 workers of 6 for evacuation
[2024-04-09T14:07:13.178+0300][34.457s][info][gc,phases   ] GC(57)   Pre Evacuate Collection Set: 0.1ms
[2024-04-09T14:07:13.178+0300][34.457s][info][gc,phases   ] GC(57)   Merge Heap Roots: 0.1ms
[2024-04-09T14:07:13.178+0300][34.457s][info][gc,phases   ] GC(57)   Evacuate Collection Set: 21.0ms
[2024-04-09T14:07:13.178+0300][34.457s][info][gc,phases   ] GC(57)   Post Evacuate Collection Set: 1.0ms
[2024-04-09T14:07:13.178+0300][34.457s][info][gc,phases   ] GC(57)   Other: 0.0ms
[2024-04-09T14:07:13.178+0300][34.457s][info][gc,heap     ] GC(57) Eden regions: 18->0(316)
[2024-04-09T14:07:13.178+0300][34.457s][info][gc,heap     ] GC(57) Survivor regions: 33->4(7)
[2024-04-09T14:07:13.178+0300][34.457s][info][gc,heap     ] GC(57) Old regions: 397->425
[2024-04-09T14:07:13.178+0300][34.457s][info][gc,heap     ] GC(57) Archive regions: 2->2
[2024-04-09T14:07:13.178+0300][34.457s][info][gc,heap     ] GC(57) Humongous regions: 29->29
[2024-04-09T14:07:13.179+0300][34.457s][info][gc,metaspace] GC(57) Metaspace: 338253K(347328K)->338253K(347328K) NonClass: 296881K(301504K)->296881K(301504K) Class: 41371K(45824K)->41371K(45824K)
[2024-04-09T14:07:13.179+0300][34.457s][info][gc          ] GC(57) Pause Young (Mixed) (G1 Evacuation Pause) 476M->457M(1024M) 22.433ms
[2024-04-09T14:07:13.179+0300][34.457s][info][gc,cpu      ] GC(57) User=0.09s Sys=0.00s Real=0.02s
[2024-04-09T14:07:14.529+0300][35.808s][info][gc,start    ] GC(58) Pause Young (Normal) (G1 Evacuation Pause)
[2024-04-09T14:07:14.529+0300][35.808s][info][gc,task     ] GC(58) Using 6 workers of 6 for evacuation
[2024-04-09T14:07:14.536+0300][35.814s][info][gc,phases   ] GC(58)   Pre Evacuate Collection Set: 0.1ms
[2024-04-09T14:07:14.536+0300][35.814s][info][gc,phases   ] GC(58)   Merge Heap Roots: 0.1ms
[2024-04-09T14:07:14.536+0300][35.814s][info][gc,phases   ] GC(58)   Evacuate Collection Set: 5.1ms
[2024-04-09T14:07:14.536+0300][35.814s][info][gc,phases   ] GC(58)   Post Evacuate Collection Set: 1.2ms
[2024-04-09T14:07:14.536+0300][35.814s][info][gc,phases   ] GC(58)   Other: 0.1ms
[2024-04-09T14:07:14.536+0300][35.814s][info][gc,heap     ] GC(58) Eden regions: 316->0(316)
[2024-04-09T14:07:14.536+0300][35.814s][info][gc,heap     ] GC(58) Survivor regions: 4->9(40)
[2024-04-09T14:07:14.536+0300][35.814s][info][gc,heap     ] GC(58) Old regions: 425->425
[2024-04-09T14:07:14.536+0300][35.814s][info][gc,heap     ] GC(58) Archive regions: 2->2
[2024-04-09T14:07:14.536+0300][35.814s][info][gc,heap     ] GC(58) Humongous regions: 29->29
[2024-04-09T14:07:14.536+0300][35.814s][info][gc,metaspace] GC(58) Metaspace: 347964K(357312K)->347964K(357312K) NonClass: 305426K(310144K)->305426K(310144K) Class: 42538K(47168K)->42538K(47168K)
[2024-04-09T14:07:14.536+0300][35.814s][info][gc          ] GC(58) Pause Young (Normal) (G1 Evacuation Pause) 773M->462M(1024M) 6.793ms
[2024-04-09T14:07:14.536+0300][35.814s][info][gc,cpu      ] GC(58) User=0.02s Sys=0.00s Real=0.01s
[2024-04-09T14:07:15.867+0300][37.146s][info][gc,start    ] GC(59) Pause Young (Normal) (G1 Evacuation Pause)
[2024-04-09T14:07:15.867+0300][37.146s][info][gc,task     ] GC(59) Using 6 workers of 6 for evacuation
[2024-04-09T14:07:15.888+0300][37.167s][info][gc,phases   ] GC(59)   Pre Evacuate Collection Set: 0.4ms
[2024-04-09T14:07:15.888+0300][37.167s][info][gc,phases   ] GC(59)   Merge Heap Roots: 0.3ms
[2024-04-09T14:07:15.888+0300][37.167s][info][gc,phases   ] GC(59)   Evacuate Collection Set: 14.7ms
[2024-04-09T14:07:15.888+0300][37.167s][info][gc,phases   ] GC(59)   Post Evacuate Collection Set: 6.0ms
[2024-04-09T14:07:15.888+0300][37.167s][info][gc,phases   ] GC(59)   Other: 0.1ms
[2024-04-09T14:07:15.888+0300][37.167s][info][gc,heap     ] GC(59) Eden regions: 316->0(305)
[2024-04-09T14:07:15.889+0300][37.167s][info][gc,heap     ] GC(59) Survivor regions: 9->21(41)
[2024-04-09T14:07:15.889+0300][37.167s][info][gc,heap     ] GC(59) Old regions: 425->425
[2024-04-09T14:07:15.889+0300][37.167s][info][gc,heap     ] GC(59) Archive regions: 2->2
[2024-04-09T14:07:15.889+0300][37.167s][info][gc,heap     ] GC(59) Humongous regions: 29->29
[2024-04-09T14:07:15.889+0300][37.167s][info][gc,metaspace] GC(59) Metaspace: 357206K(366592K)->357206K(366592K) NonClass: 313653K(318400K)->313653K(318400K) Class: 43552K(48192K)->43552K(48192K)
[2024-04-09T14:07:15.889+0300][37.167s][info][gc          ] GC(59) Pause Young (Normal) (G1 Evacuation Pause) 778M->474M(1024M) 21.597ms
[2024-04-09T14:07:15.889+0300][37.167s][info][gc,cpu      ] GC(59) User=0.05s Sys=0.01s Real=0.02s
[2024-04-09T14:07:16.728+0300][38.007s][info][gc,start    ] GC(60) Pause Young (Concurrent Start) (G1 Evacuation Pause)
[2024-04-09T14:07:16.729+0300][38.007s][info][gc,task     ] GC(60) Using 6 workers of 6 for evacuation
[2024-04-09T14:07:16.746+0300][38.025s][info][gc,phases   ] GC(60)   Pre Evacuate Collection Set: 1.0ms
[2024-04-09T14:07:16.746+0300][38.025s][info][gc,phases   ] GC(60)   Merge Heap Roots: 0.2ms
[2024-04-09T14:07:16.746+0300][38.025s][info][gc,phases   ] GC(60)   Evacuate Collection Set: 13.7ms
[2024-04-09T14:07:16.746+0300][38.025s][info][gc,phases   ] GC(60)   Post Evacuate Collection Set: 2.9ms
[2024-04-09T14:07:16.746+0300][38.025s][info][gc,phases   ] GC(60)   Other: 0.1ms
[2024-04-09T14:07:16.746+0300][38.025s][info][gc,heap     ] GC(60) Eden regions: 305->0(291)
[2024-04-09T14:07:16.746+0300][38.025s][info][gc,heap     ] GC(60) Survivor regions: 21->32(41)
[2024-04-09T14:07:16.746+0300][38.025s][info][gc,heap     ] GC(60) Old regions: 425->425
[2024-04-09T14:07:16.746+0300][38.025s][info][gc,heap     ] GC(60) Archive regions: 2->2
[2024-04-09T14:07:16.746+0300][38.025s][info][gc,heap     ] GC(60) Humongous regions: 29->29
[2024-04-09T14:07:16.746+0300][38.025s][info][gc,metaspace] GC(60) Metaspace: 357677K(367040K)->357677K(367040K) NonClass: 314054K(318784K)->314054K(318784K) Class: 43623K(48256K)->43623K(48256K)
[2024-04-09T14:07:16.746+0300][38.025s][info][gc          ] GC(60) Pause Young (Concurrent Start) (G1 Evacuation Pause) 779M->485M(1024M) 17.993ms
[2024-04-09T14:07:16.747+0300][38.025s][info][gc,cpu      ] GC(60) User=0.06s Sys=0.00s Real=0.02s
[2024-04-09T14:07:16.747+0300][38.025s][info][gc          ] GC(61) Concurrent Mark Cycle
[2024-04-09T14:07:16.747+0300][38.025s][info][gc,marking  ] GC(61) Concurrent Clear Claimed Marks
[2024-04-09T14:07:16.747+0300][38.026s][info][gc,marking  ] GC(61) Concurrent Clear Claimed Marks 0.780ms
[2024-04-09T14:07:16.747+0300][38.026s][info][gc,marking  ] GC(61) Concurrent Scan Root Regions
[2024-04-09T14:07:16.757+0300][38.035s][info][gc,marking  ] GC(61) Concurrent Scan Root Regions 9.110ms
[2024-04-09T14:07:16.757+0300][38.035s][info][gc,marking  ] GC(61) Concurrent Mark
[2024-04-09T14:07:16.757+0300][38.035s][info][gc,marking  ] GC(61) Concurrent Mark From Roots
[2024-04-09T14:07:16.757+0300][38.035s][info][gc,task     ] GC(61) Using 2 workers of 2 for marking
[2024-04-09T14:07:17.111+0300][38.389s][info][gc,marking  ] GC(61) Concurrent Mark From Roots 354.013ms
[2024-04-09T14:07:17.111+0300][38.389s][info][gc,marking  ] GC(61) Concurrent Preclean
[2024-04-09T14:07:17.111+0300][38.390s][info][gc,marking  ] GC(61) Concurrent Preclean 0.685ms
[2024-04-09T14:07:17.115+0300][38.394s][info][gc,start    ] GC(61) Pause Remark
[2024-04-09T14:07:17.146+0300][38.425s][info][gc          ] GC(61) Pause Remark 586M->586M(1024M) 31.394ms
[2024-04-09T14:07:17.146+0300][38.425s][info][gc,cpu      ] GC(61) User=0.04s Sys=0.01s Real=0.03s
[2024-04-09T14:07:17.147+0300][38.425s][info][gc,marking  ] GC(61) Concurrent Mark 390.078ms
[2024-04-09T14:07:17.147+0300][38.425s][info][gc,marking  ] GC(61) Concurrent Rebuild Remembered Sets
[2024-04-09T14:07:17.390+0300][38.668s][info][gc,marking  ] GC(61) Concurrent Rebuild Remembered Sets 242.887ms
[2024-04-09T14:07:17.390+0300][38.669s][info][gc,start    ] GC(61) Pause Cleanup
[2024-04-09T14:07:17.390+0300][38.669s][info][gc          ] GC(61) Pause Cleanup 602M->602M(1024M) 0.302ms
[2024-04-09T14:07:17.390+0300][38.669s][info][gc,cpu      ] GC(61) User=0.00s Sys=0.00s Real=0.00s
[2024-04-09T14:07:17.390+0300][38.669s][info][gc,marking  ] GC(61) Concurrent Cleanup for Next Mark
[2024-04-09T14:07:17.393+0300][38.671s][info][gc,marking  ] GC(61) Concurrent Cleanup for Next Mark 2.213ms
[2024-04-09T14:07:17.393+0300][38.671s][info][gc          ] GC(61) Concurrent Mark Cycle 645.968ms
[2024-04-09T14:07:17.931+0300][39.210s][info][gc,start    ] GC(62) Pause Young (Prepare Mixed) (G1 Evacuation Pause)
[2024-04-09T14:07:17.931+0300][39.210s][info][gc,task     ] GC(62) Using 6 workers of 6 for evacuation
[2024-04-09T14:07:17.952+0300][39.231s][info][gc,phases   ] GC(62)   Pre Evacuate Collection Set: 0.2ms
[2024-04-09T14:07:17.952+0300][39.231s][info][gc,phases   ] GC(62)   Merge Heap Roots: 0.2ms
[2024-04-09T14:07:17.952+0300][39.231s][info][gc,phases   ] GC(62)   Evacuate Collection Set: 15.1ms
[2024-04-09T14:07:17.952+0300][39.231s][info][gc,phases   ] GC(62)   Post Evacuate Collection Set: 5.8ms
[2024-04-09T14:07:17.952+0300][39.231s][info][gc,phases   ] GC(62)   Other: 0.1ms
[2024-04-09T14:07:17.952+0300][39.231s][info][gc,heap     ] GC(62) Eden regions: 291->0(30)
[2024-04-09T14:07:17.952+0300][39.231s][info][gc,heap     ] GC(62) Survivor regions: 32->21(41)
[2024-04-09T14:07:17.952+0300][39.231s][info][gc,heap     ] GC(62) Old regions: 425->440
[2024-04-09T14:07:17.952+0300][39.231s][info][gc,heap     ] GC(62) Archive regions: 2->2
[2024-04-09T14:07:17.952+0300][39.231s][info][gc,heap     ] GC(62) Humongous regions: 29->29
[2024-04-09T14:07:17.952+0300][39.231s][info][gc,metaspace] GC(62) Metaspace: 358257K(367616K)->358257K(367616K) NonClass: 314582K(319296K)->314582K(319296K) Class: 43675K(48320K)->43675K(48320K)
[2024-04-09T14:07:17.952+0300][39.231s][info][gc          ] GC(62) Pause Young (Prepare Mixed) (G1 Evacuation Pause) 776M->490M(1024M) 21.526ms
[2024-04-09T14:07:17.952+0300][39.231s][info][gc,cpu      ] GC(62) User=0.07s Sys=0.00s Real=0.02s
[2024-04-09T14:07:18.077+0300][39.356s][info][gc,start    ] GC(63) Pause Young (Mixed) (G1 Evacuation Pause)
[2024-04-09T14:07:18.077+0300][39.356s][info][gc,task     ] GC(63) Using 6 workers of 6 for evacuation
[2024-04-09T14:07:18.094+0300][39.372s][info][gc,phases   ] GC(63)   Pre Evacuate Collection Set: 0.2ms
[2024-04-09T14:07:18.094+0300][39.372s][info][gc,phases   ] GC(63)   Merge Heap Roots: 0.2ms
[2024-04-09T14:07:18.094+0300][39.373s][info][gc,phases   ] GC(63)   Evacuate Collection Set: 14.6ms
[2024-04-09T14:07:18.094+0300][39.373s][info][gc,phases   ] GC(63)   Post Evacuate Collection Set: 1.5ms
[2024-04-09T14:07:18.094+0300][39.373s][info][gc,phases   ] GC(63)   Other: 0.1ms
[2024-04-09T14:07:18.094+0300][39.373s][info][gc,heap     ] GC(63) Eden regions: 30->0(282)
[2024-04-09T14:07:18.094+0300][39.373s][info][gc,heap     ] GC(63) Survivor regions: 21->7(7)
[2024-04-09T14:07:18.094+0300][39.373s][info][gc,heap     ] GC(63) Old regions: 440->456
[2024-04-09T14:07:18.094+0300][39.373s][info][gc,heap     ] GC(63) Archive regions: 2->2
[2024-04-09T14:07:18.094+0300][39.373s][info][gc,heap     ] GC(63) Humongous regions: 29->29
[2024-04-09T14:07:18.094+0300][39.373s][info][gc,metaspace] GC(63) Metaspace: 358295K(367680K)->358295K(367680K) NonClass: 314617K(319296K)->314617K(319296K) Class: 43677K(48384K)->43677K(48384K)
[2024-04-09T14:07:18.094+0300][39.373s][info][gc          ] GC(63) Pause Young (Mixed) (G1 Evacuation Pause) 520M->492M(1024M) 16.682ms
[2024-04-09T14:07:18.094+0300][39.373s][info][gc,cpu      ] GC(63) User=0.06s Sys=0.00s Real=0.02s
[2024-04-09T14:07:18.909+0300][40.188s][info][gc,start    ] GC(64) Pause Young (Normal) (G1 Evacuation Pause)
[2024-04-09T14:07:18.909+0300][40.188s][info][gc,task     ] GC(64) Using 6 workers of 6 for evacuation
[2024-04-09T14:07:18.916+0300][40.195s][info][gc,phases   ] GC(64)   Pre Evacuate Collection Set: 0.1ms
[2024-04-09T14:07:18.916+0300][40.195s][info][gc,phases   ] GC(64)   Merge Heap Roots: 0.1ms
[2024-04-09T14:07:18.916+0300][40.195s][info][gc,phases   ] GC(64)   Evacuate Collection Set: 5.3ms
[2024-04-09T14:07:18.916+0300][40.195s][info][gc,phases   ] GC(64)   Post Evacuate Collection Set: 1.1ms
[2024-04-09T14:07:18.916+0300][40.195s][info][gc,phases   ] GC(64)   Other: 0.1ms
[2024-04-09T14:07:18.916+0300][40.195s][info][gc,heap     ] GC(64) Eden regions: 282->0(278)
[2024-04-09T14:07:18.916+0300][40.195s][info][gc,heap     ] GC(64) Survivor regions: 7->13(37)
[2024-04-09T14:07:18.916+0300][40.195s][info][gc,heap     ] GC(64) Old regions: 456->456
[2024-04-09T14:07:18.916+0300][40.195s][info][gc,heap     ] GC(64) Archive regions: 2->2
[2024-04-09T14:07:18.916+0300][40.195s][info][gc,heap     ] GC(64) Humongous regions: 29->29
[2024-04-09T14:07:18.916+0300][40.195s][info][gc,metaspace] GC(64) Metaspace: 358528K(368000K)->358528K(368000K) NonClass: 314842K(319616K)->314842K(319616K) Class: 43685K(48384K)->43685K(48384K)
[2024-04-09T14:07:18.916+0300][40.195s][info][gc          ] GC(64) Pause Young (Normal) (G1 Evacuation Pause) 774M->498M(1024M) 6.838ms
[2024-04-09T14:07:18.916+0300][40.195s][info][gc,cpu      ] GC(64) User=0.03s Sys=0.00s Real=0.01s
[2024-04-09T14:07:19.547+0300][40.826s][info][gc,start    ] GC(65) Pause Young (Normal) (G1 Evacuation Pause)
[2024-04-09T14:07:19.547+0300][40.826s][info][gc,task     ] GC(65) Using 6 workers of 6 for evacuation
[2024-04-09T14:07:19.557+0300][40.835s][info][gc,phases   ] GC(65)   Pre Evacuate Collection Set: 0.2ms
[2024-04-09T14:07:19.557+0300][40.835s][info][gc,phases   ] GC(65)   Merge Heap Roots: 0.1ms
[2024-04-09T14:07:19.557+0300][40.835s][info][gc,phases   ] GC(65)   Evacuate Collection Set: 7.3ms
[2024-04-09T14:07:19.557+0300][40.835s][info][gc,phases   ] GC(65)   Post Evacuate Collection Set: 1.7ms
[2024-04-09T14:07:19.557+0300][40.835s][info][gc,phases   ] GC(65)   Other: 0.1ms
[2024-04-09T14:07:19.557+0300][40.835s][info][gc,heap     ] GC(65) Eden regions: 278->0(268)
[2024-04-09T14:07:19.557+0300][40.835s][info][gc,heap     ] GC(65) Survivor regions: 13->22(37)
[2024-04-09T14:07:19.557+0300][40.835s][info][gc,heap     ] GC(65) Old regions: 456->456
[2024-04-09T14:07:19.557+0300][40.835s][info][gc,heap     ] GC(65) Archive regions: 2->2
[2024-04-09T14:07:19.557+0300][40.835s][info][gc,heap     ] GC(65) Humongous regions: 29->29
[2024-04-09T14:07:19.557+0300][40.835s][info][gc,metaspace] GC(65) Metaspace: 358646K(368064K)->358646K(368064K) NonClass: 314955K(319680K)->314955K(319680K) Class: 43691K(48384K)->43691K(48384K)
[2024-04-09T14:07:19.557+0300][40.835s][info][gc          ] GC(65) Pause Young (Normal) (G1 Evacuation Pause) 776M->507M(1024M) 9.583ms
[2024-04-09T14:07:19.557+0300][40.835s][info][gc,cpu      ] GC(65) User=0.04s Sys=0.00s Real=0.01s
[2024-04-09T14:07:20.307+0300][41.586s][info][gc,start    ] GC(66) Pause Young (Concurrent Start) (G1 Evacuation Pause)
[2024-04-09T14:07:20.307+0300][41.586s][info][gc,task     ] GC(66) Using 6 workers of 6 for evacuation
[2024-04-09T14:07:20.322+0300][41.600s][info][gc,phases   ] GC(66)   Pre Evacuate Collection Set: 1.1ms
[2024-04-09T14:07:20.322+0300][41.600s][info][gc,phases   ] GC(66)   Merge Heap Roots: 0.1ms
[2024-04-09T14:07:20.322+0300][41.601s][info][gc,phases   ] GC(66)   Evacuate Collection Set: 11.3ms
[2024-04-09T14:07:20.322+0300][41.601s][info][gc,phases   ] GC(66)   Post Evacuate Collection Set: 1.9ms
[2024-04-09T14:07:20.322+0300][41.601s][info][gc,phases   ] GC(66)   Other: 0.1ms
[2024-04-09T14:07:20.322+0300][41.601s][info][gc,heap     ] GC(66) Eden regions: 268->0(267)
[2024-04-09T14:07:20.322+0300][41.601s][info][gc,heap     ] GC(66) Survivor regions: 22->20(37)
[2024-04-09T14:07:20.322+0300][41.601s][info][gc,heap     ] GC(66) Old regions: 456->460
[2024-04-09T14:07:20.322+0300][41.601s][info][gc,heap     ] GC(66) Archive regions: 2->2
[2024-04-09T14:07:20.322+0300][41.601s][info][gc,heap     ] GC(66) Humongous regions: 29->29
[2024-04-09T14:07:20.322+0300][41.601s][info][gc,metaspace] GC(66) Metaspace: 358706K(368128K)->358706K(368128K) NonClass: 315008K(319744K)->315008K(319744K) Class: 43697K(48384K)->43697K(48384K)
[2024-04-09T14:07:20.322+0300][41.601s][info][gc          ] GC(66) Pause Young (Concurrent Start) (G1 Evacuation Pause) 775M->508M(1024M) 14.608ms
[2024-04-09T14:07:20.322+0300][41.601s][info][gc          ] GC(67) Concurrent Mark Cycle
[2024-04-09T14:07:20.322+0300][41.601s][info][gc,marking  ] GC(67) Concurrent Clear Claimed Marks
[2024-04-09T14:07:20.322+0300][41.601s][info][gc,cpu      ] GC(66) User=0.05s Sys=0.00s Real=0.02s
[2024-04-09T14:07:20.323+0300][41.601s][info][gc,marking  ] GC(67) Concurrent Clear Claimed Marks 0.799ms
[2024-04-09T14:07:20.323+0300][41.601s][info][gc,marking  ] GC(67) Concurrent Scan Root Regions
[2024-04-09T14:07:20.329+0300][41.608s][info][gc,marking  ] GC(67) Concurrent Scan Root Regions 6.743ms
[2024-04-09T14:07:20.329+0300][41.608s][info][gc,marking  ] GC(67) Concurrent Mark
[2024-04-09T14:07:20.329+0300][41.608s][info][gc,marking  ] GC(67) Concurrent Mark From Roots
[2024-04-09T14:07:20.329+0300][41.608s][info][gc,task     ] GC(67) Using 2 workers of 2 for marking
[2024-04-09T14:07:20.565+0300][41.844s][info][gc,marking  ] GC(67) Concurrent Mark From Roots 235.761ms
[2024-04-09T14:07:20.565+0300][41.844s][info][gc,marking  ] GC(67) Concurrent Preclean
[2024-04-09T14:07:20.566+0300][41.844s][info][gc,marking  ] GC(67) Concurrent Preclean 0.500ms
[2024-04-09T14:07:20.566+0300][41.845s][info][gc,start    ] GC(67) Pause Remark
[2024-04-09T14:07:20.598+0300][41.877s][info][gc          ] GC(67) Pause Remark 593M->593M(1024M) 31.964ms
[2024-04-09T14:07:20.598+0300][41.877s][info][gc,cpu      ] GC(67) User=0.10s Sys=0.00s Real=0.03s
[2024-04-09T14:07:20.599+0300][41.878s][info][gc,marking  ] GC(67) Concurrent Mark 269.789ms
[2024-04-09T14:07:20.599+0300][41.878s][info][gc,marking  ] GC(67) Concurrent Rebuild Remembered Sets
[2024-04-09T14:07:20.779+0300][42.058s][info][gc,marking  ] GC(67) Concurrent Rebuild Remembered Sets 180.074ms
[2024-04-09T14:07:20.798+0300][42.077s][info][gc,start    ] GC(67) Pause Cleanup
[2024-04-09T14:07:20.799+0300][42.077s][info][gc          ] GC(67) Pause Cleanup 651M->651M(1024M) 0.402ms
[2024-04-09T14:07:20.799+0300][42.077s][info][gc,cpu      ] GC(67) User=0.00s Sys=0.00s Real=0.00s
[2024-04-09T14:07:20.799+0300][42.077s][info][gc,marking  ] GC(67) Concurrent Cleanup for Next Mark
[2024-04-09T14:07:20.800+0300][42.079s][info][gc,marking  ] GC(67) Concurrent Cleanup for Next Mark 1.266ms
[2024-04-09T14:07:20.800+0300][42.079s][info][gc          ] GC(67) Concurrent Mark Cycle 478.159ms
[2024-04-09T14:07:21.152+0300][42.430s][info][gc,start    ] GC(68) Pause Young (Prepare Mixed) (G1 Evacuation Pause)
[2024-04-09T14:07:21.152+0300][42.430s][info][gc,task     ] GC(68) Using 6 workers of 6 for evacuation
[2024-04-09T14:07:21.184+0300][42.463s][info][gc,phases   ] GC(68)   Pre Evacuate Collection Set: 0.2ms
[2024-04-09T14:07:21.184+0300][42.463s][info][gc,phases   ] GC(68)   Merge Heap Roots: 0.3ms
[2024-04-09T14:07:21.184+0300][42.463s][info][gc,phases   ] GC(68)   Evacuate Collection Set: 25.3ms
[2024-04-09T14:07:21.184+0300][42.463s][info][gc,phases   ] GC(68)   Post Evacuate Collection Set: 6.9ms
[2024-04-09T14:07:21.184+0300][42.463s][info][gc,phases   ] GC(68)   Other: 0.1ms
[2024-04-09T14:07:21.184+0300][42.463s][info][gc,heap     ] GC(68) Eden regions: 267->0(32)
[2024-04-09T14:07:21.184+0300][42.463s][info][gc,heap     ] GC(68) Survivor regions: 20->19(36)
[2024-04-09T14:07:21.184+0300][42.463s][info][gc,heap     ] GC(68) Old regions: 460->466
[2024-04-09T14:07:21.184+0300][42.463s][info][gc,heap     ] GC(68) Archive regions: 2->2
[2024-04-09T14:07:21.184+0300][42.463s][info][gc,heap     ] GC(68) Humongous regions: 29->29
[2024-04-09T14:07:21.184+0300][42.463s][info][gc,metaspace] GC(68) Metaspace: 358705K(368128K)->358705K(368128K) NonClass: 315008K(319744K)->315008K(319744K) Class: 43696K(48384K)->43696K(48384K)
[2024-04-09T14:07:21.184+0300][42.463s][info][gc          ] GC(68) Pause Young (Prepare Mixed) (G1 Evacuation Pause) 775M->514M(1024M) 32.902ms
[2024-04-09T14:07:21.184+0300][42.463s][info][gc,cpu      ] GC(68) User=0.06s Sys=0.00s Real=0.04s
[2024-04-09T14:07:21.245+0300][42.524s][info][gc,start    ] GC(69) Pause Young (Mixed) (G1 Evacuation Pause)
[2024-04-09T14:07:21.245+0300][42.524s][info][gc,task     ] GC(69) Using 6 workers of 6 for evacuation
[2024-04-09T14:07:21.269+0300][42.548s][info][gc,phases   ] GC(69)   Pre Evacuate Collection Set: 0.1ms
[2024-04-09T14:07:21.269+0300][42.548s][info][gc,phases   ] GC(69)   Merge Heap Roots: 0.1ms
[2024-04-09T14:07:21.269+0300][42.548s][info][gc,phases   ] GC(69)   Evacuate Collection Set: 22.6ms
[2024-04-09T14:07:21.269+0300][42.548s][info][gc,phases   ] GC(69)   Post Evacuate Collection Set: 1.4ms
[2024-04-09T14:07:21.269+0300][42.548s][info][gc,phases   ] GC(69)   Other: 0.1ms
[2024-04-09T14:07:21.269+0300][42.548s][info][gc,heap     ] GC(69) Eden regions: 32->0(260)
[2024-04-09T14:07:21.269+0300][42.548s][info][gc,heap     ] GC(69) Survivor regions: 19->6(7)
[2024-04-09T14:07:21.269+0300][42.548s][info][gc,heap     ] GC(69) Old regions: 466->482
[2024-04-09T14:07:21.269+0300][42.548s][info][gc,heap     ] GC(69) Archive regions: 2->2
[2024-04-09T14:07:21.269+0300][42.548s][info][gc,heap     ] GC(69) Humongous regions: 29->29
[2024-04-09T14:07:21.269+0300][42.548s][info][gc,metaspace] GC(69) Metaspace: 358705K(368128K)->358705K(368128K) NonClass: 315008K(319744K)->315008K(319744K) Class: 43696K(48384K)->43696K(48384K)
[2024-04-09T14:07:21.269+0300][42.548s][info][gc          ] GC(69) Pause Young (Mixed) (G1 Evacuation Pause) 546M->516M(1024M) 24.443ms
[2024-04-09T14:07:21.269+0300][42.548s][info][gc,cpu      ] GC(69) User=0.05s Sys=0.00s Real=0.02s
[2024-04-09T14:07:22.027+0300][43.306s][info][gc,start    ] GC(70) Pause Young (Normal) (G1 Evacuation Pause)
[2024-04-09T14:07:22.027+0300][43.306s][info][gc,task     ] GC(70) Using 6 workers of 6 for evacuation
[2024-04-09T14:07:22.037+0300][43.315s][info][gc,phases   ] GC(70)   Pre Evacuate Collection Set: 0.1ms
[2024-04-09T14:07:22.037+0300][43.315s][info][gc,phases   ] GC(70)   Merge Heap Roots: 0.1ms
[2024-04-09T14:07:22.037+0300][43.315s][info][gc,phases   ] GC(70)   Evacuate Collection Set: 8.0ms
[2024-04-09T14:07:22.037+0300][43.315s][info][gc,phases   ] GC(70)   Post Evacuate Collection Set: 1.2ms
[2024-04-09T14:07:22.037+0300][43.315s][info][gc,phases   ] GC(70)   Other: 0.1ms
[2024-04-09T14:07:22.037+0300][43.315s][info][gc,heap     ] GC(70) Eden regions: 260->0(246)
[2024-04-09T14:07:22.037+0300][43.315s][info][gc,heap     ] GC(70) Survivor regions: 6->18(34)
[2024-04-09T14:07:22.037+0300][43.315s][info][gc,heap     ] GC(70) Old regions: 482->482
[2024-04-09T14:07:22.037+0300][43.315s][info][gc,heap     ] GC(70) Archive regions: 2->2
[2024-04-09T14:07:22.037+0300][43.315s][info][gc,heap     ] GC(70) Humongous regions: 29->29
[2024-04-09T14:07:22.037+0300][43.315s][info][gc,metaspace] GC(70) Metaspace: 358709K(368128K)->358709K(368128K) NonClass: 315012K(319744K)->315012K(319744K) Class: 43696K(48384K)->43696K(48384K)
[2024-04-09T14:07:22.037+0300][43.315s][info][gc          ] GC(70) Pause Young (Normal) (G1 Evacuation Pause) 776M->529M(1024M) 9.636ms
[2024-04-09T14:07:22.037+0300][43.315s][info][gc,cpu      ] GC(70) User=0.04s Sys=0.00s Real=0.01s
[2024-04-09T14:07:22.528+0300][43.806s][info][gc,start    ] GC(71) Pause Young (Normal) (G1 Evacuation Pause)
[2024-04-09T14:07:22.528+0300][43.806s][info][gc,task     ] GC(71) Using 6 workers of 6 for evacuation
[2024-04-09T14:07:22.537+0300][43.816s][info][gc,phases   ] GC(71)   Pre Evacuate Collection Set: 0.1ms
[2024-04-09T14:07:22.537+0300][43.816s][info][gc,phases   ] GC(71)   Merge Heap Roots: 0.2ms
[2024-04-09T14:07:22.537+0300][43.816s][info][gc,phases   ] GC(71)   Evacuate Collection Set: 7.2ms
[2024-04-09T14:07:22.537+0300][43.816s][info][gc,phases   ] GC(71)   Post Evacuate Collection Set: 2.1ms
[2024-04-09T14:07:22.537+0300][43.816s][info][gc,phases   ] GC(71)   Other: 0.1ms
[2024-04-09T14:07:22.537+0300][43.816s][info][gc,heap     ] GC(71) Eden regions: 246->0(249)
[2024-04-09T14:07:22.537+0300][43.816s][info][gc,heap     ] GC(71) Survivor regions: 18->16(33)
[2024-04-09T14:07:22.537+0300][43.816s][info][gc,heap     ] GC(71) Old regions: 482->485
[2024-04-09T14:07:22.537+0300][43.816s][info][gc,heap     ] GC(71) Archive regions: 2->2
[2024-04-09T14:07:22.537+0300][43.816s][info][gc,heap     ] GC(71) Humongous regions: 29->29
[2024-04-09T14:07:22.537+0300][43.816s][info][gc,metaspace] GC(71) Metaspace: 358709K(368128K)->358709K(368128K) NonClass: 315012K(319744K)->315012K(319744K) Class: 43696K(48384K)->43696K(48384K)
[2024-04-09T14:07:22.537+0300][43.816s][info][gc          ] GC(71) Pause Young (Normal) (G1 Evacuation Pause) 775M->530M(1024M) 9.872ms
[2024-04-09T14:07:22.537+0300][43.816s][info][gc,cpu      ] GC(71) User=0.04s Sys=0.00s Real=0.01s
[2024-04-09T14:07:23.028+0300][44.307s][info][gc,start    ] GC(72) Pause Young (Concurrent Start) (G1 Evacuation Pause)
[2024-04-09T14:07:23.028+0300][44.307s][info][gc,task     ] GC(72) Using 6 workers of 6 for evacuation
[2024-04-09T14:07:23.039+0300][44.318s][info][gc,phases   ] GC(72)   Pre Evacuate Collection Set: 0.9ms
[2024-04-09T14:07:23.039+0300][44.318s][info][gc,phases   ] GC(72)   Merge Heap Roots: 0.1ms
[2024-04-09T14:07:23.039+0300][44.318s][info][gc,phases   ] GC(72)   Evacuate Collection Set: 8.6ms
[2024-04-09T14:07:23.039+0300][44.318s][info][gc,phases   ] GC(72)   Post Evacuate Collection Set: 1.5ms
[2024-04-09T14:07:23.039+0300][44.318s][info][gc,phases   ] GC(72)   Other: 0.1ms
[2024-04-09T14:07:23.039+0300][44.318s][info][gc,heap     ] GC(72) Eden regions: 249->0(234)
[2024-04-09T14:07:23.039+0300][44.318s][info][gc,heap     ] GC(72) Survivor regions: 16->27(34)
[2024-04-09T14:07:23.039+0300][44.318s][info][gc,heap     ] GC(72) Old regions: 485->485
[2024-04-09T14:07:23.039+0300][44.318s][info][gc,heap     ] GC(72) Archive regions: 2->2
[2024-04-09T14:07:23.039+0300][44.318s][info][gc,heap     ] GC(72) Humongous regions: 29->29
[2024-04-09T14:07:23.040+0300][44.318s][info][gc,metaspace] GC(72) Metaspace: 358717K(368128K)->358717K(368128K) NonClass: 315020K(319744K)->315020K(319744K) Class: 43696K(48384K)->43696K(48384K)
[2024-04-09T14:07:23.040+0300][44.318s][info][gc          ] GC(72) Pause Young (Concurrent Start) (G1 Evacuation Pause) 779M->541M(1024M) 11.278ms
[2024-04-09T14:07:23.040+0300][44.318s][info][gc,cpu      ] GC(72) User=0.06s Sys=0.01s Real=0.01s
[2024-04-09T14:07:23.040+0300][44.318s][info][gc          ] GC(73) Concurrent Mark Cycle
[2024-04-09T14:07:23.040+0300][44.318s][info][gc,marking  ] GC(73) Concurrent Clear Claimed Marks
[2024-04-09T14:07:23.040+0300][44.319s][info][gc,marking  ] GC(73) Concurrent Clear Claimed Marks 0.824ms
[2024-04-09T14:07:23.040+0300][44.319s][info][gc,marking  ] GC(73) Concurrent Scan Root Regions
[2024-04-09T14:07:23.047+0300][44.326s][info][gc,marking  ] GC(73) Concurrent Scan Root Regions 6.540ms
[2024-04-09T14:07:23.047+0300][44.326s][info][gc,marking  ] GC(73) Concurrent Mark
[2024-04-09T14:07:23.047+0300][44.326s][info][gc,marking  ] GC(73) Concurrent Mark From Roots
[2024-04-09T14:07:23.047+0300][44.326s][info][gc,task     ] GC(73) Using 2 workers of 2 for marking
[2024-04-09T14:07:23.251+0300][44.530s][info][gc,marking  ] GC(73) Concurrent Mark From Roots 203.840ms
[2024-04-09T14:07:23.251+0300][44.530s][info][gc,marking  ] GC(73) Concurrent Preclean
[2024-04-09T14:07:23.251+0300][44.530s][info][gc,marking  ] GC(73) Concurrent Preclean 0.532ms
[2024-04-09T14:07:23.252+0300][44.531s][info][gc,start    ] GC(73) Pause Remark
[2024-04-09T14:07:23.260+0300][44.539s][info][gc          ] GC(73) Pause Remark 596M->596M(1024M) 8.223ms
[2024-04-09T14:07:23.260+0300][44.539s][info][gc,cpu      ] GC(73) User=0.02s Sys=0.00s Real=0.01s
[2024-04-09T14:07:23.260+0300][44.539s][info][gc,marking  ] GC(73) Concurrent Mark 213.247ms
[2024-04-09T14:07:23.260+0300][44.539s][info][gc,marking  ] GC(73) Concurrent Rebuild Remembered Sets
[2024-04-09T14:07:23.419+0300][44.698s][info][gc,marking  ] GC(73) Concurrent Rebuild Remembered Sets 159.158ms
[2024-04-09T14:07:23.420+0300][44.698s][info][gc,start    ] GC(73) Pause Cleanup
[2024-04-09T14:07:23.420+0300][44.699s][info][gc          ] GC(73) Pause Cleanup 699M->699M(1024M) 0.228ms
[2024-04-09T14:07:23.420+0300][44.699s][info][gc,cpu      ] GC(73) User=0.00s Sys=0.00s Real=0.00s
[2024-04-09T14:07:23.420+0300][44.699s][info][gc,marking  ] GC(73) Concurrent Cleanup for Next Mark
[2024-04-09T14:07:23.421+0300][44.700s][info][gc,marking  ] GC(73) Concurrent Cleanup for Next Mark 1.168ms
[2024-04-09T14:07:23.421+0300][44.700s][info][gc          ] GC(73) Concurrent Mark Cycle 381.603ms
[2024-04-09T14:07:23.603+0300][44.882s][info][gc,start    ] GC(74) Pause Young (Prepare Mixed) (G1 Evacuation Pause)
[2024-04-09T14:07:23.603+0300][44.882s][info][gc,task     ] GC(74) Using 6 workers of 6 for evacuation
[2024-04-09T14:07:23.618+0300][44.897s][info][gc,phases   ] GC(74)   Pre Evacuate Collection Set: 0.1ms
[2024-04-09T14:07:23.618+0300][44.897s][info][gc,phases   ] GC(74)   Merge Heap Roots: 0.2ms
[2024-04-09T14:07:23.618+0300][44.897s][info][gc,phases   ] GC(74)   Evacuate Collection Set: 12.4ms
[2024-04-09T14:07:23.618+0300][44.897s][info][gc,phases   ] GC(74)   Post Evacuate Collection Set: 2.3ms
[2024-04-09T14:07:23.618+0300][44.897s][info][gc,phases   ] GC(74)   Other: 0.1ms
[2024-04-09T14:07:23.618+0300][44.897s][info][gc,heap     ] GC(74) Eden regions: 234->0(32)
[2024-04-09T14:07:23.618+0300][44.897s][info][gc,heap     ] GC(74) Survivor regions: 27->19(33)
[2024-04-09T14:07:23.618+0300][44.897s][info][gc,heap     ] GC(74) Old regions: 485->495
[2024-04-09T14:07:23.618+0300][44.897s][info][gc,heap     ] GC(74) Archive regions: 2->2
[2024-04-09T14:07:23.619+0300][44.897s][info][gc,heap     ] GC(74) Humongous regions: 29->29
[2024-04-09T14:07:23.619+0300][44.897s][info][gc,metaspace] GC(74) Metaspace: 358724K(368128K)->358724K(368128K) NonClass: 315028K(319744K)->315028K(319744K) Class: 43696K(48384K)->43696K(48384K)
[2024-04-09T14:07:23.619+0300][44.897s][info][gc          ] GC(74) Pause Young (Prepare Mixed) (G1 Evacuation Pause) 775M->543M(1024M) 15.294ms
[2024-04-09T14:07:23.619+0300][44.897s][info][gc,cpu      ] GC(74) User=0.07s Sys=0.00s Real=0.01s
[2024-04-09T14:07:23.713+0300][44.991s][info][gc,start    ] GC(75) Pause Young (Mixed) (G1 Evacuation Pause)
[2024-04-09T14:07:23.713+0300][44.991s][info][gc,task     ] GC(75) Using 6 workers of 6 for evacuation
[2024-04-09T14:07:23.725+0300][45.004s][info][gc,phases   ] GC(75)   Pre Evacuate Collection Set: 0.1ms
[2024-04-09T14:07:23.725+0300][45.004s][info][gc,phases   ] GC(75)   Merge Heap Roots: 0.6ms
[2024-04-09T14:07:23.725+0300][45.004s][info][gc,phases   ] GC(75)   Evacuate Collection Set: 9.7ms
[2024-04-09T14:07:23.725+0300][45.004s][info][gc,phases   ] GC(75)   Post Evacuate Collection Set: 1.7ms
[2024-04-09T14:07:23.725+0300][45.004s][info][gc,phases   ] GC(75)   Other: 0.1ms
[2024-04-09T14:07:23.725+0300][45.004s][info][gc,heap     ] GC(75) Eden regions: 32->0(239)
[2024-04-09T14:07:23.725+0300][45.004s][info][gc,heap     ] GC(75) Survivor regions: 19->5(7)
[2024-04-09T14:07:23.725+0300][45.004s][info][gc,heap     ] GC(75) Old regions: 495->503
[2024-04-09T14:07:23.725+0300][45.004s][info][gc,heap     ] GC(75) Archive regions: 2->2
[2024-04-09T14:07:23.725+0300][45.004s][info][gc,heap     ] GC(75) Humongous regions: 29->29
[2024-04-09T14:07:23.725+0300][45.004s][info][gc,metaspace] GC(75) Metaspace: 358727K(368128K)->358727K(368128K) NonClass: 315030K(319744K)->315030K(319744K) Class: 43696K(48384K)->43696K(48384K)
[2024-04-09T14:07:23.725+0300][45.004s][info][gc          ] GC(75) Pause Young (Mixed) (G1 Evacuation Pause) 575M->537M(1024M) 12.241ms
[2024-04-09T14:07:23.725+0300][45.004s][info][gc,cpu      ] GC(75) User=0.04s Sys=0.00s Real=0.02s
[2024-04-09T14:07:24.211+0300][45.490s][info][gc,start    ] GC(76) Pause Young (Normal) (G1 Evacuation Pause)
[2024-04-09T14:07:24.211+0300][45.490s][info][gc,task     ] GC(76) Using 6 workers of 6 for evacuation
[2024-04-09T14:07:24.218+0300][45.496s][info][gc,phases   ] GC(76)   Pre Evacuate Collection Set: 0.1ms
[2024-04-09T14:07:24.218+0300][45.497s][info][gc,phases   ] GC(76)   Merge Heap Roots: 0.1ms
[2024-04-09T14:07:24.218+0300][45.497s][info][gc,phases   ] GC(76)   Evacuate Collection Set: 4.6ms
[2024-04-09T14:07:24.218+0300][45.497s][info][gc,phases   ] GC(76)   Post Evacuate Collection Set: 1.5ms
[2024-04-09T14:07:24.218+0300][45.497s][info][gc,phases   ] GC(76)   Other: 0.1ms
[2024-04-09T14:07:24.218+0300][45.497s][info][gc,heap     ] GC(76) Eden regions: 239->0(231)
[2024-04-09T14:07:24.218+0300][45.497s][info][gc,heap     ] GC(76) Survivor regions: 5->13(31)
[2024-04-09T14:07:24.218+0300][45.497s][info][gc,heap     ] GC(76) Old regions: 503->503
[2024-04-09T14:07:24.218+0300][45.497s][info][gc,heap     ] GC(76) Archive regions: 2->2
[2024-04-09T14:07:24.218+0300][45.497s][info][gc,heap     ] GC(76) Humongous regions: 29->29
[2024-04-09T14:07:24.218+0300][45.497s][info][gc,metaspace] GC(76) Metaspace: 358727K(368128K)->358727K(368128K) NonClass: 315030K(319744K)->315030K(319744K) Class: 43696K(48384K)->43696K(48384K)
[2024-04-09T14:07:24.218+0300][45.497s][info][gc          ] GC(76) Pause Young (Normal) (G1 Evacuation Pause) 776M->545M(1024M) 6.777ms
[2024-04-09T14:07:24.218+0300][45.497s][info][gc,cpu      ] GC(76) User=0.03s Sys=0.00s Real=0.01s
[2024-04-09T14:07:24.660+0300][45.938s][info][gc,start    ] GC(77) Pause Young (Normal) (G1 Evacuation Pause)
[2024-04-09T14:07:24.660+0300][45.938s][info][gc,task     ] GC(77) Using 6 workers of 6 for evacuation
[2024-04-09T14:07:24.670+0300][45.948s][info][gc,phases   ] GC(77)   Pre Evacuate Collection Set: 0.2ms
[2024-04-09T14:07:24.670+0300][45.948s][info][gc,phases   ] GC(77)   Merge Heap Roots: 0.1ms
[2024-04-09T14:07:24.670+0300][45.948s][info][gc,phases   ] GC(77)   Evacuate Collection Set: 7.6ms
[2024-04-09T14:07:24.670+0300][45.948s][info][gc,phases   ] GC(77)   Post Evacuate Collection Set: 2.0ms
[2024-04-09T14:07:24.670+0300][45.948s][info][gc,phases   ] GC(77)   Other: 0.1ms
[2024-04-09T14:07:24.670+0300][45.948s][info][gc,heap     ] GC(77) Eden regions: 231->0(228)
[2024-04-09T14:07:24.670+0300][45.948s][info][gc,heap     ] GC(77) Survivor regions: 13->17(31)
[2024-04-09T14:07:24.670+0300][45.948s][info][gc,heap     ] GC(77) Old regions: 503->503
[2024-04-09T14:07:24.670+0300][45.948s][info][gc,heap     ] GC(77) Archive regions: 2->2
[2024-04-09T14:07:24.670+0300][45.948s][info][gc,heap     ] GC(77) Humongous regions: 29->29
[2024-04-09T14:07:24.670+0300][45.948s][info][gc,metaspace] GC(77) Metaspace: 358748K(368192K)->358748K(368192K) NonClass: 315050K(319808K)->315050K(319808K) Class: 43697K(48384K)->43697K(48384K)
[2024-04-09T14:07:24.670+0300][45.949s][info][gc          ] GC(77) Pause Young (Normal) (G1 Evacuation Pause) 776M->549M(1024M) 10.133ms
[2024-04-09T14:07:24.670+0300][45.949s][info][gc,cpu      ] GC(77) User=0.04s Sys=0.00s Real=0.01s
[2024-04-09T14:07:25.138+0300][46.417s][info][gc,start    ] GC(78) Pause Young (Concurrent Start) (G1 Evacuation Pause)
[2024-04-09T14:07:25.138+0300][46.417s][info][gc,task     ] GC(78) Using 6 workers of 6 for evacuation
[2024-04-09T14:07:25.150+0300][46.428s][info][gc,phases   ] GC(78)   Pre Evacuate Collection Set: 0.8ms
[2024-04-09T14:07:25.150+0300][46.428s][info][gc,phases   ] GC(78)   Merge Heap Roots: 0.1ms
[2024-04-09T14:07:25.150+0300][46.428s][info][gc,phases   ] GC(78)   Evacuate Collection Set: 8.3ms
[2024-04-09T14:07:25.150+0300][46.428s][info][gc,phases   ] GC(78)   Post Evacuate Collection Set: 1.8ms
[2024-04-09T14:07:25.150+0300][46.428s][info][gc,phases   ] GC(78)   Other: 0.3ms
[2024-04-09T14:07:25.150+0300][46.428s][info][gc,heap     ] GC(78) Eden regions: 228->0(221)
[2024-04-09T14:07:25.150+0300][46.428s][info][gc,heap     ] GC(78) Survivor regions: 17->22(31)
[2024-04-09T14:07:25.150+0300][46.428s][info][gc,heap     ] GC(78) Old regions: 503->504
[2024-04-09T14:07:25.150+0300][46.428s][info][gc,heap     ] GC(78) Archive regions: 2->2
[2024-04-09T14:07:25.150+0300][46.428s][info][gc,heap     ] GC(78) Humongous regions: 29->29
[2024-04-09T14:07:25.150+0300][46.428s][info][gc,metaspace] GC(78) Metaspace: 358748K(368192K)->358748K(368192K) NonClass: 315050K(319808K)->315050K(319808K) Class: 43697K(48384K)->43697K(48384K)
[2024-04-09T14:07:25.150+0300][46.428s][info][gc          ] GC(78) Pause Young (Concurrent Start) (G1 Evacuation Pause) 777M->555M(1024M) 11.400ms
[2024-04-09T14:07:25.150+0300][46.429s][info][gc,cpu      ] GC(78) User=0.05s Sys=0.00s Real=0.01s
[2024-04-09T14:07:25.150+0300][46.429s][info][gc          ] GC(79) Concurrent Mark Cycle
[2024-04-09T14:07:25.150+0300][46.429s][info][gc,marking  ] GC(79) Concurrent Clear Claimed Marks
[2024-04-09T14:07:25.151+0300][46.429s][info][gc,marking  ] GC(79) Concurrent Clear Claimed Marks 0.825ms
[2024-04-09T14:07:25.151+0300][46.429s][info][gc,marking  ] GC(79) Concurrent Scan Root Regions
[2024-04-09T14:07:25.159+0300][46.438s][info][gc,marking  ] GC(79) Concurrent Scan Root Regions 8.340ms
[2024-04-09T14:07:25.159+0300][46.438s][info][gc,marking  ] GC(79) Concurrent Mark
[2024-04-09T14:07:25.159+0300][46.438s][info][gc,marking  ] GC(79) Concurrent Mark From Roots
[2024-04-09T14:07:25.159+0300][46.438s][info][gc,task     ] GC(79) Using 2 workers of 2 for marking
[2024-04-09T14:07:25.379+0300][46.657s][info][gc,marking  ] GC(79) Concurrent Mark From Roots 219.489ms
[2024-04-09T14:07:25.379+0300][46.657s][info][gc,marking  ] GC(79) Concurrent Preclean
[2024-04-09T14:07:25.379+0300][46.658s][info][gc,marking  ] GC(79) Concurrent Preclean 0.481ms
[2024-04-09T14:07:25.379+0300][46.658s][info][gc,start    ] GC(79) Pause Remark
[2024-04-09T14:07:25.388+0300][46.667s][info][gc          ] GC(79) Pause Remark 607M->607M(1024M) 8.648ms
[2024-04-09T14:07:25.388+0300][46.667s][info][gc,cpu      ] GC(79) User=0.02s Sys=0.00s Real=0.01s
[2024-04-09T14:07:25.388+0300][46.667s][info][gc,marking  ] GC(79) Concurrent Mark 229.002ms
[2024-04-09T14:07:25.388+0300][46.667s][info][gc,marking  ] GC(79) Concurrent Rebuild Remembered Sets
[2024-04-09T14:07:25.552+0300][46.830s][info][gc,marking  ] GC(79) Concurrent Rebuild Remembered Sets 163.546ms
[2024-04-09T14:07:25.552+0300][46.831s][info][gc,start    ] GC(79) Pause Cleanup
[2024-04-09T14:07:25.552+0300][46.831s][info][gc          ] GC(79) Pause Cleanup 696M->696M(1024M) 0.199ms
[2024-04-09T14:07:25.552+0300][46.831s][info][gc,cpu      ] GC(79) User=0.00s Sys=0.00s Real=0.00s
[2024-04-09T14:07:25.552+0300][46.831s][info][gc,marking  ] GC(79) Concurrent Cleanup for Next Mark
[2024-04-09T14:07:25.553+0300][46.832s][info][gc,marking  ] GC(79) Concurrent Cleanup for Next Mark 1.064ms
[2024-04-09T14:07:25.553+0300][46.832s][info][gc          ] GC(79) Concurrent Mark Cycle 403.281ms
[2024-04-09T14:07:25.661+0300][46.940s][info][gc,start    ] GC(80) Pause Young (Prepare Mixed) (G1 Evacuation Pause)
[2024-04-09T14:07:25.661+0300][46.940s][info][gc,task     ] GC(80) Using 6 workers of 6 for evacuation
[2024-04-09T14:07:25.671+0300][46.950s][info][gc,phases   ] GC(80)   Pre Evacuate Collection Set: 0.1ms
[2024-04-09T14:07:25.671+0300][46.950s][info][gc,phases   ] GC(80)   Merge Heap Roots: 0.1ms
[2024-04-09T14:07:25.671+0300][46.950s][info][gc,phases   ] GC(80)   Evacuate Collection Set: 7.8ms
[2024-04-09T14:07:25.671+0300][46.950s][info][gc,phases   ] GC(80)   Post Evacuate Collection Set: 1.8ms
[2024-04-09T14:07:25.671+0300][46.950s][info][gc,phases   ] GC(80)   Other: 0.1ms
[2024-04-09T14:07:25.671+0300][46.950s][info][gc,heap     ] GC(80) Eden regions: 221->0(29)
[2024-04-09T14:07:25.671+0300][46.950s][info][gc,heap     ] GC(80) Survivor regions: 22->22(31)
[2024-04-09T14:07:25.671+0300][46.950s][info][gc,heap     ] GC(80) Old regions: 504->510
[2024-04-09T14:07:25.671+0300][46.950s][info][gc,heap     ] GC(80) Archive regions: 2->2
[2024-04-09T14:07:25.671+0300][46.950s][info][gc,heap     ] GC(80) Humongous regions: 29->29
[2024-04-09T14:07:25.671+0300][46.950s][info][gc,metaspace] GC(80) Metaspace: 359471K(368896K)->359471K(368896K) NonClass: 315681K(320448K)->315681K(320448K) Class: 43790K(48448K)->43790K(48448K)
[2024-04-09T14:07:25.671+0300][46.950s][info][gc          ] GC(80) Pause Young (Prepare Mixed) (G1 Evacuation Pause) 776M->561M(1024M) 10.088ms
[2024-04-09T14:07:25.671+0300][46.950s][info][gc,cpu      ] GC(80) User=0.05s Sys=0.01s Real=0.00s
[2024-04-09T14:07:25.775+0300][47.054s][info][gc,start    ] GC(81) Pause Young (Mixed) (G1 Evacuation Pause)
[2024-04-09T14:07:25.775+0300][47.054s][info][gc,task     ] GC(81) Using 6 workers of 6 for evacuation
[2024-04-09T14:07:25.786+0300][47.064s][info][gc,phases   ] GC(81)   Pre Evacuate Collection Set: 0.3ms
[2024-04-09T14:07:25.786+0300][47.064s][info][gc,phases   ] GC(81)   Merge Heap Roots: 0.1ms
[2024-04-09T14:07:25.786+0300][47.064s][info][gc,phases   ] GC(81)   Evacuate Collection Set: 8.5ms
[2024-04-09T14:07:25.786+0300][47.064s][info][gc,phases   ] GC(81)   Post Evacuate Collection Set: 1.4ms
[2024-04-09T14:07:25.786+0300][47.064s][info][gc,phases   ] GC(81)   Other: 0.1ms
[2024-04-09T14:07:25.786+0300][47.064s][info][gc,heap     ] GC(81) Eden regions: 29->0(215)
[2024-04-09T14:07:25.786+0300][47.064s][info][gc,heap     ] GC(81) Survivor regions: 22->5(7)
[2024-04-09T14:07:25.786+0300][47.064s][info][gc,heap     ] GC(81) Old regions: 510->523
[2024-04-09T14:07:25.786+0300][47.064s][info][gc,heap     ] GC(81) Archive regions: 2->2
[2024-04-09T14:07:25.786+0300][47.064s][info][gc,heap     ] GC(81) Humongous regions: 29->29
[2024-04-09T14:07:25.786+0300][47.064s][info][gc,metaspace] GC(81) Metaspace: 360303K(369728K)->360303K(369728K) NonClass: 316399K(321152K)->316399K(321152K) Class: 43903K(48576K)->43903K(48576K)
[2024-04-09T14:07:25.786+0300][47.064s][info][gc          ] GC(81) Pause Young (Mixed) (G1 Evacuation Pause) 590M->557M(1024M) 10.428ms
[2024-04-09T14:07:25.786+0300][47.064s][info][gc,cpu      ] GC(81) User=0.05s Sys=0.00s Real=0.01s
[2024-04-09T14:07:26.206+0300][47.485s][info][gc,start    ] GC(82) Pause Young (Normal) (G1 Evacuation Pause)
[2024-04-09T14:07:26.206+0300][47.485s][info][gc,task     ] GC(82) Using 6 workers of 6 for evacuation
[2024-04-09T14:07:26.212+0300][47.491s][info][gc,phases   ] GC(82)   Pre Evacuate Collection Set: 0.1ms
[2024-04-09T14:07:26.212+0300][47.491s][info][gc,phases   ] GC(82)   Merge Heap Roots: 0.1ms
[2024-04-09T14:07:26.212+0300][47.491s][info][gc,phases   ] GC(82)   Evacuate Collection Set: 4.6ms
[2024-04-09T14:07:26.212+0300][47.491s][info][gc,phases   ] GC(82)   Post Evacuate Collection Set: 1.2ms
[2024-04-09T14:07:26.212+0300][47.491s][info][gc,phases   ] GC(82)   Other: 0.1ms
[2024-04-09T14:07:26.212+0300][47.491s][info][gc,heap     ] GC(82) Eden regions: 215->0(204)
[2024-04-09T14:07:26.212+0300][47.491s][info][gc,heap     ] GC(82) Survivor regions: 5->15(28)
[2024-04-09T14:07:26.212+0300][47.491s][info][gc,heap     ] GC(82) Old regions: 523->523
[2024-04-09T14:07:26.212+0300][47.491s][info][gc,heap     ] GC(82) Archive regions: 2->2
[2024-04-09T14:07:26.212+0300][47.491s][info][gc,heap     ] GC(82) Humongous regions: 29->29
[2024-04-09T14:07:26.212+0300][47.491s][info][gc,metaspace] GC(82) Metaspace: 360829K(370304K)->360829K(370304K) NonClass: 316880K(321664K)->316880K(321664K) Class: 43949K(48640K)->43949K(48640K)
[2024-04-09T14:07:26.212+0300][47.491s][info][gc          ] GC(82) Pause Young (Normal) (G1 Evacuation Pause) 772M->567M(1024M) 6.169ms
[2024-04-09T14:07:26.212+0300][47.491s][info][gc,cpu      ] GC(82) User=0.03s Sys=0.00s Real=0.00s
[2024-04-09T14:07:26.534+0300][47.812s][info][gc,start    ] GC(83) Pause Young (Normal) (G1 Evacuation Pause)
[2024-04-09T14:07:26.534+0300][47.812s][info][gc,task     ] GC(83) Using 6 workers of 6 for evacuation
[2024-04-09T14:07:26.540+0300][47.819s][info][gc,phases   ] GC(83)   Pre Evacuate Collection Set: 0.1ms
[2024-04-09T14:07:26.540+0300][47.819s][info][gc,phases   ] GC(83)   Merge Heap Roots: 0.1ms
[2024-04-09T14:07:26.540+0300][47.819s][info][gc,phases   ] GC(83)   Evacuate Collection Set: 4.8ms
[2024-04-09T14:07:26.540+0300][47.819s][info][gc,phases   ] GC(83)   Post Evacuate Collection Set: 1.5ms
[2024-04-09T14:07:26.540+0300][47.819s][info][gc,phases   ] GC(83)   Other: 0.1ms
[2024-04-09T14:07:26.540+0300][47.819s][info][gc,heap     ] GC(83) Eden regions: 204->0(205)
[2024-04-09T14:07:26.540+0300][47.819s][info][gc,heap     ] GC(83) Survivor regions: 15->15(28)
[2024-04-09T14:07:26.540+0300][47.819s][info][gc,heap     ] GC(83) Old regions: 523->523
[2024-04-09T14:07:26.540+0300][47.819s][info][gc,heap     ] GC(83) Archive regions: 2->2
[2024-04-09T14:07:26.540+0300][47.819s][info][gc,heap     ] GC(83) Humongous regions: 29->29
[2024-04-09T14:07:26.540+0300][47.819s][info][gc,metaspace] GC(83) Metaspace: 361458K(370944K)->361458K(370944K) NonClass: 317440K(322240K)->317440K(322240K) Class: 44018K(48704K)->44018K(48704K)
[2024-04-09T14:07:26.540+0300][47.819s][info][gc          ] GC(83) Pause Young (Normal) (G1 Evacuation Pause) 771M->567M(1024M) 6.623ms
[2024-04-09T14:07:26.540+0300][47.819s][info][gc,cpu      ] GC(83) User=0.03s Sys=0.00s Real=0.00s
[2024-04-09T14:07:26.824+0300][48.102s][info][gc,start    ] GC(84) Pause Young (Concurrent Start) (G1 Evacuation Pause)
[2024-04-09T14:07:26.824+0300][48.102s][info][gc,task     ] GC(84) Using 6 workers of 6 for evacuation
[2024-04-09T14:07:26.832+0300][48.111s][info][gc,phases   ] GC(84)   Pre Evacuate Collection Set: 0.8ms
[2024-04-09T14:07:26.832+0300][48.111s][info][gc,phases   ] GC(84)   Merge Heap Roots: 0.1ms
[2024-04-09T14:07:26.832+0300][48.111s][info][gc,phases   ] GC(84)   Evacuate Collection Set: 6.3ms
[2024-04-09T14:07:26.832+0300][48.111s][info][gc,phases   ] GC(84)   Post Evacuate Collection Set: 1.2ms
[2024-04-09T14:07:26.832+0300][48.111s][info][gc,phases   ] GC(84)   Other: 0.1ms
[2024-04-09T14:07:26.832+0300][48.111s][info][gc,heap     ] GC(84) Eden regions: 205->0(211)
[2024-04-09T14:07:26.832+0300][48.111s][info][gc,heap     ] GC(84) Survivor regions: 15->13(28)
[2024-04-09T14:07:26.832+0300][48.111s][info][gc,heap     ] GC(84) Old regions: 523->523
[2024-04-09T14:07:26.832+0300][48.111s][info][gc,heap     ] GC(84) Archive regions: 2->2
[2024-04-09T14:07:26.832+0300][48.111s][info][gc,heap     ] GC(84) Humongous regions: 29->29
[2024-04-09T14:07:26.832+0300][48.111s][info][gc,metaspace] GC(84) Metaspace: 363067K(372544K)->363067K(372544K) NonClass: 318820K(323584K)->318820K(323584K) Class: 44246K(48960K)->44246K(48960K)
[2024-04-09T14:07:26.832+0300][48.111s][info][gc          ] GC(84) Pause Young (Concurrent Start) (G1 Evacuation Pause) 772M->565M(1024M) 8.623ms
[2024-04-09T14:07:26.832+0300][48.111s][info][gc          ] GC(85) Concurrent Mark Cycle
[2024-04-09T14:07:26.832+0300][48.111s][info][gc,marking  ] GC(85) Concurrent Clear Claimed Marks
[2024-04-09T14:07:26.832+0300][48.111s][info][gc,cpu      ] GC(84) User=0.04s Sys=0.00s Real=0.00s
[2024-04-09T14:07:26.833+0300][48.112s][info][gc,marking  ] GC(85) Concurrent Clear Claimed Marks 0.856ms
[2024-04-09T14:07:26.833+0300][48.112s][info][gc,marking  ] GC(85) Concurrent Scan Root Regions
[2024-04-09T14:07:26.838+0300][48.117s][info][gc,marking  ] GC(85) Concurrent Scan Root Regions 5.418ms
[2024-04-09T14:07:26.839+0300][48.117s][info][gc,marking  ] GC(85) Concurrent Mark
[2024-04-09T14:07:26.839+0300][48.117s][info][gc,marking  ] GC(85) Concurrent Mark From Roots
[2024-04-09T14:07:26.839+0300][48.117s][info][gc,task     ] GC(85) Using 2 workers of 2 for marking
[2024-04-09T14:07:27.053+0300][48.331s][info][gc,marking  ] GC(85) Concurrent Mark From Roots 214.235ms
[2024-04-09T14:07:27.053+0300][48.331s][info][gc,marking  ] GC(85) Concurrent Preclean
[2024-04-09T14:07:27.053+0300][48.332s][info][gc,marking  ] GC(85) Concurrent Preclean 0.681ms
[2024-04-09T14:07:27.054+0300][48.333s][info][gc,start    ] GC(85) Pause Remark
[2024-04-09T14:07:27.086+0300][48.365s][info][gc          ] GC(85) Pause Remark 678M->655M(1024M) 32.648ms
[2024-04-09T14:07:27.087+0300][48.365s][info][gc,cpu      ] GC(85) User=0.12s Sys=0.00s Real=0.03s
[2024-04-09T14:07:27.090+0300][48.369s][info][gc,marking  ] GC(85) Concurrent Mark 251.912ms
[2024-04-09T14:07:27.090+0300][48.369s][info][gc,marking  ] GC(85) Concurrent Rebuild Remembered Sets
[2024-04-09T14:07:27.302+0300][48.581s][info][gc,start    ] GC(86) Pause Young (Normal) (G1 Evacuation Pause)
[2024-04-09T14:07:27.302+0300][48.581s][info][gc,task     ] GC(86) Using 6 workers of 6 for evacuation
[2024-04-09T14:07:27.312+0300][48.590s][info][gc,phases   ] GC(86)   Pre Evacuate Collection Set: 0.2ms
[2024-04-09T14:07:27.312+0300][48.590s][info][gc,phases   ] GC(86)   Merge Heap Roots: 0.1ms
[2024-04-09T14:07:27.312+0300][48.591s][info][gc,phases   ] GC(86)   Evacuate Collection Set: 8.1ms
[2024-04-09T14:07:27.312+0300][48.591s][info][gc,phases   ] GC(86)   Post Evacuate Collection Set: 1.2ms
[2024-04-09T14:07:27.312+0300][48.591s][info][gc,phases   ] GC(86)   Other: 0.1ms
[2024-04-09T14:07:27.312+0300][48.591s][info][gc,heap     ] GC(86) Eden regions: 211->0(222)
[2024-04-09T14:07:27.312+0300][48.591s][info][gc,heap     ] GC(86) Survivor regions: 13->24(28)
[2024-04-09T14:07:27.312+0300][48.591s][info][gc,heap     ] GC(86) Old regions: 500->500
[2024-04-09T14:07:27.312+0300][48.591s][info][gc,heap     ] GC(86) Archive regions: 2->2
[2024-04-09T14:07:27.312+0300][48.591s][info][gc,heap     ] GC(86) Humongous regions: 29->29
[2024-04-09T14:07:27.312+0300][48.591s][info][gc,metaspace] GC(86) Metaspace: 367616K(377088K)->367616K(377088K) NonClass: 322858K(327616K)->322858K(327616K) Class: 44757K(49472K)->44757K(49472K)
[2024-04-09T14:07:27.312+0300][48.591s][info][gc          ] GC(86) Pause Young (Normal) (G1 Evacuation Pause) 753M->553M(1024M) 9.723ms
[2024-04-09T14:07:27.312+0300][48.591s][info][gc,cpu      ] GC(86) User=0.05s Sys=0.00s Real=0.00s
[2024-04-09T14:07:27.365+0300][48.644s][info][gc,marking  ] GC(85) Concurrent Rebuild Remembered Sets 274.925ms
[2024-04-09T14:07:27.368+0300][48.646s][info][gc,start    ] GC(85) Pause Cleanup
[2024-04-09T14:07:27.368+0300][48.647s][info][gc          ] GC(85) Pause Cleanup 572M->572M(1024M) 0.261ms
[2024-04-09T14:07:27.368+0300][48.647s][info][gc,cpu      ] GC(85) User=0.00s Sys=0.00s Real=0.00s
[2024-04-09T14:07:27.368+0300][48.647s][info][gc,marking  ] GC(85) Concurrent Cleanup for Next Mark
[2024-04-09T14:07:27.370+0300][48.649s][info][gc,marking  ] GC(85) Concurrent Cleanup for Next Mark 2.417ms
[2024-04-09T14:07:27.370+0300][48.649s][info][gc          ] GC(85) Concurrent Mark Cycle 538.332ms
[2024-04-09T14:07:27.638+0300][48.917s][info][gc,start    ] GC(87) Pause Young (Prepare Mixed) (G1 Evacuation Pause)
[2024-04-09T14:07:27.638+0300][48.917s][info][gc,task     ] GC(87) Using 6 workers of 6 for evacuation
[2024-04-09T14:07:27.650+0300][48.929s][info][gc,phases   ] GC(87)   Pre Evacuate Collection Set: 0.1ms
[2024-04-09T14:07:27.650+0300][48.929s][info][gc,phases   ] GC(87)   Merge Heap Roots: 0.1ms
[2024-04-09T14:07:27.650+0300][48.929s][info][gc,phases   ] GC(87)   Evacuate Collection Set: 10.7ms
[2024-04-09T14:07:27.650+0300][48.929s][info][gc,phases   ] GC(87)   Post Evacuate Collection Set: 1.3ms
[2024-04-09T14:07:27.650+0300][48.929s][info][gc,phases   ] GC(87)   Other: 0.1ms
[2024-04-09T14:07:27.650+0300][48.929s][info][gc,heap     ] GC(87) Eden regions: 222->0(34)
[2024-04-09T14:07:27.650+0300][48.929s][info][gc,heap     ] GC(87) Survivor regions: 24->17(31)
[2024-04-09T14:07:27.650+0300][48.929s][info][gc,heap     ] GC(87) Old regions: 500->511
[2024-04-09T14:07:27.650+0300][48.929s][info][gc,heap     ] GC(87) Archive regions: 2->2
[2024-04-09T14:07:27.650+0300][48.929s][info][gc,heap     ] GC(87) Humongous regions: 29->29
[2024-04-09T14:07:27.650+0300][48.929s][info][gc,metaspace] GC(87) Metaspace: 368819K(378304K)->368819K(378304K) NonClass: 323748K(328512K)->323748K(328512K) Class: 45070K(49792K)->45070K(49792K)
[2024-04-09T14:07:27.650+0300][48.929s][info][gc          ] GC(87) Pause Young (Prepare Mixed) (G1 Evacuation Pause) 775M->556M(1024M) 12.352ms
[2024-04-09T14:07:27.650+0300][48.929s][info][gc,cpu      ] GC(87) User=0.06s Sys=0.00s Real=0.01s
[2024-04-09T14:07:27.689+0300][48.967s][info][gc,start    ] GC(88) Pause Young (Mixed) (G1 Evacuation Pause)
[2024-04-09T14:07:27.689+0300][48.967s][info][gc,task     ] GC(88) Using 6 workers of 6 for evacuation
[2024-04-09T14:07:27.696+0300][48.975s][info][gc,phases   ] GC(88)   Pre Evacuate Collection Set: 0.1ms
[2024-04-09T14:07:27.696+0300][48.975s][info][gc,phases   ] GC(88)   Merge Heap Roots: 0.1ms
[2024-04-09T14:07:27.696+0300][48.975s][info][gc,phases   ] GC(88)   Evacuate Collection Set: 6.0ms
[2024-04-09T14:07:27.696+0300][48.975s][info][gc,phases   ] GC(88)   Post Evacuate Collection Set: 0.9ms
[2024-04-09T14:07:27.696+0300][48.975s][info][gc,phases   ] GC(88)   Other: 0.1ms
[2024-04-09T14:07:27.696+0300][48.975s][info][gc,heap     ] GC(88) Eden regions: 34->0(232)
[2024-04-09T14:07:27.696+0300][48.975s][info][gc,heap     ] GC(88) Survivor regions: 17->4(7)
[2024-04-09T14:07:27.696+0300][48.975s][info][gc,heap     ] GC(88) Old regions: 511->509
[2024-04-09T14:07:27.696+0300][48.975s][info][gc,heap     ] GC(88) Archive regions: 2->2
[2024-04-09T14:07:27.696+0300][48.975s][info][gc,heap     ] GC(88) Humongous regions: 29->29
[2024-04-09T14:07:27.696+0300][48.975s][info][gc,metaspace] GC(88) Metaspace: 369091K(378688K)->369091K(378688K) NonClass: 323947K(328768K)->323947K(328768K) Class: 45143K(49920K)->45143K(49920K)
[2024-04-09T14:07:27.696+0300][48.975s][info][gc          ] GC(88) Pause Young (Mixed) (G1 Evacuation Pause) 590M->541M(1024M) 7.296ms
[2024-04-09T14:07:27.696+0300][48.975s][info][gc,cpu      ] GC(88) User=0.03s Sys=0.00s Real=0.01s
[2024-04-09T14:07:28.045+0300][49.324s][info][gc,start    ] GC(89) Pause Young (Normal) (G1 Evacuation Pause)
[2024-04-09T14:07:28.045+0300][49.324s][info][gc,task     ] GC(89) Using 6 workers of 6 for evacuation
[2024-04-09T14:07:28.057+0300][49.336s][info][gc,phases   ] GC(89)   Pre Evacuate Collection Set: 0.1ms
[2024-04-09T14:07:28.057+0300][49.336s][info][gc,phases   ] GC(89)   Merge Heap Roots: 0.1ms
[2024-04-09T14:07:28.057+0300][49.336s][info][gc,phases   ] GC(89)   Evacuate Collection Set: 9.3ms
[2024-04-09T14:07:28.057+0300][49.336s][info][gc,phases   ] GC(89)   Post Evacuate Collection Set: 1.9ms
[2024-04-09T14:07:28.057+0300][49.336s][info][gc,phases   ] GC(89)   Other: 0.1ms
[2024-04-09T14:07:28.057+0300][49.336s][info][gc,heap     ] GC(89) Eden regions: 232->0(211)
[2024-04-09T14:07:28.057+0300][49.336s][info][gc,heap     ] GC(89) Survivor regions: 4->21(30)
[2024-04-09T14:07:28.057+0300][49.336s][info][gc,heap     ] GC(89) Old regions: 509->509
[2024-04-09T14:07:28.057+0300][49.336s][info][gc,heap     ] GC(89) Archive regions: 2->2
[2024-04-09T14:07:28.057+0300][49.336s][info][gc,heap     ] GC(89) Humongous regions: 29->29
[2024-04-09T14:07:28.057+0300][49.336s][info][gc,metaspace] GC(89) Metaspace: 372283K(381952K)->372283K(381952K) NonClass: 326690K(331584K)->326690K(331584K) Class: 45592K(50368K)->45592K(50368K)
[2024-04-09T14:07:28.057+0300][49.336s][info][gc          ] GC(89) Pause Young (Normal) (G1 Evacuation Pause) 773M->559M(1024M) 11.634ms
[2024-04-09T14:07:28.057+0300][49.336s][info][gc,cpu      ] GC(89) User=0.05s Sys=0.00s Real=0.01s
[2024-04-09T14:07:28.264+0300][49.542s][info][gc,start    ] GC(90) Pause Young (Normal) (G1 Evacuation Pause)
[2024-04-09T14:07:28.264+0300][49.542s][info][gc,task     ] GC(90) Using 6 workers of 6 for evacuation
[2024-04-09T14:07:28.274+0300][49.552s][info][gc,phases   ] GC(90)   Pre Evacuate Collection Set: 0.1ms
[2024-04-09T14:07:28.274+0300][49.552s][info][gc,phases   ] GC(90)   Merge Heap Roots: 0.1ms
[2024-04-09T14:07:28.274+0300][49.552s][info][gc,phases   ] GC(90)   Evacuate Collection Set: 8.4ms
[2024-04-09T14:07:28.274+0300][49.552s][info][gc,phases   ] GC(90)   Post Evacuate Collection Set: 1.1ms
[2024-04-09T14:07:28.274+0300][49.552s][info][gc,phases   ] GC(90)   Other: 0.1ms
[2024-04-09T14:07:28.274+0300][49.552s][info][gc,heap     ] GC(90) Eden regions: 211->0(210)
[2024-04-09T14:07:28.274+0300][49.552s][info][gc,heap     ] GC(90) Survivor regions: 21->8(29)
[2024-04-09T14:07:28.274+0300][49.552s][info][gc,heap     ] GC(90) Old regions: 509->529
[2024-04-09T14:07:28.274+0300][49.552s][info][gc,heap     ] GC(90) Archive regions: 2->2
[2024-04-09T14:07:28.274+0300][49.552s][info][gc,heap     ] GC(90) Humongous regions: 29->29
[2024-04-09T14:07:28.274+0300][49.552s][info][gc,metaspace] GC(90) Metaspace: 372934K(382656K)->372934K(382656K) NonClass: 327257K(332160K)->327257K(332160K) Class: 45677K(50496K)->45677K(50496K)
[2024-04-09T14:07:28.274+0300][49.552s][info][gc          ] GC(90) Pause Young (Normal) (G1 Evacuation Pause) 770M->566M(1024M) 9.938ms
[2024-04-09T14:07:28.274+0300][49.552s][info][gc,cpu      ] GC(90) User=0.05s Sys=0.00s Real=0.01s
[2024-04-09T14:07:28.544+0300][49.823s][info][gc,start    ] GC(91) Pause Young (Concurrent Start) (G1 Evacuation Pause)
[2024-04-09T14:07:28.544+0300][49.823s][info][gc,task     ] GC(91) Using 6 workers of 6 for evacuation
[2024-04-09T14:07:28.554+0300][49.833s][info][gc,phases   ] GC(91)   Pre Evacuate Collection Set: 0.9ms
[2024-04-09T14:07:28.554+0300][49.833s][info][gc,phases   ] GC(91)   Merge Heap Roots: 0.1ms
[2024-04-09T14:07:28.554+0300][49.833s][info][gc,phases   ] GC(91)   Evacuate Collection Set: 7.2ms
[2024-04-09T14:07:28.554+0300][49.833s][info][gc,phases   ] GC(91)   Post Evacuate Collection Set: 1.1ms
[2024-04-09T14:07:28.554+0300][49.833s][info][gc,phases   ] GC(91)   Other: 0.1ms
[2024-04-09T14:07:28.554+0300][49.833s][info][gc,heap     ] GC(91) Eden regions: 210->0(205)
[2024-04-09T14:07:28.554+0300][49.833s][info][gc,heap     ] GC(91) Survivor regions: 8->16(28)
[2024-04-09T14:07:28.554+0300][49.833s][info][gc,heap     ] GC(91) Old regions: 529->529
[2024-04-09T14:07:28.554+0300][49.833s][info][gc,heap     ] GC(91) Archive regions: 2->2
[2024-04-09T14:07:28.554+0300][49.833s][info][gc,heap     ] GC(91) Humongous regions: 29->29
[2024-04-09T14:07:28.554+0300][49.833s][info][gc,metaspace] GC(91) Metaspace: 374075K(383808K)->374075K(383808K) NonClass: 328263K(333184K)->328263K(333184K) Class: 45812K(50624K)->45812K(50624K)
[2024-04-09T14:07:28.554+0300][49.833s][info][gc          ] GC(91) Pause Young (Concurrent Start) (G1 Evacuation Pause) 776M->573M(1024M) 9.535ms
[2024-04-09T14:07:28.554+0300][49.833s][info][gc,cpu      ] GC(91) User=0.03s Sys=0.00s Real=0.01s
[2024-04-09T14:07:28.554+0300][49.833s][info][gc          ] GC(92) Concurrent Mark Cycle
[2024-04-09T14:07:28.554+0300][49.833s][info][gc,marking  ] GC(92) Concurrent Clear Claimed Marks
[2024-04-09T14:07:28.555+0300][49.834s][info][gc,marking  ] GC(92) Concurrent Clear Claimed Marks 0.843ms
[2024-04-09T14:07:28.555+0300][49.834s][info][gc,marking  ] GC(92) Concurrent Scan Root Regions
[2024-04-09T14:07:28.562+0300][49.841s][info][gc,marking  ] GC(92) Concurrent Scan Root Regions 6.908ms
[2024-04-09T14:07:28.562+0300][49.841s][info][gc,marking  ] GC(92) Concurrent Mark
[2024-04-09T14:07:28.562+0300][49.841s][info][gc,marking  ] GC(92) Concurrent Mark From Roots
[2024-04-09T14:07:28.562+0300][49.841s][info][gc,task     ] GC(92) Using 2 workers of 2 for marking
[2024-04-09T14:07:28.929+0300][50.208s][info][gc,start    ] GC(93) Pause Young (Normal) (G1 Evacuation Pause)
[2024-04-09T14:07:28.929+0300][50.208s][info][gc,task     ] GC(93) Using 6 workers of 6 for evacuation
[2024-04-09T14:07:28.943+0300][50.222s][info][gc,phases   ] GC(93)   Pre Evacuate Collection Set: 0.1ms
[2024-04-09T14:07:28.943+0300][50.222s][info][gc,phases   ] GC(93)   Merge Heap Roots: 0.1ms
[2024-04-09T14:07:28.943+0300][50.222s][info][gc,phases   ] GC(93)   Evacuate Collection Set: 12.3ms
[2024-04-09T14:07:28.943+0300][50.222s][info][gc,phases   ] GC(93)   Post Evacuate Collection Set: 1.6ms
[2024-04-09T14:07:28.943+0300][50.222s][info][gc,phases   ] GC(93)   Other: 0.1ms
[2024-04-09T14:07:28.943+0300][50.222s][info][gc,heap     ] GC(93) Eden regions: 205->0(200)
[2024-04-09T14:07:28.943+0300][50.222s][info][gc,heap     ] GC(93) Survivor regions: 16->19(28)
[2024-04-09T14:07:28.943+0300][50.222s][info][gc,heap     ] GC(93) Old regions: 529->535
[2024-04-09T14:07:28.943+0300][50.222s][info][gc,heap     ] GC(93) Archive regions: 2->2
[2024-04-09T14:07:28.943+0300][50.222s][info][gc,heap     ] GC(93) Humongous regions: 29->27
[2024-04-09T14:07:28.943+0300][50.222s][info][gc,metaspace] GC(93) Metaspace: 376117K(385856K)->376117K(385856K) NonClass: 329983K(334912K)->329983K(334912K) Class: 46134K(50944K)->46134K(50944K)
[2024-04-09T14:07:28.943+0300][50.222s][info][gc          ] GC(93) Pause Young (Normal) (G1 Evacuation Pause) 778M->581M(1024M) 14.474ms
[2024-04-09T14:07:28.943+0300][50.222s][info][gc,cpu      ] GC(93) User=0.06s Sys=0.01s Real=0.02s
[2024-04-09T14:07:29.013+0300][50.291s][info][gc,marking  ] GC(92) Concurrent Mark From Roots 450.753ms
[2024-04-09T14:07:29.013+0300][50.291s][info][gc,marking  ] GC(92) Concurrent Preclean
[2024-04-09T14:07:29.013+0300][50.292s][info][gc,marking  ] GC(92) Concurrent Preclean 0.781ms
[2024-04-09T14:07:29.014+0300][50.293s][info][gc,start    ] GC(92) Pause Remark
[2024-04-09T14:07:29.029+0300][50.307s][info][gc          ] GC(92) Pause Remark 600M->595M(1024M) 14.256ms
[2024-04-09T14:07:29.029+0300][50.307s][info][gc,cpu      ] GC(92) User=0.04s Sys=0.00s Real=0.01s
[2024-04-09T14:07:29.029+0300][50.307s][info][gc,marking  ] GC(92) Concurrent Mark 466.773ms
[2024-04-09T14:07:29.029+0300][50.307s][info][gc,marking  ] GC(92) Concurrent Rebuild Remembered Sets
[2024-04-09T14:07:29.245+0300][50.524s][info][gc,marking  ] GC(92) Concurrent Rebuild Remembered Sets 216.129ms
[2024-04-09T14:07:29.245+0300][50.524s][info][gc,start    ] GC(92) Pause Cleanup
[2024-04-09T14:07:29.245+0300][50.524s][info][gc          ] GC(92) Pause Cleanup 614M->614M(1024M) 0.266ms
[2024-04-09T14:07:29.245+0300][50.524s][info][gc,cpu      ] GC(92) User=0.00s Sys=0.00s Real=0.00s
[2024-04-09T14:07:29.245+0300][50.524s][info][gc,marking  ] GC(92) Concurrent Cleanup for Next Mark
[2024-04-09T14:07:29.247+0300][50.525s][info][gc,marking  ] GC(92) Concurrent Cleanup for Next Mark 1.248ms
[2024-04-09T14:07:29.247+0300][50.525s][info][gc          ] GC(92) Concurrent Mark Cycle 692.628ms
[2024-04-09T14:07:29.655+0300][50.934s][info][gc,start    ] GC(94) Pause Young (Prepare Mixed) (G1 Evacuation Pause)
[2024-04-09T14:07:29.655+0300][50.934s][info][gc,task     ] GC(94) Using 6 workers of 6 for evacuation
[2024-04-09T14:07:29.667+0300][50.946s][info][gc,phases   ] GC(94)   Pre Evacuate Collection Set: 0.1ms
[2024-04-09T14:07:29.667+0300][50.946s][info][gc,phases   ] GC(94)   Merge Heap Roots: 0.1ms
[2024-04-09T14:07:29.667+0300][50.946s][info][gc,phases   ] GC(94)   Evacuate Collection Set: 10.3ms
[2024-04-09T14:07:29.667+0300][50.946s][info][gc,phases   ] GC(94)   Post Evacuate Collection Set: 1.2ms
[2024-04-09T14:07:29.667+0300][50.946s][info][gc,phases   ] GC(94)   Other: 0.1ms
[2024-04-09T14:07:29.667+0300][50.946s][info][gc,heap     ] GC(94) Eden regions: 200->0(24)
[2024-04-09T14:07:29.667+0300][50.946s][info][gc,heap     ] GC(94) Survivor regions: 19->27(28)
[2024-04-09T14:07:29.667+0300][50.946s][info][gc,heap     ] GC(94) Old regions: 530->537
[2024-04-09T14:07:29.667+0300][50.946s][info][gc,heap     ] GC(94) Archive regions: 2->2
[2024-04-09T14:07:29.667+0300][50.946s][info][gc,heap     ] GC(94) Humongous regions: 29->29
[2024-04-09T14:07:29.667+0300][50.946s][info][gc,metaspace] GC(94) Metaspace: 380218K(390080K)->380218K(390080K) NonClass: 333598K(338560K)->333598K(338560K) Class: 46620K(51520K)->46620K(51520K)
[2024-04-09T14:07:29.667+0300][50.946s][info][gc          ] GC(94) Pause Young (Prepare Mixed) (G1 Evacuation Pause) 778M->592M(1024M) 11.960ms
[2024-04-09T14:07:29.667+0300][50.946s][info][gc,cpu      ] GC(94) User=0.06s Sys=0.00s Real=0.01s
[2024-04-09T14:07:29.690+0300][50.969s][info][gc,start    ] GC(95) Pause Young (Mixed) (G1 Evacuation Pause)
[2024-04-09T14:07:29.690+0300][50.969s][info][gc,task     ] GC(95) Using 6 workers of 6 for evacuation
[2024-04-09T14:07:29.697+0300][50.976s][info][gc,phases   ] GC(95)   Pre Evacuate Collection Set: 0.1ms
[2024-04-09T14:07:29.697+0300][50.976s][info][gc,phases   ] GC(95)   Merge Heap Roots: 0.1ms
[2024-04-09T14:07:29.697+0300][50.976s][info][gc,phases   ] GC(95)   Evacuate Collection Set: 5.7ms
[2024-04-09T14:07:29.697+0300][50.976s][info][gc,phases   ] GC(95)   Post Evacuate Collection Set: 1.1ms
[2024-04-09T14:07:29.697+0300][50.976s][info][gc,phases   ] GC(95)   Other: 0.1ms
[2024-04-09T14:07:29.697+0300][50.976s][info][gc,heap     ] GC(95) Eden regions: 24->0(198)
[2024-04-09T14:07:29.697+0300][50.976s][info][gc,heap     ] GC(95) Survivor regions: 27->4(7)
[2024-04-09T14:07:29.697+0300][50.976s][info][gc,heap     ] GC(95) Old regions: 537->540
[2024-04-09T14:07:29.697+0300][50.976s][info][gc,heap     ] GC(95) Archive regions: 2->2
[2024-04-09T14:07:29.697+0300][50.976s][info][gc,heap     ] GC(95) Humongous regions: 29->29
[2024-04-09T14:07:29.697+0300][50.976s][info][gc,metaspace] GC(95) Metaspace: 380306K(390144K)->380306K(390144K) NonClass: 333671K(338624K)->333671K(338624K) Class: 46635K(51520K)->46635K(51520K)
[2024-04-09T14:07:29.697+0300][50.976s][info][gc          ] GC(95) Pause Young (Mixed) (G1 Evacuation Pause) 616M->572M(1024M) 7.211ms
[2024-04-09T14:07:29.697+0300][50.976s][info][gc,cpu      ] GC(95) User=0.04s Sys=0.00s Real=0.01s
[2024-04-09T14:07:29.882+0300][51.161s][info][gc,start    ] GC(96) Pause Young (Normal) (G1 Evacuation Pause)
[2024-04-09T14:07:29.882+0300][51.161s][info][gc,task     ] GC(96) Using 6 workers of 6 for evacuation
[2024-04-09T14:07:29.889+0300][51.167s][info][gc,phases   ] GC(96)   Pre Evacuate Collection Set: 0.2ms
[2024-04-09T14:07:29.889+0300][51.168s][info][gc,phases   ] GC(96)   Merge Heap Roots: 0.1ms
[2024-04-09T14:07:29.889+0300][51.168s][info][gc,phases   ] GC(96)   Evacuate Collection Set: 4.7ms
[2024-04-09T14:07:29.889+0300][51.168s][info][gc,phases   ] GC(96)   Post Evacuate Collection Set: 1.3ms
[2024-04-09T14:07:29.889+0300][51.168s][info][gc,phases   ] GC(96)   Other: 0.1ms
[2024-04-09T14:07:29.889+0300][51.168s][info][gc,heap     ] GC(96) Eden regions: 198->0(203)
[2024-04-09T14:07:29.889+0300][51.168s][info][gc,heap     ] GC(96) Survivor regions: 4->5(26)
[2024-04-09T14:07:29.889+0300][51.168s][info][gc,heap     ] GC(96) Old regions: 540->540
[2024-04-09T14:07:29.889+0300][51.168s][info][gc,heap     ] GC(96) Archive regions: 2->2
[2024-04-09T14:07:29.889+0300][51.168s][info][gc,heap     ] GC(96) Humongous regions: 29->29
[2024-04-09T14:07:29.889+0300][51.168s][info][gc,metaspace] GC(96) Metaspace: 380880K(390656K)->380880K(390656K) NonClass: 334150K(339072K)->334150K(339072K) Class: 46729K(51584K)->46729K(51584K)
[2024-04-09T14:07:29.889+0300][51.168s][info][gc          ] GC(96) Pause Young (Normal) (G1 Evacuation Pause) 770M->573M(1024M) 6.558ms
[2024-04-09T14:07:29.889+0300][51.168s][info][gc,cpu      ] GC(96) User=0.02s Sys=0.00s Real=0.00s
[2024-04-09T14:07:30.111+0300][51.390s][info][gc,start    ] GC(97) Pause Young (Normal) (G1 Evacuation Pause)
[2024-04-09T14:07:30.111+0300][51.390s][info][gc,task     ] GC(97) Using 6 workers of 6 for evacuation
[2024-04-09T14:07:30.117+0300][51.396s][info][gc,phases   ] GC(97)   Pre Evacuate Collection Set: 0.2ms
[2024-04-09T14:07:30.117+0300][51.396s][info][gc,phases   ] GC(97)   Merge Heap Roots: 0.1ms
[2024-04-09T14:07:30.117+0300][51.396s][info][gc,phases   ] GC(97)   Evacuate Collection Set: 4.5ms
[2024-04-09T14:07:30.117+0300][51.396s][info][gc,phases   ] GC(97)   Post Evacuate Collection Set: 1.0ms
[2024-04-09T14:07:30.117+0300][51.396s][info][gc,phases   ] GC(97)   Other: 0.1ms
[2024-04-09T14:07:30.117+0300][51.396s][info][gc,heap     ] GC(97) Eden regions: 203->0(201)
[2024-04-09T14:07:30.117+0300][51.396s][info][gc,heap     ] GC(97) Survivor regions: 5->11(26)
[2024-04-09T14:07:30.117+0300][51.396s][info][gc,heap     ] GC(97) Old regions: 540->540
[2024-04-09T14:07:30.117+0300][51.396s][info][gc,heap     ] GC(97) Archive regions: 2->2
[2024-04-09T14:07:30.117+0300][51.396s][info][gc,heap     ] GC(97) Humongous regions: 29->29
[2024-04-09T14:07:30.117+0300][51.396s][info][gc,metaspace] GC(97) Metaspace: 381648K(391552K)->381648K(391552K) NonClass: 334799K(339840K)->334799K(339840K) Class: 46848K(51712K)->46848K(51712K)
[2024-04-09T14:07:30.117+0300][51.396s][info][gc          ] GC(97) Pause Young (Normal) (G1 Evacuation Pause) 776M->579M(1024M) 6.044ms
[2024-04-09T14:07:30.117+0300][51.396s][info][gc,cpu      ] GC(97) User=0.03s Sys=0.00s Real=0.01s
[2024-04-09T14:07:30.413+0300][51.692s][info][gc,start    ] GC(98) Pause Young (Concurrent Start) (G1 Evacuation Pause)
[2024-04-09T14:07:30.413+0300][51.692s][info][gc,task     ] GC(98) Using 6 workers of 6 for evacuation
[2024-04-09T14:07:30.421+0300][51.699s][info][gc,phases   ] GC(98)   Pre Evacuate Collection Set: 1.0ms
[2024-04-09T14:07:30.421+0300][51.699s][info][gc,phases   ] GC(98)   Merge Heap Roots: 0.1ms
[2024-04-09T14:07:30.421+0300][51.699s][info][gc,phases   ] GC(98)   Evacuate Collection Set: 5.2ms
[2024-04-09T14:07:30.421+0300][51.699s][info][gc,phases   ] GC(98)   Post Evacuate Collection Set: 1.4ms
[2024-04-09T14:07:30.421+0300][51.699s][info][gc,phases   ] GC(98)   Other: 0.1ms
[2024-04-09T14:07:30.421+0300][51.699s][info][gc,heap     ] GC(98) Eden regions: 201->0(203)
[2024-04-09T14:07:30.421+0300][51.699s][info][gc,heap     ] GC(98) Survivor regions: 11->11(27)
[2024-04-09T14:07:30.421+0300][51.699s][info][gc,heap     ] GC(98) Old regions: 540->540
[2024-04-09T14:07:30.421+0300][51.699s][info][gc,heap     ] GC(98) Archive regions: 2->2
[2024-04-09T14:07:30.421+0300][51.699s][info][gc,heap     ] GC(98) Humongous regions: 29->29
[2024-04-09T14:07:30.421+0300][51.699s][info][gc,metaspace] GC(98) Metaspace: 382592K(392448K)->382592K(392448K) NonClass: 335595K(340608K)->335595K(340608K) Class: 46996K(51840K)->46996K(51840K)
[2024-04-09T14:07:30.421+0300][51.699s][info][gc          ] GC(98) Pause Young (Concurrent Start) (G1 Evacuation Pause) 780M->580M(1024M) 7.929ms
[2024-04-09T14:07:30.421+0300][51.699s][info][gc          ] GC(99) Concurrent Mark Cycle
[2024-04-09T14:07:30.421+0300][51.700s][info][gc,marking  ] GC(99) Concurrent Clear Claimed Marks
[2024-04-09T14:07:30.421+0300][51.700s][info][gc,cpu      ] GC(98) User=0.03s Sys=0.01s Real=0.00s
[2024-04-09T14:07:30.422+0300][51.700s][info][gc,marking  ] GC(99) Concurrent Clear Claimed Marks 0.854ms
[2024-04-09T14:07:30.422+0300][51.700s][info][gc,marking  ] GC(99) Concurrent Scan Root Regions
[2024-04-09T14:07:30.426+0300][51.705s][info][gc,marking  ] GC(99) Concurrent Scan Root Regions 4.733ms
[2024-04-09T14:07:30.426+0300][51.705s][info][gc,marking  ] GC(99) Concurrent Mark
[2024-04-09T14:07:30.426+0300][51.705s][info][gc,marking  ] GC(99) Concurrent Mark From Roots
[2024-04-09T14:07:30.426+0300][51.705s][info][gc,task     ] GC(99) Using 2 workers of 2 for marking
[2024-04-09T14:07:30.670+0300][51.949s][info][gc,marking  ] GC(99) Concurrent Mark From Roots 244.037ms
[2024-04-09T14:07:30.671+0300][51.949s][info][gc,marking  ] GC(99) Concurrent Preclean
[2024-04-09T14:07:30.671+0300][51.950s][info][gc,marking  ] GC(99) Concurrent Preclean 0.599ms
[2024-04-09T14:07:30.672+0300][51.951s][info][gc,start    ] GC(99) Pause Remark
[2024-04-09T14:07:30.684+0300][51.963s][info][gc          ] GC(99) Pause Remark 760M->758M(1024M) 11.971ms
[2024-04-09T14:07:30.684+0300][51.963s][info][gc,cpu      ] GC(99) User=0.03s Sys=0.00s Real=0.02s
[2024-04-09T14:07:30.684+0300][51.963s][info][gc,marking  ] GC(99) Concurrent Mark 257.643ms
[2024-04-09T14:07:30.684+0300][51.963s][info][gc,marking  ] GC(99) Concurrent Rebuild Remembered Sets
[2024-04-09T14:07:30.717+0300][51.995s][info][gc,start    ] GC(100) Pause Young (Normal) (G1 Evacuation Pause)
[2024-04-09T14:07:30.717+0300][51.995s][info][gc,task     ] GC(100) Using 6 workers of 6 for evacuation
[2024-04-09T14:07:30.729+0300][52.007s][info][gc,phases   ] GC(100)   Pre Evacuate Collection Set: 0.1ms
[2024-04-09T14:07:30.729+0300][52.007s][info][gc,phases   ] GC(100)   Merge Heap Roots: 0.2ms
[2024-04-09T14:07:30.729+0300][52.007s][info][gc,phases   ] GC(100)   Evacuate Collection Set: 10.5ms
[2024-04-09T14:07:30.729+0300][52.007s][info][gc,phases   ] GC(100)   Post Evacuate Collection Set: 1.2ms
[2024-04-09T14:07:30.729+0300][52.007s][info][gc,phases   ] GC(100)   Other: 0.1ms
[2024-04-09T14:07:30.729+0300][52.007s][info][gc,heap     ] GC(100) Eden regions: 203->0(199)
[2024-04-09T14:07:30.729+0300][52.007s][info][gc,heap     ] GC(100) Survivor regions: 11->18(27)
[2024-04-09T14:07:30.729+0300][52.007s][info][gc,heap     ] GC(100) Old regions: 537->537
[2024-04-09T14:07:30.729+0300][52.007s][info][gc,heap     ] GC(100) Archive regions: 2->2
[2024-04-09T14:07:30.729+0300][52.007s][info][gc,heap     ] GC(100) Humongous regions: 29->29
[2024-04-09T14:07:30.729+0300][52.007s][info][gc,metaspace] GC(100) Metaspace: 382891K(392704K)->382891K(392704K) NonClass: 335849K(340800K)->335849K(340800K) Class: 47041K(51904K)->47041K(51904K)
[2024-04-09T14:07:30.729+0300][52.008s][info][gc          ] GC(100) Pause Young (Normal) (G1 Evacuation Pause) 780M->584M(1024M) 12.215ms
[2024-04-09T14:07:30.729+0300][52.008s][info][gc,cpu      ] GC(100) User=0.04s Sys=0.00s Real=0.01s
[2024-04-09T14:07:30.968+0300][52.247s][info][gc,marking  ] GC(99) Concurrent Rebuild Remembered Sets 283.960ms
[2024-04-09T14:07:30.968+0300][52.247s][info][gc,start    ] GC(99) Pause Cleanup
[2024-04-09T14:07:30.969+0300][52.247s][info][gc          ] GC(99) Pause Cleanup 678M->678M(1024M) 0.282ms
[2024-04-09T14:07:30.969+0300][52.247s][info][gc,cpu      ] GC(99) User=0.00s Sys=0.00s Real=0.00s
[2024-04-09T14:07:30.969+0300][52.247s][info][gc,marking  ] GC(99) Concurrent Cleanup for Next Mark
[2024-04-09T14:07:30.970+0300][52.248s][info][gc,marking  ] GC(99) Concurrent Cleanup for Next Mark 1.123ms
[2024-04-09T14:07:30.970+0300][52.248s][info][gc          ] GC(99) Concurrent Mark Cycle 548.984ms
[2024-04-09T14:07:31.125+0300][52.404s][info][gc,start    ] GC(101) Pause Young (Prepare Mixed) (G1 Evacuation Pause)
[2024-04-09T14:07:31.125+0300][52.404s][info][gc,task     ] GC(101) Using 6 workers of 6 for evacuation
[2024-04-09T14:07:31.140+0300][52.418s][info][gc,phases   ] GC(101)   Pre Evacuate Collection Set: 0.2ms
[2024-04-09T14:07:31.140+0300][52.418s][info][gc,phases   ] GC(101)   Merge Heap Roots: 0.3ms
[2024-04-09T14:07:31.140+0300][52.418s][info][gc,phases   ] GC(101)   Evacuate Collection Set: 11.6ms
[2024-04-09T14:07:31.140+0300][52.418s][info][gc,phases   ] GC(101)   Post Evacuate Collection Set: 2.1ms
[2024-04-09T14:07:31.140+0300][52.418s][info][gc,phases   ] GC(101)   Other: 0.1ms
[2024-04-09T14:07:31.140+0300][52.418s][info][gc,heap     ] GC(101) Eden regions: 199->0(34)
[2024-04-09T14:07:31.140+0300][52.418s][info][gc,heap     ] GC(101) Survivor regions: 18->17(28)
[2024-04-09T14:07:31.140+0300][52.418s][info][gc,heap     ] GC(101) Old regions: 537->541
[2024-04-09T14:07:31.140+0300][52.418s][info][gc,heap     ] GC(101) Archive regions: 2->2
[2024-04-09T14:07:31.140+0300][52.418s][info][gc,heap     ] GC(101) Humongous regions: 29->29
[2024-04-09T14:07:31.140+0300][52.418s][info][gc,metaspace] GC(101) Metaspace: 383131K(392960K)->383131K(392960K) NonClass: 336063K(341056K)->336063K(341056K) Class: 47068K(51904K)->47068K(51904K)
[2024-04-09T14:07:31.140+0300][52.418s][info][gc          ] GC(101) Pause Young (Prepare Mixed) (G1 Evacuation Pause) 783M->587M(1024M) 14.394ms
[2024-04-09T14:07:31.140+0300][52.419s][info][gc,cpu      ] GC(101) User=0.05s Sys=0.00s Real=0.01s
[2024-04-09T14:07:31.229+0300][52.508s][info][gc,start    ] GC(102) Pause Young (Mixed) (G1 Evacuation Pause)
[2024-04-09T14:07:31.229+0300][52.508s][info][gc,task     ] GC(102) Using 6 workers of 6 for evacuation
[2024-04-09T14:07:31.240+0300][52.518s][info][gc,phases   ] GC(102)   Pre Evacuate Collection Set: 0.1ms
[2024-04-09T14:07:31.240+0300][52.519s][info][gc,phases   ] GC(102)   Merge Heap Roots: 0.1ms
[2024-04-09T14:07:31.240+0300][52.519s][info][gc,phases   ] GC(102)   Evacuate Collection Set: 9.1ms
[2024-04-09T14:07:31.240+0300][52.519s][info][gc,phases   ] GC(102)   Post Evacuate Collection Set: 1.5ms
[2024-04-09T14:07:31.240+0300][52.519s][info][gc,phases   ] GC(102)   Other: 0.1ms
[2024-04-09T14:07:31.240+0300][52.519s][info][gc,heap     ] GC(102) Eden regions: 34->0(208)
[2024-04-09T14:07:31.240+0300][52.519s][info][gc,heap     ] GC(102) Survivor regions: 17->6(7)
[2024-04-09T14:07:31.240+0300][52.519s][info][gc,heap     ] GC(102) Old regions: 541->531
[2024-04-09T14:07:31.240+0300][52.519s][info][gc,heap     ] GC(102) Archive regions: 2->2
[2024-04-09T14:07:31.240+0300][52.519s][info][gc,heap     ] GC(102) Humongous regions: 29->29
[2024-04-09T14:07:31.240+0300][52.519s][info][gc,metaspace] GC(102) Metaspace: 383133K(392960K)->383133K(392960K) NonClass: 336064K(341056K)->336064K(341056K) Class: 47068K(51904K)->47068K(51904K)
[2024-04-09T14:07:31.240+0300][52.519s][info][gc          ] GC(102) Pause Young (Mixed) (G1 Evacuation Pause) 621M->565M(1024M) 11.071ms
[2024-04-09T14:07:31.240+0300][52.519s][info][gc,cpu      ] GC(102) User=0.04s Sys=0.00s Real=0.01s
[2024-04-09T14:07:31.674+0300][52.953s][info][gc,start    ] GC(103) Pause Young (Normal) (G1 Evacuation Pause)
[2024-04-09T14:07:31.674+0300][52.953s][info][gc,task     ] GC(103) Using 6 workers of 6 for evacuation
[2024-04-09T14:07:31.680+0300][52.959s][info][gc,phases   ] GC(103)   Pre Evacuate Collection Set: 0.2ms
[2024-04-09T14:07:31.680+0300][52.959s][info][gc,phases   ] GC(103)   Merge Heap Roots: 0.2ms
[2024-04-09T14:07:31.680+0300][52.959s][info][gc,phases   ] GC(103)   Evacuate Collection Set: 4.0ms
[2024-04-09T14:07:31.680+0300][52.959s][info][gc,phases   ] GC(103)   Post Evacuate Collection Set: 1.4ms
[2024-04-09T14:07:31.680+0300][52.959s][info][gc,phases   ] GC(103)   Other: 0.1ms
[2024-04-09T14:07:31.680+0300][52.959s][info][gc,heap     ] GC(103) Eden regions: 208->0(210)
[2024-04-09T14:07:31.680+0300][52.959s][info][gc,heap     ] GC(103) Survivor regions: 6->8(27)
[2024-04-09T14:07:31.680+0300][52.959s][info][gc,heap     ] GC(103) Old regions: 531->531
[2024-04-09T14:07:31.680+0300][52.959s][info][gc,heap     ] GC(103) Archive regions: 2->2
[2024-04-09T14:07:31.680+0300][52.959s][info][gc,heap     ] GC(103) Humongous regions: 29->29
[2024-04-09T14:07:31.680+0300][52.959s][info][gc,metaspace] GC(103) Metaspace: 383133K(392960K)->383133K(392960K) NonClass: 336064K(341056K)->336064K(341056K) Class: 47068K(51904K)->47068K(51904K)
[2024-04-09T14:07:31.680+0300][52.959s][info][gc          ] GC(103) Pause Young (Normal) (G1 Evacuation Pause) 773M->568M(1024M) 6.027ms
[2024-04-09T14:07:31.680+0300][52.959s][info][gc,cpu      ] GC(103) User=0.03s Sys=0.00s Real=0.00s
[2024-04-09T14:07:32.079+0300][53.358s][info][gc,start    ] GC(104) Pause Young (Normal) (G1 Evacuation Pause)
[2024-04-09T14:07:32.079+0300][53.358s][info][gc,task     ] GC(104) Using 6 workers of 6 for evacuation
[2024-04-09T14:07:32.087+0300][53.366s][info][gc,phases   ] GC(104)   Pre Evacuate Collection Set: 0.2ms
[2024-04-09T14:07:32.087+0300][53.366s][info][gc,phases   ] GC(104)   Merge Heap Roots: 0.1ms
[2024-04-09T14:07:32.087+0300][53.366s][info][gc,phases   ] GC(104)   Evacuate Collection Set: 6.1ms
[2024-04-09T14:07:32.087+0300][53.366s][info][gc,phases   ] GC(104)   Post Evacuate Collection Set: 2.0ms
[2024-04-09T14:07:32.087+0300][53.366s][info][gc,phases   ] GC(104)   Other: 0.1ms
[2024-04-09T14:07:32.087+0300][53.366s][info][gc,heap     ] GC(104) Eden regions: 210->0(210)
[2024-04-09T14:07:32.087+0300][53.366s][info][gc,heap     ] GC(104) Survivor regions: 8->12(28)
[2024-04-09T14:07:32.087+0300][53.366s][info][gc,heap     ] GC(104) Old regions: 531->531
[2024-04-09T14:07:32.087+0300][53.366s][info][gc,heap     ] GC(104) Archive regions: 2->2
[2024-04-09T14:07:32.087+0300][53.366s][info][gc,heap     ] GC(104) Humongous regions: 29->29
[2024-04-09T14:07:32.087+0300][53.366s][info][gc,metaspace] GC(104) Metaspace: 383149K(392960K)->383149K(392960K) NonClass: 336078K(341056K)->336078K(341056K) Class: 47071K(51904K)->47071K(51904K)
[2024-04-09T14:07:32.087+0300][53.366s][info][gc          ] GC(104) Pause Young (Normal) (G1 Evacuation Pause) 778M->572M(1024M) 8.605ms
[2024-04-09T14:07:32.087+0300][53.366s][info][gc,cpu      ] GC(104) User=0.02s Sys=0.00s Real=0.01s
[2024-04-09T14:07:32.538+0300][53.817s][info][gc,start    ] GC(105) Pause Young (Concurrent Start) (G1 Evacuation Pause)
[2024-04-09T14:07:32.538+0300][53.817s][info][gc,task     ] GC(105) Using 6 workers of 6 for evacuation
[2024-04-09T14:07:32.549+0300][53.828s][info][gc,phases   ] GC(105)   Pre Evacuate Collection Set: 1.0ms
[2024-04-09T14:07:32.549+0300][53.828s][info][gc,phases   ] GC(105)   Merge Heap Roots: 0.1ms
[2024-04-09T14:07:32.549+0300][53.828s][info][gc,phases   ] GC(105)   Evacuate Collection Set: 8.4ms
[2024-04-09T14:07:32.549+0300][53.828s][info][gc,phases   ] GC(105)   Post Evacuate Collection Set: 1.3ms
[2024-04-09T14:07:32.549+0300][53.828s][info][gc,phases   ] GC(105)   Other: 0.2ms
[2024-04-09T14:07:32.549+0300][53.828s][info][gc,heap     ] GC(105) Eden regions: 210->0(200)
[2024-04-09T14:07:32.549+0300][53.828s][info][gc,heap     ] GC(105) Survivor regions: 12->21(28)
[2024-04-09T14:07:32.549+0300][53.828s][info][gc,heap     ] GC(105) Old regions: 531->531
[2024-04-09T14:07:32.549+0300][53.828s][info][gc,heap     ] GC(105) Archive regions: 2->2
[2024-04-09T14:07:32.549+0300][53.828s][info][gc,heap     ] GC(105) Humongous regions: 29->29
[2024-04-09T14:07:32.549+0300][53.828s][info][gc,metaspace] GC(105) Metaspace: 383154K(392960K)->383154K(392960K) NonClass: 336082K(341056K)->336082K(341056K) Class: 47071K(51904K)->47071K(51904K)
[2024-04-09T14:07:32.549+0300][53.828s][info][gc          ] GC(105) Pause Young (Concurrent Start) (G1 Evacuation Pause) 782M->580M(1024M) 11.076ms
[2024-04-09T14:07:32.549+0300][53.828s][info][gc,cpu      ] GC(105) User=0.04s Sys=0.00s Real=0.01s
[2024-04-09T14:07:32.549+0300][53.828s][info][gc          ] GC(106) Concurrent Mark Cycle
[2024-04-09T14:07:32.550+0300][53.828s][info][gc,marking  ] GC(106) Concurrent Clear Claimed Marks
[2024-04-09T14:07:32.550+0300][53.829s][info][gc,marking  ] GC(106) Concurrent Clear Claimed Marks 0.744ms
[2024-04-09T14:07:32.550+0300][53.829s][info][gc,marking  ] GC(106) Concurrent Scan Root Regions
[2024-04-09T14:07:32.556+0300][53.835s][info][gc,marking  ] GC(106) Concurrent Scan Root Regions 5.767ms
[2024-04-09T14:07:32.556+0300][53.835s][info][gc,marking  ] GC(106) Concurrent Mark
[2024-04-09T14:07:32.556+0300][53.835s][info][gc,marking  ] GC(106) Concurrent Mark From Roots
[2024-04-09T14:07:32.556+0300][53.835s][info][gc,task     ] GC(106) Using 2 workers of 2 for marking
[2024-04-09T14:07:32.781+0300][54.060s][info][gc,marking  ] GC(106) Concurrent Mark From Roots 225.321ms
[2024-04-09T14:07:32.781+0300][54.060s][info][gc,marking  ] GC(106) Concurrent Preclean
[2024-04-09T14:07:32.782+0300][54.061s][info][gc,marking  ] GC(106) Concurrent Preclean 0.549ms
[2024-04-09T14:07:32.782+0300][54.061s][info][gc,start    ] GC(106) Pause Remark
[2024-04-09T14:07:32.814+0300][54.093s][info][gc          ] GC(106) Pause Remark 722M->722M(1024M) 32.128ms
[2024-04-09T14:07:32.814+0300][54.093s][info][gc,cpu      ] GC(106) User=0.12s Sys=0.00s Real=0.03s
[2024-04-09T14:07:32.815+0300][54.093s][info][gc,marking  ] GC(106) Concurrent Mark 258.515ms
[2024-04-09T14:07:32.815+0300][54.093s][info][gc,marking  ] GC(106) Concurrent Rebuild Remembered Sets
[2024-04-09T14:07:33.030+0300][54.309s][info][gc,start    ] GC(107) Pause Young (Normal) (G1 Evacuation Pause)
[2024-04-09T14:07:33.030+0300][54.309s][info][gc,task     ] GC(107) Using 6 workers of 6 for evacuation
[2024-04-09T14:07:33.043+0300][54.322s][info][gc,phases   ] GC(107)   Pre Evacuate Collection Set: 0.1ms
[2024-04-09T14:07:33.043+0300][54.322s][info][gc,phases   ] GC(107)   Merge Heap Roots: 0.1ms
[2024-04-09T14:07:33.043+0300][54.322s][info][gc,phases   ] GC(107)   Evacuate Collection Set: 11.2ms
[2024-04-09T14:07:33.043+0300][54.322s][info][gc,phases   ] GC(107)   Post Evacuate Collection Set: 1.5ms
[2024-04-09T14:07:33.043+0300][54.322s][info][gc,phases   ] GC(107)   Other: 0.1ms
[2024-04-09T14:07:33.043+0300][54.322s][info][gc,heap     ] GC(107) Eden regions: 200->0(197)
[2024-04-09T14:07:33.043+0300][54.322s][info][gc,heap     ] GC(107) Survivor regions: 21->19(28)
[2024-04-09T14:07:33.043+0300][54.322s][info][gc,heap     ] GC(107) Old regions: 531->537
[2024-04-09T14:07:33.043+0300][54.322s][info][gc,heap     ] GC(107) Archive regions: 2->2
[2024-04-09T14:07:33.043+0300][54.322s][info][gc,heap     ] GC(107) Humongous regions: 29->29
[2024-04-09T14:07:33.043+0300][54.322s][info][gc,metaspace] GC(107) Metaspace: 383192K(393024K)->383192K(393024K) NonClass: 336112K(341120K)->336112K(341120K) Class: 47079K(51904K)->47079K(51904K)
[2024-04-09T14:07:33.043+0300][54.322s][info][gc          ] GC(107) Pause Young (Normal) (G1 Evacuation Pause) 780M->585M(1024M) 13.096ms
[2024-04-09T14:07:33.043+0300][54.322s][info][gc,cpu      ] GC(107) User=0.05s Sys=0.00s Real=0.02s
[2024-04-09T14:07:33.110+0300][54.388s][info][gc,marking  ] GC(106) Concurrent Rebuild Remembered Sets 295.081ms
[2024-04-09T14:07:33.110+0300][54.389s][info][gc,start    ] GC(106) Pause Cleanup
[2024-04-09T14:07:33.110+0300][54.389s][info][gc          ] GC(106) Pause Cleanup 625M->625M(1024M) 0.295ms
[2024-04-09T14:07:33.110+0300][54.389s][info][gc,cpu      ] GC(106) User=0.00s Sys=0.00s Real=0.00s
[2024-04-09T14:07:33.110+0300][54.389s][info][gc,marking  ] GC(106) Concurrent Cleanup for Next Mark
[2024-04-09T14:07:33.111+0300][54.390s][info][gc,marking  ] GC(106) Concurrent Cleanup for Next Mark 1.089ms
[2024-04-09T14:07:33.111+0300][54.390s][info][gc          ] GC(106) Concurrent Mark Cycle 561.807ms
[2024-04-09T14:07:33.446+0300][54.724s][info][gc,start    ] GC(108) Pause Young (Prepare Mixed) (G1 Evacuation Pause)
[2024-04-09T14:07:33.446+0300][54.724s][info][gc,task     ] GC(108) Using 6 workers of 6 for evacuation
[2024-04-09T14:07:33.456+0300][54.735s][info][gc,phases   ] GC(108)   Pre Evacuate Collection Set: 0.1ms
[2024-04-09T14:07:33.456+0300][54.735s][info][gc,phases   ] GC(108)   Merge Heap Roots: 0.1ms
[2024-04-09T14:07:33.456+0300][54.735s][info][gc,phases   ] GC(108)   Evacuate Collection Set: 8.8ms
[2024-04-09T14:07:33.456+0300][54.735s][info][gc,phases   ] GC(108)   Post Evacuate Collection Set: 1.5ms
[2024-04-09T14:07:33.456+0300][54.735s][info][gc,phases   ] GC(108)   Other: 0.1ms
[2024-04-09T14:07:33.456+0300][54.735s][info][gc,heap     ] GC(108) Eden regions: 197->0(41)
[2024-04-09T14:07:33.456+0300][54.735s][info][gc,heap     ] GC(108) Survivor regions: 19->10(27)
[2024-04-09T14:07:33.456+0300][54.735s][info][gc,heap     ] GC(108) Old regions: 537->546
[2024-04-09T14:07:33.456+0300][54.735s][info][gc,heap     ] GC(108) Archive regions: 2->2
[2024-04-09T14:07:33.456+0300][54.735s][info][gc,heap     ] GC(108) Humongous regions: 29->29
[2024-04-09T14:07:33.456+0300][54.735s][info][gc,metaspace] GC(108) Metaspace: 383219K(393024K)->383219K(393024K) NonClass: 336138K(341120K)->336138K(341120K) Class: 47081K(51904K)->47081K(51904K)
[2024-04-09T14:07:33.456+0300][54.735s][info][gc          ] GC(108) Pause Young (Prepare Mixed) (G1 Evacuation Pause) 782M->585M(1024M) 10.786ms
[2024-04-09T14:07:33.456+0300][54.735s][info][gc,cpu      ] GC(108) User=0.04s Sys=0.00s Real=0.01s
[2024-04-09T14:07:33.521+0300][54.799s][info][gc,start    ] GC(109) Pause Young (Mixed) (G1 Evacuation Pause)
[2024-04-09T14:07:33.521+0300][54.799s][info][gc,task     ] GC(109) Using 6 workers of 6 for evacuation
[2024-04-09T14:07:33.528+0300][54.807s][info][gc,phases   ] GC(109)   Pre Evacuate Collection Set: 0.4ms
[2024-04-09T14:07:33.528+0300][54.807s][info][gc,phases   ] GC(109)   Merge Heap Roots: 0.1ms
[2024-04-09T14:07:33.528+0300][54.807s][info][gc,phases   ] GC(109)   Evacuate Collection Set: 5.9ms
[2024-04-09T14:07:33.528+0300][54.807s][info][gc,phases   ] GC(109)   Post Evacuate Collection Set: 1.1ms
[2024-04-09T14:07:33.528+0300][54.807s][info][gc,phases   ] GC(109)   Other: 0.1ms
[2024-04-09T14:07:33.528+0300][54.807s][info][gc,heap     ] GC(109) Eden regions: 41->0(215)
[2024-04-09T14:07:33.528+0300][54.807s][info][gc,heap     ] GC(109) Survivor regions: 10->2(7)
[2024-04-09T14:07:33.528+0300][54.807s][info][gc,heap     ] GC(109) Old regions: 546->542
[2024-04-09T14:07:33.528+0300][54.807s][info][gc,heap     ] GC(109) Archive regions: 2->2
[2024-04-09T14:07:33.528+0300][54.807s][info][gc,heap     ] GC(109) Humongous regions: 29->29
[2024-04-09T14:07:33.528+0300][54.807s][info][gc,metaspace] GC(109) Metaspace: 383219K(393024K)->383219K(393024K) NonClass: 336138K(341120K)->336138K(341120K) Class: 47081K(51904K)->47081K(51904K)
[2024-04-09T14:07:33.528+0300][54.807s][info][gc          ] GC(109) Pause Young (Mixed) (G1 Evacuation Pause) 626M->573M(1024M) 7.697ms
[2024-04-09T14:07:33.528+0300][54.807s][info][gc,cpu      ] GC(109) User=0.04s Sys=0.00s Real=0.01s
[2024-04-09T14:07:33.955+0300][55.234s][info][gc,start    ] GC(110) Pause Young (Normal) (G1 Evacuation Pause)
[2024-04-09T14:07:33.955+0300][55.234s][info][gc,task     ] GC(110) Using 6 workers of 6 for evacuation
[2024-04-09T14:07:33.962+0300][55.241s][info][gc,phases   ] GC(110)   Pre Evacuate Collection Set: 0.2ms
[2024-04-09T14:07:33.962+0300][55.241s][info][gc,phases   ] GC(110)   Merge Heap Roots: 0.1ms
[2024-04-09T14:07:33.962+0300][55.241s][info][gc,phases   ] GC(110)   Evacuate Collection Set: 4.9ms
[2024-04-09T14:07:33.962+0300][55.241s][info][gc,phases   ] GC(110)   Post Evacuate Collection Set: 1.6ms
[2024-04-09T14:07:33.962+0300][55.241s][info][gc,phases   ] GC(110)   Other: 0.1ms
[2024-04-09T14:07:33.962+0300][55.241s][info][gc,heap     ] GC(110) Eden regions: 215->0(197)
[2024-04-09T14:07:33.962+0300][55.241s][info][gc,heap     ] GC(110) Survivor regions: 2->14(28)
[2024-04-09T14:07:33.962+0300][55.241s][info][gc,heap     ] GC(110) Old regions: 542->542
[2024-04-09T14:07:33.962+0300][55.241s][info][gc,heap     ] GC(110) Archive regions: 2->2
[2024-04-09T14:07:33.962+0300][55.241s][info][gc,heap     ] GC(110) Humongous regions: 29->29
[2024-04-09T14:07:33.962+0300][55.241s][info][gc,metaspace] GC(110) Metaspace: 383219K(393024K)->383219K(393024K) NonClass: 336138K(341120K)->336138K(341120K) Class: 47081K(51904K)->47081K(51904K)
[2024-04-09T14:07:33.962+0300][55.241s][info][gc          ] GC(110) Pause Young (Normal) (G1 Evacuation Pause) 788M->585M(1024M) 7.176ms
[2024-04-09T14:07:33.962+0300][55.241s][info][gc,cpu      ] GC(110) User=0.03s Sys=0.00s Real=0.01s
[2024-04-09T14:07:34.367+0300][55.646s][info][gc,start    ] GC(111) Pause Young (Normal) (G1 Evacuation Pause)
[2024-04-09T14:07:34.367+0300][55.646s][info][gc,task     ] GC(111) Using 6 workers of 6 for evacuation
[2024-04-09T14:07:34.376+0300][55.655s][info][gc,phases   ] GC(111)   Pre Evacuate Collection Set: 0.1ms
[2024-04-09T14:07:34.376+0300][55.655s][info][gc,phases   ] GC(111)   Merge Heap Roots: 0.2ms
[2024-04-09T14:07:34.376+0300][55.655s][info][gc,phases   ] GC(111)   Evacuate Collection Set: 7.1ms
[2024-04-09T14:07:34.376+0300][55.655s][info][gc,phases   ] GC(111)   Post Evacuate Collection Set: 1.9ms
[2024-04-09T14:07:34.376+0300][55.655s][info][gc,phases   ] GC(111)   Other: 0.1ms
[2024-04-09T14:07:34.376+0300][55.655s][info][gc,heap     ] GC(111) Eden regions: 197->0(194)
[2024-04-09T14:07:34.376+0300][55.655s][info][gc,heap     ] GC(111) Survivor regions: 14->9(27)
[2024-04-09T14:07:34.376+0300][55.655s][info][gc,heap     ] GC(111) Old regions: 542->552
[2024-04-09T14:07:34.376+0300][55.655s][info][gc,heap     ] GC(111) Archive regions: 2->2
[2024-04-09T14:07:34.376+0300][55.655s][info][gc,heap     ] GC(111) Humongous regions: 29->29
[2024-04-09T14:07:34.376+0300][55.655s][info][gc,metaspace] GC(111) Metaspace: 383223K(393024K)->383223K(393024K) NonClass: 336141K(341120K)->336141K(341120K) Class: 47082K(51904K)->47082K(51904K)
[2024-04-09T14:07:34.376+0300][55.655s][info][gc          ] GC(111) Pause Young (Normal) (G1 Evacuation Pause) 782M->590M(1024M) 9.529ms
[2024-04-09T14:07:34.376+0300][55.655s][info][gc,cpu      ] GC(111) User=0.04s Sys=0.00s Real=0.01s
[2024-04-09T14:07:34.788+0300][56.067s][info][gc,start    ] GC(112) Pause Young (Concurrent Start) (G1 Evacuation Pause)
[2024-04-09T14:07:34.788+0300][56.067s][info][gc,task     ] GC(112) Using 6 workers of 6 for evacuation
[2024-04-09T14:07:34.799+0300][56.078s][info][gc,phases   ] GC(112)   Pre Evacuate Collection Set: 1.6ms
[2024-04-09T14:07:34.799+0300][56.078s][info][gc,phases   ] GC(112)   Merge Heap Roots: 0.2ms
[2024-04-09T14:07:34.799+0300][56.078s][info][gc,phases   ] GC(112)   Evacuate Collection Set: 7.3ms
[2024-04-09T14:07:34.799+0300][56.078s][info][gc,phases   ] GC(112)   Post Evacuate Collection Set: 1.9ms
[2024-04-09T14:07:34.799+0300][56.078s][info][gc,phases   ] GC(112)   Other: 0.2ms
[2024-04-09T14:07:34.799+0300][56.078s][info][gc,heap     ] GC(112) Eden regions: 194->0(186)
[2024-04-09T14:07:34.799+0300][56.078s][info][gc,heap     ] GC(112) Survivor regions: 9->16(26)
[2024-04-09T14:07:34.799+0300][56.078s][info][gc,heap     ] GC(112) Old regions: 552->552
[2024-04-09T14:07:34.799+0300][56.078s][info][gc,heap     ] GC(112) Archive regions: 2->2
[2024-04-09T14:07:34.799+0300][56.078s][info][gc,heap     ] GC(112) Humongous regions: 29->29
[2024-04-09T14:07:34.799+0300][56.078s][info][gc,metaspace] GC(112) Metaspace: 383224K(393024K)->383224K(393024K) NonClass: 336142K(341120K)->336142K(341120K) Class: 47082K(51904K)->47082K(51904K)
[2024-04-09T14:07:34.799+0300][56.078s][info][gc          ] GC(112) Pause Young (Concurrent Start) (G1 Evacuation Pause) 784M->596M(1024M) 11.337ms
[2024-04-09T14:07:34.799+0300][56.078s][info][gc,cpu      ] GC(112) User=0.03s Sys=0.01s Real=0.01s
[2024-04-09T14:07:34.799+0300][56.078s][info][gc          ] GC(113) Concurrent Mark Cycle
[2024-04-09T14:07:34.799+0300][56.078s][info][gc,marking  ] GC(113) Concurrent Clear Claimed Marks
[2024-04-09T14:07:34.801+0300][56.080s][info][gc,marking  ] GC(113) Concurrent Clear Claimed Marks 2.054ms
[2024-04-09T14:07:34.801+0300][56.080s][info][gc,marking  ] GC(113) Concurrent Scan Root Regions
[2024-04-09T14:07:34.808+0300][56.087s][info][gc,marking  ] GC(113) Concurrent Scan Root Regions 6.982ms
[2024-04-09T14:07:34.808+0300][56.087s][info][gc,marking  ] GC(113) Concurrent Mark
[2024-04-09T14:07:34.808+0300][56.087s][info][gc,marking  ] GC(113) Concurrent Mark From Roots
[2024-04-09T14:07:34.808+0300][56.087s][info][gc,task     ] GC(113) Using 2 workers of 2 for marking
[2024-04-09T14:07:35.056+0300][56.334s][info][gc,marking  ] GC(113) Concurrent Mark From Roots 247.059ms
[2024-04-09T14:07:35.056+0300][56.334s][info][gc,marking  ] GC(113) Concurrent Preclean
[2024-04-09T14:07:35.056+0300][56.335s][info][gc,marking  ] GC(113) Concurrent Preclean 0.556ms
[2024-04-09T14:07:35.056+0300][56.335s][info][gc,start    ] GC(113) Pause Remark
[2024-04-09T14:07:35.067+0300][56.346s][info][gc          ] GC(113) Pause Remark 683M->683M(1024M) 11.112ms
[2024-04-09T14:07:35.068+0300][56.346s][info][gc,cpu      ] GC(113) User=0.03s Sys=0.00s Real=0.01s
[2024-04-09T14:07:35.068+0300][56.346s][info][gc,marking  ] GC(113) Concurrent Mark 259.150ms
[2024-04-09T14:07:35.068+0300][56.346s][info][gc,marking  ] GC(113) Concurrent Rebuild Remembered Sets
[2024-04-09T14:07:35.253+0300][56.532s][info][gc,start    ] GC(114) Pause Young (Normal) (G1 Evacuation Pause)
[2024-04-09T14:07:35.253+0300][56.532s][info][gc,task     ] GC(114) Using 6 workers of 6 for evacuation
[2024-04-09T14:07:35.262+0300][56.541s][info][gc,phases   ] GC(114)   Pre Evacuate Collection Set: 0.1ms
[2024-04-09T14:07:35.262+0300][56.541s][info][gc,phases   ] GC(114)   Merge Heap Roots: 0.1ms
[2024-04-09T14:07:35.262+0300][56.541s][info][gc,phases   ] GC(114)   Evacuate Collection Set: 7.2ms
[2024-04-09T14:07:35.262+0300][56.541s][info][gc,phases   ] GC(114)   Post Evacuate Collection Set: 1.5ms
[2024-04-09T14:07:35.262+0300][56.541s][info][gc,phases   ] GC(114)   Other: 0.1ms
[2024-04-09T14:07:35.262+0300][56.541s][info][gc,heap     ] GC(114) Eden regions: 186->0(182)
[2024-04-09T14:07:35.262+0300][56.541s][info][gc,heap     ] GC(114) Survivor regions: 16->16(26)
[2024-04-09T14:07:35.262+0300][56.541s][info][gc,heap     ] GC(114) Old regions: 552->556
[2024-04-09T14:07:35.262+0300][56.541s][info][gc,heap     ] GC(114) Archive regions: 2->2
[2024-04-09T14:07:35.262+0300][56.541s][info][gc,heap     ] GC(114) Humongous regions: 29->29
[2024-04-09T14:07:35.262+0300][56.541s][info][gc,metaspace] GC(114) Metaspace: 383226K(393024K)->383226K(393024K) NonClass: 336144K(341120K)->336144K(341120K) Class: 47082K(51904K)->47082K(51904K)
[2024-04-09T14:07:35.262+0300][56.541s][info][gc          ] GC(114) Pause Young (Normal) (G1 Evacuation Pause) 782M->601M(1024M) 9.113ms
[2024-04-09T14:07:35.262+0300][56.541s][info][gc,cpu      ] GC(114) User=0.04s Sys=0.00s Real=0.01s
[2024-04-09T14:07:35.345+0300][56.624s][info][gc,marking  ] GC(113) Concurrent Rebuild Remembered Sets 277.418ms
[2024-04-09T14:07:35.345+0300][56.624s][info][gc,start    ] GC(113) Pause Cleanup
[2024-04-09T14:07:35.346+0300][56.624s][info][gc          ] GC(113) Pause Cleanup 652M->652M(1024M) 0.304ms
[2024-04-09T14:07:35.346+0300][56.624s][info][gc,cpu      ] GC(113) User=0.00s Sys=0.00s Real=0.00s
[2024-04-09T14:07:35.346+0300][56.624s][info][gc,marking  ] GC(113) Concurrent Cleanup for Next Mark
[2024-04-09T14:07:35.347+0300][56.625s][info][gc,marking  ] GC(113) Concurrent Cleanup for Next Mark 1.088ms
[2024-04-09T14:07:35.347+0300][56.625s][info][gc          ] GC(113) Concurrent Mark Cycle 547.336ms
[2024-04-09T14:07:35.678+0300][56.956s][info][gc,start    ] GC(115) Pause Young (Prepare Mixed) (G1 Evacuation Pause)
[2024-04-09T14:07:35.678+0300][56.956s][info][gc,task     ] GC(115) Using 6 workers of 6 for evacuation
[2024-04-09T14:07:35.691+0300][56.970s][info][gc,phases   ] GC(115)   Pre Evacuate Collection Set: 0.2ms
[2024-04-09T14:07:35.691+0300][56.970s][info][gc,phases   ] GC(115)   Merge Heap Roots: 0.2ms
[2024-04-09T14:07:35.691+0300][56.970s][info][gc,phases   ] GC(115)   Evacuate Collection Set: 10.4ms
[2024-04-09T14:07:35.691+0300][56.970s][info][gc,phases   ] GC(115)   Post Evacuate Collection Set: 2.8ms
[2024-04-09T14:07:35.691+0300][56.970s][info][gc,phases   ] GC(115)   Other: 0.2ms
[2024-04-09T14:07:35.691+0300][56.970s][info][gc,heap     ] GC(115) Eden regions: 182->0(36)
[2024-04-09T14:07:35.691+0300][56.970s][info][gc,heap     ] GC(115) Survivor regions: 16->15(25)
[2024-04-09T14:07:35.691+0300][56.970s][info][gc,heap     ] GC(115) Old regions: 556->562
[2024-04-09T14:07:35.691+0300][56.970s][info][gc,heap     ] GC(115) Archive regions: 2->2
[2024-04-09T14:07:35.691+0300][56.970s][info][gc,heap     ] GC(115) Humongous regions: 29->29
[2024-04-09T14:07:35.691+0300][56.970s][info][gc,metaspace] GC(115) Metaspace: 383227K(393024K)->383227K(393024K) NonClass: 336145K(341120K)->336145K(341120K) Class: 47082K(51904K)->47082K(51904K)
[2024-04-09T14:07:35.691+0300][56.970s][info][gc          ] GC(115) Pause Young (Prepare Mixed) (G1 Evacuation Pause) 783M->606M(1024M) 13.816ms
[2024-04-09T14:07:35.691+0300][56.970s][info][gc,cpu      ] GC(115) User=0.05s Sys=0.00s Real=0.01s
[2024-04-09T14:07:35.748+0300][57.027s][info][gc,start    ] GC(116) Pause Young (Mixed) (G1 Evacuation Pause)
[2024-04-09T14:07:35.748+0300][57.027s][info][gc,task     ] GC(116) Using 6 workers of 6 for evacuation
[2024-04-09T14:07:35.759+0300][57.038s][info][gc,phases   ] GC(116)   Pre Evacuate Collection Set: 0.2ms
[2024-04-09T14:07:35.759+0300][57.038s][info][gc,phases   ] GC(116)   Merge Heap Roots: 0.1ms
[2024-04-09T14:07:35.759+0300][57.038s][info][gc,phases   ] GC(116)   Evacuate Collection Set: 8.6ms
[2024-04-09T14:07:35.759+0300][57.038s][info][gc,phases   ] GC(116)   Post Evacuate Collection Set: 1.5ms
[2024-04-09T14:07:35.759+0300][57.038s][info][gc,phases   ] GC(116)   Other: 0.1ms
[2024-04-09T14:07:35.759+0300][57.038s][info][gc,heap     ] GC(116) Eden regions: 36->0(185)
[2024-04-09T14:07:35.759+0300][57.038s][info][gc,heap     ] GC(116) Survivor regions: 15->3(7)
[2024-04-09T14:07:35.759+0300][57.038s][info][gc,heap     ] GC(116) Old regions: 562->565
[2024-04-09T14:07:35.759+0300][57.038s][info][gc,heap     ] GC(116) Archive regions: 2->2
[2024-04-09T14:07:35.759+0300][57.038s][info][gc,heap     ] GC(116) Humongous regions: 29->29
[2024-04-09T14:07:35.759+0300][57.038s][info][gc,metaspace] GC(116) Metaspace: 383227K(393024K)->383227K(393024K) NonClass: 336145K(341120K)->336145K(341120K) Class: 47082K(51904K)->47082K(51904K)
[2024-04-09T14:07:35.759+0300][57.038s][info][gc          ] GC(116) Pause Young (Mixed) (G1 Evacuation Pause) 642M->597M(1024M) 10.629ms
[2024-04-09T14:07:35.759+0300][57.038s][info][gc,cpu      ] GC(116) User=0.04s Sys=0.00s Real=0.01s
[2024-04-09T14:07:36.158+0300][57.436s][info][gc,start    ] GC(117) Pause Young (Normal) (G1 Evacuation Pause)
[2024-04-09T14:07:36.158+0300][57.436s][info][gc,task     ] GC(117) Using 6 workers of 6 for evacuation
[2024-04-09T14:07:36.163+0300][57.442s][info][gc,phases   ] GC(117)   Pre Evacuate Collection Set: 0.2ms
[2024-04-09T14:07:36.163+0300][57.442s][info][gc,phases   ] GC(117)   Merge Heap Roots: 0.0ms
[2024-04-09T14:07:36.163+0300][57.442s][info][gc,phases   ] GC(117)   Evacuate Collection Set: 3.8ms
[2024-04-09T14:07:36.163+0300][57.442s][info][gc,phases   ] GC(117)   Post Evacuate Collection Set: 1.5ms
[2024-04-09T14:07:36.163+0300][57.442s][info][gc,phases   ] GC(117)   Other: 0.1ms
[2024-04-09T14:07:36.163+0300][57.442s][info][gc,heap     ] GC(117) Eden regions: 185->0(174)
[2024-04-09T14:07:36.163+0300][57.442s][info][gc,heap     ] GC(117) Survivor regions: 3->13(24)
[2024-04-09T14:07:36.163+0300][57.442s][info][gc,heap     ] GC(117) Old regions: 565->565
[2024-04-09T14:07:36.163+0300][57.442s][info][gc,heap     ] GC(117) Archive regions: 2->2
[2024-04-09T14:07:36.163+0300][57.442s][info][gc,heap     ] GC(117) Humongous regions: 29->29
[2024-04-09T14:07:36.163+0300][57.442s][info][gc,metaspace] GC(117) Metaspace: 383228K(393024K)->383228K(393024K) NonClass: 336146K(341120K)->336146K(341120K) Class: 47082K(51904K)->47082K(51904K)
[2024-04-09T14:07:36.163+0300][57.442s][info][gc          ] GC(117) Pause Young (Normal) (G1 Evacuation Pause) 782M->607M(1024M) 5.701ms
[2024-04-09T14:07:36.163+0300][57.442s][info][gc,cpu      ] GC(117) User=0.03s Sys=0.00s Real=0.01s
[2024-04-09T14:07:36.552+0300][57.831s][info][gc,start    ] GC(118) Pause Young (Normal) (G1 Evacuation Pause)
[2024-04-09T14:07:36.552+0300][57.831s][info][gc,task     ] GC(118) Using 6 workers of 6 for evacuation
[2024-04-09T14:07:36.560+0300][57.838s][info][gc,phases   ] GC(118)   Pre Evacuate Collection Set: 0.1ms
[2024-04-09T14:07:36.560+0300][57.838s][info][gc,phases   ] GC(118)   Merge Heap Roots: 0.1ms
[2024-04-09T14:07:36.560+0300][57.838s][info][gc,phases   ] GC(118)   Evacuate Collection Set: 5.9ms
[2024-04-09T14:07:36.560+0300][57.838s][info][gc,phases   ] GC(118)   Post Evacuate Collection Set: 1.5ms
[2024-04-09T14:07:36.560+0300][57.838s][info][gc,phases   ] GC(118)   Other: 0.1ms
[2024-04-09T14:07:36.560+0300][57.838s][info][gc,heap     ] GC(118) Eden regions: 174->0(165)
[2024-04-09T14:07:36.560+0300][57.838s][info][gc,heap     ] GC(118) Survivor regions: 13->17(24)
[2024-04-09T14:07:36.560+0300][57.838s][info][gc,heap     ] GC(118) Old regions: 565->567
[2024-04-09T14:07:36.560+0300][57.838s][info][gc,heap     ] GC(118) Archive regions: 2->2
[2024-04-09T14:07:36.560+0300][57.838s][info][gc,heap     ] GC(118) Humongous regions: 29->29
[2024-04-09T14:07:36.560+0300][57.838s][info][gc,metaspace] GC(118) Metaspace: 383228K(393024K)->383228K(393024K) NonClass: 336146K(341120K)->336146K(341120K) Class: 47082K(51904K)->47082K(51904K)
[2024-04-09T14:07:36.560+0300][57.839s][info][gc          ] GC(118) Pause Young (Normal) (G1 Evacuation Pause) 781M->613M(1024M) 7.872ms
[2024-04-09T14:07:36.560+0300][57.839s][info][gc,cpu      ] GC(118) User=0.03s Sys=0.00s Real=0.01s
[2024-04-09T14:07:36.940+0300][58.218s][info][gc,start    ] GC(119) Pause Young (Concurrent Start) (G1 Evacuation Pause)
[2024-04-09T14:07:36.940+0300][58.218s][info][gc,task     ] GC(119) Using 6 workers of 6 for evacuation
[2024-04-09T14:07:36.965+0300][58.244s][info][gc,phases   ] GC(119)   Pre Evacuate Collection Set: 0.9ms
[2024-04-09T14:07:36.965+0300][58.244s][info][gc,phases   ] GC(119)   Merge Heap Roots: 0.1ms
[2024-04-09T14:07:36.965+0300][58.244s][info][gc,phases   ] GC(119)   Evacuate Collection Set: 7.0ms
[2024-04-09T14:07:36.965+0300][58.244s][info][gc,phases   ] GC(119)   Post Evacuate Collection Set: 17.0ms
[2024-04-09T14:07:36.965+0300][58.244s][info][gc,phases   ] GC(119)   Other: 0.1ms
[2024-04-09T14:07:36.965+0300][58.244s][info][gc,heap     ] GC(119) Eden regions: 165->0(165)
[2024-04-09T14:07:36.965+0300][58.244s][info][gc,heap     ] GC(119) Survivor regions: 17->14(23)
[2024-04-09T14:07:36.965+0300][58.244s][info][gc,heap     ] GC(119) Old regions: 567->571
[2024-04-09T14:07:36.965+0300][58.244s][info][gc,heap     ] GC(119) Archive regions: 2->2
[2024-04-09T14:07:36.965+0300][58.244s][info][gc,heap     ] GC(119) Humongous regions: 29->29
[2024-04-09T14:07:36.965+0300][58.244s][info][gc,metaspace] GC(119) Metaspace: 383228K(393024K)->383228K(393024K) NonClass: 336146K(341120K)->336146K(341120K) Class: 47082K(51904K)->47082K(51904K)
[2024-04-09T14:07:36.965+0300][58.244s][info][gc          ] GC(119) Pause Young (Concurrent Start) (G1 Evacuation Pause) 778M->614M(1024M) 25.262ms
[2024-04-09T14:07:36.965+0300][58.244s][info][gc          ] GC(120) Concurrent Mark Cycle
[2024-04-09T14:07:36.965+0300][58.244s][info][gc,marking  ] GC(120) Concurrent Clear Claimed Marks
[2024-04-09T14:07:36.966+0300][58.245s][info][gc,marking  ] GC(120) Concurrent Clear Claimed Marks 0.795ms
[2024-04-09T14:07:36.966+0300][58.245s][info][gc,marking  ] GC(120) Concurrent Scan Root Regions
[2024-04-09T14:07:36.965+0300][58.244s][info][gc,cpu      ] GC(119) User=0.04s Sys=0.01s Real=0.03s
[2024-04-09T14:07:36.971+0300][58.250s][info][gc,marking  ] GC(120) Concurrent Scan Root Regions 5.595ms
[2024-04-09T14:07:36.971+0300][58.250s][info][gc,marking  ] GC(120) Concurrent Mark
[2024-04-09T14:07:36.971+0300][58.250s][info][gc,marking  ] GC(120) Concurrent Mark From Roots
[2024-04-09T14:07:36.971+0300][58.250s][info][gc,task     ] GC(120) Using 2 workers of 2 for marking
[2024-04-09T14:07:37.275+0300][58.554s][info][gc,marking  ] GC(120) Concurrent Mark From Roots 303.430ms
[2024-04-09T14:07:37.275+0300][58.554s][info][gc,marking  ] GC(120) Concurrent Preclean
[2024-04-09T14:07:37.276+0300][58.554s][info][gc,marking  ] GC(120) Concurrent Preclean 0.657ms
[2024-04-09T14:07:37.276+0300][58.554s][info][gc,start    ] GC(120) Pause Remark
[2024-04-09T14:07:37.294+0300][58.573s][info][gc          ] GC(120) Pause Remark 706M->706M(1024M) 18.282ms
[2024-04-09T14:07:37.294+0300][58.573s][info][gc,cpu      ] GC(120) User=0.03s Sys=0.00s Real=0.02s
[2024-04-09T14:07:37.294+0300][58.573s][info][gc,marking  ] GC(120) Concurrent Mark 322.782ms
[2024-04-09T14:07:37.294+0300][58.573s][info][gc,marking  ] GC(120) Concurrent Rebuild Remembered Sets
[2024-04-09T14:07:37.478+0300][58.757s][info][gc,start    ] GC(121) Pause Young (Normal) (G1 Evacuation Pause)
[2024-04-09T14:07:37.478+0300][58.757s][info][gc,task     ] GC(121) Using 6 workers of 6 for evacuation
[2024-04-09T14:07:37.487+0300][58.765s][info][gc,phases   ] GC(121)   Pre Evacuate Collection Set: 0.1ms
[2024-04-09T14:07:37.487+0300][58.766s][info][gc,phases   ] GC(121)   Merge Heap Roots: 0.1ms
[2024-04-09T14:07:37.487+0300][58.766s][info][gc,phases   ] GC(121)   Evacuate Collection Set: 6.7ms
[2024-04-09T14:07:37.487+0300][58.766s][info][gc,phases   ] GC(121)   Post Evacuate Collection Set: 1.7ms
[2024-04-09T14:07:37.487+0300][58.766s][info][gc,phases   ] GC(121)   Other: 0.1ms
[2024-04-09T14:07:37.487+0300][58.766s][info][gc,heap     ] GC(121) Eden regions: 165->0(162)
[2024-04-09T14:07:37.487+0300][58.766s][info][gc,heap     ] GC(121) Survivor regions: 14->13(23)
[2024-04-09T14:07:37.487+0300][58.766s][info][gc,heap     ] GC(121) Old regions: 571->576
[2024-04-09T14:07:37.487+0300][58.766s][info][gc,heap     ] GC(121) Archive regions: 2->2
[2024-04-09T14:07:37.487+0300][58.766s][info][gc,heap     ] GC(121) Humongous regions: 29->29
[2024-04-09T14:07:37.487+0300][58.766s][info][gc,metaspace] GC(121) Metaspace: 383230K(393024K)->383230K(393024K) NonClass: 336148K(341120K)->336148K(341120K) Class: 47082K(51904K)->47082K(51904K)
[2024-04-09T14:07:37.487+0300][58.766s][info][gc          ] GC(121) Pause Young (Normal) (G1 Evacuation Pause) 779M->618M(1024M) 8.851ms
[2024-04-09T14:07:37.487+0300][58.766s][info][gc,cpu      ] GC(121) User=0.04s Sys=0.00s Real=0.01s
[2024-04-09T14:07:37.580+0300][58.858s][info][gc,marking  ] GC(120) Concurrent Rebuild Remembered Sets 285.394ms
[2024-04-09T14:07:37.580+0300][58.859s][info][gc,start    ] GC(120) Pause Cleanup
[2024-04-09T14:07:37.580+0300][58.859s][info][gc          ] GC(120) Pause Cleanup 678M->678M(1024M) 0.343ms
[2024-04-09T14:07:37.580+0300][58.859s][info][gc,cpu      ] GC(120) User=0.00s Sys=0.00s Real=0.00s
[2024-04-09T14:07:37.580+0300][58.859s][info][gc,marking  ] GC(120) Concurrent Cleanup for Next Mark
[2024-04-09T14:07:37.581+0300][58.860s][info][gc,marking  ] GC(120) Concurrent Cleanup for Next Mark 1.062ms
[2024-04-09T14:07:37.581+0300][58.860s][info][gc          ] GC(120) Concurrent Mark Cycle 616.401ms
[2024-04-09T14:08:00.044+0300][81.323s][info][gc,start    ] GC(122) Pause Young (Prepare Mixed) (G1 Evacuation Pause)
[2024-04-09T14:08:00.044+0300][81.323s][info][gc,task     ] GC(122) Using 6 workers of 6 for evacuation
[2024-04-09T14:08:00.068+0300][81.346s][info][gc,phases   ] GC(122)   Pre Evacuate Collection Set: 0.3ms
[2024-04-09T14:08:00.068+0300][81.346s][info][gc,phases   ] GC(122)   Merge Heap Roots: 0.3ms
[2024-04-09T14:08:00.068+0300][81.346s][info][gc,phases   ] GC(122)   Evacuate Collection Set: 20.3ms
[2024-04-09T14:08:00.068+0300][81.346s][info][gc,phases   ] GC(122)   Post Evacuate Collection Set: 2.5ms
[2024-04-09T14:08:00.068+0300][81.346s][info][gc,phases   ] GC(122)   Other: 0.1ms
[2024-04-09T14:08:00.068+0300][81.346s][info][gc,heap     ] GC(122) Eden regions: 162->0(41)
[2024-04-09T14:08:00.068+0300][81.346s][info][gc,heap     ] GC(122) Survivor regions: 13->10(22)
[2024-04-09T14:08:00.068+0300][81.346s][info][gc,heap     ] GC(122) Old regions: 576->580
[2024-04-09T14:08:00.068+0300][81.346s][info][gc,heap     ] GC(122) Archive regions: 2->2
[2024-04-09T14:08:00.068+0300][81.346s][info][gc,heap     ] GC(122) Humongous regions: 34->34
[2024-04-09T14:08:00.068+0300][81.346s][info][gc,metaspace] GC(122) Metaspace: 383692K(393600K)->383692K(393600K) NonClass: 336550K(341568K)->336550K(341568K) Class: 47141K(52032K)->47141K(52032K)
[2024-04-09T14:08:00.068+0300][81.346s][info][gc          ] GC(122) Pause Young (Prepare Mixed) (G1 Evacuation Pause) 785M->623M(1024M) 23.870ms
[2024-04-09T14:08:00.068+0300][81.346s][info][gc,cpu      ] GC(122) User=0.11s Sys=0.01s Real=0.02s
[2024-04-09T14:08:00.191+0300][81.470s][info][gc,start    ] GC(123) Pause Young (Mixed) (G1 Evacuation Pause)
[2024-04-09T14:08:00.191+0300][81.470s][info][gc,task     ] GC(123) Using 6 workers of 6 for evacuation
[2024-04-09T14:08:00.202+0300][81.481s][info][gc,phases   ] GC(123)   Pre Evacuate Collection Set: 0.2ms
[2024-04-09T14:08:00.202+0300][81.481s][info][gc,phases   ] GC(123)   Merge Heap Roots: 0.2ms
[2024-04-09T14:08:00.202+0300][81.481s][info][gc,phases   ] GC(123)   Evacuate Collection Set: 8.7ms
[2024-04-09T14:08:00.202+0300][81.481s][info][gc,phases   ] GC(123)   Post Evacuate Collection Set: 1.9ms
[2024-04-09T14:08:00.202+0300][81.481s][info][gc,phases   ] GC(123)   Other: 0.1ms
[2024-04-09T14:08:00.202+0300][81.481s][info][gc,heap     ] GC(123) Eden regions: 41->0(154)
[2024-04-09T14:08:00.202+0300][81.481s][info][gc,heap     ] GC(123) Survivor regions: 10->7(7)
[2024-04-09T14:08:00.202+0300][81.481s][info][gc,heap     ] GC(123) Old regions: 580->582
[2024-04-09T14:08:00.202+0300][81.481s][info][gc,heap     ] GC(123) Archive regions: 2->2
[2024-04-09T14:08:00.202+0300][81.481s][info][gc,heap     ] GC(123) Humongous regions: 35->35
[2024-04-09T14:08:00.203+0300][81.481s][info][gc,metaspace] GC(123) Metaspace: 384479K(394304K)->384479K(394304K) NonClass: 337223K(342208K)->337223K(342208K) Class: 47255K(52096K)->47255K(52096K)
[2024-04-09T14:08:00.203+0300][81.481s][info][gc          ] GC(123) Pause Young (Mixed) (G1 Evacuation Pause) 665M->624M(1024M) 11.242ms
[2024-04-09T14:08:00.203+0300][81.481s][info][gc,cpu      ] GC(123) User=0.07s Sys=0.00s Real=0.02s
[2024-04-09T14:08:12.983+0300][94.261s][info][gc,start    ] GC(124) Pause Young (Normal) (G1 Evacuation Pause)
[2024-04-09T14:08:12.983+0300][94.261s][info][gc,task     ] GC(124) Using 6 workers of 6 for evacuation
[2024-04-09T14:08:12.989+0300][94.268s][info][gc,phases   ] GC(124)   Pre Evacuate Collection Set: 0.2ms
[2024-04-09T14:08:12.989+0300][94.268s][info][gc,phases   ] GC(124)   Merge Heap Roots: 0.1ms
[2024-04-09T14:08:12.989+0300][94.268s][info][gc,phases   ] GC(124)   Evacuate Collection Set: 4.4ms
[2024-04-09T14:08:12.989+0300][94.268s][info][gc,phases   ] GC(124)   Post Evacuate Collection Set: 1.7ms
[2024-04-09T14:08:12.989+0300][94.268s][info][gc,phases   ] GC(124)   Other: 0.1ms
[2024-04-09T14:08:12.989+0300][94.268s][info][gc,heap     ] GC(124) Eden regions: 154->0(141)
[2024-04-09T14:08:12.989+0300][94.268s][info][gc,heap     ] GC(124) Survivor regions: 7->15(21)
[2024-04-09T14:08:12.989+0300][94.268s][info][gc,heap     ] GC(124) Old regions: 582->582
[2024-04-09T14:08:12.989+0300][94.268s][info][gc,heap     ] GC(124) Archive regions: 2->2
[2024-04-09T14:08:12.989+0300][94.268s][info][gc,heap     ] GC(124) Humongous regions: 37->37
[2024-04-09T14:08:12.989+0300][94.268s][info][gc,metaspace] GC(124) Metaspace: 384832K(394688K)->384832K(394688K) NonClass: 337524K(342528K)->337524K(342528K) Class: 47308K(52160K)->47308K(52160K)
[2024-04-09T14:08:12.989+0300][94.268s][info][gc          ] GC(124) Pause Young (Normal) (G1 Evacuation Pause) 780M->634M(1024M) 6.751ms
[2024-04-09T14:08:12.989+0300][94.268s][info][gc,cpu      ] GC(124) User=0.03s Sys=0.00s Real=0.00s
[2024-04-09T14:08:13.564+0300][94.842s][info][gc,start    ] GC(125) Pause Young (Normal) (G1 Evacuation Pause)
[2024-04-09T14:08:13.564+0300][94.842s][info][gc,task     ] GC(125) Using 6 workers of 6 for evacuation
[2024-04-09T14:08:13.572+0300][94.851s][info][gc,phases   ] GC(125)   Pre Evacuate Collection Set: 0.1ms
[2024-04-09T14:08:13.572+0300][94.851s][info][gc,phases   ] GC(125)   Merge Heap Roots: 0.1ms
[2024-04-09T14:08:13.572+0300][94.851s][info][gc,phases   ] GC(125)   Evacuate Collection Set: 6.3ms
[2024-04-09T14:08:13.572+0300][94.851s][info][gc,phases   ] GC(125)   Post Evacuate Collection Set: 1.5ms
[2024-04-09T14:08:13.572+0300][94.851s][info][gc,phases   ] GC(125)   Other: 0.2ms
[2024-04-09T14:08:13.572+0300][94.851s][info][gc,heap     ] GC(125) Eden regions: 141->0(141)
[2024-04-09T14:08:13.572+0300][94.851s][info][gc,heap     ] GC(125) Survivor regions: 15->7(20)
[2024-04-09T14:08:13.572+0300][94.851s][info][gc,heap     ] GC(125) Old regions: 582->594
[2024-04-09T14:08:13.572+0300][94.851s][info][gc,heap     ] GC(125) Archive regions: 2->2
[2024-04-09T14:08:13.572+0300][94.851s][info][gc,heap     ] GC(125) Humongous regions: 37->37
[2024-04-09T14:08:13.572+0300][94.851s][info][gc,metaspace] GC(125) Metaspace: 387080K(396928K)->387080K(396928K) NonClass: 339444K(344448K)->339444K(344448K) Class: 47635K(52480K)->47635K(52480K)
[2024-04-09T14:08:13.572+0300][94.851s][info][gc          ] GC(125) Pause Young (Normal) (G1 Evacuation Pause) 775M->638M(1024M) 8.356ms
[2024-04-09T14:08:13.572+0300][94.851s][info][gc,cpu      ] GC(125) User=0.04s Sys=0.00s Real=0.00s
[2024-04-09T14:08:13.965+0300][95.244s][info][gc,start    ] GC(126) Pause Young (Concurrent Start) (G1 Humongous Allocation)
[2024-04-09T14:08:13.965+0300][95.244s][info][gc,task     ] GC(126) Using 6 workers of 6 for evacuation
[2024-04-09T14:08:13.974+0300][95.253s][info][gc,phases   ] GC(126)   Pre Evacuate Collection Set: 1.3ms
[2024-04-09T14:08:13.974+0300][95.253s][info][gc,phases   ] GC(126)   Merge Heap Roots: 0.2ms
[2024-04-09T14:08:13.974+0300][95.253s][info][gc,phases   ] GC(126)   Evacuate Collection Set: 5.8ms
[2024-04-09T14:08:13.974+0300][95.253s][info][gc,phases   ] GC(126)   Post Evacuate Collection Set: 1.8ms
[2024-04-09T14:08:13.974+0300][95.253s][info][gc,phases   ] GC(126)   Other: 0.1ms
[2024-04-09T14:08:13.974+0300][95.253s][info][gc,heap     ] GC(126) Eden regions: 88->0(145)
[2024-04-09T14:08:13.974+0300][95.253s][info][gc,heap     ] GC(126) Survivor regions: 7->9(19)
[2024-04-09T14:08:13.974+0300][95.253s][info][gc,heap     ] GC(126) Old regions: 594->594
[2024-04-09T14:08:13.974+0300][95.253s][info][gc,heap     ] GC(126) Archive regions: 2->2
[2024-04-09T14:08:13.974+0300][95.253s][info][gc,heap     ] GC(126) Humongous regions: 37->37
[2024-04-09T14:08:13.974+0300][95.253s][info][gc,metaspace] GC(126) Metaspace: 389257K(399104K)->389257K(399104K) NonClass: 341312K(346304K)->341312K(346304K) Class: 47945K(52800K)->47945K(52800K)
[2024-04-09T14:08:13.974+0300][95.253s][info][gc          ] GC(126) Pause Young (Concurrent Start) (G1 Humongous Allocation) 726M->639M(1024M) 9.416ms
[2024-04-09T14:08:13.974+0300][95.253s][info][gc          ] GC(127) Concurrent Mark Cycle
[2024-04-09T14:08:13.974+0300][95.253s][info][gc,marking  ] GC(127) Concurrent Clear Claimed Marks
[2024-04-09T14:08:13.974+0300][95.253s][info][gc,cpu      ] GC(126) User=0.03s Sys=0.00s Real=0.01s
[2024-04-09T14:08:13.975+0300][95.254s][info][gc,marking  ] GC(127) Concurrent Clear Claimed Marks 0.861ms
[2024-04-09T14:08:13.975+0300][95.254s][info][gc,marking  ] GC(127) Concurrent Scan Root Regions
[2024-04-09T14:08:13.980+0300][95.259s][info][gc,marking  ] GC(127) Concurrent Scan Root Regions 4.905ms
[2024-04-09T14:08:13.980+0300][95.259s][info][gc,marking  ] GC(127) Concurrent Mark
[2024-04-09T14:08:13.980+0300][95.259s][info][gc,marking  ] GC(127) Concurrent Mark From Roots
[2024-04-09T14:08:13.980+0300][95.259s][info][gc,task     ] GC(127) Using 2 workers of 2 for marking
[2024-04-09T14:08:14.243+0300][95.521s][info][gc,marking  ] GC(127) Concurrent Mark From Roots 262.367ms
[2024-04-09T14:08:14.243+0300][95.521s][info][gc,marking  ] GC(127) Concurrent Preclean
[2024-04-09T14:08:14.243+0300][95.522s][info][gc,marking  ] GC(127) Concurrent Preclean 0.727ms
[2024-04-09T14:08:14.244+0300][95.523s][info][gc,start    ] GC(127) Pause Remark
[2024-04-09T14:08:14.259+0300][95.537s][info][gc          ] GC(127) Pause Remark 670M->661M(1024M) 14.259ms
[2024-04-09T14:08:14.259+0300][95.537s][info][gc,cpu      ] GC(127) User=0.04s Sys=0.00s Real=0.01s
[2024-04-09T14:08:14.259+0300][95.538s][info][gc,marking  ] GC(127) Concurrent Mark 278.719ms
[2024-04-09T14:08:14.259+0300][95.538s][info][gc,marking  ] GC(127) Concurrent Rebuild Remembered Sets
[2024-04-09T14:08:14.528+0300][95.807s][info][gc,marking  ] GC(127) Concurrent Rebuild Remembered Sets 269.258ms
[2024-04-09T14:08:14.529+0300][95.807s][info][gc,start    ] GC(127) Pause Cleanup
[2024-04-09T14:08:14.529+0300][95.808s][info][gc          ] GC(127) Pause Cleanup 737M->737M(1024M) 0.308ms
[2024-04-09T14:08:14.529+0300][95.808s][info][gc,cpu      ] GC(127) User=0.00s Sys=0.00s Real=0.00s
[2024-04-09T14:08:14.529+0300][95.808s][info][gc,marking  ] GC(127) Concurrent Cleanup for Next Mark
[2024-04-09T14:08:14.530+0300][95.809s][info][gc,marking  ] GC(127) Concurrent Cleanup for Next Mark 0.985ms
[2024-04-09T14:08:14.530+0300][95.809s][info][gc          ] GC(127) Concurrent Mark Cycle 555.606ms
[2024-04-09T14:08:14.580+0300][95.859s][info][gc,start    ] GC(128) Pause Young (Prepare Mixed) (G1 Evacuation Pause)
[2024-04-09T14:08:14.581+0300][95.859s][info][gc,task     ] GC(128) Using 6 workers of 6 for evacuation
[2024-04-09T14:08:14.588+0300][95.866s][info][gc,phases   ] GC(128)   Pre Evacuate Collection Set: 0.1ms
[2024-04-09T14:08:14.588+0300][95.866s][info][gc,phases   ] GC(128)   Merge Heap Roots: 0.2ms
[2024-04-09T14:08:14.588+0300][95.866s][info][gc,phases   ] GC(128)   Evacuate Collection Set: 5.5ms
[2024-04-09T14:08:14.588+0300][95.866s][info][gc,phases   ] GC(128)   Post Evacuate Collection Set: 1.3ms
[2024-04-09T14:08:14.588+0300][95.866s][info][gc,phases   ] GC(128)   Other: 0.1ms
[2024-04-09T14:08:14.588+0300][95.866s][info][gc,heap     ] GC(128) Eden regions: 145->0(40)
[2024-04-09T14:08:14.588+0300][95.866s][info][gc,heap     ] GC(128) Survivor regions: 9->11(20)
[2024-04-09T14:08:14.588+0300][95.866s][info][gc,heap     ] GC(128) Old regions: 593->593
[2024-04-09T14:08:14.588+0300][95.866s][info][gc,heap     ] GC(128) Archive regions: 2->2
[2024-04-09T14:08:14.588+0300][95.866s][info][gc,heap     ] GC(128) Humongous regions: 30->30
[2024-04-09T14:08:14.588+0300][95.866s][info][gc,metaspace] GC(128) Metaspace: 394974K(404864K)->394974K(404864K) NonClass: 346354K(351360K)->346354K(351360K) Class: 48619K(53504K)->48619K(53504K)
[2024-04-09T14:08:14.588+0300][95.866s][info][gc          ] GC(128) Pause Young (Prepare Mixed) (G1 Evacuation Pause) 776M->634M(1024M) 7.262ms
[2024-04-09T14:08:14.588+0300][95.866s][info][gc,cpu      ] GC(128) User=0.02s Sys=0.01s Real=0.01s
[2024-04-09T14:08:14.712+0300][95.991s][info][gc,start    ] GC(129) Pause Young (Mixed) (G1 Evacuation Pause)
[2024-04-09T14:08:14.712+0300][95.991s][info][gc,task     ] GC(129) Using 6 workers of 6 for evacuation
[2024-04-09T14:08:14.722+0300][96.001s][info][gc,phases   ] GC(129)   Pre Evacuate Collection Set: 0.2ms
[2024-04-09T14:08:14.722+0300][96.001s][info][gc,phases   ] GC(129)   Merge Heap Roots: 0.2ms
[2024-04-09T14:08:14.722+0300][96.001s][info][gc,phases   ] GC(129)   Evacuate Collection Set: 8.1ms
[2024-04-09T14:08:14.722+0300][96.001s][info][gc,phases   ] GC(129)   Post Evacuate Collection Set: 1.9ms
[2024-04-09T14:08:14.722+0300][96.001s][info][gc,phases   ] GC(129)   Other: 0.1ms
[2024-04-09T14:08:14.722+0300][96.001s][info][gc,heap     ] GC(129) Eden regions: 40->0(170)
[2024-04-09T14:08:14.722+0300][96.001s][info][gc,heap     ] GC(129) Survivor regions: 11->5(7)
[2024-04-09T14:08:14.722+0300][96.001s][info][gc,heap     ] GC(129) Old regions: 593->584
[2024-04-09T14:08:14.722+0300][96.001s][info][gc,heap     ] GC(129) Archive regions: 2->2
[2024-04-09T14:08:14.722+0300][96.001s][info][gc,heap     ] GC(129) Humongous regions: 30->30
[2024-04-09T14:08:14.722+0300][96.001s][info][gc,metaspace] GC(129) Metaspace: 396052K(405888K)->396052K(405888K) NonClass: 347275K(352256K)->347275K(352256K) Class: 48776K(53632K)->48776K(53632K)
[2024-04-09T14:08:14.722+0300][96.001s][info][gc          ] GC(129) Pause Young (Mixed) (G1 Evacuation Pause) 674M->618M(1024M) 10.511ms
[2024-04-09T14:08:14.722+0300][96.001s][info][gc,cpu      ] GC(129) User=0.05s Sys=0.00s Real=0.02s
[2024-04-09T14:08:15.352+0300][96.631s][info][gc,start    ] GC(130) Pause Young (Normal) (G1 Evacuation Pause)
[2024-04-09T14:08:15.352+0300][96.631s][info][gc,task     ] GC(130) Using 6 workers of 6 for evacuation
[2024-04-09T14:08:15.364+0300][96.643s][info][gc,phases   ] GC(130)   Pre Evacuate Collection Set: 0.7ms
[2024-04-09T14:08:15.364+0300][96.643s][info][gc,phases   ] GC(130)   Merge Heap Roots: 0.2ms
[2024-04-09T14:08:15.364+0300][96.643s][info][gc,phases   ] GC(130)   Evacuate Collection Set: 7.2ms
[2024-04-09T14:08:15.364+0300][96.643s][info][gc,phases   ] GC(130)   Post Evacuate Collection Set: 3.9ms
[2024-04-09T14:08:15.364+0300][96.643s][info][gc,phases   ] GC(130)   Other: 0.1ms
[2024-04-09T14:08:15.364+0300][96.643s][info][gc,heap     ] GC(130) Eden regions: 170->0(165)
[2024-04-09T14:08:15.364+0300][96.643s][info][gc,heap     ] GC(130) Survivor regions: 5->11(22)
[2024-04-09T14:08:15.364+0300][96.643s][info][gc,heap     ] GC(130) Old regions: 584->584
[2024-04-09T14:08:15.364+0300][96.643s][info][gc,heap     ] GC(130) Archive regions: 2->2
[2024-04-09T14:08:15.364+0300][96.643s][info][gc,heap     ] GC(130) Humongous regions: 30->30
[2024-04-09T14:08:15.364+0300][96.643s][info][gc,metaspace] GC(130) Metaspace: 401391K(411456K)->401391K(411456K) NonClass: 352021K(357120K)->352021K(357120K) Class: 49369K(54336K)->49369K(54336K)
[2024-04-09T14:08:15.364+0300][96.643s][info][gc          ] GC(130) Pause Young (Normal) (G1 Evacuation Pause) 788M->625M(1024M) 12.311ms
[2024-04-09T14:08:15.364+0300][96.643s][info][gc,cpu      ] GC(130) User=0.03s Sys=0.01s Real=0.02s
[2024-04-09T14:08:15.744+0300][97.023s][info][gc,start    ] GC(131) Pause Young (Normal) (G1 Evacuation Pause)
[2024-04-09T14:08:15.744+0300][97.023s][info][gc,task     ] GC(131) Using 6 workers of 6 for evacuation
[2024-04-09T14:08:15.757+0300][97.036s][info][gc,phases   ] GC(131)   Pre Evacuate Collection Set: 0.1ms
[2024-04-09T14:08:15.757+0300][97.036s][info][gc,phases   ] GC(131)   Merge Heap Roots: 0.1ms
[2024-04-09T14:08:15.757+0300][97.036s][info][gc,phases   ] GC(131)   Evacuate Collection Set: 9.9ms
[2024-04-09T14:08:15.757+0300][97.036s][info][gc,phases   ] GC(131)   Post Evacuate Collection Set: 2.4ms
[2024-04-09T14:08:15.757+0300][97.036s][info][gc,phases   ] GC(131)   Other: 0.1ms
[2024-04-09T14:08:15.757+0300][97.036s][info][gc,heap     ] GC(131) Eden regions: 165->0(161)
[2024-04-09T14:08:15.757+0300][97.036s][info][gc,heap     ] GC(131) Survivor regions: 11->16(22)
[2024-04-09T14:08:15.757+0300][97.036s][info][gc,heap     ] GC(131) Old regions: 584->584
[2024-04-09T14:08:15.757+0300][97.036s][info][gc,heap     ] GC(131) Archive regions: 2->2
[2024-04-09T14:08:15.757+0300][97.036s][info][gc,heap     ] GC(131) Humongous regions: 30->30
[2024-04-09T14:08:15.757+0300][97.036s][info][gc,metaspace] GC(131) Metaspace: 402521K(412608K)->402521K(412608K) NonClass: 352993K(358080K)->352993K(358080K) Class: 49528K(54528K)->49528K(54528K)
[2024-04-09T14:08:15.757+0300][97.036s][info][gc          ] GC(131) Pause Young (Normal) (G1 Evacuation Pause) 790M->630M(1024M) 12.897ms
[2024-04-09T14:08:15.757+0300][97.036s][info][gc,cpu      ] GC(131) User=0.04s Sys=0.01s Real=0.01s
[2024-04-09T14:08:16.181+0300][97.459s][info][gc,start    ] GC(132) Pause Young (Concurrent Start) (G1 Evacuation Pause)
[2024-04-09T14:08:16.181+0300][97.459s][info][gc,task     ] GC(132) Using 6 workers of 6 for evacuation
[2024-04-09T14:08:16.195+0300][97.474s][info][gc,phases   ] GC(132)   Pre Evacuate Collection Set: 1.0ms
[2024-04-09T14:08:16.195+0300][97.474s][info][gc,phases   ] GC(132)   Merge Heap Roots: 0.1ms
[2024-04-09T14:08:16.195+0300][97.474s][info][gc,phases   ] GC(132)   Evacuate Collection Set: 9.6ms
[2024-04-09T14:08:16.195+0300][97.474s][info][gc,phases   ] GC(132)   Post Evacuate Collection Set: 3.5ms
[2024-04-09T14:08:16.195+0300][97.474s][info][gc,phases   ] GC(132)   Other: 0.1ms
[2024-04-09T14:08:16.195+0300][97.474s][info][gc,heap     ] GC(132) Eden regions: 161->0(164)
[2024-04-09T14:08:16.195+0300][97.474s][info][gc,heap     ] GC(132) Survivor regions: 16->7(23)
[2024-04-09T14:08:16.195+0300][97.474s][info][gc,heap     ] GC(132) Old regions: 584->594
[2024-04-09T14:08:16.195+0300][97.474s][info][gc,heap     ] GC(132) Archive regions: 2->2
[2024-04-09T14:08:16.195+0300][97.474s][info][gc,heap     ] GC(132) Humongous regions: 30->30
[2024-04-09T14:08:16.195+0300][97.474s][info][gc,metaspace] GC(132) Metaspace: 402980K(413120K)->402980K(413120K) NonClass: 353410K(358528K)->353410K(358528K) Class: 49570K(54592K)->49570K(54592K)
[2024-04-09T14:08:16.195+0300][97.474s][info][gc          ] GC(132) Pause Young (Concurrent Start) (G1 Evacuation Pause) 791M->631M(1024M) 14.529ms
[2024-04-09T14:08:16.195+0300][97.474s][info][gc,cpu      ] GC(132) User=0.04s Sys=0.01s Real=0.02s
[2024-04-09T14:08:16.196+0300][97.475s][info][gc          ] GC(133) Concurrent Mark Cycle
[2024-04-09T14:08:16.196+0300][97.475s][info][gc,marking  ] GC(133) Concurrent Clear Claimed Marks
[2024-04-09T14:08:16.198+0300][97.477s][info][gc,marking  ] GC(133) Concurrent Clear Claimed Marks 1.935ms
[2024-04-09T14:08:16.198+0300][97.477s][info][gc,marking  ] GC(133) Concurrent Scan Root Regions
[2024-04-09T14:08:16.209+0300][97.488s][info][gc,marking  ] GC(133) Concurrent Scan Root Regions 11.079ms
[2024-04-09T14:08:16.209+0300][97.488s][info][gc,marking  ] GC(133) Concurrent Mark
[2024-04-09T14:08:16.209+0300][97.488s][info][gc,marking  ] GC(133) Concurrent Mark From Roots
[2024-04-09T14:08:16.209+0300][97.488s][info][gc,task     ] GC(133) Using 2 workers of 2 for marking
[2024-04-09T14:08:16.431+0300][97.710s][info][gc,start    ] GC(134) Pause Young (Normal) (G1 Evacuation Pause)
[2024-04-09T14:08:16.431+0300][97.710s][info][gc,task     ] GC(134) Using 6 workers of 6 for evacuation
[2024-04-09T14:08:16.443+0300][97.721s][info][gc,phases   ] GC(134)   Pre Evacuate Collection Set: 0.2ms
[2024-04-09T14:08:16.443+0300][97.721s][info][gc,phases   ] GC(134)   Merge Heap Roots: 0.1ms
[2024-04-09T14:08:16.443+0300][97.721s][info][gc,phases   ] GC(134)   Evacuate Collection Set: 8.1ms
[2024-04-09T14:08:16.443+0300][97.721s][info][gc,phases   ] GC(134)   Post Evacuate Collection Set: 2.8ms
[2024-04-09T14:08:16.443+0300][97.721s][info][gc,phases   ] GC(134)   Other: 0.1ms
[2024-04-09T14:08:16.443+0300][97.721s][info][gc,heap     ] GC(134) Eden regions: 164->0(165)
[2024-04-09T14:08:16.443+0300][97.721s][info][gc,heap     ] GC(134) Survivor regions: 7->9(22)
[2024-04-09T14:08:16.443+0300][97.721s][info][gc,heap     ] GC(134) Old regions: 594->594
[2024-04-09T14:08:16.443+0300][97.721s][info][gc,heap     ] GC(134) Archive regions: 2->2
[2024-04-09T14:08:16.443+0300][97.721s][info][gc,heap     ] GC(134) Humongous regions: 30->30
[2024-04-09T14:08:16.443+0300][97.721s][info][gc,metaspace] GC(134) Metaspace: 403328K(413440K)->403328K(413440K) NonClass: 353711K(358848K)->353711K(358848K) Class: 49616K(54592K)->49616K(54592K)
[2024-04-09T14:08:16.443+0300][97.721s][info][gc          ] GC(134) Pause Young (Normal) (G1 Evacuation Pause) 795M->632M(1024M) 11.306ms
[2024-04-09T14:08:16.443+0300][97.721s][info][gc,cpu      ] GC(134) User=0.03s Sys=0.01s Real=0.02s
[2024-04-09T14:08:16.657+0300][97.936s][info][gc,marking  ] GC(133) Concurrent Mark From Roots 448.327ms
[2024-04-09T14:08:16.657+0300][97.936s][info][gc,marking  ] GC(133) Concurrent Preclean
[2024-04-09T14:08:16.658+0300][97.937s][info][gc,marking  ] GC(133) Concurrent Preclean 0.912ms
[2024-04-09T14:08:16.663+0300][97.942s][info][gc,start    ] GC(133) Pause Remark
[2024-04-09T14:08:16.680+0300][97.959s][info][gc          ] GC(133) Pause Remark 698M->697M(1024M) 16.494ms
[2024-04-09T14:08:16.680+0300][97.959s][info][gc,cpu      ] GC(133) User=0.04s Sys=0.00s Real=0.01s
[2024-04-09T14:08:16.681+0300][97.960s][info][gc,marking  ] GC(133) Concurrent Mark 472.044ms
[2024-04-09T14:08:16.681+0300][97.960s][info][gc,marking  ] GC(133) Concurrent Rebuild Remembered Sets
[2024-04-09T14:08:16.862+0300][98.140s][info][gc,start    ] GC(135) Pause Young (Normal) (G1 Evacuation Pause)
[2024-04-09T14:08:16.862+0300][98.140s][info][gc,task     ] GC(135) Using 6 workers of 6 for evacuation
[2024-04-09T14:08:16.872+0300][98.151s][info][gc,phases   ] GC(135)   Pre Evacuate Collection Set: 0.1ms
[2024-04-09T14:08:16.872+0300][98.151s][info][gc,phases   ] GC(135)   Merge Heap Roots: 0.2ms
[2024-04-09T14:08:16.872+0300][98.151s][info][gc,phases   ] GC(135)   Evacuate Collection Set: 9.0ms
[2024-04-09T14:08:16.872+0300][98.151s][info][gc,phases   ] GC(135)   Post Evacuate Collection Set: 1.4ms
[2024-04-09T14:08:16.872+0300][98.151s][info][gc,phases   ] GC(135)   Other: 0.1ms
[2024-04-09T14:08:16.872+0300][98.151s][info][gc,heap     ] GC(135) Eden regions: 165->0(166)
[2024-04-09T14:08:16.872+0300][98.151s][info][gc,heap     ] GC(135) Survivor regions: 9->11(22)
[2024-04-09T14:08:16.872+0300][98.151s][info][gc,heap     ] GC(135) Old regions: 594->594
[2024-04-09T14:08:16.872+0300][98.151s][info][gc,heap     ] GC(135) Archive regions: 2->2
[2024-04-09T14:08:16.872+0300][98.151s][info][gc,heap     ] GC(135) Humongous regions: 29->29
[2024-04-09T14:08:16.872+0300][98.151s][info][gc,metaspace] GC(135) Metaspace: 405285K(415488K)->405285K(415488K) NonClass: 355342K(360512K)->355342K(360512K) Class: 49943K(54976K)->49943K(54976K)
[2024-04-09T14:08:16.873+0300][98.151s][info][gc          ] GC(135) Pause Young (Normal) (G1 Evacuation Pause) 796M->633M(1024M) 10.921ms
[2024-04-09T14:08:16.873+0300][98.151s][info][gc,cpu      ] GC(135) User=0.03s Sys=0.00s Real=0.00s
[2024-04-09T14:08:17.362+0300][98.640s][info][gc,marking  ] GC(133) Concurrent Rebuild Remembered Sets 680.566ms
[2024-04-09T14:08:17.362+0300][98.641s][info][gc,start    ] GC(133) Pause Cleanup
[2024-04-09T14:08:17.362+0300][98.641s][info][gc          ] GC(133) Pause Cleanup 795M->795M(1024M) 0.370ms
[2024-04-09T14:08:17.362+0300][98.641s][info][gc,cpu      ] GC(133) User=0.00s Sys=0.00s Real=0.00s
[2024-04-09T14:08:17.362+0300][98.641s][info][gc,marking  ] GC(133) Concurrent Cleanup for Next Mark
[2024-04-09T14:08:17.363+0300][98.642s][info][gc,marking  ] GC(133) Concurrent Cleanup for Next Mark 1.098ms
[2024-04-09T14:08:17.363+0300][98.642s][info][gc          ] GC(133) Concurrent Mark Cycle 1167.631ms
[2024-04-09T14:08:17.389+0300][98.668s][info][gc,start    ] GC(136) Pause Young (Prepare Mixed) (G1 Evacuation Pause)
[2024-04-09T14:08:17.389+0300][98.668s][info][gc,task     ] GC(136) Using 6 workers of 6 for evacuation
[2024-04-09T14:08:17.406+0300][98.684s][info][gc,phases   ] GC(136)   Pre Evacuate Collection Set: 1.0ms
[2024-04-09T14:08:17.406+0300][98.684s][info][gc,phases   ] GC(136)   Merge Heap Roots: 0.2ms
[2024-04-09T14:08:17.406+0300][98.684s][info][gc,phases   ] GC(136)   Evacuate Collection Set: 9.3ms
[2024-04-09T14:08:17.406+0300][98.684s][info][gc,phases   ] GC(136)   Post Evacuate Collection Set: 5.5ms
[2024-04-09T14:08:17.406+0300][98.684s][info][gc,phases   ] GC(136)   Other: 0.1ms
[2024-04-09T14:08:17.406+0300][98.684s][info][gc,heap     ] GC(136) Eden regions: 166->0(38)
[2024-04-09T14:08:17.406+0300][98.684s][info][gc,heap     ] GC(136) Survivor regions: 11->13(23)
[2024-04-09T14:08:17.406+0300][98.684s][info][gc,heap     ] GC(136) Old regions: 594->594
[2024-04-09T14:08:17.406+0300][98.684s][info][gc,heap     ] GC(136) Archive regions: 2->2
[2024-04-09T14:08:17.406+0300][98.684s][info][gc,heap     ] GC(136) Humongous regions: 30->30
[2024-04-09T14:08:17.406+0300][98.684s][info][gc,metaspace] GC(136) Metaspace: 407023K(417344K)->407023K(417344K) NonClass: 356861K(362112K)->356861K(362112K) Class: 50162K(55232K)->50162K(55232K)
[2024-04-09T14:08:17.406+0300][98.684s][info][gc          ] GC(136) Pause Young (Prepare Mixed) (G1 Evacuation Pause) 800M->637M(1024M) 16.249ms
[2024-04-09T14:08:17.406+0300][98.684s][info][gc,cpu      ] GC(136) User=0.04s Sys=0.01s Real=0.02s
[2024-04-09T14:08:17.540+0300][98.819s][info][gc,start    ] GC(137) Pause Young (Mixed) (G1 Evacuation Pause)
[2024-04-09T14:08:17.541+0300][98.819s][info][gc,task     ] GC(137) Using 6 workers of 6 for evacuation
[2024-04-09T14:08:17.561+0300][98.840s][info][gc,phases   ] GC(137)   Pre Evacuate Collection Set: 0.1ms
[2024-04-09T14:08:17.561+0300][98.840s][info][gc,phases   ] GC(137)   Merge Heap Roots: 0.2ms
[2024-04-09T14:08:17.561+0300][98.840s][info][gc,phases   ] GC(137)   Evacuate Collection Set: 13.3ms
[2024-04-09T14:08:17.561+0300][98.840s][info][gc,phases   ] GC(137)   Post Evacuate Collection Set: 6.6ms
[2024-04-09T14:08:17.561+0300][98.840s][info][gc,phases   ] GC(137)   Other: 0.1ms
[2024-04-09T14:08:17.561+0300][98.840s][info][gc,heap     ] GC(137) Eden regions: 38->0(172)
[2024-04-09T14:08:17.561+0300][98.840s][info][gc,heap     ] GC(137) Survivor regions: 13->3(7)
[2024-04-09T14:08:17.561+0300][98.840s][info][gc,heap     ] GC(137) Old regions: 594->594
[2024-04-09T14:08:17.561+0300][98.840s][info][gc,heap     ] GC(137) Archive regions: 2->2
[2024-04-09T14:08:17.561+0300][98.840s][info][gc,heap     ] GC(137) Humongous regions: 30->30
[2024-04-09T14:08:17.561+0300][98.840s][info][gc,metaspace] GC(137) Metaspace: 407077K(417408K)->407077K(417408K) NonClass: 356913K(362176K)->356913K(362176K) Class: 50163K(55232K)->50163K(55232K)
[2024-04-09T14:08:17.561+0300][98.840s][info][gc          ] GC(137) Pause Young (Mixed) (G1 Evacuation Pause) 675M->626M(1024M) 20.414ms
[2024-04-09T14:08:17.561+0300][98.840s][info][gc,cpu      ] GC(137) User=0.07s Sys=0.00s Real=0.03s
[2024-04-09T14:10:00.068+0300][201.347s][info][gc,start    ] GC(138) Pause Young (Normal) (G1 Evacuation Pause)
[2024-04-09T14:10:00.068+0300][201.347s][info][gc,task     ] GC(138) Using 6 workers of 6 for evacuation
[2024-04-09T14:10:00.078+0300][201.356s][info][gc,phases   ] GC(138)   Pre Evacuate Collection Set: 0.4ms
[2024-04-09T14:10:00.078+0300][201.356s][info][gc,phases   ] GC(138)   Merge Heap Roots: 0.4ms
[2024-04-09T14:10:00.078+0300][201.356s][info][gc,phases   ] GC(138)   Evacuate Collection Set: 5.2ms
[2024-04-09T14:10:00.078+0300][201.356s][info][gc,phases   ] GC(138)   Post Evacuate Collection Set: 3.6ms
[2024-04-09T14:10:00.078+0300][201.356s][info][gc,phases   ] GC(138)   Other: 0.1ms
[2024-04-09T14:10:00.078+0300][201.356s][info][gc,heap     ] GC(138) Eden regions: 172->0(161)
[2024-04-09T14:10:00.078+0300][201.356s][info][gc,heap     ] GC(138) Survivor regions: 3->6(22)
[2024-04-09T14:10:00.078+0300][201.356s][info][gc,heap     ] GC(138) Old regions: 594->594
[2024-04-09T14:10:00.078+0300][201.356s][info][gc,heap     ] GC(138) Archive regions: 2->2
[2024-04-09T14:10:00.078+0300][201.356s][info][gc,heap     ] GC(138) Humongous regions: 41->41
[2024-04-09T14:10:00.078+0300][201.356s][info][gc,metaspace] GC(138) Metaspace: 408068K(418368K)->408068K(418368K) NonClass: 357792K(363008K)->357792K(363008K) Class: 50275K(55360K)->50275K(55360K)
[2024-04-09T14:10:00.078+0300][201.356s][info][gc          ] GC(138) Pause Young (Normal) (G1 Evacuation Pause) 809M->640M(1024M) 9.798ms
[2024-04-09T14:10:00.078+0300][201.356s][info][gc,cpu      ] GC(138) User=0.03s Sys=0.00s Real=0.01s
[2024-04-09T14:10:00.098+0300][201.377s][info][gc,start    ] GC(139) Pause Young (Concurrent Start) (G1 Humongous Allocation)
[2024-04-09T14:10:00.098+0300][201.377s][info][gc,task     ] GC(139) Using 6 workers of 6 for evacuation
[2024-04-09T14:10:00.105+0300][201.384s][info][gc,phases   ] GC(139)   Pre Evacuate Collection Set: 0.9ms
[2024-04-09T14:10:00.105+0300][201.384s][info][gc,phases   ] GC(139)   Merge Heap Roots: 0.2ms
[2024-04-09T14:10:00.105+0300][201.384s][info][gc,phases   ] GC(139)   Evacuate Collection Set: 4.6ms
[2024-04-09T14:10:00.105+0300][201.384s][info][gc,phases   ] GC(139)   Post Evacuate Collection Set: 1.3ms
[2024-04-09T14:10:00.105+0300][201.384s][info][gc,phases   ] GC(139)   Other: 0.1ms
[2024-04-09T14:10:00.105+0300][201.384s][info][gc,heap     ] GC(139) Eden regions: 7->0(121)
[2024-04-09T14:10:00.105+0300][201.384s][info][gc,heap     ] GC(139) Survivor regions: 6->11(21)
[2024-04-09T14:10:00.105+0300][201.384s][info][gc,heap     ] GC(139) Old regions: 594->594
[2024-04-09T14:10:00.105+0300][201.384s][info][gc,heap     ] GC(139) Archive regions: 2->2
[2024-04-09T14:10:00.105+0300][201.384s][info][gc,heap     ] GC(139) Humongous regions: 41->41
[2024-04-09T14:10:00.105+0300][201.384s][info][gc,metaspace] GC(139) Metaspace: 408093K(418432K)->408093K(418432K) NonClass: 357814K(363072K)->357814K(363072K) Class: 50279K(55360K)->50279K(55360K)
[2024-04-09T14:10:00.105+0300][201.384s][info][gc          ] GC(139) Pause Young (Concurrent Start) (G1 Humongous Allocation) 647M->645M(1024M) 7.282ms
[2024-04-09T14:10:00.105+0300][201.384s][info][gc,cpu      ] GC(139) User=0.03s Sys=0.00s Real=0.01s
[2024-04-09T14:10:00.106+0300][201.384s][info][gc          ] GC(140) Concurrent Mark Cycle
[2024-04-09T14:10:00.106+0300][201.384s][info][gc,marking  ] GC(140) Concurrent Clear Claimed Marks
[2024-04-09T14:10:00.106+0300][201.385s][info][gc,marking  ] GC(140) Concurrent Clear Claimed Marks 0.861ms
[2024-04-09T14:10:00.106+0300][201.385s][info][gc,marking  ] GC(140) Concurrent Scan Root Regions
[2024-04-09T14:10:00.110+0300][201.389s][info][gc,marking  ] GC(140) Concurrent Scan Root Regions 3.830ms
[2024-04-09T14:10:00.110+0300][201.389s][info][gc,marking  ] GC(140) Concurrent Mark
[2024-04-09T14:10:00.110+0300][201.389s][info][gc,marking  ] GC(140) Concurrent Mark From Roots
[2024-04-09T14:10:00.110+0300][201.389s][info][gc,task     ] GC(140) Using 2 workers of 2 for marking
[2024-04-09T14:10:00.437+0300][201.716s][info][gc,marking  ] GC(140) Concurrent Mark From Roots 326.954ms
[2024-04-09T14:10:00.437+0300][201.716s][info][gc,marking  ] GC(140) Concurrent Preclean
[2024-04-09T14:10:00.438+0300][201.716s][info][gc,marking  ] GC(140) Concurrent Preclean 0.402ms
[2024-04-09T14:10:00.438+0300][201.717s][info][gc,start    ] GC(140) Pause Remark
[2024-04-09T14:10:00.450+0300][201.729s][info][gc          ] GC(140) Pause Remark 662M->645M(1024M) 12.539ms
[2024-04-09T14:10:00.451+0300][201.729s][info][gc,cpu      ] GC(140) User=0.03s Sys=0.00s Real=0.01s
[2024-04-09T14:10:00.451+0300][201.729s][info][gc,marking  ] GC(140) Concurrent Mark 340.309ms
[2024-04-09T14:10:00.451+0300][201.729s][info][gc,marking  ] GC(140) Concurrent Rebuild Remembered Sets
[2024-04-09T14:10:00.698+0300][201.977s][info][gc,marking  ] GC(140) Concurrent Rebuild Remembered Sets 247.487ms
[2024-04-09T14:10:00.698+0300][201.977s][info][gc,start    ] GC(140) Pause Cleanup
[2024-04-09T14:10:00.699+0300][201.977s][info][gc          ] GC(140) Pause Cleanup 645M->645M(1024M) 0.282ms
[2024-04-09T14:10:00.699+0300][201.977s][info][gc,cpu      ] GC(140) User=0.00s Sys=0.00s Real=0.00s
[2024-04-09T14:10:00.699+0300][201.977s][info][gc,marking  ] GC(140) Concurrent Cleanup for Next Mark
[2024-04-09T14:10:00.700+0300][201.978s][info][gc,marking  ] GC(140) Concurrent Cleanup for Next Mark 1.163ms
[2024-04-09T14:10:00.700+0300][201.978s][info][gc          ] GC(140) Concurrent Mark Cycle 594.278ms
[2024-04-09T14:10:21.543+0300][222.822s][info][gc,start    ] GC(141) Pause Young (Prepare Mixed) (G1 Evacuation Pause)
[2024-04-09T14:10:21.543+0300][222.822s][info][gc,task     ] GC(141) Using 6 workers of 6 for evacuation
[2024-04-09T14:10:21.554+0300][222.833s][info][gc,phases   ] GC(141)   Pre Evacuate Collection Set: 0.2ms
[2024-04-09T14:10:21.554+0300][222.833s][info][gc,phases   ] GC(141)   Merge Heap Roots: 0.2ms
[2024-04-09T14:10:21.554+0300][222.833s][info][gc,phases   ] GC(141)   Evacuate Collection Set: 8.1ms
[2024-04-09T14:10:21.554+0300][222.833s][info][gc,phases   ] GC(141)   Post Evacuate Collection Set: 2.1ms
[2024-04-09T14:10:21.554+0300][222.833s][info][gc,phases   ] GC(141)   Other: 0.1ms
[2024-04-09T14:10:21.554+0300][222.833s][info][gc,heap     ] GC(141) Eden regions: 121->0(35)
[2024-04-09T14:10:21.554+0300][222.833s][info][gc,heap     ] GC(141) Survivor regions: 11->16(17)
[2024-04-09T14:10:21.554+0300][222.833s][info][gc,heap     ] GC(141) Old regions: 590->591
[2024-04-09T14:10:21.554+0300][222.833s][info][gc,heap     ] GC(141) Archive regions: 2->2
[2024-04-09T14:10:21.554+0300][222.833s][info][gc,heap     ] GC(141) Humongous regions: 32->32
[2024-04-09T14:10:21.554+0300][222.833s][info][gc,metaspace] GC(141) Metaspace: 409638K(419968K)->409638K(419968K) NonClass: 359174K(364416K)->359174K(364416K) Class: 50464K(55552K)->50464K(55552K)
[2024-04-09T14:10:21.554+0300][222.833s][info][gc          ] GC(141) Pause Young (Prepare Mixed) (G1 Evacuation Pause) 753M->638M(1024M) 10.713ms
[2024-04-09T14:10:21.554+0300][222.833s][info][gc,cpu      ] GC(141) User=0.04s Sys=0.00s Real=0.01s
[2024-04-09T14:10:21.667+0300][222.945s][info][gc,start    ] GC(142) Pause Young (Mixed) (G1 Evacuation Pause)
[2024-04-09T14:10:21.667+0300][222.945s][info][gc,task     ] GC(142) Using 6 workers of 6 for evacuation
[2024-04-09T14:10:21.675+0300][222.954s][info][gc,phases   ] GC(142)   Pre Evacuate Collection Set: 0.1ms
[2024-04-09T14:10:21.675+0300][222.954s][info][gc,phases   ] GC(142)   Merge Heap Roots: 0.1ms
[2024-04-09T14:10:21.676+0300][222.954s][info][gc,phases   ] GC(142)   Evacuate Collection Set: 7.1ms
[2024-04-09T14:10:21.676+0300][222.954s][info][gc,phases   ] GC(142)   Post Evacuate Collection Set: 1.3ms
[2024-04-09T14:10:21.676+0300][222.954s][info][gc,phases   ] GC(142)   Other: 0.1ms
[2024-04-09T14:10:21.676+0300][222.954s][info][gc,heap     ] GC(142) Eden regions: 35->0(134)
[2024-04-09T14:10:21.676+0300][222.954s][info][gc,heap     ] GC(142) Survivor regions: 16->2(7)
[2024-04-09T14:10:21.676+0300][222.954s][info][gc,heap     ] GC(142) Old regions: 591->597
[2024-04-09T14:10:21.676+0300][222.954s][info][gc,heap     ] GC(142) Archive regions: 2->2
[2024-04-09T14:10:21.676+0300][222.954s][info][gc,heap     ] GC(142) Humongous regions: 32->32
[2024-04-09T14:10:21.676+0300][222.954s][info][gc,metaspace] GC(142) Metaspace: 409754K(420032K)->409754K(420032K) NonClass: 359285K(364480K)->359285K(364480K) Class: 50468K(55552K)->50468K(55552K)
[2024-04-09T14:10:21.676+0300][222.954s][info][gc          ] GC(142) Pause Young (Mixed) (G1 Evacuation Pause) 673M->631M(1024M) 8.848ms
[2024-04-09T14:10:21.676+0300][222.954s][info][gc,cpu      ] GC(142) User=0.04s Sys=0.00s Real=0.01s
[2024-04-09T14:10:21.867+0300][223.146s][info][gc,start    ] GC(143) Pause Young (Normal) (G1 Evacuation Pause)
[2024-04-09T14:10:21.867+0300][223.146s][info][gc,task     ] GC(143) Using 6 workers of 6 for evacuation
[2024-04-09T14:10:21.870+0300][223.149s][info][gc,phases   ] GC(143)   Pre Evacuate Collection Set: 0.1ms
[2024-04-09T14:10:21.870+0300][223.149s][info][gc,phases   ] GC(143)   Merge Heap Roots: 0.1ms
[2024-04-09T14:10:21.870+0300][223.149s][info][gc,phases   ] GC(143)   Evacuate Collection Set: 1.7ms
[2024-04-09T14:10:21.870+0300][223.149s][info][gc,phases   ] GC(143)   Post Evacuate Collection Set: 1.1ms
[2024-04-09T14:10:21.870+0300][223.149s][info][gc,phases   ] GC(143)   Other: 0.0ms
[2024-04-09T14:10:21.870+0300][223.149s][info][gc,heap     ] GC(143) Eden regions: 134->0(143)
[2024-04-09T14:10:21.870+0300][223.149s][info][gc,heap     ] GC(143) Survivor regions: 2->2(17)
[2024-04-09T14:10:21.870+0300][223.149s][info][gc,heap     ] GC(143) Old regions: 597->597
[2024-04-09T14:10:21.870+0300][223.149s][info][gc,heap     ] GC(143) Archive regions: 2->2
[2024-04-09T14:10:21.870+0300][223.149s][info][gc,heap     ] GC(143) Humongous regions: 32->32
[2024-04-09T14:10:21.870+0300][223.149s][info][gc,metaspace] GC(143) Metaspace: 409869K(420224K)->409869K(420224K) NonClass: 359396K(364672K)->359396K(364672K) Class: 50472K(55552K)->50472K(55552K)
[2024-04-09T14:10:21.870+0300][223.149s][info][gc          ] GC(143) Pause Young (Normal) (G1 Evacuation Pause) 765M->630M(1024M) 3.220ms
[2024-04-09T14:10:21.870+0300][223.149s][info][gc,cpu      ] GC(143) User=0.01s Sys=0.00s Real=0.00s
[2024-04-09T14:10:58.681+0300][259.960s][info][gc,start    ] GC(144) Pause Young (Concurrent Start) (G1 Humongous Allocation)
[2024-04-09T14:10:58.681+0300][259.960s][info][gc,task     ] GC(144) Using 6 workers of 6 for evacuation
[2024-04-09T14:10:58.692+0300][259.970s][info][gc,phases   ] GC(144)   Pre Evacuate Collection Set: 1.3ms
[2024-04-09T14:10:58.692+0300][259.970s][info][gc,phases   ] GC(144)   Merge Heap Roots: 0.2ms
[2024-04-09T14:10:58.692+0300][259.970s][info][gc,phases   ] GC(144)   Evacuate Collection Set: 4.3ms
[2024-04-09T14:10:58.692+0300][259.971s][info][gc,phases   ] GC(144)   Post Evacuate Collection Set: 4.6ms
[2024-04-09T14:10:58.692+0300][259.971s][info][gc,phases   ] GC(144)   Other: 0.2ms
[2024-04-09T14:10:58.692+0300][259.971s][info][gc,heap     ] GC(144) Eden regions: 78->0(147)
[2024-04-09T14:10:58.692+0300][259.971s][info][gc,heap     ] GC(144) Survivor regions: 2->3(19)
[2024-04-09T14:10:58.692+0300][259.971s][info][gc,heap     ] GC(144) Old regions: 597->597
[2024-04-09T14:10:58.692+0300][259.971s][info][gc,heap     ] GC(144) Archive regions: 2->2
[2024-04-09T14:10:58.692+0300][259.971s][info][gc,heap     ] GC(144) Humongous regions: 32->32
[2024-04-09T14:10:58.692+0300][259.971s][info][gc,metaspace] GC(144) Metaspace: 410047K(420352K)->410047K(420352K) NonClass: 359573K(364800K)->359573K(364800K) Class: 50474K(55552K)->50474K(55552K)
[2024-04-09T14:10:58.692+0300][259.971s][info][gc          ] GC(144) Pause Young (Concurrent Start) (G1 Humongous Allocation) 708M->631M(1024M) 10.814ms
[2024-04-09T14:10:58.692+0300][259.971s][info][gc          ] GC(145) Concurrent Mark Cycle
[2024-04-09T14:10:58.692+0300][259.971s][info][gc,marking  ] GC(145) Concurrent Clear Claimed Marks
[2024-04-09T14:10:58.692+0300][259.971s][info][gc,cpu      ] GC(144) User=0.03s Sys=0.00s Real=0.00s
[2024-04-09T14:10:58.693+0300][259.972s][info][gc,marking  ] GC(145) Concurrent Clear Claimed Marks 1.267ms
[2024-04-09T14:10:58.693+0300][259.972s][info][gc,marking  ] GC(145) Concurrent Scan Root Regions
[2024-04-09T14:10:58.697+0300][259.976s][info][gc,marking  ] GC(145) Concurrent Scan Root Regions 4.074ms
[2024-04-09T14:10:58.697+0300][259.976s][info][gc,marking  ] GC(145) Concurrent Mark
[2024-04-09T14:10:58.697+0300][259.976s][info][gc,marking  ] GC(145) Concurrent Mark From Roots
[2024-04-09T14:10:58.697+0300][259.976s][info][gc,task     ] GC(145) Using 2 workers of 2 for marking
[2024-04-09T14:10:58.998+0300][260.277s][info][gc,marking  ] GC(145) Concurrent Mark From Roots 301.036ms
[2024-04-09T14:10:58.998+0300][260.277s][info][gc,marking  ] GC(145) Concurrent Preclean
[2024-04-09T14:10:58.999+0300][260.278s][info][gc,marking  ] GC(145) Concurrent Preclean 0.499ms
[2024-04-09T14:10:58.999+0300][260.278s][info][gc,start    ] GC(145) Pause Remark
[2024-04-09T14:10:59.034+0300][260.312s][info][gc          ] GC(145) Pause Remark 633M->627M(1024M) 34.500ms
[2024-04-09T14:10:59.034+0300][260.312s][info][gc,cpu      ] GC(145) User=0.11s Sys=0.00s Real=0.04s
[2024-04-09T14:10:59.034+0300][260.313s][info][gc,marking  ] GC(145) Concurrent Mark 336.682ms
[2024-04-09T14:10:59.034+0300][260.313s][info][gc,marking  ] GC(145) Concurrent Rebuild Remembered Sets
[2024-04-09T14:10:59.309+0300][260.588s][info][gc,marking  ] GC(145) Concurrent Rebuild Remembered Sets 275.409ms
[2024-04-09T14:10:59.310+0300][260.588s][info][gc,start    ] GC(145) Pause Cleanup
[2024-04-09T14:10:59.310+0300][260.589s][info][gc          ] GC(145) Pause Cleanup 627M->627M(1024M) 0.345ms
[2024-04-09T14:10:59.310+0300][260.589s][info][gc,cpu      ] GC(145) User=0.00s Sys=0.00s Real=0.00s
[2024-04-09T14:10:59.310+0300][260.589s][info][gc,marking  ] GC(145) Concurrent Cleanup for Next Mark
[2024-04-09T14:10:59.311+0300][260.590s][info][gc,marking  ] GC(145) Concurrent Cleanup for Next Mark 1.027ms
[2024-04-09T14:10:59.311+0300][260.590s][info][gc          ] GC(145) Concurrent Mark Cycle 619.146ms
[2024-04-09T14:17:00.041+0300][621.319s][info][gc,start    ] GC(146) Pause Young (Prepare Mixed) (G1 Evacuation Pause)
[2024-04-09T14:17:00.041+0300][621.319s][info][gc,task     ] GC(146) Using 6 workers of 6 for evacuation
[2024-04-09T14:17:00.059+0300][621.338s][info][gc,phases   ] GC(146)   Pre Evacuate Collection Set: 0.3ms
[2024-04-09T14:17:00.059+0300][621.338s][info][gc,phases   ] GC(146)   Merge Heap Roots: 0.4ms
[2024-04-09T14:17:00.059+0300][621.338s][info][gc,phases   ] GC(146)   Evacuate Collection Set: 14.4ms
[2024-04-09T14:17:00.059+0300][621.338s][info][gc,phases   ] GC(146)   Post Evacuate Collection Set: 3.5ms
[2024-04-09T14:17:00.059+0300][621.338s][info][gc,phases   ] GC(146)   Other: 0.1ms
[2024-04-09T14:17:00.059+0300][621.338s][info][gc,heap     ] GC(146) Eden regions: 147->0(42)
[2024-04-09T14:17:00.059+0300][621.338s][info][gc,heap     ] GC(146) Survivor regions: 3->9(19)
[2024-04-09T14:17:00.059+0300][621.338s][info][gc,heap     ] GC(146) Old regions: 596->596
[2024-04-09T14:17:00.059+0300][621.338s][info][gc,heap     ] GC(146) Archive regions: 2->2
[2024-04-09T14:17:00.059+0300][621.338s][info][gc,heap     ] GC(146) Humongous regions: 45->44
[2024-04-09T14:17:00.059+0300][621.338s][info][gc,metaspace] GC(146) Metaspace: 410855K(421312K)->410855K(421312K) NonClass: 360369K(365696K)->360369K(365696K) Class: 50485K(55616K)->50485K(55616K)
[2024-04-09T14:17:00.059+0300][621.338s][info][gc          ] GC(146) Pause Young (Prepare Mixed) (G1 Evacuation Pause) 790M->648M(1024M) 18.797ms
[2024-04-09T14:17:00.059+0300][621.338s][info][gc,cpu      ] GC(146) User=0.04s Sys=0.00s Real=0.02s
[2024-04-09T14:19:28.681+0300][769.960s][info][gc,start    ] GC(147) Pause Young (Mixed) (G1 Evacuation Pause)
[2024-04-09T14:19:28.681+0300][769.960s][info][gc,task     ] GC(147) Using 6 workers of 6 for evacuation
[2024-04-09T14:19:28.700+0300][769.979s][info][gc,phases   ] GC(147)   Pre Evacuate Collection Set: 0.3ms
[2024-04-09T14:19:28.700+0300][769.979s][info][gc,phases   ] GC(147)   Merge Heap Roots: 0.3ms
[2024-04-09T14:19:28.700+0300][769.979s][info][gc,phases   ] GC(147)   Evacuate Collection Set: 14.7ms
[2024-04-09T14:19:28.700+0300][769.979s][info][gc,phases   ] GC(147)   Post Evacuate Collection Set: 3.2ms
[2024-04-09T14:19:28.700+0300][769.979s][info][gc,phases   ] GC(147)   Other: 0.1ms
[2024-04-09T14:19:28.700+0300][769.979s][info][gc,heap     ] GC(147) Eden regions: 42->0(147)
[2024-04-09T14:19:28.700+0300][769.979s][info][gc,heap     ] GC(147) Survivor regions: 9->1(7)
[2024-04-09T14:19:28.700+0300][769.979s][info][gc,heap     ] GC(147) Old regions: 596->586
[2024-04-09T14:19:28.700+0300][769.979s][info][gc,heap     ] GC(147) Archive regions: 2->2
[2024-04-09T14:19:28.700+0300][769.979s][info][gc,heap     ] GC(147) Humongous regions: 49->49
[2024-04-09T14:19:28.700+0300][769.979s][info][gc,metaspace] GC(147) Metaspace: 411040K(421440K)->411040K(421440K) NonClass: 360553K(365824K)->360553K(365824K) Class: 50487K(55616K)->50487K(55616K)
[2024-04-09T14:19:28.700+0300][769.979s][info][gc          ] GC(147) Pause Young (Mixed) (G1 Evacuation Pause) 695M->636M(1024M) 18.879ms
[2024-04-09T14:19:28.700+0300][769.979s][info][gc,cpu      ] GC(147) User=0.06s Sys=0.00s Real=0.02s
[2024-04-09T14:19:28.704+0300][769.983s][info][gc,start    ] GC(148) Pause Young (Concurrent Start) (G1 Humongous Allocation)
[2024-04-09T14:19:28.704+0300][769.983s][info][gc,task     ] GC(148) Using 6 workers of 6 for evacuation
[2024-04-09T14:19:28.710+0300][769.988s][info][gc,phases   ] GC(148)   Pre Evacuate Collection Set: 1.1ms
[2024-04-09T14:19:28.710+0300][769.988s][info][gc,phases   ] GC(148)   Merge Heap Roots: 0.1ms
[2024-04-09T14:19:28.710+0300][769.988s][info][gc,phases   ] GC(148)   Evacuate Collection Set: 3.0ms
[2024-04-09T14:19:28.710+0300][769.988s][info][gc,phases   ] GC(148)   Post Evacuate Collection Set: 1.4ms
[2024-04-09T14:19:28.710+0300][769.988s][info][gc,phases   ] GC(148)   Other: 0.1ms
[2024-04-09T14:19:28.710+0300][769.988s][info][gc,heap     ] GC(148) Eden regions: 2->0(114)
[2024-04-09T14:19:28.710+0300][769.988s][info][gc,heap     ] GC(148) Survivor regions: 1->1(19)
[2024-04-09T14:19:28.710+0300][769.988s][info][gc,heap     ] GC(148) Old regions: 586->586
[2024-04-09T14:19:28.710+0300][769.988s][info][gc,heap     ] GC(148) Archive regions: 2->2
[2024-04-09T14:19:28.710+0300][769.988s][info][gc,heap     ] GC(148) Humongous regions: 49->49
[2024-04-09T14:19:28.710+0300][769.988s][info][gc,metaspace] GC(148) Metaspace: 411041K(421440K)->411041K(421440K) NonClass: 360554K(365824K)->360554K(365824K) Class: 50487K(55616K)->50487K(55616K)
[2024-04-09T14:19:28.710+0300][769.988s][info][gc          ] GC(148) Pause Young (Concurrent Start) (G1 Humongous Allocation) 637M->636M(1024M) 5.863ms
[2024-04-09T14:19:28.710+0300][769.988s][info][gc,cpu      ] GC(148) User=0.01s Sys=0.00s Real=0.00s
[2024-04-09T14:19:28.710+0300][769.989s][info][gc          ] GC(149) Concurrent Mark Cycle
[2024-04-09T14:19:28.710+0300][769.989s][info][gc,marking  ] GC(149) Concurrent Clear Claimed Marks
[2024-04-09T14:19:28.711+0300][769.989s][info][gc,marking  ] GC(149) Concurrent Clear Claimed Marks 0.834ms
[2024-04-09T14:19:28.711+0300][769.989s][info][gc,marking  ] GC(149) Concurrent Scan Root Regions
[2024-04-09T14:19:28.713+0300][769.992s][info][gc,marking  ] GC(149) Concurrent Scan Root Regions 2.657ms
[2024-04-09T14:19:28.713+0300][769.992s][info][gc,marking  ] GC(149) Concurrent Mark
[2024-04-09T14:19:28.713+0300][769.992s][info][gc,marking  ] GC(149) Concurrent Mark From Roots
[2024-04-09T14:19:28.713+0300][769.992s][info][gc,task     ] GC(149) Using 2 workers of 2 for marking
[2024-04-09T14:19:28.974+0300][770.253s][info][gc,marking  ] GC(149) Concurrent Mark From Roots 260.776ms
[2024-04-09T14:19:28.974+0300][770.253s][info][gc,marking  ] GC(149) Concurrent Preclean
[2024-04-09T14:19:28.979+0300][770.258s][info][gc,marking  ] GC(149) Concurrent Preclean 5.075ms
[2024-04-09T14:19:28.979+0300][770.258s][info][gc,start    ] GC(149) Pause Remark
[2024-04-09T14:19:29.035+0300][770.314s][info][gc          ] GC(149) Pause Remark 642M->617M(1024M) 55.622ms
[2024-04-09T14:19:29.035+0300][770.314s][info][gc,cpu      ] GC(149) User=0.17s Sys=0.00s Real=0.06s
[2024-04-09T14:19:29.035+0300][770.314s][info][gc,marking  ] GC(149) Concurrent Mark 321.922ms
[2024-04-09T14:19:29.035+0300][770.314s][info][gc,marking  ] GC(149) Concurrent Rebuild Remembered Sets
[2024-04-09T14:19:29.399+0300][770.677s][info][gc,marking  ] GC(149) Concurrent Rebuild Remembered Sets 363.263ms
[2024-04-09T14:19:29.399+0300][770.677s][info][gc,start    ] GC(149) Pause Cleanup
[2024-04-09T14:19:29.399+0300][770.678s][info][gc          ] GC(149) Pause Cleanup 617M->617M(1024M) 0.650ms
[2024-04-09T14:19:29.399+0300][770.678s][info][gc,cpu      ] GC(149) User=0.00s Sys=0.00s Real=0.00s
[2024-04-09T14:19:29.400+0300][770.678s][info][gc,marking  ] GC(149) Concurrent Cleanup for Next Mark
[2024-04-09T14:19:29.401+0300][770.679s][info][gc,marking  ] GC(149) Concurrent Cleanup for Next Mark 1.197ms
[2024-04-09T14:19:29.401+0300][770.679s][info][gc          ] GC(149) Concurrent Mark Cycle 690.956ms
[2024-04-09T14:23:14.878+0300][996.157s][info][gc,start    ] GC(150) Pause Young (Prepare Mixed) (G1 Evacuation Pause)
[2024-04-09T14:23:14.878+0300][996.157s][info][gc,task     ] GC(150) Using 6 workers of 6 for evacuation
[2024-04-09T14:23:14.889+0300][996.168s][info][gc,phases   ] GC(150)   Pre Evacuate Collection Set: 0.2ms
[2024-04-09T14:23:14.889+0300][996.168s][info][gc,phases   ] GC(150)   Merge Heap Roots: 0.3ms
[2024-04-09T14:23:14.889+0300][996.168s][info][gc,phases   ] GC(150)   Evacuate Collection Set: 7.0ms
[2024-04-09T14:23:14.889+0300][996.168s][info][gc,phases   ] GC(150)   Post Evacuate Collection Set: 3.0ms
[2024-04-09T14:23:14.889+0300][996.168s][info][gc,phases   ] GC(150)   Other: 0.1ms
[2024-04-09T14:23:14.889+0300][996.168s][info][gc,heap     ] GC(150) Eden regions: 114->0(38)
[2024-04-09T14:23:14.889+0300][996.168s][info][gc,heap     ] GC(150) Survivor regions: 1->13(15)
[2024-04-09T14:23:14.889+0300][996.168s][info][gc,heap     ] GC(150) Old regions: 586->586
[2024-04-09T14:23:14.889+0300][996.168s][info][gc,heap     ] GC(150) Archive regions: 2->2
[2024-04-09T14:23:14.889+0300][996.168s][info][gc,heap     ] GC(150) Humongous regions: 34->34
[2024-04-09T14:23:14.889+0300][996.168s][info][gc,metaspace] GC(150) Metaspace: 403230K(421504K)->403230K(421504K) NonClass: 354516K(365888K)->354516K(365888K) Class: 48713K(55616K)->48713K(55616K)
[2024-04-09T14:23:14.889+0300][996.168s][info][gc          ] GC(150) Pause Young (Prepare Mixed) (G1 Evacuation Pause) 735M->633M(1024M) 11.139ms
[2024-04-09T14:23:14.889+0300][996.168s][info][gc,cpu      ] GC(150) User=0.03s Sys=0.00s Real=0.01s
[2024-04-09T14:23:14.957+0300][996.235s][info][gc,start    ] GC(151) Pause Young (Mixed) (G1 Evacuation Pause)
[2024-04-09T14:23:14.957+0300][996.235s][info][gc,task     ] GC(151) Using 6 workers of 6 for evacuation
[2024-04-09T14:23:14.996+0300][996.274s][info][gc,phases   ] GC(151)   Pre Evacuate Collection Set: 0.2ms
[2024-04-09T14:23:14.996+0300][996.274s][info][gc,phases   ] GC(151)   Merge Heap Roots: 0.5ms
[2024-04-09T14:23:14.996+0300][996.274s][info][gc,phases   ] GC(151)   Evacuate Collection Set: 35.2ms
[2024-04-09T14:23:14.996+0300][996.274s][info][gc,phases   ] GC(151)   Post Evacuate Collection Set: 3.2ms
[2024-04-09T14:23:14.996+0300][996.274s][info][gc,phases   ] GC(151)   Other: 0.1ms
[2024-04-09T14:23:14.996+0300][996.274s][info][gc,heap     ] GC(151) Eden regions: 38->0(50)
[2024-04-09T14:23:14.996+0300][996.274s][info][gc,heap     ] GC(151) Survivor regions: 13->1(7)
[2024-04-09T14:23:14.996+0300][996.275s][info][gc,heap     ] GC(151) Old regions: 586->545
[2024-04-09T14:23:14.996+0300][996.275s][info][gc,heap     ] GC(151) Archive regions: 2->2
[2024-04-09T14:23:14.996+0300][996.275s][info][gc,heap     ] GC(151) Humongous regions: 34->34
[2024-04-09T14:23:14.996+0300][996.275s][info][gc,metaspace] GC(151) Metaspace: 403234K(421504K)->403234K(421504K) NonClass: 354520K(365888K)->354520K(365888K) Class: 48713K(55616K)->48713K(55616K)
[2024-04-09T14:23:14.996+0300][996.275s][info][gc          ] GC(151) Pause Young (Mixed) (G1 Evacuation Pause) 671M->580M(1024M) 39.354ms
[2024-04-09T14:23:14.996+0300][996.275s][info][gc,cpu      ] GC(151) User=0.17s Sys=0.01s Real=0.04s
[2024-04-09T14:23:15.735+0300][997.013s][info][gc,start    ] GC(152) Pause Young (Mixed) (G1 Evacuation Pause)
[2024-04-09T14:23:15.735+0300][997.013s][info][gc,task     ] GC(152) Using 6 workers of 6 for evacuation
[2024-04-09T14:23:15.759+0300][997.038s][info][gc,phases   ] GC(152)   Pre Evacuate Collection Set: 0.1ms
[2024-04-09T14:23:15.759+0300][997.038s][info][gc,phases   ] GC(152)   Merge Heap Roots: 0.3ms
[2024-04-09T14:23:15.759+0300][997.038s][info][gc,phases   ] GC(152)   Evacuate Collection Set: 21.5ms
[2024-04-09T14:23:15.759+0300][997.038s][info][gc,phases   ] GC(152)   Post Evacuate Collection Set: 2.6ms
[2024-04-09T14:23:15.759+0300][997.038s][info][gc,phases   ] GC(152)   Other: 0.1ms
[2024-04-09T14:23:15.759+0300][997.038s][info][gc,heap     ] GC(152) Eden regions: 50->0(170)
[2024-04-09T14:23:15.759+0300][997.038s][info][gc,heap     ] GC(152) Survivor regions: 1->2(7)
[2024-04-09T14:23:15.759+0300][997.038s][info][gc,heap     ] GC(152) Old regions: 545->533
[2024-04-09T14:23:15.759+0300][997.038s][info][gc,heap     ] GC(152) Archive regions: 2->2
[2024-04-09T14:23:15.759+0300][997.038s][info][gc,heap     ] GC(152) Humongous regions: 34->34
[2024-04-09T14:23:15.759+0300][997.038s][info][gc,metaspace] GC(152) Metaspace: 403535K(421504K)->403535K(421504K) NonClass: 354799K(365888K)->354799K(365888K) Class: 48736K(55616K)->48736K(55616K)
[2024-04-09T14:23:15.759+0300][997.038s][info][gc          ] GC(152) Pause Young (Mixed) (G1 Evacuation Pause) 630M->569M(1024M) 24.851ms
[2024-04-09T14:23:15.759+0300][997.038s][info][gc,cpu      ] GC(152) User=0.10s Sys=0.00s Real=0.02s
[2024-04-09T14:23:24.354+0300][1005.633s][info][gc,start    ] GC(153) Pause Young (Concurrent Start) (G1 Humongous Allocation)
[2024-04-09T14:23:24.354+0300][1005.633s][info][gc,task     ] GC(153) Using 6 workers of 6 for evacuation
[2024-04-09T14:23:24.361+0300][1005.639s][info][gc,phases   ] GC(153)   Pre Evacuate Collection Set: 1.2ms
[2024-04-09T14:23:24.361+0300][1005.639s][info][gc,phases   ] GC(153)   Merge Heap Roots: 0.1ms
[2024-04-09T14:23:24.361+0300][1005.639s][info][gc,phases   ] GC(153)   Evacuate Collection Set: 3.7ms
[2024-04-09T14:23:24.361+0300][1005.639s][info][gc,phases   ] GC(153)   Post Evacuate Collection Set: 1.5ms
[2024-04-09T14:23:24.361+0300][1005.639s][info][gc,phases   ] GC(153)   Other: 0.1ms
[2024-04-09T14:23:24.361+0300][1005.639s][info][gc,heap     ] GC(153) Eden regions: 4->0(181)
[2024-04-09T14:23:24.361+0300][1005.639s][info][gc,heap     ] GC(153) Survivor regions: 2->2(22)
[2024-04-09T14:23:24.361+0300][1005.639s][info][gc,heap     ] GC(153) Old regions: 533->533
[2024-04-09T14:23:24.361+0300][1005.639s][info][gc,heap     ] GC(153) Archive regions: 2->2
[2024-04-09T14:23:24.361+0300][1005.639s][info][gc,heap     ] GC(153) Humongous regions: 34->34
[2024-04-09T14:23:24.361+0300][1005.639s][info][gc,metaspace] GC(153) Metaspace: 403561K(421504K)->403561K(421504K) NonClass: 354823K(365888K)->354823K(365888K) Class: 48737K(55616K)->48737K(55616K)
[2024-04-09T14:23:24.361+0300][1005.640s][info][gc          ] GC(153) Pause Young (Concurrent Start) (G1 Humongous Allocation) 573M->569M(1024M) 6.808ms
[2024-04-09T14:23:24.361+0300][1005.640s][info][gc,cpu      ] GC(153) User=0.03s Sys=0.00s Real=0.01s
[2024-04-09T14:23:24.361+0300][1005.640s][info][gc          ] GC(154) Concurrent Mark Cycle
[2024-04-09T14:23:24.361+0300][1005.640s][info][gc,marking  ] GC(154) Concurrent Clear Claimed Marks
[2024-04-09T14:23:24.362+0300][1005.641s][info][gc,marking  ] GC(154) Concurrent Clear Claimed Marks 0.926ms
[2024-04-09T14:23:24.362+0300][1005.641s][info][gc,marking  ] GC(154) Concurrent Scan Root Regions
[2024-04-09T14:23:24.365+0300][1005.644s][info][gc,marking  ] GC(154) Concurrent Scan Root Regions 3.479ms
[2024-04-09T14:23:24.365+0300][1005.644s][info][gc,marking  ] GC(154) Concurrent Mark
[2024-04-09T14:23:24.365+0300][1005.644s][info][gc,marking  ] GC(154) Concurrent Mark From Roots
[2024-04-09T14:23:24.365+0300][1005.644s][info][gc,task     ] GC(154) Using 2 workers of 2 for marking
[2024-04-09T14:23:24.662+0300][1005.941s][info][gc,marking  ] GC(154) Concurrent Mark From Roots 296.907ms
[2024-04-09T14:23:24.662+0300][1005.941s][info][gc,marking  ] GC(154) Concurrent Preclean
[2024-04-09T14:23:24.664+0300][1005.942s][info][gc,marking  ] GC(154) Concurrent Preclean 1.272ms
[2024-04-09T14:23:24.664+0300][1005.943s][info][gc,start    ] GC(154) Pause Remark
[2024-04-09T14:23:24.682+0300][1005.961s][info][gc          ] GC(154) Pause Remark 671M->661M(1024M) 18.295ms
[2024-04-09T14:23:24.682+0300][1005.961s][info][gc,cpu      ] GC(154) User=0.05s Sys=0.00s Real=0.02s
[2024-04-09T14:23:24.682+0300][1005.961s][info][gc,marking  ] GC(154) Concurrent Mark 317.024ms
[2024-04-09T14:23:24.682+0300][1005.961s][info][gc,marking  ] GC(154) Concurrent Rebuild Remembered Sets
[2024-04-09T14:23:24.960+0300][1006.239s][info][gc,start    ] GC(155) Pause Young (Normal) (G1 Evacuation Pause)
[2024-04-09T14:23:24.960+0300][1006.239s][info][gc,task     ] GC(155) Using 6 workers of 6 for evacuation
[2024-04-09T14:23:24.968+0300][1006.246s][info][gc,phases   ] GC(155)   Pre Evacuate Collection Set: 0.1ms
[2024-04-09T14:23:24.968+0300][1006.246s][info][gc,phases   ] GC(155)   Merge Heap Roots: 0.1ms
[2024-04-09T14:23:24.968+0300][1006.246s][info][gc,phases   ] GC(155)   Evacuate Collection Set: 5.4ms
[2024-04-09T14:23:24.968+0300][1006.246s][info][gc,phases   ] GC(155)   Post Evacuate Collection Set: 1.8ms
[2024-04-09T14:23:24.968+0300][1006.246s][info][gc,phases   ] GC(155)   Other: 0.1ms
[2024-04-09T14:23:24.968+0300][1006.246s][info][gc,heap     ] GC(155) Eden regions: 181->0(179)
[2024-04-09T14:23:24.968+0300][1006.246s][info][gc,heap     ] GC(155) Survivor regions: 2->16(23)
[2024-04-09T14:23:24.968+0300][1006.246s][info][gc,heap     ] GC(155) Old regions: 533->533
[2024-04-09T14:23:24.968+0300][1006.246s][info][gc,heap     ] GC(155) Archive regions: 2->2
[2024-04-09T14:23:24.968+0300][1006.246s][info][gc,heap     ] GC(155) Humongous regions: 26->26
[2024-04-09T14:23:24.968+0300][1006.246s][info][gc,metaspace] GC(155) Metaspace: 403987K(421568K)->403987K(421568K) NonClass: 355190K(365952K)->355190K(365952K) Class: 48796K(55616K)->48796K(55616K)
[2024-04-09T14:23:24.968+0300][1006.247s][info][gc          ] GC(155) Pause Young (Normal) (G1 Evacuation Pause) 742M->575M(1024M) 7.803ms
[2024-04-09T14:23:24.968+0300][1006.247s][info][gc,cpu      ] GC(155) User=0.03s Sys=0.00s Real=0.01s
[2024-04-09T14:23:25.060+0300][1006.338s][info][gc,marking  ] GC(154) Concurrent Rebuild Remembered Sets 377.051ms
[2024-04-09T14:23:25.060+0300][1006.338s][info][gc,start    ] GC(154) Pause Cleanup
[2024-04-09T14:23:25.060+0300][1006.339s][info][gc          ] GC(154) Pause Cleanup 616M->616M(1024M) 0.375ms
[2024-04-09T14:23:25.060+0300][1006.339s][info][gc,cpu      ] GC(154) User=0.00s Sys=0.00s Real=0.00s
[2024-04-09T14:23:25.060+0300][1006.339s][info][gc,marking  ] GC(154) Concurrent Cleanup for Next Mark
[2024-04-09T14:23:25.063+0300][1006.342s][info][gc,marking  ] GC(154) Concurrent Cleanup for Next Mark 2.660ms
[2024-04-09T14:23:25.063+0300][1006.342s][info][gc          ] GC(154) Concurrent Mark Cycle 702.077ms
[2024-04-09T14:23:25.503+0300][1006.782s][info][gc,start    ] GC(156) Pause Young (Prepare Mixed) (G1 Evacuation Pause)
[2024-04-09T14:23:25.503+0300][1006.782s][info][gc,task     ] GC(156) Using 6 workers of 6 for evacuation
[2024-04-09T14:23:25.515+0300][1006.793s][info][gc,phases   ] GC(156)   Pre Evacuate Collection Set: 0.1ms
[2024-04-09T14:23:25.515+0300][1006.793s][info][gc,phases   ] GC(156)   Merge Heap Roots: 0.7ms
[2024-04-09T14:23:25.515+0300][1006.793s][info][gc,phases   ] GC(156)   Evacuate Collection Set: 8.8ms
[2024-04-09T14:23:25.515+0300][1006.793s][info][gc,phases   ] GC(156)   Post Evacuate Collection Set: 1.4ms
[2024-04-09T14:23:25.515+0300][1006.793s][info][gc,phases   ] GC(156)   Other: 0.1ms
[2024-04-09T14:23:25.515+0300][1006.793s][info][gc,heap     ] GC(156) Eden regions: 179->0(43)
[2024-04-09T14:23:25.515+0300][1006.793s][info][gc,heap     ] GC(156) Survivor regions: 16->8(25)
[2024-04-09T14:23:25.515+0300][1006.793s][info][gc,heap     ] GC(156) Old regions: 533->549
[2024-04-09T14:23:25.515+0300][1006.793s][info][gc,heap     ] GC(156) Archive regions: 2->2
[2024-04-09T14:23:25.515+0300][1006.793s][info][gc,heap     ] GC(156) Humongous regions: 26->26
[2024-04-09T14:23:25.515+0300][1006.793s][info][gc,metaspace] GC(156) Metaspace: 404630K(421568K)->404630K(421568K) NonClass: 355751K(365952K)->355751K(365952K) Class: 48878K(55616K)->48878K(55616K)
[2024-04-09T14:23:25.515+0300][1006.793s][info][gc          ] GC(156) Pause Young (Prepare Mixed) (G1 Evacuation Pause) 754M->583M(1024M) 11.311ms
[2024-04-09T14:23:25.515+0300][1006.793s][info][gc,cpu      ] GC(156) User=0.05s Sys=0.00s Real=0.01s
[2024-04-09T14:23:25.744+0300][1007.023s][info][gc,start    ] GC(157) Pause Young (Mixed) (G1 Evacuation Pause)
[2024-04-09T14:23:25.744+0300][1007.023s][info][gc,task     ] GC(157) Using 6 workers of 6 for evacuation
[2024-04-09T14:23:25.760+0300][1007.039s][info][gc,phases   ] GC(157)   Pre Evacuate Collection Set: 0.1ms
[2024-04-09T14:23:25.760+0300][1007.039s][info][gc,phases   ] GC(157)   Merge Heap Roots: 0.2ms
[2024-04-09T14:23:25.760+0300][1007.039s][info][gc,phases   ] GC(157)   Evacuate Collection Set: 14.0ms
[2024-04-09T14:23:25.760+0300][1007.039s][info][gc,phases   ] GC(157)   Post Evacuate Collection Set: 1.7ms
[2024-04-09T14:23:25.760+0300][1007.039s][info][gc,phases   ] GC(157)   Other: 0.1ms
[2024-04-09T14:23:25.760+0300][1007.039s][info][gc,heap     ] GC(157) Eden regions: 43->0(147)
[2024-04-09T14:23:25.760+0300][1007.039s][info][gc,heap     ] GC(157) Survivor regions: 8->7(7)
[2024-04-09T14:23:25.760+0300][1007.039s][info][gc,heap     ] GC(157) Old regions: 549->543
[2024-04-09T14:23:25.760+0300][1007.039s][info][gc,heap     ] GC(157) Archive regions: 2->2
[2024-04-09T14:23:25.760+0300][1007.039s][info][gc,heap     ] GC(157) Humongous regions: 75->75
[2024-04-09T14:23:25.760+0300][1007.039s][info][gc,metaspace] GC(157) Metaspace: 404644K(421568K)->404644K(421568K) NonClass: 355765K(365952K)->355765K(365952K) Class: 48878K(55616K)->48878K(55616K)
[2024-04-09T14:23:25.760+0300][1007.039s][info][gc          ] GC(157) Pause Young (Mixed) (G1 Evacuation Pause) 675M->625M(1024M) 16.268ms
[2024-04-09T14:23:25.760+0300][1007.039s][info][gc,cpu      ] GC(157) User=0.07s Sys=0.00s Real=0.01s
[2024-04-09T14:23:25.879+0300][1007.158s][info][gc,start    ] GC(158) Pause Young (Concurrent Start) (G1 Humongous Allocation)
[2024-04-09T14:23:25.879+0300][1007.158s][info][gc,task     ] GC(158) Using 6 workers of 6 for evacuation
[2024-04-09T14:23:25.886+0300][1007.165s][info][gc,phases   ] GC(158)   Pre Evacuate Collection Set: 1.1ms
[2024-04-09T14:23:25.886+0300][1007.165s][info][gc,phases   ] GC(158)   Merge Heap Roots: 0.1ms
[2024-04-09T14:23:25.886+0300][1007.165s][info][gc,phases   ] GC(158)   Evacuate Collection Set: 3.5ms
[2024-04-09T14:23:25.886+0300][1007.165s][info][gc,phases   ] GC(158)   Post Evacuate Collection Set: 2.4ms
[2024-04-09T14:23:25.886+0300][1007.165s][info][gc,phases   ] GC(158)   Other: 0.1ms
[2024-04-09T14:23:25.886+0300][1007.165s][info][gc,heap     ] GC(158) Eden regions: 27->0(155)
[2024-04-09T14:23:25.886+0300][1007.165s][info][gc,heap     ] GC(158) Survivor regions: 7->7(20)
[2024-04-09T14:23:25.886+0300][1007.165s][info][gc,heap     ] GC(158) Old regions: 543->543
[2024-04-09T14:23:25.886+0300][1007.165s][info][gc,heap     ] GC(158) Archive regions: 2->2
[2024-04-09T14:23:25.886+0300][1007.165s][info][gc,heap     ] GC(158) Humongous regions: 75->75
[2024-04-09T14:23:25.886+0300][1007.165s][info][gc,metaspace] GC(158) Metaspace: 404688K(421568K)->404688K(421568K) NonClass: 355804K(365952K)->355804K(365952K) Class: 48884K(55616K)->48884K(55616K)
[2024-04-09T14:23:25.886+0300][1007.165s][info][gc          ] GC(158) Pause Young (Concurrent Start) (G1 Humongous Allocation) 652M->625M(1024M) 7.375ms
[2024-04-09T14:23:25.887+0300][1007.165s][info][gc          ] GC(159) Concurrent Mark Cycle
[2024-04-09T14:23:25.887+0300][1007.165s][info][gc,marking  ] GC(159) Concurrent Clear Claimed Marks
[2024-04-09T14:23:25.887+0300][1007.165s][info][gc,cpu      ] GC(158) User=0.03s Sys=0.00s Real=0.01s
[2024-04-09T14:23:25.887+0300][1007.166s][info][gc,marking  ] GC(159) Concurrent Clear Claimed Marks 0.595ms
[2024-04-09T14:23:25.887+0300][1007.166s][info][gc,marking  ] GC(159) Concurrent Scan Root Regions
[2024-04-09T14:23:25.889+0300][1007.168s][info][gc,marking  ] GC(159) Concurrent Scan Root Regions 1.998ms
[2024-04-09T14:23:25.889+0300][1007.168s][info][gc,marking  ] GC(159) Concurrent Mark
[2024-04-09T14:23:25.889+0300][1007.168s][info][gc,marking  ] GC(159) Concurrent Mark From Roots
[2024-04-09T14:23:25.889+0300][1007.168s][info][gc,task     ] GC(159) Using 2 workers of 2 for marking
[2024-04-09T14:23:26.170+0300][1007.448s][info][gc,marking  ] GC(159) Concurrent Mark From Roots 280.579ms
[2024-04-09T14:23:26.170+0300][1007.449s][info][gc,marking  ] GC(159) Concurrent Preclean
[2024-04-09T14:23:26.171+0300][1007.450s][info][gc,marking  ] GC(159) Concurrent Preclean 1.314ms
[2024-04-09T14:23:26.171+0300][1007.450s][info][gc,start    ] GC(159) Pause Remark
[2024-04-09T14:23:26.210+0300][1007.489s][info][gc          ] GC(159) Pause Remark 710M->661M(1024M) 38.817ms
[2024-04-09T14:23:26.210+0300][1007.489s][info][gc,cpu      ] GC(159) User=0.17s Sys=0.00s Real=0.04s
[2024-04-09T14:23:26.212+0300][1007.491s][info][gc,marking  ] GC(159) Concurrent Mark 323.105ms
[2024-04-09T14:23:26.212+0300][1007.491s][info][gc,marking  ] GC(159) Concurrent Rebuild Remembered Sets
[2024-04-09T14:23:26.613+0300][1007.892s][info][gc,marking  ] GC(159) Concurrent Rebuild Remembered Sets 400.907ms
[2024-04-09T14:23:26.614+0300][1007.893s][info][gc,start    ] GC(159) Pause Cleanup
[2024-04-09T14:23:26.615+0300][1007.894s][info][gc          ] GC(159) Pause Cleanup 736M->736M(1024M) 0.517ms
[2024-04-09T14:23:26.615+0300][1007.894s][info][gc,cpu      ] GC(159) User=0.00s Sys=0.00s Real=0.00s
[2024-04-09T14:23:26.615+0300][1007.894s][info][gc,marking  ] GC(159) Concurrent Cleanup for Next Mark
[2024-04-09T14:23:26.618+0300][1007.897s][info][gc,marking  ] GC(159) Concurrent Cleanup for Next Mark 2.802ms
[2024-04-09T14:23:26.618+0300][1007.897s][info][gc          ] GC(159) Concurrent Mark Cycle 731.565ms
[2024-04-09T14:23:26.958+0300][1008.237s][info][gc,start    ] GC(160) Pause Young (Prepare Mixed) (G1 Evacuation Pause)
[2024-04-09T14:23:26.958+0300][1008.237s][info][gc,task     ] GC(160) Using 6 workers of 6 for evacuation
[2024-04-09T14:23:26.966+0300][1008.245s][info][gc,phases   ] GC(160)   Pre Evacuate Collection Set: 0.7ms
[2024-04-09T14:23:26.967+0300][1008.245s][info][gc,phases   ] GC(160)   Merge Heap Roots: 0.3ms
[2024-04-09T14:23:26.967+0300][1008.245s][info][gc,phases   ] GC(160)   Evacuate Collection Set: 4.3ms
[2024-04-09T14:23:26.967+0300][1008.245s][info][gc,phases   ] GC(160)   Post Evacuate Collection Set: 2.4ms
[2024-04-09T14:23:26.967+0300][1008.245s][info][gc,phases   ] GC(160)   Other: 0.1ms
[2024-04-09T14:23:26.967+0300][1008.245s][info][gc,heap     ] GC(160) Eden regions: 155->0(47)
[2024-04-09T14:23:26.967+0300][1008.245s][info][gc,heap     ] GC(160) Survivor regions: 7->4(21)
[2024-04-09T14:23:26.967+0300][1008.245s][info][gc,heap     ] GC(160) Old regions: 543->543
[2024-04-09T14:23:26.967+0300][1008.245s][info][gc,heap     ] GC(160) Archive regions: 2->2
[2024-04-09T14:23:26.967+0300][1008.245s][info][gc,heap     ] GC(160) Humongous regions: 69->69
[2024-04-09T14:23:26.967+0300][1008.245s][info][gc,metaspace] GC(160) Metaspace: 406059K(421568K)->406059K(421568K) NonClass: 357006K(365952K)->357006K(365952K) Class: 49053K(55616K)->49053K(55616K)
[2024-04-09T14:23:26.967+0300][1008.245s][info][gc          ] GC(160) Pause Young (Prepare Mixed) (G1 Evacuation Pause) 774M->616M(1024M) 8.393ms
[2024-04-09T14:23:26.967+0300][1008.245s][info][gc,cpu      ] GC(160) User=0.03s Sys=0.00s Real=0.01s
[2024-04-09T14:23:27.076+0300][1008.355s][info][gc,start    ] GC(161) Pause Young (Mixed) (G1 Evacuation Pause)
[2024-04-09T14:23:27.076+0300][1008.355s][info][gc,task     ] GC(161) Using 6 workers of 6 for evacuation
[2024-04-09T14:23:27.096+0300][1008.375s][info][gc,phases   ] GC(161)   Pre Evacuate Collection Set: 0.2ms
[2024-04-09T14:23:27.096+0300][1008.375s][info][gc,phases   ] GC(161)   Merge Heap Roots: 0.4ms
[2024-04-09T14:23:27.096+0300][1008.375s][info][gc,phases   ] GC(161)   Evacuate Collection Set: 16.7ms
[2024-04-09T14:23:27.096+0300][1008.375s][info][gc,phases   ] GC(161)   Post Evacuate Collection Set: 2.4ms
[2024-04-09T14:23:27.096+0300][1008.375s][info][gc,phases   ] GC(161)   Other: 0.1ms
[2024-04-09T14:23:27.096+0300][1008.375s][info][gc,heap     ] GC(161) Eden regions: 47->0(173)
[2024-04-09T14:23:27.096+0300][1008.375s][info][gc,heap     ] GC(161) Survivor regions: 4->4(7)
[2024-04-09T14:23:27.096+0300][1008.375s][info][gc,heap     ] GC(161) Old regions: 543->536
[2024-04-09T14:23:27.096+0300][1008.375s][info][gc,heap     ] GC(161) Archive regions: 2->2
[2024-04-09T14:23:27.096+0300][1008.375s][info][gc,heap     ] GC(161) Humongous regions: 69->69
[2024-04-09T14:23:27.096+0300][1008.375s][info][gc,metaspace] GC(161) Metaspace: 406253K(421632K)->406253K(421632K) NonClass: 357172K(366016K)->357172K(366016K) Class: 49081K(55616K)->49081K(55616K)
[2024-04-09T14:23:27.096+0300][1008.375s][info][gc          ] GC(161) Pause Young (Mixed) (G1 Evacuation Pause) 663M->609M(1024M) 19.950ms
[2024-04-09T14:23:27.096+0300][1008.375s][info][gc,cpu      ] GC(161) User=0.07s Sys=0.00s Real=0.02s
[2024-04-09T14:23:27.545+0300][1008.824s][info][gc,start    ] GC(162) Pause Young (Concurrent Start) (G1 Evacuation Pause)
[2024-04-09T14:23:27.545+0300][1008.824s][info][gc,task     ] GC(162) Using 6 workers of 6 for evacuation
[2024-04-09T14:23:27.553+0300][1008.832s][info][gc,phases   ] GC(162)   Pre Evacuate Collection Set: 0.9ms
[2024-04-09T14:23:27.553+0300][1008.832s][info][gc,phases   ] GC(162)   Merge Heap Roots: 0.2ms
[2024-04-09T14:23:27.553+0300][1008.832s][info][gc,phases   ] GC(162)   Evacuate Collection Set: 4.7ms
[2024-04-09T14:23:27.553+0300][1008.832s][info][gc,phases   ] GC(162)   Post Evacuate Collection Set: 2.0ms
[2024-04-09T14:23:27.553+0300][1008.832s][info][gc,phases   ] GC(162)   Other: 0.1ms
[2024-04-09T14:23:27.553+0300][1008.832s][info][gc,heap     ] GC(162) Eden regions: 173->0(174)
[2024-04-09T14:23:27.553+0300][1008.832s][info][gc,heap     ] GC(162) Survivor regions: 4->7(23)
[2024-04-09T14:23:27.553+0300][1008.832s][info][gc,heap     ] GC(162) Old regions: 536->536
[2024-04-09T14:23:27.553+0300][1008.832s][info][gc,heap     ] GC(162) Archive regions: 2->2
[2024-04-09T14:23:27.553+0300][1008.832s][info][gc,heap     ] GC(162) Humongous regions: 69->69
[2024-04-09T14:23:27.553+0300][1008.832s][info][gc,metaspace] GC(162) Metaspace: 407868K(421696K)->407868K(421696K) NonClass: 358558K(366080K)->358558K(366080K) Class: 49309K(55616K)->49309K(55616K)
[2024-04-09T14:23:27.553+0300][1008.832s][info][gc          ] GC(162) Pause Young (Concurrent Start) (G1 Evacuation Pause) 782M->612M(1024M) 8.072ms
[2024-04-09T14:23:27.553+0300][1008.832s][info][gc          ] GC(163) Concurrent Mark Cycle
[2024-04-09T14:23:27.553+0300][1008.832s][info][gc,cpu      ] GC(162) User=0.03s Sys=0.01s Real=0.01s
[2024-04-09T14:23:27.553+0300][1008.832s][info][gc,marking  ] GC(163) Concurrent Clear Claimed Marks
[2024-04-09T14:23:27.554+0300][1008.832s][info][gc,marking  ] GC(163) Concurrent Clear Claimed Marks 0.650ms
[2024-04-09T14:23:27.554+0300][1008.832s][info][gc,marking  ] GC(163) Concurrent Scan Root Regions
[2024-04-09T14:23:27.560+0300][1008.839s][info][gc,marking  ] GC(163) Concurrent Scan Root Regions 6.676ms
[2024-04-09T14:23:27.560+0300][1008.839s][info][gc,marking  ] GC(163) Concurrent Mark
[2024-04-09T14:23:27.560+0300][1008.839s][info][gc,marking  ] GC(163) Concurrent Mark From Roots
[2024-04-09T14:23:27.560+0300][1008.839s][info][gc,task     ] GC(163) Using 2 workers of 2 for marking
[2024-04-09T14:23:27.974+0300][1009.253s][info][gc,marking  ] GC(163) Concurrent Mark From Roots 413.780ms
[2024-04-09T14:23:27.974+0300][1009.253s][info][gc,marking  ] GC(163) Concurrent Preclean
[2024-04-09T14:23:27.975+0300][1009.254s][info][gc,marking  ] GC(163) Concurrent Preclean 1.171ms
[2024-04-09T14:23:27.976+0300][1009.254s][info][gc,start    ] GC(163) Pause Remark
[2024-04-09T14:23:27.991+0300][1009.270s][info][gc          ] GC(163) Pause Remark 733M->690M(1024M) 15.632ms
[2024-04-09T14:23:27.991+0300][1009.270s][info][gc,cpu      ] GC(163) User=0.05s Sys=0.00s Real=0.01s
[2024-04-09T14:23:27.992+0300][1009.271s][info][gc,marking  ] GC(163) Concurrent Mark 431.703ms
[2024-04-09T14:23:27.992+0300][1009.271s][info][gc,marking  ] GC(163) Concurrent Rebuild Remembered Sets
[2024-04-09T14:23:28.183+0300][1009.461s][info][gc,start    ] GC(164) Pause Young (Normal) (G1 Evacuation Pause)
[2024-04-09T14:23:28.183+0300][1009.461s][info][gc,task     ] GC(164) Using 6 workers of 6 for evacuation
[2024-04-09T14:23:28.190+0300][1009.469s][info][gc,phases   ] GC(164)   Pre Evacuate Collection Set: 0.1ms
[2024-04-09T14:23:28.191+0300][1009.469s][info][gc,phases   ] GC(164)   Merge Heap Roots: 0.1ms
[2024-04-09T14:23:28.191+0300][1009.469s][info][gc,phases   ] GC(164)   Evacuate Collection Set: 5.6ms
[2024-04-09T14:23:28.191+0300][1009.469s][info][gc,phases   ] GC(164)   Post Evacuate Collection Set: 1.9ms
[2024-04-09T14:23:28.191+0300][1009.469s][info][gc,phases   ] GC(164)   Other: 0.1ms
[2024-04-09T14:23:28.191+0300][1009.469s][info][gc,heap     ] GC(164) Eden regions: 174->0(197)
[2024-04-09T14:23:28.191+0300][1009.469s][info][gc,heap     ] GC(164) Survivor regions: 7->18(23)
[2024-04-09T14:23:28.191+0300][1009.469s][info][gc,heap     ] GC(164) Old regions: 536->536
[2024-04-09T14:23:28.191+0300][1009.469s][info][gc,heap     ] GC(164) Archive regions: 2->2
[2024-04-09T14:23:28.191+0300][1009.469s][info][gc,heap     ] GC(164) Humongous regions: 26->26
[2024-04-09T14:23:28.191+0300][1009.469s][info][gc,metaspace] GC(164) Metaspace: 408560K(421760K)->408560K(421760K) NonClass: 359172K(366144K)->359172K(366144K) Class: 49387K(55616K)->49387K(55616K)
[2024-04-09T14:23:28.191+0300][1009.469s][info][gc          ] GC(164) Pause Young (Normal) (G1 Evacuation Pause) 743M->580M(1024M) 7.916ms
[2024-04-09T14:23:28.191+0300][1009.469s][info][gc,cpu      ] GC(164) User=0.05s Sys=0.00s Real=0.00s
[2024-04-09T14:23:28.421+0300][1009.700s][info][gc,marking  ] GC(163) Concurrent Rebuild Remembered Sets 429.201ms
[2024-04-09T14:23:28.422+0300][1009.701s][info][gc,start    ] GC(163) Pause Cleanup
[2024-04-09T14:23:28.422+0300][1009.701s][info][gc          ] GC(163) Pause Cleanup 650M->650M(1024M) 0.443ms
[2024-04-09T14:23:28.422+0300][1009.701s][info][gc,cpu      ] GC(163) User=0.01s Sys=0.00s Real=0.00s
[2024-04-09T14:23:28.422+0300][1009.701s][info][gc,marking  ] GC(163) Concurrent Cleanup for Next Mark
[2024-04-09T14:23:28.424+0300][1009.703s][info][gc,marking  ] GC(163) Concurrent Cleanup for Next Mark 1.854ms
[2024-04-09T14:23:28.424+0300][1009.703s][info][gc          ] GC(163) Concurrent Mark Cycle 871.297ms
[2024-04-09T14:23:29.891+0300][1011.170s][info][gc,start    ] GC(165) Pause Young (Prepare Mixed) (G1 Evacuation Pause)
[2024-04-09T14:23:29.891+0300][1011.170s][info][gc,task     ] GC(165) Using 6 workers of 6 for evacuation
[2024-04-09T14:23:29.900+0300][1011.179s][info][gc,phases   ] GC(165)   Pre Evacuate Collection Set: 0.2ms
[2024-04-09T14:23:29.900+0300][1011.179s][info][gc,phases   ] GC(165)   Merge Heap Roots: 0.2ms
[2024-04-09T14:23:29.900+0300][1011.179s][info][gc,phases   ] GC(165)   Evacuate Collection Set: 6.6ms
[2024-04-09T14:23:29.900+0300][1011.179s][info][gc,phases   ] GC(165)   Post Evacuate Collection Set: 2.2ms
[2024-04-09T14:23:29.900+0300][1011.179s][info][gc,phases   ] GC(165)   Other: 0.1ms
[2024-04-09T14:23:29.900+0300][1011.179s][info][gc,heap     ] GC(165) Eden regions: 197->0(34)
[2024-04-09T14:23:29.900+0300][1011.179s][info][gc,heap     ] GC(165) Survivor regions: 18->17(27)
[2024-04-09T14:23:29.900+0300][1011.179s][info][gc,heap     ] GC(165) Old regions: 536->541
[2024-04-09T14:23:29.900+0300][1011.179s][info][gc,heap     ] GC(165) Archive regions: 2->2
[2024-04-09T14:23:29.900+0300][1011.179s][info][gc,heap     ] GC(165) Humongous regions: 28->27
[2024-04-09T14:23:29.900+0300][1011.179s][info][gc,metaspace] GC(165) Metaspace: 408946K(421760K)->408946K(421760K) NonClass: 359526K(366144K)->359526K(366144K) Class: 49420K(55616K)->49420K(55616K)
[2024-04-09T14:23:29.900+0300][1011.179s][info][gc          ] GC(165) Pause Young (Prepare Mixed) (G1 Evacuation Pause) 779M->585M(1024M) 9.242ms
[2024-04-09T14:23:29.900+0300][1011.179s][info][gc,cpu      ] GC(165) User=0.04s Sys=0.00s Real=0.01s
[2024-04-09T14:23:29.954+0300][1011.232s][info][gc,start    ] GC(166) Pause Young (Mixed) (G1 Evacuation Pause)
[2024-04-09T14:23:29.954+0300][1011.232s][info][gc,task     ] GC(166) Using 6 workers of 6 for evacuation
[2024-04-09T14:23:29.971+0300][1011.250s][info][gc,phases   ] GC(166)   Pre Evacuate Collection Set: 0.1ms
[2024-04-09T14:23:29.971+0300][1011.250s][info][gc,phases   ] GC(166)   Merge Heap Roots: 0.4ms
[2024-04-09T14:23:29.971+0300][1011.250s][info][gc,phases   ] GC(166)   Evacuate Collection Set: 15.0ms
[2024-04-09T14:23:29.971+0300][1011.250s][info][gc,phases   ] GC(166)   Post Evacuate Collection Set: 1.6ms
[2024-04-09T14:23:29.971+0300][1011.250s][info][gc,phases   ] GC(166)   Other: 0.1ms
[2024-04-09T14:23:29.971+0300][1011.250s][info][gc,heap     ] GC(166) Eden regions: 34->0(198)
[2024-04-09T14:23:29.971+0300][1011.250s][info][gc,heap     ] GC(166) Survivor regions: 17->2(7)
[2024-04-09T14:23:29.971+0300][1011.250s][info][gc,heap     ] GC(166) Old regions: 541->550
[2024-04-09T14:23:29.971+0300][1011.250s][info][gc,heap     ] GC(166) Archive regions: 2->2
[2024-04-09T14:23:29.971+0300][1011.250s][info][gc,heap     ] GC(166) Humongous regions: 27->27
[2024-04-09T14:23:29.971+0300][1011.250s][info][gc,metaspace] GC(166) Metaspace: 408953K(421760K)->408953K(421760K) NonClass: 359533K(366144K)->359533K(366144K) Class: 49420K(55616K)->49420K(55616K)
[2024-04-09T14:23:29.971+0300][1011.250s][info][gc          ] GC(166) Pause Young (Mixed) (G1 Evacuation Pause) 619M->579M(1024M) 17.320ms
[2024-04-09T14:23:29.971+0300][1011.250s][info][gc,cpu      ] GC(166) User=0.10s Sys=0.00s Real=0.01s
[2024-04-09T14:23:30.106+0300][1011.385s][info][gc,start    ] GC(167) Pause Young (Concurrent Start) (G1 Humongous Allocation)
[2024-04-09T14:23:30.106+0300][1011.385s][info][gc,task     ] GC(167) Using 6 workers of 6 for evacuation
[2024-04-09T14:23:30.111+0300][1011.390s][info][gc,phases   ] GC(167)   Pre Evacuate Collection Set: 0.7ms
[2024-04-09T14:23:30.111+0300][1011.390s][info][gc,phases   ] GC(167)   Merge Heap Roots: 0.1ms
[2024-04-09T14:23:30.111+0300][1011.390s][info][gc,phases   ] GC(167)   Evacuate Collection Set: 2.3ms
[2024-04-09T14:23:30.111+0300][1011.390s][info][gc,phases   ] GC(167)   Post Evacuate Collection Set: 1.4ms
[2024-04-09T14:23:30.111+0300][1011.390s][info][gc,phases   ] GC(167)   Other: 0.1ms
[2024-04-09T14:23:30.111+0300][1011.390s][info][gc,heap     ] GC(167) Eden regions: 37->0(203)
[2024-04-09T14:23:30.111+0300][1011.390s][info][gc,heap     ] GC(167) Survivor regions: 2->2(25)
[2024-04-09T14:23:30.111+0300][1011.390s][info][gc,heap     ] GC(167) Old regions: 550->550
[2024-04-09T14:23:30.111+0300][1011.390s][info][gc,heap     ] GC(167) Archive regions: 2->2
[2024-04-09T14:23:30.111+0300][1011.390s][info][gc,heap     ] GC(167) Humongous regions: 27->27
[2024-04-09T14:23:30.111+0300][1011.390s][info][gc,metaspace] GC(167) Metaspace: 409595K(421888K)->409595K(421888K) NonClass: 360066K(366272K)->360066K(366272K) Class: 49529K(55616K)->49529K(55616K)
[2024-04-09T14:23:30.111+0300][1011.390s][info][gc          ] GC(167) Pause Young (Concurrent Start) (G1 Humongous Allocation) 616M->578M(1024M) 4.709ms
[2024-04-09T14:23:30.111+0300][1011.390s][info][gc          ] GC(168) Concurrent Mark Cycle
[2024-04-09T14:23:30.111+0300][1011.390s][info][gc,marking  ] GC(168) Concurrent Clear Claimed Marks
[2024-04-09T14:23:30.111+0300][1011.390s][info][gc,cpu      ] GC(167) User=0.01s Sys=0.00s Real=0.00s
[2024-04-09T14:23:30.112+0300][1011.390s][info][gc,marking  ] GC(168) Concurrent Clear Claimed Marks 0.716ms
[2024-04-09T14:23:30.112+0300][1011.390s][info][gc,marking  ] GC(168) Concurrent Scan Root Regions
[2024-04-09T14:23:30.116+0300][1011.394s][info][gc,marking  ] GC(168) Concurrent Scan Root Regions 3.809ms
[2024-04-09T14:23:30.116+0300][1011.394s][info][gc,marking  ] GC(168) Concurrent Mark
[2024-04-09T14:23:30.116+0300][1011.394s][info][gc,marking  ] GC(168) Concurrent Mark From Roots
[2024-04-09T14:23:30.116+0300][1011.394s][info][gc,task     ] GC(168) Using 2 workers of 2 for marking
[2024-04-09T14:23:30.498+0300][1011.777s][info][gc,marking  ] GC(168) Concurrent Mark From Roots 382.325ms
[2024-04-09T14:23:30.498+0300][1011.777s][info][gc,marking  ] GC(168) Concurrent Preclean
[2024-04-09T14:23:30.499+0300][1011.778s][info][gc,marking  ] GC(168) Concurrent Preclean 1.473ms
[2024-04-09T14:23:30.500+0300][1011.779s][info][gc,start    ] GC(168) Pause Remark
[2024-04-09T14:23:30.544+0300][1011.823s][info][gc          ] GC(168) Pause Remark 702M->700M(1024M) 43.652ms
[2024-04-09T14:23:30.544+0300][1011.823s][info][gc,cpu      ] GC(168) User=0.15s Sys=0.00s Real=0.05s
[2024-04-09T14:23:30.544+0300][1011.823s][info][gc,marking  ] GC(168) Concurrent Mark 428.761ms
[2024-04-09T14:23:30.544+0300][1011.823s][info][gc,marking  ] GC(168) Concurrent Rebuild Remembered Sets
[2024-04-09T14:23:30.735+0300][1012.014s][info][gc,start    ] GC(169) Pause Young (Normal) (G1 Evacuation Pause)
[2024-04-09T14:23:30.736+0300][1012.014s][info][gc,task     ] GC(169) Using 6 workers of 6 for evacuation
[2024-04-09T14:23:30.743+0300][1012.021s][info][gc,phases   ] GC(169)   Pre Evacuate Collection Set: 0.2ms
[2024-04-09T14:23:30.743+0300][1012.022s][info][gc,phases   ] GC(169)   Merge Heap Roots: 0.3ms
[2024-04-09T14:23:30.743+0300][1012.022s][info][gc,phases   ] GC(169)   Evacuate Collection Set: 5.0ms
[2024-04-09T14:23:30.743+0300][1012.022s][info][gc,phases   ] GC(169)   Post Evacuate Collection Set: 1.7ms
[2024-04-09T14:23:30.743+0300][1012.022s][info][gc,phases   ] GC(169)   Other: 0.1ms
[2024-04-09T14:23:30.743+0300][1012.022s][info][gc,heap     ] GC(169) Eden regions: 203->0(200)
[2024-04-09T14:23:30.743+0300][1012.022s][info][gc,heap     ] GC(169) Survivor regions: 2->7(26)
[2024-04-09T14:23:30.743+0300][1012.022s][info][gc,heap     ] GC(169) Old regions: 549->549
[2024-04-09T14:23:30.743+0300][1012.022s][info][gc,heap     ] GC(169) Archive regions: 2->2
[2024-04-09T14:23:30.743+0300][1012.022s][info][gc,heap     ] GC(169) Humongous regions: 30->30
[2024-04-09T14:23:30.743+0300][1012.022s][info][gc,metaspace] GC(169) Metaspace: 411200K(422976K)->411200K(422976K) NonClass: 361580K(367360K)->361580K(367360K) Class: 49619K(55616K)->49619K(55616K)
[2024-04-09T14:23:30.743+0300][1012.022s][info][gc          ] GC(169) Pause Young (Normal) (G1 Evacuation Pause) 783M->585M(1024M) 7.400ms
[2024-04-09T14:23:30.743+0300][1012.022s][info][gc,cpu      ] GC(169) User=0.03s Sys=0.00s Real=0.01s
[2024-04-09T14:23:31.016+0300][1012.295s][info][gc,marking  ] GC(168) Concurrent Rebuild Remembered Sets 471.671ms
[2024-04-09T14:23:31.016+0300][1012.295s][info][gc,start    ] GC(168) Pause Cleanup
[2024-04-09T14:23:31.017+0300][1012.296s][info][gc          ] GC(168) Pause Cleanup 601M->601M(1024M) 0.597ms
[2024-04-09T14:23:31.017+0300][1012.296s][info][gc,cpu      ] GC(168) User=0.00s Sys=0.00s Real=0.00s
[2024-04-09T14:23:31.017+0300][1012.296s][info][gc,marking  ] GC(168) Concurrent Cleanup for Next Mark
[2024-04-09T14:23:31.018+0300][1012.297s][info][gc,marking  ] GC(168) Concurrent Cleanup for Next Mark 1.057ms
[2024-04-09T14:23:31.018+0300][1012.297s][info][gc          ] GC(168) Concurrent Mark Cycle 907.322ms
[2024-04-09T14:23:57.907+0300][1039.186s][info][gc,start    ] GC(170) Pause Young (Prepare Mixed) (G1 Evacuation Pause)
[2024-04-09T14:23:57.907+0300][1039.186s][info][gc,task     ] GC(170) Using 6 workers of 6 for evacuation
[2024-04-09T14:23:57.920+0300][1039.199s][info][gc,phases   ] GC(170)   Pre Evacuate Collection Set: 0.4ms
[2024-04-09T14:23:57.920+0300][1039.199s][info][gc,phases   ] GC(170)   Merge Heap Roots: 0.3ms
[2024-04-09T14:23:57.920+0300][1039.199s][info][gc,phases   ] GC(170)   Evacuate Collection Set: 9.9ms
[2024-04-09T14:23:57.920+0300][1039.199s][info][gc,phases   ] GC(170)   Post Evacuate Collection Set: 2.1ms
[2024-04-09T14:23:57.920+0300][1039.199s][info][gc,phases   ] GC(170)   Other: 0.2ms
[2024-04-09T14:23:57.920+0300][1039.199s][info][gc,heap     ] GC(170) Eden regions: 200->0(27)
[2024-04-09T14:23:57.920+0300][1039.199s][info][gc,heap     ] GC(170) Survivor regions: 7->24(26)
[2024-04-09T14:23:57.920+0300][1039.199s][info][gc,heap     ] GC(170) Old regions: 549->549
[2024-04-09T14:23:57.920+0300][1039.199s][info][gc,heap     ] GC(170) Archive regions: 2->2
[2024-04-09T14:23:57.920+0300][1039.199s][info][gc,heap     ] GC(170) Humongous regions: 34->34
[2024-04-09T14:23:57.920+0300][1039.199s][info][gc,metaspace] GC(170) Metaspace: 412318K(423104K)->412318K(423104K) NonClass: 362612K(367488K)->362612K(367488K) Class: 49705K(55616K)->49705K(55616K)
[2024-04-09T14:23:57.920+0300][1039.199s][info][gc          ] GC(170) Pause Young (Prepare Mixed) (G1 Evacuation Pause) 789M->606M(1024M) 13.010ms
[2024-04-09T14:23:57.920+0300][1039.199s][info][gc,cpu      ] GC(170) User=0.06s Sys=0.00s Real=0.01s
[2024-04-09T14:24:00.065+0300][1041.344s][info][gc,start    ] GC(171) Pause Young (Mixed) (G1 Evacuation Pause)
[2024-04-09T14:24:00.065+0300][1041.344s][info][gc,task     ] GC(171) Using 6 workers of 6 for evacuation
[2024-04-09T14:24:00.094+0300][1041.373s][info][gc,phases   ] GC(171)   Pre Evacuate Collection Set: 0.3ms
[2024-04-09T14:24:00.094+0300][1041.373s][info][gc,phases   ] GC(171)   Merge Heap Roots: 0.3ms
[2024-04-09T14:24:00.094+0300][1041.373s][info][gc,phases   ] GC(171)   Evacuate Collection Set: 24.3ms
[2024-04-09T14:24:00.094+0300][1041.373s][info][gc,phases   ] GC(171)   Post Evacuate Collection Set: 3.9ms
[2024-04-09T14:24:00.094+0300][1041.373s][info][gc,phases   ] GC(171)   Other: 0.1ms
[2024-04-09T14:24:00.094+0300][1041.373s][info][gc,heap     ] GC(171) Eden regions: 27->0(172)
[2024-04-09T14:24:00.094+0300][1041.373s][info][gc,heap     ] GC(171) Survivor regions: 24->7(7)
[2024-04-09T14:24:00.094+0300][1041.373s][info][gc,heap     ] GC(171) Old regions: 549->553
[2024-04-09T14:24:00.094+0300][1041.373s][info][gc,heap     ] GC(171) Archive regions: 2->2
[2024-04-09T14:24:00.094+0300][1041.373s][info][gc,heap     ] GC(171) Humongous regions: 36->36
[2024-04-09T14:24:00.094+0300][1041.373s][info][gc,metaspace] GC(171) Metaspace: 412345K(423104K)->412345K(423104K) NonClass: 362639K(367488K)->362639K(367488K) Class: 49705K(55616K)->49705K(55616K)
[2024-04-09T14:24:00.094+0300][1041.373s][info][gc          ] GC(171) Pause Young (Mixed) (G1 Evacuation Pause) 635M->596M(1024M) 29.068ms
[2024-04-09T14:24:00.094+0300][1041.373s][info][gc,cpu      ] GC(171) User=0.12s Sys=0.02s Real=0.03s
[2024-04-09T14:24:28.708+0300][1069.987s][info][gc,start    ] GC(172) Pause Young (Concurrent Start) (G1 Humongous Allocation)
[2024-04-09T14:24:28.708+0300][1069.987s][info][gc,task     ] GC(172) Using 6 workers of 6 for evacuation
[2024-04-09T14:24:28.716+0300][1069.995s][info][gc,phases   ] GC(172)   Pre Evacuate Collection Set: 0.9ms
[2024-04-09T14:24:28.716+0300][1069.995s][info][gc,phases   ] GC(172)   Merge Heap Roots: 0.2ms
[2024-04-09T14:24:28.716+0300][1069.995s][info][gc,phases   ] GC(172)   Evacuate Collection Set: 3.0ms
[2024-04-09T14:24:28.716+0300][1069.995s][info][gc,phases   ] GC(172)   Post Evacuate Collection Set: 4.0ms
[2024-04-09T14:24:28.716+0300][1069.995s][info][gc,phases   ] GC(172)   Other: 0.1ms
[2024-04-09T14:24:28.716+0300][1069.995s][info][gc,heap     ] GC(172) Eden regions: 13->0(185)
[2024-04-09T14:24:28.716+0300][1069.995s][info][gc,heap     ] GC(172) Survivor regions: 7->2(23)
[2024-04-09T14:24:28.716+0300][1069.995s][info][gc,heap     ] GC(172) Old regions: 553->553
[2024-04-09T14:24:28.716+0300][1069.995s][info][gc,heap     ] GC(172) Archive regions: 2->2
[2024-04-09T14:24:28.716+0300][1069.995s][info][gc,heap     ] GC(172) Humongous regions: 36->36
[2024-04-09T14:24:28.716+0300][1069.995s][info][gc,metaspace] GC(172) Metaspace: 412436K(423168K)->412436K(423168K) NonClass: 362730K(367552K)->362730K(367552K) Class: 49705K(55616K)->49705K(55616K)
[2024-04-09T14:24:28.716+0300][1069.995s][info][gc          ] GC(172) Pause Young (Concurrent Start) (G1 Humongous Allocation) 609M->591M(1024M) 8.335ms
[2024-04-09T14:24:28.716+0300][1069.995s][info][gc,cpu      ] GC(172) User=0.03s Sys=0.00s Real=0.01s
[2024-04-09T14:24:28.716+0300][1069.995s][info][gc          ] GC(173) Concurrent Mark Cycle
[2024-04-09T14:24:28.716+0300][1069.995s][info][gc,marking  ] GC(173) Concurrent Clear Claimed Marks
[2024-04-09T14:24:28.717+0300][1069.996s][info][gc,marking  ] GC(173) Concurrent Clear Claimed Marks 0.915ms
[2024-04-09T14:24:28.717+0300][1069.996s][info][gc,marking  ] GC(173) Concurrent Scan Root Regions
[2024-04-09T14:24:28.720+0300][1069.999s][info][gc,marking  ] GC(173) Concurrent Scan Root Regions 3.003ms
[2024-04-09T14:24:28.720+0300][1069.999s][info][gc,marking  ] GC(173) Concurrent Mark
[2024-04-09T14:24:28.720+0300][1069.999s][info][gc,marking  ] GC(173) Concurrent Mark From Roots
[2024-04-09T14:24:28.720+0300][1069.999s][info][gc,task     ] GC(173) Using 2 workers of 2 for marking
[2024-04-09T14:24:29.019+0300][1070.297s][info][gc,marking  ] GC(173) Concurrent Mark From Roots 298.164ms
[2024-04-09T14:24:29.019+0300][1070.297s][info][gc,marking  ] GC(173) Concurrent Preclean
[2024-04-09T14:24:29.020+0300][1070.298s][info][gc,marking  ] GC(173) Concurrent Preclean 1.109ms
[2024-04-09T14:24:29.020+0300][1070.299s][info][gc,start    ] GC(173) Pause Remark
[2024-04-09T14:24:29.060+0300][1070.339s][info][gc          ] GC(173) Pause Remark 593M->582M(1024M) 40.333ms
[2024-04-09T14:24:29.060+0300][1070.339s][info][gc,cpu      ] GC(173) User=0.15s Sys=0.00s Real=0.04s
[2024-04-09T14:24:29.061+0300][1070.339s][info][gc,marking  ] GC(173) Concurrent Mark 340.302ms
[2024-04-09T14:24:29.061+0300][1070.339s][info][gc,marking  ] GC(173) Concurrent Rebuild Remembered Sets
[2024-04-09T14:24:29.399+0300][1070.677s][info][gc,marking  ] GC(173) Concurrent Rebuild Remembered Sets 338.002ms
[2024-04-09T14:24:29.399+0300][1070.677s][info][gc,start    ] GC(173) Pause Cleanup
[2024-04-09T14:24:29.399+0300][1070.678s][info][gc          ] GC(173) Pause Cleanup 582M->582M(1024M) 0.321ms
[2024-04-09T14:24:29.399+0300][1070.678s][info][gc,cpu      ] GC(173) User=0.00s Sys=0.00s Real=0.00s
[2024-04-09T14:24:29.399+0300][1070.678s][info][gc,marking  ] GC(173) Concurrent Cleanup for Next Mark
[2024-04-09T14:24:29.400+0300][1070.679s][info][gc,marking  ] GC(173) Concurrent Cleanup for Next Mark 1.078ms
[2024-04-09T14:24:29.400+0300][1070.679s][info][gc          ] GC(173) Concurrent Mark Cycle 684.101ms
[2024-04-09T14:25:31.608+0300][1132.887s][info][gc,start    ] GC(174) Pause Young (Prepare Mixed) (G1 Evacuation Pause)
[2024-04-09T14:25:31.608+0300][1132.887s][info][gc,task     ] GC(174) Using 6 workers of 6 for evacuation
[2024-04-09T14:25:31.618+0300][1132.897s][info][gc,phases   ] GC(174)   Pre Evacuate Collection Set: 0.2ms
[2024-04-09T14:25:31.618+0300][1132.897s][info][gc,phases   ] GC(174)   Merge Heap Roots: 0.1ms
[2024-04-09T14:25:31.618+0300][1132.897s][info][gc,phases   ] GC(174)   Evacuate Collection Set: 5.8ms
[2024-04-09T14:25:31.618+0300][1132.897s][info][gc,phases   ] GC(174)   Post Evacuate Collection Set: 4.0ms
[2024-04-09T14:25:31.618+0300][1132.897s][info][gc,phases   ] GC(174)   Other: 0.1ms
[2024-04-09T14:25:31.618+0300][1132.897s][info][gc,heap     ] GC(174) Eden regions: 185->0(36)
[2024-04-09T14:25:31.618+0300][1132.897s][info][gc,heap     ] GC(174) Survivor regions: 2->15(24)
[2024-04-09T14:25:31.618+0300][1132.897s][info][gc,heap     ] GC(174) Old regions: 552->552
[2024-04-09T14:25:31.618+0300][1132.897s][info][gc,heap     ] GC(174) Archive regions: 2->2
[2024-04-09T14:25:31.618+0300][1132.897s][info][gc,heap     ] GC(174) Humongous regions: 32->31
[2024-04-09T14:25:31.618+0300][1132.897s][info][gc,metaspace] GC(174) Metaspace: 413169K(423424K)->413169K(423424K) NonClass: 363377K(367808K)->363377K(367808K) Class: 49791K(55616K)->49791K(55616K)
[2024-04-09T14:25:31.618+0300][1132.897s][info][gc          ] GC(174) Pause Young (Prepare Mixed) (G1 Evacuation Pause) 771M->598M(1024M) 10.433ms
[2024-04-09T14:25:31.618+0300][1132.897s][info][gc,cpu      ] GC(174) User=0.04s Sys=0.00s Real=0.01s
[2024-04-09T14:25:31.898+0300][1133.177s][info][gc,start    ] GC(175) Pause Young (Mixed) (G1 Evacuation Pause)
[2024-04-09T14:25:31.898+0300][1133.177s][info][gc,task     ] GC(175) Using 6 workers of 6 for evacuation
[2024-04-09T14:25:31.918+0300][1133.196s][info][gc,phases   ] GC(175)   Pre Evacuate Collection Set: 0.1ms
[2024-04-09T14:25:31.918+0300][1133.196s][info][gc,phases   ] GC(175)   Merge Heap Roots: 0.2ms
[2024-04-09T14:25:31.918+0300][1133.196s][info][gc,phases   ] GC(175)   Evacuate Collection Set: 16.7ms
[2024-04-09T14:25:31.918+0300][1133.196s][info][gc,phases   ] GC(175)   Post Evacuate Collection Set: 2.5ms
[2024-04-09T14:25:31.918+0300][1133.196s][info][gc,phases   ] GC(175)   Other: 0.1ms
[2024-04-09T14:25:31.918+0300][1133.196s][info][gc,heap     ] GC(175) Eden regions: 36->0(192)
[2024-04-09T14:25:31.918+0300][1133.196s][info][gc,heap     ] GC(175) Survivor regions: 15->2(7)
[2024-04-09T14:25:31.918+0300][1133.196s][info][gc,heap     ] GC(175) Old regions: 552->552
[2024-04-09T14:25:31.918+0300][1133.196s][info][gc,heap     ] GC(175) Archive regions: 2->2
[2024-04-09T14:25:31.918+0300][1133.196s][info][gc,heap     ] GC(175) Humongous regions: 31->31
[2024-04-09T14:25:31.918+0300][1133.196s][info][gc,metaspace] GC(175) Metaspace: 413293K(423488K)->413293K(423488K) NonClass: 363485K(367872K)->363485K(367872K) Class: 49807K(55616K)->49807K(55616K)
[2024-04-09T14:25:31.918+0300][1133.197s][info][gc          ] GC(175) Pause Young (Mixed) (G1 Evacuation Pause) 634M->584M(1024M) 19.870ms
[2024-04-09T14:25:31.918+0300][1133.197s][info][gc,cpu      ] GC(175) User=0.07s Sys=0.00s Real=0.02s
[2024-04-09T14:25:58.712+0300][1159.990s][info][gc,start    ] GC(176) Pause Young (Concurrent Start) (G1 Humongous Allocation)
[2024-04-09T14:25:58.712+0300][1159.990s][info][gc,task     ] GC(176) Using 6 workers of 6 for evacuation
[2024-04-09T14:25:58.721+0300][1160.000s][info][gc,phases   ] GC(176)   Pre Evacuate Collection Set: 1.5ms
[2024-04-09T14:25:58.721+0300][1160.000s][info][gc,phases   ] GC(176)   Merge Heap Roots: 0.3ms
[2024-04-09T14:25:58.721+0300][1160.000s][info][gc,phases   ] GC(176)   Evacuate Collection Set: 4.7ms
[2024-04-09T14:25:58.721+0300][1160.000s][info][gc,phases   ] GC(176)   Post Evacuate Collection Set: 2.5ms
[2024-04-09T14:25:58.722+0300][1160.000s][info][gc,phases   ] GC(176)   Other: 0.8ms
[2024-04-09T14:25:58.722+0300][1160.000s][info][gc,heap     ] GC(176) Eden regions: 55->0(199)
[2024-04-09T14:25:58.722+0300][1160.000s][info][gc,heap     ] GC(176) Survivor regions: 2->2(25)
[2024-04-09T14:25:58.722+0300][1160.000s][info][gc,heap     ] GC(176) Old regions: 552->552
[2024-04-09T14:25:58.722+0300][1160.000s][info][gc,heap     ] GC(176) Archive regions: 2->2
[2024-04-09T14:25:58.722+0300][1160.000s][info][gc,heap     ] GC(176) Humongous regions: 31->31
[2024-04-09T14:25:58.722+0300][1160.000s][info][gc,metaspace] GC(176) Metaspace: 413435K(423552K)->413435K(423552K) NonClass: 363622K(367936K)->363622K(367936K) Class: 49812K(55616K)->49812K(55616K)
[2024-04-09T14:25:58.722+0300][1160.000s][info][gc          ] GC(176) Pause Young (Concurrent Start) (G1 Humongous Allocation) 639M->585M(1024M) 10.101ms
[2024-04-09T14:25:58.722+0300][1160.000s][info][gc          ] GC(177) Concurrent Mark Cycle
[2024-04-09T14:25:58.722+0300][1160.000s][info][gc,marking  ] GC(177) Concurrent Clear Claimed Marks
[2024-04-09T14:25:58.722+0300][1160.000s][info][gc,cpu      ] GC(176) User=0.04s Sys=0.01s Real=0.02s
[2024-04-09T14:25:58.723+0300][1160.001s][info][gc,marking  ] GC(177) Concurrent Clear Claimed Marks 0.886ms
[2024-04-09T14:25:58.723+0300][1160.001s][info][gc,marking  ] GC(177) Concurrent Scan Root Regions
[2024-04-09T14:25:58.727+0300][1160.006s][info][gc,marking  ] GC(177) Concurrent Scan Root Regions 4.584ms
[2024-04-09T14:25:58.727+0300][1160.006s][info][gc,marking  ] GC(177) Concurrent Mark
[2024-04-09T14:25:58.727+0300][1160.006s][info][gc,marking  ] GC(177) Concurrent Mark From Roots
[2024-04-09T14:25:58.727+0300][1160.006s][info][gc,task     ] GC(177) Using 2 workers of 2 for marking
[2024-04-09T14:25:58.999+0300][1160.278s][info][gc,marking  ] GC(177) Concurrent Mark From Roots 272.023ms
[2024-04-09T14:25:58.999+0300][1160.278s][info][gc,marking  ] GC(177) Concurrent Preclean
[2024-04-09T14:25:59.000+0300][1160.279s][info][gc,marking  ] GC(177) Concurrent Preclean 0.738ms
[2024-04-09T14:25:59.000+0300][1160.279s][info][gc,start    ] GC(177) Pause Remark
[2024-04-09T14:25:59.015+0300][1160.294s][info][gc          ] GC(177) Pause Remark 586M->581M(1024M) 14.804ms
[2024-04-09T14:25:59.015+0300][1160.294s][info][gc,cpu      ] GC(177) User=0.04s Sys=0.00s Real=0.02s
[2024-04-09T14:25:59.015+0300][1160.294s][info][gc,marking  ] GC(177) Concurrent Mark 288.064ms
[2024-04-09T14:25:59.015+0300][1160.294s][info][gc,marking  ] GC(177) Concurrent Rebuild Remembered Sets
[2024-04-09T14:25:59.295+0300][1160.573s][info][gc,marking  ] GC(177) Concurrent Rebuild Remembered Sets 279.364ms
[2024-04-09T14:25:59.295+0300][1160.574s][info][gc,start    ] GC(177) Pause Cleanup
[2024-04-09T14:25:59.295+0300][1160.574s][info][gc          ] GC(177) Pause Cleanup 581M->581M(1024M) 0.471ms
[2024-04-09T14:25:59.295+0300][1160.574s][info][gc,cpu      ] GC(177) User=0.00s Sys=0.00s Real=0.00s
[2024-04-09T14:25:59.295+0300][1160.574s][info][gc,marking  ] GC(177) Concurrent Cleanup for Next Mark
[2024-04-09T14:25:59.296+0300][1160.575s][info][gc,marking  ] GC(177) Concurrent Cleanup for Next Mark 0.993ms
[2024-04-09T14:25:59.296+0300][1160.575s][info][gc          ] GC(177) Concurrent Mark Cycle 574.730ms
[2024-04-09T14:28:16.307+0300][1297.586s][info][gc,start    ] GC(178) Pause Young (Prepare Mixed) (G1 Evacuation Pause)
[2024-04-09T14:28:16.307+0300][1297.586s][info][gc,task     ] GC(178) Using 6 workers of 6 for evacuation
[2024-04-09T14:28:16.316+0300][1297.594s][info][gc,phases   ] GC(178)   Pre Evacuate Collection Set: 0.2ms
[2024-04-09T14:28:16.316+0300][1297.594s][info][gc,phases   ] GC(178)   Merge Heap Roots: 0.2ms
[2024-04-09T14:28:16.316+0300][1297.594s][info][gc,phases   ] GC(178)   Evacuate Collection Set: 4.5ms
[2024-04-09T14:28:16.316+0300][1297.594s][info][gc,phases   ] GC(178)   Post Evacuate Collection Set: 3.4ms
[2024-04-09T14:28:16.316+0300][1297.594s][info][gc,phases   ] GC(178)   Other: 0.1ms
[2024-04-09T14:28:16.316+0300][1297.594s][info][gc,heap     ] GC(178) Eden regions: 199->0(36)
[2024-04-09T14:28:16.316+0300][1297.594s][info][gc,heap     ] GC(178) Survivor regions: 2->15(26)
[2024-04-09T14:28:16.316+0300][1297.594s][info][gc,heap     ] GC(178) Old regions: 552->552
[2024-04-09T14:28:16.316+0300][1297.594s][info][gc,heap     ] GC(178) Archive regions: 2->2
[2024-04-09T14:28:16.316+0300][1297.594s][info][gc,heap     ] GC(178) Humongous regions: 36->36
[2024-04-09T14:28:16.316+0300][1297.594s][info][gc,metaspace] GC(178) Metaspace: 414401K(424064K)->414401K(424064K) NonClass: 364558K(368448K)->364558K(368448K) Class: 49843K(55616K)->49843K(55616K)
[2024-04-09T14:28:16.316+0300][1297.594s][info][gc          ] GC(178) Pause Young (Prepare Mixed) (G1 Evacuation Pause) 789M->603M(1024M) 8.545ms
[2024-04-09T14:28:16.316+0300][1297.595s][info][gc,cpu      ] GC(178) User=0.03s Sys=0.00s Real=0.01s
[2024-04-09T14:28:16.384+0300][1297.662s][info][gc,start    ] GC(179) Pause Young (Mixed) (G1 Evacuation Pause)
[2024-04-09T14:28:16.384+0300][1297.662s][info][gc,task     ] GC(179) Using 6 workers of 6 for evacuation
[2024-04-09T14:28:16.400+0300][1297.679s][info][gc,phases   ] GC(179)   Pre Evacuate Collection Set: 0.2ms
[2024-04-09T14:28:16.400+0300][1297.679s][info][gc,phases   ] GC(179)   Merge Heap Roots: 0.2ms
[2024-04-09T14:28:16.400+0300][1297.679s][info][gc,phases   ] GC(179)   Evacuate Collection Set: 13.5ms
[2024-04-09T14:28:16.400+0300][1297.679s][info][gc,phases   ] GC(179)   Post Evacuate Collection Set: 2.1ms
[2024-04-09T14:28:16.400+0300][1297.679s][info][gc,phases   ] GC(179)   Other: 0.1ms
[2024-04-09T14:28:16.400+0300][1297.679s][info][gc,heap     ] GC(179) Eden regions: 36->0(193)
[2024-04-09T14:28:16.400+0300][1297.679s][info][gc,heap     ] GC(179) Survivor regions: 15->1(7)
[2024-04-09T14:28:16.400+0300][1297.679s][info][gc,heap     ] GC(179) Old regions: 552->554
[2024-04-09T14:28:16.400+0300][1297.679s][info][gc,heap     ] GC(179) Archive regions: 2->2
[2024-04-09T14:28:16.400+0300][1297.679s][info][gc,heap     ] GC(179) Humongous regions: 36->36
[2024-04-09T14:28:16.400+0300][1297.679s][info][gc,metaspace] GC(179) Metaspace: 414404K(424064K)->414404K(424064K) NonClass: 364560K(368448K)->364560K(368448K) Class: 49843K(55616K)->49843K(55616K)
[2024-04-09T14:28:16.400+0300][1297.679s][info][gc          ] GC(179) Pause Young (Mixed) (G1 Evacuation Pause) 639M->591M(1024M) 16.307ms
[2024-04-09T14:28:16.400+0300][1297.679s][info][gc,cpu      ] GC(179) User=0.05s Sys=0.00s Real=0.01s
[2024-04-09T14:28:27.123+0300][1308.402s][info][gc,start    ] GC(180) Pause Young (Concurrent Start) (G1 Humongous Allocation)
[2024-04-09T14:28:27.123+0300][1308.402s][info][gc,task     ] GC(180) Using 6 workers of 6 for evacuation
[2024-04-09T14:28:27.132+0300][1308.411s][info][gc,phases   ] GC(180)   Pre Evacuate Collection Set: 1.2ms
[2024-04-09T14:28:27.132+0300][1308.411s][info][gc,phases   ] GC(180)   Merge Heap Roots: 0.2ms
[2024-04-09T14:28:27.132+0300][1308.411s][info][gc,phases   ] GC(180)   Evacuate Collection Set: 5.4ms
[2024-04-09T14:28:27.132+0300][1308.411s][info][gc,phases   ] GC(180)   Post Evacuate Collection Set: 2.0ms
[2024-04-09T14:28:27.132+0300][1308.411s][info][gc,phases   ] GC(180)   Other: 0.1ms
[2024-04-09T14:28:27.132+0300][1308.411s][info][gc,heap     ] GC(180) Eden regions: 10->0(190)
[2024-04-09T14:28:27.132+0300][1308.411s][info][gc,heap     ] GC(180) Survivor regions: 1->2(25)
[2024-04-09T14:28:27.132+0300][1308.411s][info][gc,heap     ] GC(180) Old regions: 554->554
[2024-04-09T14:28:27.132+0300][1308.411s][info][gc,heap     ] GC(180) Archive regions: 2->2
[2024-04-09T14:28:27.132+0300][1308.411s][info][gc,heap     ] GC(180) Humongous regions: 36->36
[2024-04-09T14:28:27.132+0300][1308.411s][info][gc,metaspace] GC(180) Metaspace: 414483K(424128K)->414483K(424128K) NonClass: 364627K(368512K)->364627K(368512K) Class: 49855K(55616K)->49855K(55616K)
[2024-04-09T14:28:27.132+0300][1308.411s][info][gc          ] GC(180) Pause Young (Concurrent Start) (G1 Humongous Allocation) 600M->591M(1024M) 9.174ms
[2024-04-09T14:28:27.132+0300][1308.411s][info][gc,cpu      ] GC(180) User=0.02s Sys=0.00s Real=0.00s
[2024-04-09T14:28:27.132+0300][1308.411s][info][gc          ] GC(181) Concurrent Mark Cycle
[2024-04-09T14:28:27.132+0300][1308.411s][info][gc,marking  ] GC(181) Concurrent Clear Claimed Marks
[2024-04-09T14:28:27.133+0300][1308.412s][info][gc,marking  ] GC(181) Concurrent Clear Claimed Marks 1.166ms
[2024-04-09T14:28:27.133+0300][1308.412s][info][gc,marking  ] GC(181) Concurrent Scan Root Regions
[2024-04-09T14:28:27.136+0300][1308.415s][info][gc,marking  ] GC(181) Concurrent Scan Root Regions 3.124ms
[2024-04-09T14:28:27.136+0300][1308.415s][info][gc,marking  ] GC(181) Concurrent Mark
[2024-04-09T14:28:27.136+0300][1308.415s][info][gc,marking  ] GC(181) Concurrent Mark From Roots
[2024-04-09T14:28:27.136+0300][1308.415s][info][gc,task     ] GC(181) Using 2 workers of 2 for marking
[2024-04-09T14:28:27.472+0300][1308.751s][info][gc,marking  ] GC(181) Concurrent Mark From Roots 335.411ms
[2024-04-09T14:28:27.472+0300][1308.751s][info][gc,marking  ] GC(181) Concurrent Preclean
[2024-04-09T14:28:27.473+0300][1308.752s][info][gc,marking  ] GC(181) Concurrent Preclean 1.360ms
[2024-04-09T14:28:27.474+0300][1308.752s][info][gc,start    ] GC(181) Pause Remark
[2024-04-09T14:28:27.516+0300][1308.795s][info][gc          ] GC(181) Pause Remark 691M->681M(1024M) 42.123ms
[2024-04-09T14:28:27.516+0300][1308.795s][info][gc,cpu      ] GC(181) User=0.18s Sys=0.00s Real=0.04s
[2024-04-09T14:28:27.516+0300][1308.795s][info][gc,marking  ] GC(181) Concurrent Mark 379.501ms
[2024-04-09T14:28:27.516+0300][1308.795s][info][gc,marking  ] GC(181) Concurrent Rebuild Remembered Sets
[2024-04-09T14:28:27.898+0300][1309.177s][info][gc,marking  ] GC(181) Concurrent Rebuild Remembered Sets 382.155ms
[2024-04-09T14:28:27.898+0300][1309.177s][info][gc,start    ] GC(181) Pause Cleanup
[2024-04-09T14:28:27.899+0300][1309.178s][info][gc          ] GC(181) Pause Cleanup 721M->721M(1024M) 0.581ms
[2024-04-09T14:28:27.899+0300][1309.178s][info][gc,cpu      ] GC(181) User=0.00s Sys=0.00s Real=0.00s
[2024-04-09T14:28:27.899+0300][1309.178s][info][gc,marking  ] GC(181) Concurrent Cleanup for Next Mark
[2024-04-09T14:28:27.901+0300][1309.180s][info][gc,marking  ] GC(181) Concurrent Cleanup for Next Mark 2.115ms
[2024-04-09T14:28:27.901+0300][1309.180s][info][gc          ] GC(181) Concurrent Mark Cycle 769.276ms
[2024-04-09T14:28:28.152+0300][1309.431s][info][gc,start    ] GC(182) Pause Young (Prepare Mixed) (G1 Evacuation Pause)
[2024-04-09T14:28:28.152+0300][1309.431s][info][gc,task     ] GC(182) Using 6 workers of 6 for evacuation
[2024-04-09T14:28:28.160+0300][1309.438s][info][gc,phases   ] GC(182)   Pre Evacuate Collection Set: 0.2ms
[2024-04-09T14:28:28.160+0300][1309.438s][info][gc,phases   ] GC(182)   Merge Heap Roots: 0.2ms
[2024-04-09T14:28:28.160+0300][1309.438s][info][gc,phases   ] GC(182)   Evacuate Collection Set: 4.8ms
[2024-04-09T14:28:28.160+0300][1309.438s][info][gc,phases   ] GC(182)   Post Evacuate Collection Set: 2.0ms
[2024-04-09T14:28:28.160+0300][1309.438s][info][gc,phases   ] GC(182)   Other: 0.1ms
[2024-04-09T14:28:28.160+0300][1309.438s][info][gc,heap     ] GC(182) Eden regions: 190->0(33)
[2024-04-09T14:28:28.160+0300][1309.438s][info][gc,heap     ] GC(182) Survivor regions: 2->18(24)
[2024-04-09T14:28:28.160+0300][1309.438s][info][gc,heap     ] GC(182) Old regions: 554->554
[2024-04-09T14:28:28.160+0300][1309.438s][info][gc,heap     ] GC(182) Archive regions: 2->2
[2024-04-09T14:28:28.160+0300][1309.438s][info][gc,heap     ] GC(182) Humongous regions: 28->28
[2024-04-09T14:28:28.160+0300][1309.438s][info][gc,metaspace] GC(182) Metaspace: 419718K(428992K)->419718K(428992K) NonClass: 369320K(373248K)->369320K(373248K) Class: 50397K(55744K)->50397K(55744K)
[2024-04-09T14:28:28.160+0300][1309.438s][info][gc          ] GC(182) Pause Young (Prepare Mixed) (G1 Evacuation Pause) 773M->600M(1024M) 7.331ms
[2024-04-09T14:28:28.160+0300][1309.438s][info][gc,cpu      ] GC(182) User=0.04s Sys=0.00s Real=0.01s
[2024-04-09T14:28:28.258+0300][1309.537s][info][gc,start    ] GC(183) Pause Young (Mixed) (G1 Evacuation Pause)
[2024-04-09T14:28:28.258+0300][1309.537s][info][gc,task     ] GC(183) Using 6 workers of 6 for evacuation
[2024-04-09T14:28:28.269+0300][1309.547s][info][gc,phases   ] GC(183)   Pre Evacuate Collection Set: 0.1ms
[2024-04-09T14:28:28.269+0300][1309.547s][info][gc,phases   ] GC(183)   Merge Heap Roots: 0.1ms
[2024-04-09T14:28:28.269+0300][1309.547s][info][gc,phases   ] GC(183)   Evacuate Collection Set: 8.8ms
[2024-04-09T14:28:28.269+0300][1309.547s][info][gc,phases   ] GC(183)   Post Evacuate Collection Set: 1.5ms
[2024-04-09T14:28:28.269+0300][1309.547s][info][gc,phases   ] GC(183)   Other: 0.1ms
[2024-04-09T14:28:28.269+0300][1309.548s][info][gc,heap     ] GC(183) Eden regions: 33->0(187)
[2024-04-09T14:28:28.269+0300][1309.548s][info][gc,heap     ] GC(183) Survivor regions: 18->3(7)
[2024-04-09T14:28:28.269+0300][1309.548s][info][gc,heap     ] GC(183) Old regions: 554->558
[2024-04-09T14:28:28.269+0300][1309.548s][info][gc,heap     ] GC(183) Archive regions: 2->2
[2024-04-09T14:28:28.269+0300][1309.548s][info][gc,heap     ] GC(183) Humongous regions: 28->28
[2024-04-09T14:28:28.269+0300][1309.548s][info][gc,metaspace] GC(183) Metaspace: 419820K(429056K)->419820K(429056K) NonClass: 369401K(373312K)->369401K(373312K) Class: 50419K(55744K)->50419K(55744K)
[2024-04-09T14:28:28.269+0300][1309.548s][info][gc          ] GC(183) Pause Young (Mixed) (G1 Evacuation Pause) 633M->589M(1024M) 10.752ms
[2024-04-09T14:28:28.269+0300][1309.548s][info][gc,cpu      ] GC(183) User=0.05s Sys=0.01s Real=0.01s
[2024-04-09T14:28:28.633+0300][1309.912s][info][gc,start    ] GC(184) Pause Young (Concurrent Start) (G1 Evacuation Pause)
[2024-04-09T14:28:28.633+0300][1309.912s][info][gc,task     ] GC(184) Using 6 workers of 6 for evacuation
[2024-04-09T14:28:28.639+0300][1309.917s][info][gc,phases   ] GC(184)   Pre Evacuate Collection Set: 0.8ms
[2024-04-09T14:28:28.639+0300][1309.917s][info][gc,phases   ] GC(184)   Merge Heap Roots: 0.1ms
[2024-04-09T14:28:28.639+0300][1309.917s][info][gc,phases   ] GC(184)   Evacuate Collection Set: 2.7ms
[2024-04-09T14:28:28.639+0300][1309.917s][info][gc,phases   ] GC(184)   Post Evacuate Collection Set: 1.9ms
[2024-04-09T14:28:28.639+0300][1309.917s][info][gc,phases   ] GC(184)   Other: 0.1ms
[2024-04-09T14:28:28.639+0300][1309.917s][info][gc,heap     ] GC(184) Eden regions: 187->0(191)
[2024-04-09T14:28:28.639+0300][1309.917s][info][gc,heap     ] GC(184) Survivor regions: 3->5(24)
[2024-04-09T14:28:28.639+0300][1309.917s][info][gc,heap     ] GC(184) Old regions: 558->558
[2024-04-09T14:28:28.639+0300][1309.917s][info][gc,heap     ] GC(184) Archive regions: 2->2
[2024-04-09T14:28:28.639+0300][1309.917s][info][gc,heap     ] GC(184) Humongous regions: 28->28
[2024-04-09T14:28:28.639+0300][1309.918s][info][gc,metaspace] GC(184) Metaspace: 419979K(429184K)->419979K(429184K) NonClass: 369547K(373440K)->369547K(373440K) Class: 50432K(55744K)->50432K(55744K)
[2024-04-09T14:28:28.639+0300][1309.918s][info][gc          ] GC(184) Pause Young (Concurrent Start) (G1 Evacuation Pause) 776M->590M(1024M) 5.682ms
[2024-04-09T14:28:28.639+0300][1309.918s][info][gc,cpu      ] GC(184) User=0.02s Sys=0.00s Real=0.00s
[2024-04-09T14:28:28.639+0300][1309.918s][info][gc          ] GC(185) Concurrent Mark Cycle
[2024-04-09T14:28:28.639+0300][1309.918s][info][gc,marking  ] GC(185) Concurrent Clear Claimed Marks
[2024-04-09T14:28:28.640+0300][1309.919s][info][gc,marking  ] GC(185) Concurrent Clear Claimed Marks 0.893ms
[2024-04-09T14:28:28.640+0300][1309.919s][info][gc,marking  ] GC(185) Concurrent Scan Root Regions
[2024-04-09T14:28:28.643+0300][1309.922s][info][gc,marking  ] GC(185) Concurrent Scan Root Regions 3.488ms
[2024-04-09T14:28:28.643+0300][1309.922s][info][gc,marking  ] GC(185) Concurrent Mark
[2024-04-09T14:28:28.643+0300][1309.922s][info][gc,marking  ] GC(185) Concurrent Mark From Roots
[2024-04-09T14:28:28.643+0300][1309.922s][info][gc,task     ] GC(185) Using 2 workers of 2 for marking
[2024-04-09T14:28:28.919+0300][1310.198s][info][gc,marking  ] GC(185) Concurrent Mark From Roots 275.468ms
[2024-04-09T14:28:28.919+0300][1310.198s][info][gc,marking  ] GC(185) Concurrent Preclean
[2024-04-09T14:28:28.920+0300][1310.199s][info][gc,marking  ] GC(185) Concurrent Preclean 1.537ms
[2024-04-09T14:28:28.921+0300][1310.199s][info][gc,start    ] GC(185) Pause Remark
[2024-04-09T14:28:28.962+0300][1310.241s][info][gc          ] GC(185) Pause Remark 643M->643M(1024M) 41.761ms
[2024-04-09T14:28:28.962+0300][1310.241s][info][gc,cpu      ] GC(185) User=0.18s Sys=0.00s Real=0.05s
[2024-04-09T14:28:28.963+0300][1310.241s][info][gc,marking  ] GC(185) Concurrent Mark 319.334ms
[2024-04-09T14:28:28.963+0300][1310.241s][info][gc,marking  ] GC(185) Concurrent Rebuild Remembered Sets
[2024-04-09T14:28:29.339+0300][1310.618s][info][gc,start    ] GC(186) Pause Young (Normal) (G1 Evacuation Pause)
[2024-04-09T14:28:29.339+0300][1310.618s][info][gc,task     ] GC(186) Using 6 workers of 6 for evacuation
[2024-04-09T14:28:29.354+0300][1310.632s][info][gc,phases   ] GC(186)   Pre Evacuate Collection Set: 0.2ms
[2024-04-09T14:28:29.354+0300][1310.632s][info][gc,phases   ] GC(186)   Merge Heap Roots: 0.3ms
[2024-04-09T14:28:29.354+0300][1310.632s][info][gc,phases   ] GC(186)   Evacuate Collection Set: 10.0ms
[2024-04-09T14:28:29.354+0300][1310.632s][info][gc,phases   ] GC(186)   Post Evacuate Collection Set: 4.1ms
[2024-04-09T14:28:29.354+0300][1310.632s][info][gc,phases   ] GC(186)   Other: 0.1ms
[2024-04-09T14:28:29.354+0300][1310.632s][info][gc,heap     ] GC(186) Eden regions: 191->0(193)
[2024-04-09T14:28:29.354+0300][1310.632s][info][gc,heap     ] GC(186) Survivor regions: 5->6(25)
[2024-04-09T14:28:29.354+0300][1310.632s][info][gc,heap     ] GC(186) Old regions: 558->558
[2024-04-09T14:28:29.354+0300][1310.632s][info][gc,heap     ] GC(186) Archive regions: 2->2
[2024-04-09T14:28:29.354+0300][1310.632s][info][gc,heap     ] GC(186) Humongous regions: 29->29
[2024-04-09T14:28:29.354+0300][1310.632s][info][gc,metaspace] GC(186) Metaspace: 420599K(429760K)->420599K(429760K) NonClass: 370089K(374016K)->370089K(374016K) Class: 50509K(55744K)->50509K(55744K)
[2024-04-09T14:28:29.354+0300][1310.632s][info][gc          ] GC(186) Pause Young (Normal) (G1 Evacuation Pause) 782M->593M(1024M) 14.769ms
[2024-04-09T14:28:29.354+0300][1310.633s][info][gc,cpu      ] GC(186) User=0.04s Sys=0.00s Real=0.02s
[2024-04-09T14:28:29.649+0300][1310.927s][info][gc,start    ] GC(187) Pause Young (Normal) (G1 Evacuation Pause)
[2024-04-09T14:28:29.649+0300][1310.927s][info][gc,task     ] GC(187) Using 6 workers of 6 for evacuation
[2024-04-09T14:28:29.656+0300][1310.935s][info][gc,phases   ] GC(187)   Pre Evacuate Collection Set: 0.2ms
[2024-04-09T14:28:29.656+0300][1310.935s][info][gc,phases   ] GC(187)   Merge Heap Roots: 0.2ms
[2024-04-09T14:28:29.656+0300][1310.935s][info][gc,phases   ] GC(187)   Evacuate Collection Set: 4.9ms
[2024-04-09T14:28:29.656+0300][1310.935s][info][gc,phases   ] GC(187)   Post Evacuate Collection Set: 1.8ms
[2024-04-09T14:28:29.656+0300][1310.935s][info][gc,phases   ] GC(187)   Other: 0.1ms
[2024-04-09T14:28:29.656+0300][1310.935s][info][gc,heap     ] GC(187) Eden regions: 193->0(174)
[2024-04-09T14:28:29.656+0300][1310.935s][info][gc,heap     ] GC(187) Survivor regions: 6->9(25)
[2024-04-09T14:28:29.656+0300][1310.935s][info][gc,heap     ] GC(187) Old regions: 558->558
[2024-04-09T14:28:29.656+0300][1310.935s][info][gc,heap     ] GC(187) Archive regions: 2->2
[2024-04-09T14:28:29.656+0300][1310.935s][info][gc,heap     ] GC(187) Humongous regions: 57->57
[2024-04-09T14:28:29.656+0300][1310.935s][info][gc,metaspace] GC(187) Metaspace: 421098K(430208K)->421098K(430208K) NonClass: 370512K(374464K)->370512K(374464K) Class: 50585K(55744K)->50585K(55744K)
[2024-04-09T14:28:29.656+0300][1310.935s][info][gc          ] GC(187) Pause Young (Normal) (G1 Evacuation Pause) 814M->624M(1024M) 7.379ms
[2024-04-09T14:28:29.656+0300][1310.935s][info][gc,cpu      ] GC(187) User=0.03s Sys=0.01s Real=0.01s
[2024-04-09T14:28:29.747+0300][1311.025s][info][gc,marking  ] GC(185) Concurrent Rebuild Remembered Sets 783.803ms
[2024-04-09T14:28:29.747+0300][1311.026s][info][gc,start    ] GC(185) Pause Cleanup
[2024-04-09T14:28:29.747+0300][1311.026s][info][gc          ] GC(185) Pause Cleanup 668M->668M(1024M) 0.298ms
[2024-04-09T14:28:29.747+0300][1311.026s][info][gc,cpu      ] GC(185) User=0.00s Sys=0.00s Real=0.00s
[2024-04-09T14:28:29.747+0300][1311.026s][info][gc,marking  ] GC(185) Concurrent Cleanup for Next Mark
[2024-04-09T14:28:29.749+0300][1311.027s][info][gc,marking  ] GC(185) Concurrent Cleanup for Next Mark 1.450ms
[2024-04-09T14:28:29.749+0300][1311.027s][info][gc          ] GC(185) Concurrent Mark Cycle 1109.793ms
[2024-04-09T14:28:30.302+0300][1311.581s][info][gc,start    ] GC(188) Pause Young (Prepare Mixed) (G1 Evacuation Pause)
[2024-04-09T14:28:30.302+0300][1311.581s][info][gc,task     ] GC(188) Using 6 workers of 6 for evacuation
[2024-04-09T14:28:30.311+0300][1311.590s][info][gc,phases   ] GC(188)   Pre Evacuate Collection Set: 0.2ms
[2024-04-09T14:28:30.311+0300][1311.590s][info][gc,phases   ] GC(188)   Merge Heap Roots: 0.2ms
[2024-04-09T14:28:30.311+0300][1311.590s][info][gc,phases   ] GC(188)   Evacuate Collection Set: 6.2ms
[2024-04-09T14:28:30.311+0300][1311.590s][info][gc,phases   ] GC(188)   Post Evacuate Collection Set: 2.3ms
[2024-04-09T14:28:30.311+0300][1311.590s][info][gc,phases   ] GC(188)   Other: 0.1ms
[2024-04-09T14:28:30.311+0300][1311.590s][info][gc,heap     ] GC(188) Eden regions: 174->0(28)
[2024-04-09T14:28:30.311+0300][1311.590s][info][gc,heap     ] GC(188) Survivor regions: 9->23(23)
[2024-04-09T14:28:30.311+0300][1311.590s][info][gc,heap     ] GC(188) Old regions: 558->561
[2024-04-09T14:28:30.311+0300][1311.590s][info][gc,heap     ] GC(188) Archive regions: 2->2
[2024-04-09T14:28:30.311+0300][1311.590s][info][gc,heap     ] GC(188) Humongous regions: 91->91
[2024-04-09T14:28:30.311+0300][1311.590s][info][gc,metaspace] GC(188) Metaspace: 421453K(430528K)->421453K(430528K) NonClass: 370825K(374784K)->370825K(374784K) Class: 50628K(55744K)->50628K(55744K)
[2024-04-09T14:28:30.311+0300][1311.590s][info][gc          ] GC(188) Pause Young (Prepare Mixed) (G1 Evacuation Pause) 832M->675M(1024M) 9.022ms
[2024-04-09T14:28:30.311+0300][1311.590s][info][gc,cpu      ] GC(188) User=0.04s Sys=0.01s Real=0.00s
[2024-04-09T14:28:30.375+0300][1311.653s][info][gc,start    ] GC(189) Pause Young (Mixed) (G1 Evacuation Pause)
[2024-04-09T14:28:30.375+0300][1311.653s][info][gc,task     ] GC(189) Using 6 workers of 6 for evacuation
[2024-04-09T14:28:30.390+0300][1311.669s][info][gc,phases   ] GC(189)   Pre Evacuate Collection Set: 0.1ms
[2024-04-09T14:28:30.390+0300][1311.669s][info][gc,phases   ] GC(189)   Merge Heap Roots: 0.3ms
[2024-04-09T14:28:30.390+0300][1311.669s][info][gc,phases   ] GC(189)   Evacuate Collection Set: 13.1ms
[2024-04-09T14:28:30.390+0300][1311.669s][info][gc,phases   ] GC(189)   Post Evacuate Collection Set: 2.0ms
[2024-04-09T14:28:30.390+0300][1311.669s][info][gc,phases   ] GC(189)   Other: 0.1ms
[2024-04-09T14:28:30.390+0300][1311.669s][info][gc,heap     ] GC(189) Eden regions: 28->0(120)
[2024-04-09T14:28:30.390+0300][1311.669s][info][gc,heap     ] GC(189) Survivor regions: 23->3(7)
[2024-04-09T14:28:30.390+0300][1311.669s][info][gc,heap     ] GC(189) Old regions: 561->579
[2024-04-09T14:28:30.390+0300][1311.669s][info][gc,heap     ] GC(189) Archive regions: 2->2
[2024-04-09T14:28:30.390+0300][1311.669s][info][gc,heap     ] GC(189) Humongous regions: 91->91
[2024-04-09T14:28:30.390+0300][1311.669s][info][gc,metaspace] GC(189) Metaspace: 421455K(430592K)->421455K(430592K) NonClass: 370827K(374848K)->370827K(374848K) Class: 50628K(55744K)->50628K(55744K)
[2024-04-09T14:28:30.390+0300][1311.669s][info][gc          ] GC(189) Pause Young (Mixed) (G1 Evacuation Pause) 703M->673M(1024M) 15.690ms
[2024-04-09T14:28:30.390+0300][1311.669s][info][gc,cpu      ] GC(189) User=0.09s Sys=0.00s Real=0.01s
[2024-04-09T14:28:33.125+0300][1314.403s][info][gc,start    ] GC(190) Pause Young (Concurrent Start) (G1 Evacuation Pause)
[2024-04-09T14:28:33.125+0300][1314.403s][info][gc,task     ] GC(190) Using 6 workers of 6 for evacuation
[2024-04-09T14:28:33.132+0300][1314.411s][info][gc,phases   ] GC(190)   Pre Evacuate Collection Set: 1.2ms
[2024-04-09T14:28:33.132+0300][1314.411s][info][gc,phases   ] GC(190)   Merge Heap Roots: 0.1ms
[2024-04-09T14:28:33.132+0300][1314.411s][info][gc,phases   ] GC(190)   Evacuate Collection Set: 4.2ms
[2024-04-09T14:28:33.132+0300][1314.411s][info][gc,phases   ] GC(190)   Post Evacuate Collection Set: 1.9ms
[2024-04-09T14:28:33.132+0300][1314.411s][info][gc,phases   ] GC(190)   Other: 0.1ms
[2024-04-09T14:28:33.132+0300][1314.411s][info][gc,heap     ] GC(190) Eden regions: 120->0(124)
[2024-04-09T14:28:33.132+0300][1314.411s][info][gc,heap     ] GC(190) Survivor regions: 3->3(16)
[2024-04-09T14:28:33.132+0300][1314.411s][info][gc,heap     ] GC(190) Old regions: 579->579
[2024-04-09T14:28:33.132+0300][1314.411s][info][gc,heap     ] GC(190) Archive regions: 2->2
[2024-04-09T14:28:33.132+0300][1314.411s][info][gc,heap     ] GC(190) Humongous regions: 91->91
[2024-04-09T14:28:33.132+0300][1314.411s][info][gc,metaspace] GC(190) Metaspace: 421785K(430848K)->421785K(430848K) NonClass: 371112K(375104K)->371112K(375104K) Class: 50673K(55744K)->50673K(55744K)
[2024-04-09T14:28:33.132+0300][1314.411s][info][gc          ] GC(190) Pause Young (Concurrent Start) (G1 Evacuation Pause) 793M->673M(1024M) 7.758ms
[2024-04-09T14:28:33.132+0300][1314.411s][info][gc,cpu      ] GC(190) User=0.02s Sys=0.00s Real=0.00s
[2024-04-09T14:28:33.132+0300][1314.411s][info][gc          ] GC(191) Concurrent Mark Cycle
[2024-04-09T14:28:33.132+0300][1314.411s][info][gc,marking  ] GC(191) Concurrent Clear Claimed Marks
[2024-04-09T14:28:33.133+0300][1314.412s][info][gc,marking  ] GC(191) Concurrent Clear Claimed Marks 0.673ms
[2024-04-09T14:28:33.133+0300][1314.412s][info][gc,marking  ] GC(191) Concurrent Scan Root Regions
[2024-04-09T14:28:33.137+0300][1314.415s][info][gc,marking  ] GC(191) Concurrent Scan Root Regions 3.378ms
[2024-04-09T14:28:33.137+0300][1314.415s][info][gc,marking  ] GC(191) Concurrent Mark
[2024-04-09T14:28:33.137+0300][1314.415s][info][gc,marking  ] GC(191) Concurrent Mark From Roots
[2024-04-09T14:28:33.137+0300][1314.415s][info][gc,task     ] GC(191) Using 2 workers of 2 for marking
[2024-04-09T14:28:33.471+0300][1314.750s][info][gc,marking  ] GC(191) Concurrent Mark From Roots 334.803ms
[2024-04-09T14:28:33.471+0300][1314.750s][info][gc,marking  ] GC(191) Concurrent Preclean
[2024-04-09T14:28:33.473+0300][1314.751s][info][gc,marking  ] GC(191) Concurrent Preclean 1.260ms
[2024-04-09T14:28:33.473+0300][1314.752s][info][gc,start    ] GC(191) Pause Remark
[2024-04-09T14:28:33.516+0300][1314.794s][info][gc          ] GC(191) Pause Remark 679M->613M(1024M) 42.763ms
[2024-04-09T14:28:33.516+0300][1314.794s][info][gc,cpu      ] GC(191) User=0.15s Sys=0.00s Real=0.04s
[2024-04-09T14:28:33.516+0300][1314.795s][info][gc,marking  ] GC(191) Concurrent Mark 379.439ms
[2024-04-09T14:28:33.516+0300][1314.795s][info][gc,marking  ] GC(191) Concurrent Rebuild Remembered Sets
[2024-04-09T14:28:33.892+0300][1315.170s][info][gc,marking  ] GC(191) Concurrent Rebuild Remembered Sets 375.666ms
[2024-04-09T14:28:33.892+0300][1315.171s][info][gc,start    ] GC(191) Pause Cleanup
[2024-04-09T14:28:33.892+0300][1315.171s][info][gc          ] GC(191) Pause Cleanup 613M->613M(1024M) 0.395ms
[2024-04-09T14:28:33.892+0300][1315.171s][info][gc,cpu      ] GC(191) User=0.00s Sys=0.00s Real=0.00s
[2024-04-09T14:28:33.892+0300][1315.171s][info][gc,marking  ] GC(191) Concurrent Cleanup for Next Mark
[2024-04-09T14:28:33.893+0300][1315.172s][info][gc,marking  ] GC(191) Concurrent Cleanup for Next Mark 1.109ms
[2024-04-09T14:28:33.893+0300][1315.172s][info][gc          ] GC(191) Concurrent Mark Cycle 761.063ms
[2024-04-09T14:29:14.420+0300][1355.699s][info][gc,start    ] GC(192) Pause Young (Prepare Mixed) (G1 Evacuation Pause)
[2024-04-09T14:29:14.420+0300][1355.699s][info][gc,task     ] GC(192) Using 6 workers of 6 for evacuation
[2024-04-09T14:29:14.428+0300][1355.707s][info][gc,phases   ] GC(192)   Pre Evacuate Collection Set: 0.6ms
[2024-04-09T14:29:14.428+0300][1355.707s][info][gc,phases   ] GC(192)   Merge Heap Roots: 0.3ms
[2024-04-09T14:29:14.428+0300][1355.707s][info][gc,phases   ] GC(192)   Evacuate Collection Set: 4.8ms
[2024-04-09T14:29:14.428+0300][1355.707s][info][gc,phases   ] GC(192)   Post Evacuate Collection Set: 2.0ms
[2024-04-09T14:29:14.428+0300][1355.707s][info][gc,phases   ] GC(192)   Other: 0.1ms
[2024-04-09T14:29:14.428+0300][1355.707s][info][gc,heap     ] GC(192) Eden regions: 124->0(47)
[2024-04-09T14:29:14.428+0300][1355.707s][info][gc,heap     ] GC(192) Survivor regions: 3->4(16)
[2024-04-09T14:29:14.428+0300][1355.707s][info][gc,heap     ] GC(192) Old regions: 576->576
[2024-04-09T14:29:14.428+0300][1355.707s][info][gc,heap     ] GC(192) Archive regions: 2->2
[2024-04-09T14:29:14.428+0300][1355.707s][info][gc,heap     ] GC(192) Humongous regions: 32->32
[2024-04-09T14:29:14.428+0300][1355.707s][info][gc,metaspace] GC(192) Metaspace: 422379K(431360K)->422379K(431360K) NonClass: 371664K(375616K)->371664K(375616K) Class: 50714K(55744K)->50714K(55744K)
[2024-04-09T14:29:14.428+0300][1355.707s][info][gc          ] GC(192) Pause Young (Prepare Mixed) (G1 Evacuation Pause) 735M->612M(1024M) 7.908ms
[2024-04-09T14:29:14.428+0300][1355.707s][info][gc,cpu      ] GC(192) User=0.03s Sys=0.00s Real=0.01s
[2024-04-09T14:29:14.592+0300][1355.870s][info][gc,start    ] GC(193) Pause Young (Mixed) (G1 Evacuation Pause)
[2024-04-09T14:29:14.592+0300][1355.871s][info][gc,task     ] GC(193) Using 6 workers of 6 for evacuation
[2024-04-09T14:29:14.600+0300][1355.879s][info][gc,phases   ] GC(193)   Pre Evacuate Collection Set: 0.1ms
[2024-04-09T14:29:14.600+0300][1355.879s][info][gc,phases   ] GC(193)   Merge Heap Roots: 0.2ms
[2024-04-09T14:29:14.600+0300][1355.879s][info][gc,phases   ] GC(193)   Evacuate Collection Set: 6.1ms
[2024-04-09T14:29:14.600+0300][1355.879s][info][gc,phases   ] GC(193)   Post Evacuate Collection Set: 2.1ms
[2024-04-09T14:29:14.600+0300][1355.879s][info][gc,phases   ] GC(193)   Other: 0.1ms
[2024-04-09T14:29:14.600+0300][1355.879s][info][gc,heap     ] GC(193) Eden regions: 47->0(173)
[2024-04-09T14:29:14.600+0300][1355.879s][info][gc,heap     ] GC(193) Survivor regions: 4->7(7)
[2024-04-09T14:29:14.600+0300][1355.879s][info][gc,heap     ] GC(193) Old regions: 576->570
[2024-04-09T14:29:14.600+0300][1355.879s][info][gc,heap     ] GC(193) Archive regions: 2->2
[2024-04-09T14:29:14.600+0300][1355.879s][info][gc,heap     ] GC(193) Humongous regions: 34->34
[2024-04-09T14:29:14.600+0300][1355.879s][info][gc,metaspace] GC(193) Metaspace: 422402K(431360K)->422402K(431360K) NonClass: 371684K(375616K)->371684K(375616K) Class: 50718K(55744K)->50718K(55744K)
[2024-04-09T14:29:14.600+0300][1355.879s][info][gc          ] GC(193) Pause Young (Mixed) (G1 Evacuation Pause) 661M->611M(1024M) 8.716ms
[2024-04-09T14:29:14.601+0300][1355.879s][info][gc,cpu      ] GC(193) User=0.04s Sys=0.00s Real=0.01s
[2024-04-09T14:29:24.449+0300][1365.728s][info][gc,start    ] GC(194) Pause Young (Concurrent Start) (G1 Humongous Allocation)
[2024-04-09T14:29:24.449+0300][1365.728s][info][gc,task     ] GC(194) Using 6 workers of 6 for evacuation
[2024-04-09T14:29:24.456+0300][1365.735s][info][gc,phases   ] GC(194)   Pre Evacuate Collection Set: 1.1ms
[2024-04-09T14:29:24.456+0300][1365.735s][info][gc,phases   ] GC(194)   Merge Heap Roots: 0.2ms
[2024-04-09T14:29:24.456+0300][1365.735s][info][gc,phases   ] GC(194)   Evacuate Collection Set: 3.8ms
[2024-04-09T14:29:24.456+0300][1365.735s][info][gc,phases   ] GC(194)   Post Evacuate Collection Set: 1.7ms
[2024-04-09T14:29:24.456+0300][1365.735s][info][gc,phases   ] GC(194)   Other: 0.1ms
[2024-04-09T14:29:24.456+0300][1365.735s][info][gc,heap     ] GC(194) Eden regions: 132->0(178)
[2024-04-09T14:29:24.456+0300][1365.735s][info][gc,heap     ] GC(194) Survivor regions: 7->5(23)
[2024-04-09T14:29:24.456+0300][1365.735s][info][gc,heap     ] GC(194) Old regions: 570->570
[2024-04-09T14:29:24.456+0300][1365.735s][info][gc,heap     ] GC(194) Archive regions: 2->2
[2024-04-09T14:29:24.456+0300][1365.735s][info][gc,heap     ] GC(194) Humongous regions: 34->34
[2024-04-09T14:29:24.456+0300][1365.735s][info][gc,metaspace] GC(194) Metaspace: 422976K(431872K)->422976K(431872K) NonClass: 372183K(376128K)->372183K(376128K) Class: 50793K(55744K)->50793K(55744K)
[2024-04-09T14:29:24.456+0300][1365.735s][info][gc          ] GC(194) Pause Young (Concurrent Start) (G1 Humongous Allocation) 743M->609M(1024M) 7.067ms
[2024-04-09T14:29:24.456+0300][1365.735s][info][gc,cpu      ] GC(194) User=0.03s Sys=0.00s Real=0.01s
[2024-04-09T14:29:24.456+0300][1365.735s][info][gc          ] GC(195) Concurrent Mark Cycle
[2024-04-09T14:29:24.456+0300][1365.735s][info][gc,marking  ] GC(195) Concurrent Clear Claimed Marks
[2024-04-09T14:29:24.457+0300][1365.736s][info][gc,marking  ] GC(195) Concurrent Clear Claimed Marks 0.732ms
[2024-04-09T14:29:24.457+0300][1365.736s][info][gc,marking  ] GC(195) Concurrent Scan Root Regions
[2024-04-09T14:29:24.462+0300][1365.741s][info][gc,marking  ] GC(195) Concurrent Scan Root Regions 5.091ms
[2024-04-09T14:29:24.462+0300][1365.741s][info][gc,marking  ] GC(195) Concurrent Mark
[2024-04-09T14:29:24.462+0300][1365.741s][info][gc,marking  ] GC(195) Concurrent Mark From Roots
[2024-04-09T14:29:24.462+0300][1365.741s][info][gc,task     ] GC(195) Using 2 workers of 2 for marking
[2024-04-09T14:29:24.871+0300][1366.150s][info][gc,marking  ] GC(195) Concurrent Mark From Roots 409.244ms
[2024-04-09T14:29:24.871+0300][1366.150s][info][gc,marking  ] GC(195) Concurrent Preclean
[2024-04-09T14:29:24.872+0300][1366.151s][info][gc,marking  ] GC(195) Concurrent Preclean 1.063ms
[2024-04-09T14:29:24.873+0300][1366.151s][info][gc,start    ] GC(195) Pause Remark
[2024-04-09T14:29:24.897+0300][1366.176s][info][gc          ] GC(195) Pause Remark 691M->683M(1024M) 24.577ms
[2024-04-09T14:29:24.897+0300][1366.176s][info][gc,cpu      ] GC(195) User=0.07s Sys=0.00s Real=0.03s
[2024-04-09T14:29:24.898+0300][1366.176s][info][gc,marking  ] GC(195) Concurrent Mark 435.573ms
[2024-04-09T14:29:24.898+0300][1366.176s][info][gc,marking  ] GC(195) Concurrent Rebuild Remembered Sets
[2024-04-09T14:29:25.324+0300][1366.603s][info][gc,marking  ] GC(195) Concurrent Rebuild Remembered Sets 426.782ms
[2024-04-09T14:29:25.326+0300][1366.605s][info][gc,start    ] GC(195) Pause Cleanup
[2024-04-09T14:29:25.328+0300][1366.606s][info][gc          ] GC(195) Pause Cleanup 731M->731M(1024M) 1.781ms
[2024-04-09T14:29:25.328+0300][1366.606s][info][gc,cpu      ] GC(195) User=0.01s Sys=0.00s Real=0.00s
[2024-04-09T14:29:25.328+0300][1366.607s][info][gc,marking  ] GC(195) Concurrent Cleanup for Next Mark
[2024-04-09T14:29:25.330+0300][1366.609s][info][gc,marking  ] GC(195) Concurrent Cleanup for Next Mark 1.905ms
[2024-04-09T14:29:25.330+0300][1366.609s][info][gc          ] GC(195) Concurrent Mark Cycle 873.763ms
[2024-04-09T14:29:25.566+0300][1366.845s][info][gc,start    ] GC(196) Pause Young (Prepare Mixed) (G1 Evacuation Pause)
[2024-04-09T14:29:25.566+0300][1366.845s][info][gc,task     ] GC(196) Using 6 workers of 6 for evacuation
[2024-04-09T14:29:25.573+0300][1366.852s][info][gc,phases   ] GC(196)   Pre Evacuate Collection Set: 0.1ms
[2024-04-09T14:29:25.573+0300][1366.852s][info][gc,phases   ] GC(196)   Merge Heap Roots: 0.2ms
[2024-04-09T14:29:25.573+0300][1366.852s][info][gc,phases   ] GC(196)   Evacuate Collection Set: 4.6ms
[2024-04-09T14:29:25.573+0300][1366.852s][info][gc,phases   ] GC(196)   Post Evacuate Collection Set: 1.7ms
[2024-04-09T14:29:25.573+0300][1366.852s][info][gc,phases   ] GC(196)   Other: 0.1ms
[2024-04-09T14:29:25.573+0300][1366.852s][info][gc,heap     ] GC(196) Eden regions: 178->0(34)
[2024-04-09T14:29:25.573+0300][1366.852s][info][gc,heap     ] GC(196) Survivor regions: 5->17(23)
[2024-04-09T14:29:25.573+0300][1366.852s][info][gc,heap     ] GC(196) Old regions: 570->570
[2024-04-09T14:29:25.573+0300][1366.852s][info][gc,heap     ] GC(196) Archive regions: 2->2
[2024-04-09T14:29:25.573+0300][1366.852s][info][gc,heap     ] GC(196) Humongous regions: 29->29
[2024-04-09T14:29:25.573+0300][1366.852s][info][gc,metaspace] GC(196) Metaspace: 423150K(432128K)->423150K(432128K) NonClass: 372349K(376384K)->372349K(376384K) Class: 50801K(55744K)->50801K(55744K)
[2024-04-09T14:29:25.573+0300][1366.852s][info][gc          ] GC(196) Pause Young (Prepare Mixed) (G1 Evacuation Pause) 782M->616M(1024M) 6.815ms
[2024-04-09T14:29:25.573+0300][1366.852s][info][gc,cpu      ] GC(196) User=0.03s Sys=0.00s Real=0.01s
[2024-04-09T14:29:25.646+0300][1366.925s][info][gc,start    ] GC(197) Pause Young (Mixed) (G1 Evacuation Pause)
[2024-04-09T14:29:25.646+0300][1366.925s][info][gc,task     ] GC(197) Using 6 workers of 6 for evacuation
[2024-04-09T14:29:25.657+0300][1366.935s][info][gc,phases   ] GC(197)   Pre Evacuate Collection Set: 0.1ms
[2024-04-09T14:29:25.657+0300][1366.935s][info][gc,phases   ] GC(197)   Merge Heap Roots: 0.1ms
[2024-04-09T14:29:25.657+0300][1366.935s][info][gc,phases   ] GC(197)   Evacuate Collection Set: 8.4ms
[2024-04-09T14:29:25.657+0300][1366.935s][info][gc,phases   ] GC(197)   Post Evacuate Collection Set: 1.4ms
[2024-04-09T14:29:25.657+0300][1366.935s][info][gc,phases   ] GC(197)   Other: 0.1ms
[2024-04-09T14:29:25.657+0300][1366.935s][info][gc,heap     ] GC(197) Eden regions: 34->0(177)
[2024-04-09T14:29:25.657+0300][1366.935s][info][gc,heap     ] GC(197) Survivor regions: 17->2(7)
[2024-04-09T14:29:25.657+0300][1366.935s][info][gc,heap     ] GC(197) Old regions: 570->571
[2024-04-09T14:29:25.657+0300][1366.935s][info][gc,heap     ] GC(197) Archive regions: 2->2
[2024-04-09T14:29:25.657+0300][1366.935s][info][gc,heap     ] GC(197) Humongous regions: 32->32
[2024-04-09T14:29:25.657+0300][1366.935s][info][gc,metaspace] GC(197) Metaspace: 423157K(432128K)->423157K(432128K) NonClass: 372355K(376384K)->372355K(376384K) Class: 50802K(55744K)->50802K(55744K)
[2024-04-09T14:29:25.657+0300][1366.935s][info][gc          ] GC(197) Pause Young (Mixed) (G1 Evacuation Pause) 653M->604M(1024M) 10.182ms
[2024-04-09T14:29:25.657+0300][1366.935s][info][gc,cpu      ] GC(197) User=0.04s Sys=0.00s Real=0.01s
[2024-04-09T14:29:26.046+0300][1367.325s][info][gc,start    ] GC(198) Pause Young (Concurrent Start) (G1 Humongous Allocation)
[2024-04-09T14:29:26.046+0300][1367.325s][info][gc,task     ] GC(198) Using 6 workers of 6 for evacuation
[2024-04-09T14:29:26.050+0300][1367.329s][info][gc,phases   ] GC(198)   Pre Evacuate Collection Set: 0.8ms
[2024-04-09T14:29:26.050+0300][1367.329s][info][gc,phases   ] GC(198)   Merge Heap Roots: 0.1ms
[2024-04-09T14:29:26.050+0300][1367.329s][info][gc,phases   ] GC(198)   Evacuate Collection Set: 2.1ms
[2024-04-09T14:29:26.050+0300][1367.329s][info][gc,phases   ] GC(198)   Post Evacuate Collection Set: 1.3ms
[2024-04-09T14:29:26.050+0300][1367.329s][info][gc,phases   ] GC(198)   Other: 0.0ms
[2024-04-09T14:29:26.050+0300][1367.329s][info][gc,heap     ] GC(198) Eden regions: 168->0(183)
[2024-04-09T14:29:26.050+0300][1367.329s][info][gc,heap     ] GC(198) Survivor regions: 2->1(23)
[2024-04-09T14:29:26.050+0300][1367.329s][info][gc,heap     ] GC(198) Old regions: 571->571
[2024-04-09T14:29:26.050+0300][1367.329s][info][gc,heap     ] GC(198) Archive regions: 2->2
[2024-04-09T14:29:26.050+0300][1367.329s][info][gc,heap     ] GC(198) Humongous regions: 32->32
[2024-04-09T14:29:26.050+0300][1367.329s][info][gc,metaspace] GC(198) Metaspace: 423297K(432256K)->423297K(432256K) NonClass: 372487K(376512K)->372487K(376512K) Class: 50810K(55744K)->50810K(55744K)
[2024-04-09T14:29:26.050+0300][1367.329s][info][gc          ] GC(198) Pause Young (Concurrent Start) (G1 Humongous Allocation) 772M->603M(1024M) 4.417ms
[2024-04-09T14:29:26.050+0300][1367.329s][info][gc          ] GC(199) Concurrent Mark Cycle
[2024-04-09T14:29:26.050+0300][1367.329s][info][gc,marking  ] GC(199) Concurrent Clear Claimed Marks
[2024-04-09T14:29:26.050+0300][1367.329s][info][gc,cpu      ] GC(198) User=0.02s Sys=0.00s Real=0.00s
[2024-04-09T14:29:26.051+0300][1367.329s][info][gc,marking  ] GC(199) Concurrent Clear Claimed Marks 0.401ms
[2024-04-09T14:29:26.051+0300][1367.329s][info][gc,marking  ] GC(199) Concurrent Scan Root Regions
[2024-04-09T14:29:26.053+0300][1367.332s][info][gc,marking  ] GC(199) Concurrent Scan Root Regions 2.146ms
[2024-04-09T14:29:26.053+0300][1367.332s][info][gc,marking  ] GC(199) Concurrent Mark
[2024-04-09T14:29:26.053+0300][1367.332s][info][gc,marking  ] GC(199) Concurrent Mark From Roots
[2024-04-09T14:29:26.053+0300][1367.332s][info][gc,task     ] GC(199) Using 2 workers of 2 for marking
[2024-04-09T14:29:26.325+0300][1367.603s][info][gc,marking  ] GC(199) Concurrent Mark From Roots 271.593ms
[2024-04-09T14:29:26.325+0300][1367.603s][info][gc,marking  ] GC(199) Concurrent Preclean
[2024-04-09T14:29:26.325+0300][1367.604s][info][gc,marking  ] GC(199) Concurrent Preclean 0.890ms
[2024-04-09T14:29:26.326+0300][1367.604s][info][gc,start    ] GC(199) Pause Remark
[2024-04-09T14:29:26.359+0300][1367.638s][info][gc          ] GC(199) Pause Remark 663M->659M(1024M) 33.670ms
[2024-04-09T14:29:26.359+0300][1367.638s][info][gc,cpu      ] GC(199) User=0.16s Sys=0.00s Real=0.03s
[2024-04-09T14:29:26.360+0300][1367.638s][info][gc,marking  ] GC(199) Concurrent Mark 306.626ms
[2024-04-09T14:29:26.360+0300][1367.638s][info][gc,marking  ] GC(199) Concurrent Rebuild Remembered Sets
[2024-04-09T14:29:26.697+0300][1367.976s][info][gc,marking  ] GC(199) Concurrent Rebuild Remembered Sets 337.425ms
[2024-04-09T14:29:26.697+0300][1367.976s][info][gc,start    ] GC(199) Pause Cleanup
[2024-04-09T14:29:26.697+0300][1367.976s][info][gc          ] GC(199) Pause Cleanup 659M->659M(1024M) 0.208ms
[2024-04-09T14:29:26.697+0300][1367.976s][info][gc,cpu      ] GC(199) User=0.00s Sys=0.00s Real=0.00s
[2024-04-09T14:29:26.698+0300][1367.976s][info][gc,marking  ] GC(199) Concurrent Cleanup for Next Mark
[2024-04-09T14:29:26.699+0300][1367.977s][info][gc,marking  ] GC(199) Concurrent Cleanup for Next Mark 1.017ms
[2024-04-09T14:29:26.699+0300][1367.977s][info][gc          ] GC(199) Concurrent Mark Cycle 648.251ms
[2024-04-09T14:29:45.584+0300][1386.863s][info][gc,start    ] GC(200) Pause Young (Prepare Mixed) (G1 Evacuation Pause)
[2024-04-09T14:29:45.584+0300][1386.863s][info][gc,task     ] GC(200) Using 6 workers of 6 for evacuation
[2024-04-09T14:29:45.600+0300][1386.879s][info][gc,phases   ] GC(200)   Pre Evacuate Collection Set: 0.4ms
[2024-04-09T14:29:45.600+0300][1386.879s][info][gc,phases   ] GC(200)   Merge Heap Roots: 0.6ms
[2024-04-09T14:29:45.600+0300][1386.879s][info][gc,phases   ] GC(200)   Evacuate Collection Set: 10.7ms
[2024-04-09T14:29:45.600+0300][1386.879s][info][gc,phases   ] GC(200)   Post Evacuate Collection Set: 3.8ms
[2024-04-09T14:29:45.600+0300][1386.879s][info][gc,phases   ] GC(200)   Other: 0.2ms
[2024-04-09T14:29:45.600+0300][1386.879s][info][gc,heap     ] GC(200) Eden regions: 183->0(43)
[2024-04-09T14:29:45.600+0300][1386.879s][info][gc,heap     ] GC(200) Survivor regions: 1->8(23)
[2024-04-09T14:29:45.600+0300][1386.879s][info][gc,heap     ] GC(200) Old regions: 571->571
[2024-04-09T14:29:45.600+0300][1386.879s][info][gc,heap     ] GC(200) Archive regions: 2->2
[2024-04-09T14:29:45.600+0300][1386.879s][info][gc,heap     ] GC(200) Humongous regions: 38->37
[2024-04-09T14:29:45.600+0300][1386.879s][info][gc,metaspace] GC(200) Metaspace: 424221K(433088K)->424221K(433088K) NonClass: 373309K(377344K)->373309K(377344K) Class: 50912K(55744K)->50912K(55744K)
[2024-04-09T14:29:45.600+0300][1386.879s][info][gc          ] GC(200) Pause Young (Prepare Mixed) (G1 Evacuation Pause) 792M->615M(1024M) 15.949ms
[2024-04-09T14:29:45.600+0300][1386.879s][info][gc,cpu      ] GC(200) User=0.04s Sys=0.00s Real=0.01s
[2024-04-09T14:29:45.756+0300][1387.035s][info][gc,start    ] GC(201) Pause Young (Mixed) (G1 Evacuation Pause)
[2024-04-09T14:29:45.756+0300][1387.035s][info][gc,task     ] GC(201) Using 6 workers of 6 for evacuation
[2024-04-09T14:29:45.770+0300][1387.049s][info][gc,phases   ] GC(201)   Pre Evacuate Collection Set: 0.2ms
[2024-04-09T14:29:45.770+0300][1387.049s][info][gc,phases   ] GC(201)   Merge Heap Roots: 0.9ms
[2024-04-09T14:29:45.770+0300][1387.049s][info][gc,phases   ] GC(201)   Evacuate Collection Set: 10.9ms
[2024-04-09T14:29:45.770+0300][1387.049s][info][gc,phases   ] GC(201)   Post Evacuate Collection Set: 1.7ms
[2024-04-09T14:29:45.770+0300][1387.049s][info][gc,phases   ] GC(201)   Other: 0.1ms
[2024-04-09T14:29:45.770+0300][1387.049s][info][gc,heap     ] GC(201) Eden regions: 43->0(170)
[2024-04-09T14:29:45.770+0300][1387.049s][info][gc,heap     ] GC(201) Survivor regions: 8->7(7)
[2024-04-09T14:29:45.770+0300][1387.049s][info][gc,heap     ] GC(201) Old regions: 571->573
[2024-04-09T14:29:45.770+0300][1387.049s][info][gc,heap     ] GC(201) Archive regions: 2->2
[2024-04-09T14:29:45.770+0300][1387.049s][info][gc,heap     ] GC(201) Humongous regions: 38->38
[2024-04-09T14:29:45.770+0300][1387.049s][info][gc,metaspace] GC(201) Metaspace: 424736K(433536K)->424736K(433536K) NonClass: 373726K(377792K)->373726K(377792K) Class: 51010K(55744K)->51010K(55744K)
[2024-04-09T14:29:45.770+0300][1387.049s][info][gc          ] GC(201) Pause Young (Mixed) (G1 Evacuation Pause) 659M->618M(1024M) 13.849ms
[2024-04-09T14:29:45.770+0300][1387.049s][info][gc,cpu      ] GC(201) User=0.07s Sys=0.00s Real=0.01s
[2024-04-09T14:29:58.720+0300][1399.999s][info][gc,start    ] GC(202) Pause Young (Concurrent Start) (G1 Humongous Allocation)
[2024-04-09T14:29:58.720+0300][1399.999s][info][gc,task     ] GC(202) Using 6 workers of 6 for evacuation
[2024-04-09T14:29:58.732+0300][1400.011s][info][gc,phases   ] GC(202)   Pre Evacuate Collection Set: 1.6ms
[2024-04-09T14:29:58.732+0300][1400.011s][info][gc,phases   ] GC(202)   Merge Heap Roots: 0.3ms
[2024-04-09T14:29:58.732+0300][1400.011s][info][gc,phases   ] GC(202)   Evacuate Collection Set: 5.9ms
[2024-04-09T14:29:58.732+0300][1400.011s][info][gc,phases   ] GC(202)   Post Evacuate Collection Set: 4.0ms
[2024-04-09T14:29:58.732+0300][1400.011s][info][gc,phases   ] GC(202)   Other: 0.2ms
[2024-04-09T14:29:58.732+0300][1400.011s][info][gc,heap     ] GC(202) Eden regions: 27->0(178)
[2024-04-09T14:29:58.732+0300][1400.011s][info][gc,heap     ] GC(202) Survivor regions: 7->1(23)
[2024-04-09T14:29:58.732+0300][1400.011s][info][gc,heap     ] GC(202) Old regions: 573->573
[2024-04-09T14:29:58.732+0300][1400.011s][info][gc,heap     ] GC(202) Archive regions: 2->2
[2024-04-09T14:29:58.732+0300][1400.011s][info][gc,heap     ] GC(202) Humongous regions: 38->38
[2024-04-09T14:29:58.732+0300][1400.011s][info][gc,metaspace] GC(202) Metaspace: 425114K(433856K)->425114K(433856K) NonClass: 374038K(378112K)->374038K(378112K) Class: 51075K(55744K)->51075K(55744K)
[2024-04-09T14:29:58.732+0300][1400.011s][info][gc          ] GC(202) Pause Young (Concurrent Start) (G1 Humongous Allocation) 645M->612M(1024M) 12.284ms
[2024-04-09T14:29:58.733+0300][1400.011s][info][gc,cpu      ] GC(202) User=0.02s Sys=0.00s Real=0.01s
[2024-04-09T14:29:58.733+0300][1400.011s][info][gc          ] GC(203) Concurrent Mark Cycle
[2024-04-09T14:29:58.733+0300][1400.011s][info][gc,marking  ] GC(203) Concurrent Clear Claimed Marks
[2024-04-09T14:29:58.734+0300][1400.013s][info][gc,marking  ] GC(203) Concurrent Clear Claimed Marks 1.304ms
[2024-04-09T14:29:58.734+0300][1400.013s][info][gc,marking  ] GC(203) Concurrent Scan Root Regions
[2024-04-09T14:29:58.739+0300][1400.018s][info][gc,marking  ] GC(203) Concurrent Scan Root Regions 4.984ms
[2024-04-09T14:29:58.739+0300][1400.018s][info][gc,marking  ] GC(203) Concurrent Mark
[2024-04-09T14:29:58.739+0300][1400.018s][info][gc,marking  ] GC(203) Concurrent Mark From Roots
[2024-04-09T14:29:58.739+0300][1400.018s][info][gc,task     ] GC(203) Using 2 workers of 2 for marking
[2024-04-09T14:29:59.059+0300][1400.338s][info][gc,marking  ] GC(203) Concurrent Mark From Roots 319.823ms
[2024-04-09T14:29:59.059+0300][1400.338s][info][gc,marking  ] GC(203) Concurrent Preclean
[2024-04-09T14:29:59.060+0300][1400.338s][info][gc,marking  ] GC(203) Concurrent Preclean 0.848ms
[2024-04-09T14:29:59.060+0300][1400.339s][info][gc,start    ] GC(203) Pause Remark
[2024-04-09T14:29:59.080+0300][1400.358s][info][gc          ] GC(203) Pause Remark 615M->603M(1024M) 19.709ms
[2024-04-09T14:29:59.080+0300][1400.358s][info][gc,cpu      ] GC(203) User=0.06s Sys=0.00s Real=0.02s
[2024-04-09T14:29:59.080+0300][1400.359s][info][gc,marking  ] GC(203) Concurrent Mark 341.004ms
[2024-04-09T14:29:59.080+0300][1400.359s][info][gc,marking  ] GC(203) Concurrent Rebuild Remembered Sets
[2024-04-09T14:29:59.394+0300][1400.673s][info][gc,marking  ] GC(203) Concurrent Rebuild Remembered Sets 314.117ms
[2024-04-09T14:29:59.394+0300][1400.673s][info][gc,start    ] GC(203) Pause Cleanup
[2024-04-09T14:29:59.395+0300][1400.673s][info][gc          ] GC(203) Pause Cleanup 603M->603M(1024M) 0.358ms
[2024-04-09T14:29:59.395+0300][1400.674s][info][gc,cpu      ] GC(203) User=0.00s Sys=0.00s Real=0.00s
[2024-04-09T14:29:59.395+0300][1400.674s][info][gc,marking  ] GC(203) Concurrent Cleanup for Next Mark
[2024-04-09T14:29:59.396+0300][1400.675s][info][gc,marking  ] GC(203) Concurrent Cleanup for Next Mark 1.035ms
[2024-04-09T14:29:59.396+0300][1400.675s][info][gc          ] GC(203) Concurrent Mark Cycle 663.314ms
[2024-04-09T14:31:10.774+0300][1472.052s][info][gc,start    ] GC(204) Pause Young (Prepare Mixed) (G1 Evacuation Pause)
[2024-04-09T14:31:10.774+0300][1472.052s][info][gc,task     ] GC(204) Using 6 workers of 6 for evacuation
[2024-04-09T14:31:10.784+0300][1472.063s][info][gc,phases   ] GC(204)   Pre Evacuate Collection Set: 0.2ms
[2024-04-09T14:31:10.784+0300][1472.063s][info][gc,phases   ] GC(204)   Merge Heap Roots: 0.2ms
[2024-04-09T14:31:10.784+0300][1472.063s][info][gc,phases   ] GC(204)   Evacuate Collection Set: 5.8ms
[2024-04-09T14:31:10.784+0300][1472.063s][info][gc,phases   ] GC(204)   Post Evacuate Collection Set: 3.9ms
[2024-04-09T14:31:10.784+0300][1472.063s][info][gc,phases   ] GC(204)   Other: 0.1ms
[2024-04-09T14:31:10.784+0300][1472.063s][info][gc,heap     ] GC(204) Eden regions: 178->0(48)
[2024-04-09T14:31:10.784+0300][1472.063s][info][gc,heap     ] GC(204) Survivor regions: 1->3(23)
[2024-04-09T14:31:10.784+0300][1472.063s][info][gc,heap     ] GC(204) Old regions: 573->573
[2024-04-09T14:31:10.784+0300][1472.063s][info][gc,heap     ] GC(204) Archive regions: 2->2
[2024-04-09T14:31:10.784+0300][1472.063s][info][gc,heap     ] GC(204) Humongous regions: 36->36
[2024-04-09T14:31:10.784+0300][1472.063s][info][gc,metaspace] GC(204) Metaspace: 425570K(434304K)->425570K(434304K) NonClass: 374465K(378560K)->374465K(378560K) Class: 51104K(55744K)->51104K(55744K)
[2024-04-09T14:31:10.784+0300][1472.063s][info][gc          ] GC(204) Pause Young (Prepare Mixed) (G1 Evacuation Pause) 788M->612M(1024M) 10.423ms
[2024-04-09T14:31:10.784+0300][1472.063s][info][gc,cpu      ] GC(204) User=0.03s Sys=0.00s Real=0.01s
[2024-04-09T14:31:10.882+0300][1472.161s][info][gc,start    ] GC(205) Pause Young (Mixed) (G1 Evacuation Pause)
[2024-04-09T14:31:10.882+0300][1472.161s][info][gc,task     ] GC(205) Using 6 workers of 6 for evacuation
[2024-04-09T14:31:10.896+0300][1472.175s][info][gc,phases   ] GC(205)   Pre Evacuate Collection Set: 0.2ms
[2024-04-09T14:31:10.896+0300][1472.175s][info][gc,phases   ] GC(205)   Merge Heap Roots: 0.2ms
[2024-04-09T14:31:10.896+0300][1472.175s][info][gc,phases   ] GC(205)   Evacuate Collection Set: 11.0ms
[2024-04-09T14:31:10.896+0300][1472.175s][info][gc,phases   ] GC(205)   Post Evacuate Collection Set: 2.4ms
[2024-04-09T14:31:10.896+0300][1472.175s][info][gc,phases   ] GC(205)   Other: 0.1ms
[2024-04-09T14:31:10.896+0300][1472.175s][info][gc,heap     ] GC(205) Eden regions: 48->0(177)
[2024-04-09T14:31:10.896+0300][1472.175s][info][gc,heap     ] GC(205) Survivor regions: 3->7(7)
[2024-04-09T14:31:10.896+0300][1472.175s][info][gc,heap     ] GC(205) Old regions: 573->566
[2024-04-09T14:31:10.896+0300][1472.175s][info][gc,heap     ] GC(205) Archive regions: 2->2
[2024-04-09T14:31:10.896+0300][1472.175s][info][gc,heap     ] GC(205) Humongous regions: 37->37
[2024-04-09T14:31:10.896+0300][1472.175s][info][gc,metaspace] GC(205) Metaspace: 425629K(434304K)->425629K(434304K) NonClass: 374524K(378560K)->374524K(378560K) Class: 51105K(55744K)->51105K(55744K)
[2024-04-09T14:31:10.896+0300][1472.175s][info][gc          ] GC(205) Pause Young (Mixed) (G1 Evacuation Pause) 661M->610M(1024M) 13.905ms
[2024-04-09T14:31:10.896+0300][1472.175s][info][gc,cpu      ] GC(205) User=0.05s Sys=0.00s Real=0.01s
[2024-04-09T14:31:22.661+0300][1483.940s][info][gc,start    ] GC(206) Pause Young (Concurrent Start) (G1 Humongous Allocation)
[2024-04-09T14:31:22.661+0300][1483.940s][info][gc,task     ] GC(206) Using 6 workers of 6 for evacuation
[2024-04-09T14:31:22.670+0300][1483.949s][info][gc,phases   ] GC(206)   Pre Evacuate Collection Set: 2.1ms
[2024-04-09T14:31:22.670+0300][1483.949s][info][gc,phases   ] GC(206)   Merge Heap Roots: 0.9ms
[2024-04-09T14:31:22.670+0300][1483.949s][info][gc,phases   ] GC(206)   Evacuate Collection Set: 3.9ms
[2024-04-09T14:31:22.670+0300][1483.949s][info][gc,phases   ] GC(206)   Post Evacuate Collection Set: 1.6ms
[2024-04-09T14:31:22.670+0300][1483.949s][info][gc,phases   ] GC(206)   Other: 0.2ms
[2024-04-09T14:31:22.670+0300][1483.949s][info][gc,heap     ] GC(206) Eden regions: 46->0(184)
[2024-04-09T14:31:22.670+0300][1483.949s][info][gc,heap     ] GC(206) Survivor regions: 7->3(23)
[2024-04-09T14:31:22.670+0300][1483.949s][info][gc,heap     ] GC(206) Old regions: 566->566
[2024-04-09T14:31:22.670+0300][1483.949s][info][gc,heap     ] GC(206) Archive regions: 2->2
[2024-04-09T14:31:22.670+0300][1483.949s][info][gc,heap     ] GC(206) Humongous regions: 37->37
[2024-04-09T14:31:22.670+0300][1483.949s][info][gc,metaspace] GC(206) Metaspace: 425954K(434624K)->425954K(434624K) NonClass: 374833K(378880K)->374833K(378880K) Class: 51120K(55744K)->51120K(55744K)
[2024-04-09T14:31:22.670+0300][1483.949s][info][gc          ] GC(206) Pause Young (Concurrent Start) (G1 Humongous Allocation) 655M->606M(1024M) 8.907ms
[2024-04-09T14:31:22.670+0300][1483.949s][info][gc,cpu      ] GC(206) User=0.03s Sys=0.00s Real=0.00s
[2024-04-09T14:31:22.670+0300][1483.949s][info][gc          ] GC(207) Concurrent Mark Cycle
[2024-04-09T14:31:22.670+0300][1483.949s][info][gc,marking  ] GC(207) Concurrent Clear Claimed Marks
[2024-04-09T14:31:22.671+0300][1483.950s][info][gc,marking  ] GC(207) Concurrent Clear Claimed Marks 0.762ms
[2024-04-09T14:31:22.671+0300][1483.950s][info][gc,marking  ] GC(207) Concurrent Scan Root Regions
[2024-04-09T14:31:22.677+0300][1483.956s][info][gc,marking  ] GC(207) Concurrent Scan Root Regions 6.288ms
[2024-04-09T14:31:22.677+0300][1483.956s][info][gc,marking  ] GC(207) Concurrent Mark
[2024-04-09T14:31:22.677+0300][1483.956s][info][gc,marking  ] GC(207) Concurrent Mark From Roots
[2024-04-09T14:31:22.677+0300][1483.956s][info][gc,task     ] GC(207) Using 2 workers of 2 for marking
[2024-04-09T14:31:23.040+0300][1484.319s][info][gc,marking  ] GC(207) Concurrent Mark From Roots 362.896ms
[2024-04-09T14:31:23.040+0300][1484.319s][info][gc,marking  ] GC(207) Concurrent Preclean
[2024-04-09T14:31:23.042+0300][1484.320s][info][gc,marking  ] GC(207) Concurrent Preclean 1.494ms
[2024-04-09T14:31:23.042+0300][1484.321s][info][gc,start    ] GC(207) Pause Remark
[2024-04-09T14:31:23.093+0300][1484.371s][info][gc          ] GC(207) Pause Remark 645M->634M(1024M) 50.443ms
[2024-04-09T14:31:23.093+0300][1484.371s][info][gc,cpu      ] GC(207) User=0.18s Sys=0.01s Real=0.04s
[2024-04-09T14:31:23.093+0300][1484.372s][info][gc,marking  ] GC(207) Concurrent Mark 415.573ms
[2024-04-09T14:31:23.093+0300][1484.372s][info][gc,marking  ] GC(207) Concurrent Rebuild Remembered Sets
[2024-04-09T14:31:23.485+0300][1484.764s][info][gc,marking  ] GC(207) Concurrent Rebuild Remembered Sets 392.039ms
[2024-04-09T14:31:23.485+0300][1484.764s][info][gc,start    ] GC(207) Pause Cleanup
[2024-04-09T14:31:23.485+0300][1484.764s][info][gc          ] GC(207) Pause Cleanup 634M->634M(1024M) 0.292ms
[2024-04-09T14:31:23.485+0300][1484.764s][info][gc,cpu      ] GC(207) User=0.00s Sys=0.00s Real=0.00s
[2024-04-09T14:31:23.485+0300][1484.764s][info][gc,marking  ] GC(207) Concurrent Cleanup for Next Mark
[2024-04-09T14:31:23.487+0300][1484.765s][info][gc,marking  ] GC(207) Concurrent Cleanup for Next Mark 1.137ms
[2024-04-09T14:31:23.487+0300][1484.765s][info][gc          ] GC(207) Concurrent Mark Cycle 816.513ms
[2024-04-09T14:31:49.322+0300][1510.601s][info][gc,start    ] GC(208) Pause Young (Prepare Mixed) (G1 Evacuation Pause)
[2024-04-09T14:31:49.323+0300][1510.601s][info][gc,task     ] GC(208) Using 6 workers of 6 for evacuation
[2024-04-09T14:31:49.332+0300][1510.611s][info][gc,phases   ] GC(208)   Pre Evacuate Collection Set: 0.1ms
[2024-04-09T14:31:49.332+0300][1510.611s][info][gc,phases   ] GC(208)   Merge Heap Roots: 0.2ms
[2024-04-09T14:31:49.332+0300][1510.611s][info][gc,phases   ] GC(208)   Evacuate Collection Set: 7.2ms
[2024-04-09T14:31:49.332+0300][1510.611s][info][gc,phases   ] GC(208)   Post Evacuate Collection Set: 1.7ms
[2024-04-09T14:31:49.332+0300][1510.611s][info][gc,phases   ] GC(208)   Other: 0.1ms
[2024-04-09T14:31:49.332+0300][1510.611s][info][gc,heap     ] GC(208) Eden regions: 184->0(30)
[2024-04-09T14:31:49.332+0300][1510.611s][info][gc,heap     ] GC(208) Survivor regions: 3->21(24)
[2024-04-09T14:31:49.332+0300][1510.611s][info][gc,heap     ] GC(208) Old regions: 566->566
[2024-04-09T14:31:49.332+0300][1510.611s][info][gc,heap     ] GC(208) Archive regions: 2->2
[2024-04-09T14:31:49.332+0300][1510.611s][info][gc,heap     ] GC(208) Humongous regions: 36->36
[2024-04-09T14:31:49.332+0300][1510.611s][info][gc,metaspace] GC(208) Metaspace: 429119K(437440K)->429119K(437440K) NonClass: 377678K(381632K)->377678K(381632K) Class: 51441K(55808K)->51441K(55808K)
[2024-04-09T14:31:49.332+0300][1510.611s][info][gc          ] GC(208) Pause Young (Prepare Mixed) (G1 Evacuation Pause) 789M->623M(1024M) 9.581ms
[2024-04-09T14:31:49.332+0300][1510.611s][info][gc,cpu      ] GC(208) User=0.04s Sys=0.00s Real=0.00s
[2024-04-09T14:31:49.379+0300][1510.658s][info][gc,start    ] GC(209) Pause Young (Mixed) (G1 Evacuation Pause)
[2024-04-09T14:31:49.379+0300][1510.658s][info][gc,task     ] GC(209) Using 6 workers of 6 for evacuation
[2024-04-09T14:31:49.395+0300][1510.673s][info][gc,phases   ] GC(209)   Pre Evacuate Collection Set: 0.1ms
[2024-04-09T14:31:49.395+0300][1510.673s][info][gc,phases   ] GC(209)   Merge Heap Roots: 0.2ms
[2024-04-09T14:31:49.395+0300][1510.673s][info][gc,phases   ] GC(209)   Evacuate Collection Set: 12.9ms
[2024-04-09T14:31:49.395+0300][1510.673s][info][gc,phases   ] GC(209)   Post Evacuate Collection Set: 1.8ms
[2024-04-09T14:31:49.395+0300][1510.673s][info][gc,phases   ] GC(209)   Other: 0.1ms
[2024-04-09T14:31:49.395+0300][1510.673s][info][gc,heap     ] GC(209) Eden regions: 30->0(160)
[2024-04-09T14:31:49.395+0300][1510.673s][info][gc,heap     ] GC(209) Survivor regions: 21->4(7)
[2024-04-09T14:31:49.395+0300][1510.673s][info][gc,heap     ] GC(209) Old regions: 566->579
[2024-04-09T14:31:49.395+0300][1510.673s][info][gc,heap     ] GC(209) Archive regions: 2->2
[2024-04-09T14:31:49.395+0300][1510.673s][info][gc,heap     ] GC(209) Humongous regions: 37->37
[2024-04-09T14:31:49.395+0300][1510.673s][info][gc,metaspace] GC(209) Metaspace: 429588K(437952K)->429588K(437952K) NonClass: 378147K(382144K)->378147K(382144K) Class: 51441K(55808K)->51441K(55808K)
[2024-04-09T14:31:49.395+0300][1510.673s][info][gc          ] GC(209) Pause Young (Mixed) (G1 Evacuation Pause) 654M->620M(1024M) 15.283ms
[2024-04-09T14:31:49.395+0300][1510.673s][info][gc,cpu      ] GC(209) User=0.08s Sys=0.00s Real=0.02s
[2024-04-09T14:31:49.450+0300][1510.729s][info][gc,start    ] GC(210) Pause Young (Concurrent Start) (G1 Humongous Allocation)
[2024-04-09T14:31:49.450+0300][1510.729s][info][gc,task     ] GC(210) Using 6 workers of 6 for evacuation
[2024-04-09T14:31:49.455+0300][1510.733s][info][gc,phases   ] GC(210)   Pre Evacuate Collection Set: 0.8ms
[2024-04-09T14:31:49.455+0300][1510.734s][info][gc,phases   ] GC(210)   Merge Heap Roots: 0.1ms
[2024-04-09T14:31:49.455+0300][1510.734s][info][gc,phases   ] GC(210)   Evacuate Collection Set: 2.3ms
[2024-04-09T14:31:49.455+0300][1510.734s][info][gc,phases   ] GC(210)   Post Evacuate Collection Set: 1.1ms
[2024-04-09T14:31:49.455+0300][1510.734s][info][gc,phases   ] GC(210)   Other: 0.0ms
[2024-04-09T14:31:49.455+0300][1510.734s][info][gc,heap     ] GC(210) Eden regions: 38->0(164)
[2024-04-09T14:31:49.455+0300][1510.734s][info][gc,heap     ] GC(210) Survivor regions: 4->6(21)
[2024-04-09T14:31:49.455+0300][1510.734s][info][gc,heap     ] GC(210) Old regions: 579->579
[2024-04-09T14:31:49.455+0300][1510.734s][info][gc,heap     ] GC(210) Archive regions: 2->2
[2024-04-09T14:31:49.455+0300][1510.734s][info][gc,heap     ] GC(210) Humongous regions: 37->37
[2024-04-09T14:31:49.455+0300][1510.734s][info][gc,metaspace] GC(210) Metaspace: 429862K(438208K)->429862K(438208K) NonClass: 378421K(382400K)->378421K(382400K) Class: 51441K(55808K)->51441K(55808K)
[2024-04-09T14:31:49.455+0300][1510.734s][info][gc          ] GC(210) Pause Young (Concurrent Start) (G1 Humongous Allocation) 657M->621M(1024M) 4.471ms
[2024-04-09T14:31:49.455+0300][1510.734s][info][gc,cpu      ] GC(210) User=0.01s Sys=0.00s Real=0.01s
[2024-04-09T14:31:49.455+0300][1510.734s][info][gc          ] GC(211) Concurrent Mark Cycle
[2024-04-09T14:31:49.455+0300][1510.734s][info][gc,marking  ] GC(211) Concurrent Clear Claimed Marks
[2024-04-09T14:31:49.455+0300][1510.734s][info][gc,marking  ] GC(211) Concurrent Clear Claimed Marks 0.553ms
[2024-04-09T14:31:49.455+0300][1510.734s][info][gc,marking  ] GC(211) Concurrent Scan Root Regions
[2024-04-09T14:31:49.458+0300][1510.737s][info][gc,marking  ] GC(211) Concurrent Scan Root Regions 2.801ms
[2024-04-09T14:31:49.458+0300][1510.737s][info][gc,marking  ] GC(211) Concurrent Mark
[2024-04-09T14:31:49.458+0300][1510.737s][info][gc,marking  ] GC(211) Concurrent Mark From Roots
[2024-04-09T14:31:49.458+0300][1510.737s][info][gc,task     ] GC(211) Using 2 workers of 2 for marking
[2024-04-09T14:31:49.828+0300][1511.107s][info][gc,marking  ] GC(211) Concurrent Mark From Roots 369.726ms
[2024-04-09T14:31:49.828+0300][1511.107s][info][gc,marking  ] GC(211) Concurrent Preclean
[2024-04-09T14:31:49.830+0300][1511.109s][info][gc,marking  ] GC(211) Concurrent Preclean 2.255ms
[2024-04-09T14:31:49.831+0300][1511.110s][info][gc,start    ] GC(211) Pause Remark
[2024-04-09T14:31:49.887+0300][1511.165s][info][gc          ] GC(211) Pause Remark 663M->655M(1024M) 55.713ms
[2024-04-09T14:31:49.887+0300][1511.166s][info][gc,cpu      ] GC(211) User=0.17s Sys=0.00s Real=0.06s
[2024-04-09T14:31:49.893+0300][1511.172s][info][gc,marking  ] GC(211) Concurrent Mark 435.025ms
[2024-04-09T14:31:49.893+0300][1511.172s][info][gc,marking  ] GC(211) Concurrent Rebuild Remembered Sets
[2024-04-09T14:31:50.399+0300][1511.678s][info][gc,marking  ] GC(211) Concurrent Rebuild Remembered Sets 505.648ms
[2024-04-09T14:31:50.399+0300][1511.678s][info][gc,start    ] GC(211) Pause Cleanup
[2024-04-09T14:31:50.400+0300][1511.678s][info][gc          ] GC(211) Pause Cleanup 739M->739M(1024M) 0.346ms
[2024-04-09T14:31:50.400+0300][1511.678s][info][gc,cpu      ] GC(211) User=0.00s Sys=0.00s Real=0.00s
[2024-04-09T14:31:50.400+0300][1511.678s][info][gc,marking  ] GC(211) Concurrent Cleanup for Next Mark
[2024-04-09T14:31:50.401+0300][1511.680s][info][gc,marking  ] GC(211) Concurrent Cleanup for Next Mark 1.444ms
[2024-04-09T14:31:50.401+0300][1511.680s][info][gc          ] GC(211) Concurrent Mark Cycle 946.240ms
[2024-04-09T14:32:30.407+0300][1551.686s][info][gc,start    ] GC(212) Pause Young (Prepare Mixed) (G1 Evacuation Pause)
[2024-04-09T14:32:30.407+0300][1551.686s][info][gc,task     ] GC(212) Using 6 workers of 6 for evacuation
[2024-04-09T14:32:30.420+0300][1551.698s][info][gc,phases   ] GC(212)   Pre Evacuate Collection Set: 0.2ms
[2024-04-09T14:32:30.420+0300][1551.698s][info][gc,phases   ] GC(212)   Merge Heap Roots: 0.3ms
[2024-04-09T14:32:30.420+0300][1551.698s][info][gc,phases   ] GC(212)   Evacuate Collection Set: 7.8ms
[2024-04-09T14:32:30.420+0300][1551.698s][info][gc,phases   ] GC(212)   Post Evacuate Collection Set: 3.9ms
[2024-04-09T14:32:30.420+0300][1551.698s][info][gc,phases   ] GC(212)   Other: 0.1ms
[2024-04-09T14:32:30.420+0300][1551.698s][info][gc,heap     ] GC(212) Eden regions: 164->0(34)
[2024-04-09T14:32:30.420+0300][1551.698s][info][gc,heap     ] GC(212) Survivor regions: 6->17(22)
[2024-04-09T14:32:30.420+0300][1551.698s][info][gc,heap     ] GC(212) Old regions: 579->579
[2024-04-09T14:32:30.420+0300][1551.698s][info][gc,heap     ] GC(212) Archive regions: 2->2
[2024-04-09T14:32:30.420+0300][1551.698s][info][gc,heap     ] GC(212) Humongous regions: 37->36
[2024-04-09T14:32:30.420+0300][1551.698s][info][gc,metaspace] GC(212) Metaspace: 433259K(441472K)->433259K(441472K) NonClass: 381668K(385664K)->381668K(385664K) Class: 51590K(55808K)->51590K(55808K)
[2024-04-09T14:32:30.420+0300][1551.698s][info][gc          ] GC(212) Pause Young (Prepare Mixed) (G1 Evacuation Pause) 785M->631M(1024M) 12.381ms
[2024-04-09T14:32:30.420+0300][1551.698s][info][gc,cpu      ] GC(212) User=0.06s Sys=0.00s Real=0.01s
[2024-04-09T14:32:30.562+0300][1551.840s][info][gc,start    ] GC(213) Pause Young (Mixed) (G1 Evacuation Pause)
[2024-04-09T14:32:30.562+0300][1551.840s][info][gc,task     ] GC(213) Using 6 workers of 6 for evacuation
[2024-04-09T14:32:30.595+0300][1551.873s][info][gc,phases   ] GC(213)   Pre Evacuate Collection Set: 0.1ms
[2024-04-09T14:32:30.595+0300][1551.873s][info][gc,phases   ] GC(213)   Merge Heap Roots: 0.3ms
[2024-04-09T14:32:30.595+0300][1551.873s][info][gc,phases   ] GC(213)   Evacuate Collection Set: 28.2ms
[2024-04-09T14:32:30.595+0300][1551.873s][info][gc,phases   ] GC(213)   Post Evacuate Collection Set: 4.1ms
[2024-04-09T14:32:30.595+0300][1551.873s][info][gc,phases   ] GC(213)   Other: 0.2ms
[2024-04-09T14:32:30.595+0300][1551.873s][info][gc,heap     ] GC(213) Eden regions: 34->0(155)
[2024-04-09T14:32:30.595+0300][1551.873s][info][gc,heap     ] GC(213) Survivor regions: 17->3(7)
[2024-04-09T14:32:30.595+0300][1551.873s][info][gc,heap     ] GC(213) Old regions: 579->590
[2024-04-09T14:32:30.595+0300][1551.873s][info][gc,heap     ] GC(213) Archive regions: 2->2
[2024-04-09T14:32:30.595+0300][1551.873s][info][gc,heap     ] GC(213) Humongous regions: 36->36
[2024-04-09T14:32:30.595+0300][1551.873s][info][gc,metaspace] GC(213) Metaspace: 433310K(441536K)->433310K(441536K) NonClass: 381716K(385728K)->381716K(385728K) Class: 51593K(55808K)->51593K(55808K)
[2024-04-09T14:32:30.595+0300][1551.873s][info][gc          ] GC(213) Pause Young (Mixed) (G1 Evacuation Pause) 665M->629M(1024M) 33.135ms
[2024-04-09T14:32:30.595+0300][1551.874s][info][gc,cpu      ] GC(213) User=0.12s Sys=0.00s Real=0.03s
[2024-04-09T14:32:51.652+0300][1572.930s][info][gc,start    ] GC(214) Pause Young (Concurrent Start) (G1 Humongous Allocation)
[2024-04-09T14:32:51.652+0300][1572.930s][info][gc,task     ] GC(214) Using 6 workers of 6 for evacuation
[2024-04-09T14:32:51.658+0300][1572.936s][info][gc,phases   ] GC(214)   Pre Evacuate Collection Set: 1.5ms
[2024-04-09T14:32:51.658+0300][1572.936s][info][gc,phases   ] GC(214)   Merge Heap Roots: 0.2ms
[2024-04-09T14:32:51.658+0300][1572.936s][info][gc,phases   ] GC(214)   Evacuate Collection Set: 2.7ms
[2024-04-09T14:32:51.658+0300][1572.936s][info][gc,phases   ] GC(214)   Post Evacuate Collection Set: 1.4ms
[2024-04-09T14:32:51.658+0300][1572.936s][info][gc,phases   ] GC(214)   Other: 0.0ms
[2024-04-09T14:32:51.658+0300][1572.936s][info][gc,heap     ] GC(214) Eden regions: 50->0(159)
[2024-04-09T14:32:51.658+0300][1572.936s][info][gc,heap     ] GC(214) Survivor regions: 3->3(20)
[2024-04-09T14:32:51.658+0300][1572.936s][info][gc,heap     ] GC(214) Old regions: 590->590
[2024-04-09T14:32:51.658+0300][1572.936s][info][gc,heap     ] GC(214) Archive regions: 2->2
[2024-04-09T14:32:51.658+0300][1572.936s][info][gc,heap     ] GC(214) Humongous regions: 36->36
[2024-04-09T14:32:51.658+0300][1572.936s][info][gc,metaspace] GC(214) Metaspace: 433615K(441792K)->433615K(441792K) NonClass: 382008K(385984K)->382008K(385984K) Class: 51606K(55808K)->51606K(55808K)
[2024-04-09T14:32:51.658+0300][1572.936s][info][gc          ] GC(214) Pause Young (Concurrent Start) (G1 Humongous Allocation) 678M->629M(1024M) 6.012ms
[2024-04-09T14:32:51.658+0300][1572.936s][info][gc,cpu      ] GC(214) User=0.02s Sys=0.00s Real=0.01s
[2024-04-09T14:32:51.658+0300][1572.937s][info][gc          ] GC(215) Concurrent Mark Cycle
[2024-04-09T14:32:51.658+0300][1572.937s][info][gc,marking  ] GC(215) Concurrent Clear Claimed Marks
[2024-04-09T14:32:51.659+0300][1572.937s][info][gc,marking  ] GC(215) Concurrent Clear Claimed Marks 0.670ms
[2024-04-09T14:32:51.659+0300][1572.937s][info][gc,marking  ] GC(215) Concurrent Scan Root Regions
[2024-04-09T14:32:51.662+0300][1572.940s][info][gc,marking  ] GC(215) Concurrent Scan Root Regions 3.097ms
[2024-04-09T14:32:51.662+0300][1572.940s][info][gc,marking  ] GC(215) Concurrent Mark
[2024-04-09T14:32:51.662+0300][1572.940s][info][gc,marking  ] GC(215) Concurrent Mark From Roots
[2024-04-09T14:32:51.662+0300][1572.940s][info][gc,task     ] GC(215) Using 2 workers of 2 for marking
[2024-04-09T14:32:52.044+0300][1573.322s][info][gc,marking  ] GC(215) Concurrent Mark From Roots 382.021ms
[2024-04-09T14:32:52.044+0300][1573.322s][info][gc,marking  ] GC(215) Concurrent Preclean
[2024-04-09T14:32:52.045+0300][1573.324s][info][gc,marking  ] GC(215) Concurrent Preclean 1.560ms
[2024-04-09T14:32:52.046+0300][1573.324s][info][gc,start    ] GC(215) Pause Remark
[2024-04-09T14:32:52.080+0300][1573.359s][info][gc          ] GC(215) Pause Remark 664M->651M(1024M) 34.315ms
[2024-04-09T14:32:52.080+0300][1573.359s][info][gc,cpu      ] GC(215) User=0.07s Sys=0.00s Real=0.03s
[2024-04-09T14:32:52.084+0300][1573.362s][info][gc,marking  ] GC(215) Concurrent Mark 421.886ms
[2024-04-09T14:32:52.084+0300][1573.362s][info][gc,marking  ] GC(215) Concurrent Rebuild Remembered Sets
[2024-04-09T14:32:52.535+0300][1573.814s][info][gc,marking  ] GC(215) Concurrent Rebuild Remembered Sets 451.623ms
[2024-04-09T14:32:52.535+0300][1573.814s][info][gc,start    ] GC(215) Pause Cleanup
[2024-04-09T14:32:52.536+0300][1573.814s][info][gc          ] GC(215) Pause Cleanup 655M->655M(1024M) 0.382ms
[2024-04-09T14:32:52.536+0300][1573.814s][info][gc,cpu      ] GC(215) User=0.00s Sys=0.00s Real=0.00s
[2024-04-09T14:32:52.536+0300][1573.815s][info][gc,marking  ] GC(215) Concurrent Cleanup for Next Mark
[2024-04-09T14:32:52.537+0300][1573.816s][info][gc,marking  ] GC(215) Concurrent Cleanup for Next Mark 1.147ms
[2024-04-09T14:32:52.537+0300][1573.816s][info][gc          ] GC(215) Concurrent Mark Cycle 879.236ms
[2024-04-09T14:34:52.084+0300][1693.362s][info][gc,start    ] GC(216) Pause Young (Prepare Mixed) (G1 Evacuation Pause)
[2024-04-09T14:34:52.084+0300][1693.362s][info][gc,task     ] GC(216) Using 6 workers of 6 for evacuation
[2024-04-09T14:34:52.094+0300][1693.373s][info][gc,phases   ] GC(216)   Pre Evacuate Collection Set: 0.3ms
[2024-04-09T14:34:52.094+0300][1693.373s][info][gc,phases   ] GC(216)   Merge Heap Roots: 0.3ms
[2024-04-09T14:34:52.094+0300][1693.373s][info][gc,phases   ] GC(216)   Evacuate Collection Set: 6.4ms
[2024-04-09T14:34:52.094+0300][1693.373s][info][gc,phases   ] GC(216)   Post Evacuate Collection Set: 3.1ms
[2024-04-09T14:34:52.094+0300][1693.373s][info][gc,phases   ] GC(216)   Other: 0.1ms
[2024-04-09T14:34:52.094+0300][1693.373s][info][gc,heap     ] GC(216) Eden regions: 159->0(47)
[2024-04-09T14:34:52.094+0300][1693.373s][info][gc,heap     ] GC(216) Survivor regions: 3->4(21)
[2024-04-09T14:34:52.094+0300][1693.373s][info][gc,heap     ] GC(216) Old regions: 587->587
[2024-04-09T14:34:52.094+0300][1693.373s][info][gc,heap     ] GC(216) Archive regions: 2->2
[2024-04-09T14:34:52.094+0300][1693.373s][info][gc,heap     ] GC(216) Humongous regions: 34->34
[2024-04-09T14:34:52.094+0300][1693.373s][info][gc,metaspace] GC(216) Metaspace: 434204K(442368K)->434204K(442368K) NonClass: 382558K(386560K)->382558K(386560K) Class: 51645K(55808K)->51645K(55808K)
[2024-04-09T14:34:52.094+0300][1693.373s][info][gc          ] GC(216) Pause Young (Prepare Mixed) (G1 Evacuation Pause) 783M->625M(1024M) 10.414ms
[2024-04-09T14:34:52.094+0300][1693.373s][info][gc,cpu      ] GC(216) User=0.05s Sys=0.00s Real=0.01s
[2024-04-09T14:35:21.855+0300][1723.133s][info][gc,start    ] GC(217) Pause Young (Mixed) (G1 Evacuation Pause)
[2024-04-09T14:35:21.855+0300][1723.133s][info][gc,task     ] GC(217) Using 6 workers of 6 for evacuation
[2024-04-09T14:35:21.870+0300][1723.149s][info][gc,phases   ] GC(217)   Pre Evacuate Collection Set: 0.4ms
[2024-04-09T14:35:21.870+0300][1723.149s][info][gc,phases   ] GC(217)   Merge Heap Roots: 0.4ms
[2024-04-09T14:35:21.870+0300][1723.149s][info][gc,phases   ] GC(217)   Evacuate Collection Set: 10.1ms
[2024-04-09T14:35:21.870+0300][1723.149s][info][gc,phases   ] GC(217)   Post Evacuate Collection Set: 4.3ms
[2024-04-09T14:35:21.870+0300][1723.149s][info][gc,phases   ] GC(217)   Other: 0.1ms
[2024-04-09T14:35:21.870+0300][1723.149s][info][gc,heap     ] GC(217) Eden regions: 47->0(178)
[2024-04-09T14:35:21.870+0300][1723.149s][info][gc,heap     ] GC(217) Survivor regions: 4->5(7)
[2024-04-09T14:35:21.870+0300][1723.149s][info][gc,heap     ] GC(217) Old regions: 587->573
[2024-04-09T14:35:21.870+0300][1723.149s][info][gc,heap     ] GC(217) Archive regions: 2->2
[2024-04-09T14:35:21.870+0300][1723.149s][info][gc,heap     ] GC(217) Humongous regions: 38->37
[2024-04-09T14:35:21.870+0300][1723.149s][info][gc,metaspace] GC(217) Metaspace: 434298K(442496K)->434298K(442496K) NonClass: 382646K(386688K)->382646K(386688K) Class: 51652K(55808K)->51652K(55808K)
[2024-04-09T14:35:21.870+0300][1723.149s][info][gc          ] GC(217) Pause Young (Mixed) (G1 Evacuation Pause) 676M->614M(1024M) 15.595ms
[2024-04-09T14:35:21.870+0300][1723.149s][info][gc,cpu      ] GC(217) User=0.04s Sys=0.01s Real=0.01s
[2024-04-09T14:35:21.884+0300][1723.163s][info][gc,start    ] GC(218) Pause Young (Concurrent Start) (G1 Humongous Allocation)
[2024-04-09T14:35:21.884+0300][1723.163s][info][gc,task     ] GC(218) Using 6 workers of 6 for evacuation
[2024-04-09T14:35:21.899+0300][1723.178s][info][gc,phases   ] GC(218)   Pre Evacuate Collection Set: 2.7ms
[2024-04-09T14:35:21.899+0300][1723.178s][info][gc,phases   ] GC(218)   Merge Heap Roots: 0.2ms
[2024-04-09T14:35:21.899+0300][1723.178s][info][gc,phases   ] GC(218)   Evacuate Collection Set: 7.5ms
[2024-04-09T14:35:21.899+0300][1723.178s][info][gc,phases   ] GC(218)   Post Evacuate Collection Set: 4.4ms
[2024-04-09T14:35:21.899+0300][1723.178s][info][gc,phases   ] GC(218)   Other: 0.1ms
[2024-04-09T14:35:21.899+0300][1723.178s][info][gc,heap     ] GC(218) Eden regions: 7->0(104)
[2024-04-09T14:35:21.899+0300][1723.178s][info][gc,heap     ] GC(218) Survivor regions: 5->10(23)
[2024-04-09T14:35:21.899+0300][1723.178s][info][gc,heap     ] GC(218) Old regions: 573->573
[2024-04-09T14:35:21.899+0300][1723.178s][info][gc,heap     ] GC(218) Archive regions: 2->2
[2024-04-09T14:35:21.899+0300][1723.178s][info][gc,heap     ] GC(218) Humongous regions: 37->37
[2024-04-09T14:35:21.899+0300][1723.178s][info][gc,metaspace] GC(218) Metaspace: 434298K(442496K)->434298K(442496K) NonClass: 382646K(386688K)->382646K(386688K) Class: 51652K(55808K)->51652K(55808K)
[2024-04-09T14:35:21.900+0300][1723.178s][info][gc          ] GC(218) Pause Young (Concurrent Start) (G1 Humongous Allocation) 621M->620M(1024M) 15.207ms
[2024-04-09T14:35:21.900+0300][1723.178s][info][gc          ] GC(219) Concurrent Mark Cycle
[2024-04-09T14:35:21.900+0300][1723.178s][info][gc,marking  ] GC(219) Concurrent Clear Claimed Marks
[2024-04-09T14:35:21.900+0300][1723.179s][info][gc,cpu      ] GC(218) User=0.04s Sys=0.00s Real=0.01s
[2024-04-09T14:35:21.901+0300][1723.179s][info][gc,marking  ] GC(219) Concurrent Clear Claimed Marks 1.010ms
[2024-04-09T14:35:21.901+0300][1723.179s][info][gc,marking  ] GC(219) Concurrent Scan Root Regions
[2024-04-09T14:35:21.905+0300][1723.184s][info][gc,marking  ] GC(219) Concurrent Scan Root Regions 4.565ms
[2024-04-09T14:35:21.905+0300][1723.184s][info][gc,marking  ] GC(219) Concurrent Mark
[2024-04-09T14:35:21.905+0300][1723.184s][info][gc,marking  ] GC(219) Concurrent Mark From Roots
[2024-04-09T14:35:21.905+0300][1723.184s][info][gc,task     ] GC(219) Using 2 workers of 2 for marking
[2024-04-09T14:35:22.236+0300][1723.515s][info][gc,marking  ] GC(219) Concurrent Mark From Roots 330.598ms
[2024-04-09T14:35:22.236+0300][1723.515s][info][gc,marking  ] GC(219) Concurrent Preclean
[2024-04-09T14:35:22.237+0300][1723.516s][info][gc,marking  ] GC(219) Concurrent Preclean 1.428ms
[2024-04-09T14:35:22.238+0300][1723.516s][info][gc,start    ] GC(219) Pause Remark
[2024-04-09T14:35:22.287+0300][1723.566s][info][gc          ] GC(219) Pause Remark 675M->665M(1024M) 49.392ms
[2024-04-09T14:35:22.287+0300][1723.566s][info][gc,cpu      ] GC(219) User=0.16s Sys=0.00s Real=0.05s
[2024-04-09T14:35:22.287+0300][1723.566s][info][gc,marking  ] GC(219) Concurrent Mark 382.083ms
[2024-04-09T14:35:22.288+0300][1723.566s][info][gc,marking  ] GC(219) Concurrent Rebuild Remembered Sets
[2024-04-09T14:35:22.718+0300][1723.997s][info][gc,start    ] GC(220) Pause Young (Normal) (G1 Evacuation Pause)
[2024-04-09T14:35:22.718+0300][1723.997s][info][gc,task     ] GC(220) Using 6 workers of 6 for evacuation
[2024-04-09T14:35:22.731+0300][1724.010s][info][gc,phases   ] GC(220)   Pre Evacuate Collection Set: 0.2ms
[2024-04-09T14:35:22.731+0300][1724.010s][info][gc,phases   ] GC(220)   Merge Heap Roots: 0.2ms
[2024-04-09T14:35:22.732+0300][1724.010s][info][gc,phases   ] GC(220)   Evacuate Collection Set: 9.9ms
[2024-04-09T14:35:22.732+0300][1724.010s][info][gc,phases   ] GC(220)   Post Evacuate Collection Set: 2.6ms
[2024-04-09T14:35:22.732+0300][1724.010s][info][gc,phases   ] GC(220)   Other: 0.2ms
[2024-04-09T14:35:22.732+0300][1724.010s][info][gc,heap     ] GC(220) Eden regions: 104->0(114)
[2024-04-09T14:35:22.732+0300][1724.010s][info][gc,heap     ] GC(220) Survivor regions: 10->15(15)
[2024-04-09T14:35:22.732+0300][1724.010s][info][gc,heap     ] GC(220) Old regions: 573->574
[2024-04-09T14:35:22.732+0300][1724.010s][info][gc,heap     ] GC(220) Archive regions: 2->2
[2024-04-09T14:35:22.732+0300][1724.010s][info][gc,heap     ] GC(220) Humongous regions: 28->28
[2024-04-09T14:35:22.732+0300][1724.010s][info][gc,metaspace] GC(220) Metaspace: 435132K(443200K)->435132K(443200K) NonClass: 383349K(387392K)->383349K(387392K) Class: 51782K(55808K)->51782K(55808K)
[2024-04-09T14:35:22.732+0300][1724.010s][info][gc          ] GC(220) Pause Young (Normal) (G1 Evacuation Pause) 715M->617M(1024M) 13.316ms
[2024-04-09T14:35:22.732+0300][1724.010s][info][gc,cpu      ] GC(220) User=0.05s Sys=0.00s Real=0.01s
[2024-04-09T14:35:22.884+0300][1724.163s][info][gc,marking  ] GC(219) Concurrent Rebuild Remembered Sets 596.901ms
[2024-04-09T14:35:22.885+0300][1724.163s][info][gc,start    ] GC(219) Pause Cleanup
[2024-04-09T14:35:22.885+0300][1724.164s][info][gc          ] GC(219) Pause Cleanup 629M->629M(1024M) 0.427ms
[2024-04-09T14:35:22.885+0300][1724.164s][info][gc,cpu      ] GC(219) User=0.00s Sys=0.00s Real=0.00s
[2024-04-09T14:35:22.885+0300][1724.164s][info][gc,marking  ] GC(219) Concurrent Cleanup for Next Mark
[2024-04-09T14:35:22.886+0300][1724.165s][info][gc,marking  ] GC(219) Concurrent Cleanup for Next Mark 1.338ms
[2024-04-09T14:35:22.887+0300][1724.165s][info][gc          ] GC(219) Concurrent Mark Cycle 986.877ms
[2024-04-09T14:35:23.101+0300][1724.380s][info][gc,start    ] GC(221) Pause Young (Prepare Mixed) (G1 Evacuation Pause)
[2024-04-09T14:35:23.101+0300][1724.380s][info][gc,task     ] GC(221) Using 6 workers of 6 for evacuation
[2024-04-09T14:35:23.109+0300][1724.388s][info][gc,phases   ] GC(221)   Pre Evacuate Collection Set: 0.2ms
[2024-04-09T14:35:23.109+0300][1724.388s][info][gc,phases   ] GC(221)   Merge Heap Roots: 0.2ms
[2024-04-09T14:35:23.109+0300][1724.388s][info][gc,phases   ] GC(221)   Evacuate Collection Set: 5.9ms
[2024-04-09T14:35:23.109+0300][1724.388s][info][gc,phases   ] GC(221)   Post Evacuate Collection Set: 1.7ms
[2024-04-09T14:35:23.109+0300][1724.388s][info][gc,phases   ] GC(221)   Other: 0.1ms
[2024-04-09T14:35:23.109+0300][1724.388s][info][gc,heap     ] GC(221) Eden regions: 114->0(40)
[2024-04-09T14:35:23.109+0300][1724.388s][info][gc,heap     ] GC(221) Survivor regions: 15->11(17)
[2024-04-09T14:35:23.109+0300][1724.388s][info][gc,heap     ] GC(221) Old regions: 574->582
[2024-04-09T14:35:23.109+0300][1724.388s][info][gc,heap     ] GC(221) Archive regions: 2->2
[2024-04-09T14:35:23.109+0300][1724.388s][info][gc,heap     ] GC(221) Humongous regions: 28->28
[2024-04-09T14:35:23.109+0300][1724.388s][info][gc,metaspace] GC(221) Metaspace: 435213K(443328K)->435213K(443328K) NonClass: 383426K(387520K)->383426K(387520K) Class: 51787K(55808K)->51787K(55808K)
[2024-04-09T14:35:23.109+0300][1724.388s][info][gc          ] GC(221) Pause Young (Prepare Mixed) (G1 Evacuation Pause) 731M->620M(1024M) 8.177ms
[2024-04-09T14:35:23.109+0300][1724.388s][info][gc,cpu      ] GC(221) User=0.04s Sys=0.00s Real=0.00s
[2024-04-09T14:35:23.165+0300][1724.444s][info][gc,start    ] GC(222) Pause Young (Mixed) (G1 Evacuation Pause)
[2024-04-09T14:35:23.165+0300][1724.444s][info][gc,task     ] GC(222) Using 6 workers of 6 for evacuation
[2024-04-09T14:35:23.180+0300][1724.458s][info][gc,phases   ] GC(222)   Pre Evacuate Collection Set: 0.2ms
[2024-04-09T14:35:23.180+0300][1724.458s][info][gc,phases   ] GC(222)   Merge Heap Roots: 0.2ms
[2024-04-09T14:35:23.180+0300][1724.458s][info][gc,phases   ] GC(222)   Evacuate Collection Set: 10.6ms
[2024-04-09T14:35:23.180+0300][1724.458s][info][gc,phases   ] GC(222)   Post Evacuate Collection Set: 3.1ms
[2024-04-09T14:35:23.180+0300][1724.458s][info][gc,phases   ] GC(222)   Other: 0.1ms
[2024-04-09T14:35:23.180+0300][1724.458s][info][gc,heap     ] GC(222) Eden regions: 40->0(128)
[2024-04-09T14:35:23.180+0300][1724.458s][info][gc,heap     ] GC(222) Survivor regions: 11->3(7)
[2024-04-09T14:35:23.180+0300][1724.458s][info][gc,heap     ] GC(222) Old regions: 582->580
[2024-04-09T14:35:23.180+0300][1724.458s][info][gc,heap     ] GC(222) Archive regions: 2->2
[2024-04-09T14:35:23.180+0300][1724.458s][info][gc,heap     ] GC(222) Humongous regions: 28->28
[2024-04-09T14:35:23.180+0300][1724.458s][info][gc,metaspace] GC(222) Metaspace: 435214K(443328K)->435214K(443328K) NonClass: 383427K(387520K)->383427K(387520K) Class: 51787K(55808K)->51787K(55808K)
[2024-04-09T14:35:23.180+0300][1724.458s][info][gc          ] GC(222) Pause Young (Mixed) (G1 Evacuation Pause) 660M->611M(1024M) 14.288ms
[2024-04-09T14:35:23.180+0300][1724.458s][info][gc,cpu      ] GC(222) User=0.07s Sys=0.00s Real=0.01s
[2024-04-09T14:35:23.278+0300][1724.556s][info][gc,start    ] GC(223) Pause Young (Concurrent Start) (G1 Humongous Allocation)
[2024-04-09T14:35:23.278+0300][1724.556s][info][gc,task     ] GC(223) Using 6 workers of 6 for evacuation
[2024-04-09T14:35:23.283+0300][1724.562s][info][gc,phases   ] GC(223)   Pre Evacuate Collection Set: 0.9ms
[2024-04-09T14:35:23.283+0300][1724.562s][info][gc,phases   ] GC(223)   Merge Heap Roots: 0.1ms
[2024-04-09T14:35:23.283+0300][1724.562s][info][gc,phases   ] GC(223)   Evacuate Collection Set: 3.2ms
[2024-04-09T14:35:23.283+0300][1724.562s][info][gc,phases   ] GC(223)   Post Evacuate Collection Set: 1.6ms
[2024-04-09T14:35:23.283+0300][1724.562s][info][gc,phases   ] GC(223)   Other: 0.0ms
[2024-04-09T14:35:23.283+0300][1724.562s][info][gc,heap     ] GC(223) Eden regions: 52->0(138)
[2024-04-09T14:35:23.283+0300][1724.562s][info][gc,heap     ] GC(223) Survivor regions: 3->3(17)
[2024-04-09T14:35:23.283+0300][1724.562s][info][gc,heap     ] GC(223) Old regions: 580->580
[2024-04-09T14:35:23.283+0300][1724.562s][info][gc,heap     ] GC(223) Archive regions: 2->2
[2024-04-09T14:35:23.283+0300][1724.562s][info][gc,heap     ] GC(223) Humongous regions: 28->28
[2024-04-09T14:35:23.283+0300][1724.562s][info][gc,metaspace] GC(223) Metaspace: 435218K(443328K)->435218K(443328K) NonClass: 383430K(387520K)->383430K(387520K) Class: 51787K(55808K)->51787K(55808K)
[2024-04-09T14:35:23.283+0300][1724.562s][info][gc          ] GC(223) Pause Young (Concurrent Start) (G1 Humongous Allocation) 662M->610M(1024M) 5.871ms
[2024-04-09T14:35:23.284+0300][1724.562s][info][gc,cpu      ] GC(223) User=0.02s Sys=0.00s Real=0.01s
[2024-04-09T14:35:23.284+0300][1724.562s][info][gc          ] GC(224) Concurrent Mark Cycle
[2024-04-09T14:35:23.284+0300][1724.562s][info][gc,marking  ] GC(224) Concurrent Clear Claimed Marks
[2024-04-09T14:35:23.284+0300][1724.563s][info][gc,marking  ] GC(224) Concurrent Clear Claimed Marks 0.597ms
[2024-04-09T14:35:23.284+0300][1724.563s][info][gc,marking  ] GC(224) Concurrent Scan Root Regions
[2024-04-09T14:35:23.288+0300][1724.567s][info][gc,marking  ] GC(224) Concurrent Scan Root Regions 3.727ms
[2024-04-09T14:35:23.288+0300][1724.567s][info][gc,marking  ] GC(224) Concurrent Mark
[2024-04-09T14:35:23.288+0300][1724.567s][info][gc,marking  ] GC(224) Concurrent Mark From Roots
[2024-04-09T14:35:23.288+0300][1724.567s][info][gc,task     ] GC(224) Using 2 workers of 2 for marking
[2024-04-09T14:35:23.607+0300][1724.886s][info][gc,marking  ] GC(224) Concurrent Mark From Roots 319.152ms
[2024-04-09T14:35:23.607+0300][1724.886s][info][gc,marking  ] GC(224) Concurrent Preclean
[2024-04-09T14:35:23.608+0300][1724.887s][info][gc,marking  ] GC(224) Concurrent Preclean 1.343ms
[2024-04-09T14:35:23.610+0300][1724.889s][info][gc,start    ] GC(224) Pause Remark
[2024-04-09T14:35:23.638+0300][1724.916s][info][gc          ] GC(224) Pause Remark 672M->672M(1024M) 27.836ms
[2024-04-09T14:35:23.638+0300][1724.917s][info][gc,cpu      ] GC(224) User=0.07s Sys=0.00s Real=0.03s
[2024-04-09T14:35:23.638+0300][1724.917s][info][gc,marking  ] GC(224) Concurrent Mark 350.028ms
[2024-04-09T14:35:23.638+0300][1724.917s][info][gc,marking  ] GC(224) Concurrent Rebuild Remembered Sets
[2024-04-09T14:35:23.811+0300][1725.090s][info][gc,start    ] GC(225) Pause Young (Normal) (G1 Evacuation Pause)
[2024-04-09T14:35:23.811+0300][1725.090s][info][gc,task     ] GC(225) Using 6 workers of 6 for evacuation
[2024-04-09T14:35:23.822+0300][1725.101s][info][gc,phases   ] GC(225)   Pre Evacuate Collection Set: 0.1ms
[2024-04-09T14:35:23.822+0300][1725.101s][info][gc,phases   ] GC(225)   Merge Heap Roots: 0.2ms
[2024-04-09T14:35:23.822+0300][1725.101s][info][gc,phases   ] GC(225)   Evacuate Collection Set: 9.2ms
[2024-04-09T14:35:23.822+0300][1725.101s][info][gc,phases   ] GC(225)   Post Evacuate Collection Set: 1.6ms
[2024-04-09T14:35:23.822+0300][1725.101s][info][gc,phases   ] GC(225)   Other: 0.1ms
[2024-04-09T14:35:23.822+0300][1725.101s][info][gc,heap     ] GC(225) Eden regions: 138->0(135)
[2024-04-09T14:35:23.822+0300][1725.101s][info][gc,heap     ] GC(225) Survivor regions: 3->4(18)
[2024-04-09T14:35:23.822+0300][1725.101s][info][gc,heap     ] GC(225) Old regions: 580->580
[2024-04-09T14:35:23.822+0300][1725.101s][info][gc,heap     ] GC(225) Archive regions: 2->2
[2024-04-09T14:35:23.822+0300][1725.101s][info][gc,heap     ] GC(225) Humongous regions: 46->45
[2024-04-09T14:35:23.822+0300][1725.101s][info][gc,metaspace] GC(225) Metaspace: 435331K(443392K)->435331K(443392K) NonClass: 383538K(387584K)->383538K(387584K) Class: 51793K(55808K)->51793K(55808K)
[2024-04-09T14:35:23.822+0300][1725.101s][info][gc          ] GC(225) Pause Young (Normal) (G1 Evacuation Pause) 766M->628M(1024M) 11.417ms
[2024-04-09T14:35:23.823+0300][1725.101s][info][gc,cpu      ] GC(225) User=0.02s Sys=0.00s Real=0.02s
[2024-04-09T14:35:24.122+0300][1725.401s][info][gc,marking  ] GC(224) Concurrent Rebuild Remembered Sets 484.143ms
[2024-04-09T14:35:24.122+0300][1725.401s][info][gc,start    ] GC(224) Pause Cleanup
[2024-04-09T14:35:24.123+0300][1725.401s][info][gc          ] GC(224) Pause Cleanup 773M->773M(1024M) 0.307ms
[2024-04-09T14:35:24.123+0300][1725.401s][info][gc,cpu      ] GC(224) User=0.00s Sys=0.00s Real=0.00s
[2024-04-09T14:35:24.123+0300][1725.401s][info][gc,marking  ] GC(224) Concurrent Cleanup for Next Mark
[2024-04-09T14:35:24.124+0300][1725.402s][info][gc,marking  ] GC(224) Concurrent Cleanup for Next Mark 0.975ms
[2024-04-09T14:35:24.124+0300][1725.402s][info][gc          ] GC(224) Concurrent Mark Cycle 840.159ms
[2024-04-09T14:35:24.451+0300][1725.730s][info][gc,start    ] GC(226) Pause Young (Prepare Mixed) (G1 Evacuation Pause)
[2024-04-09T14:35:24.451+0300][1725.730s][info][gc,task     ] GC(226) Using 6 workers of 6 for evacuation
[2024-04-09T14:35:24.464+0300][1725.742s][info][gc,phases   ] GC(226)   Pre Evacuate Collection Set: 1.2ms
[2024-04-09T14:35:24.464+0300][1725.742s][info][gc,phases   ] GC(226)   Merge Heap Roots: 0.8ms
[2024-04-09T14:35:24.464+0300][1725.742s][info][gc,phases   ] GC(226)   Evacuate Collection Set: 6.9ms
[2024-04-09T14:35:24.464+0300][1725.742s][info][gc,phases   ] GC(226)   Post Evacuate Collection Set: 3.2ms
[2024-04-09T14:35:24.464+0300][1725.742s][info][gc,phases   ] GC(226)   Other: 0.2ms
[2024-04-09T14:35:24.464+0300][1725.742s][info][gc,heap     ] GC(226) Eden regions: 135->0(41)
[2024-04-09T14:35:24.464+0300][1725.742s][info][gc,heap     ] GC(226) Survivor regions: 4->10(18)
[2024-04-09T14:35:24.464+0300][1725.742s][info][gc,heap     ] GC(226) Old regions: 580->580
[2024-04-09T14:35:24.464+0300][1725.742s][info][gc,heap     ] GC(226) Archive regions: 2->2
[2024-04-09T14:35:24.464+0300][1725.742s][info][gc,heap     ] GC(226) Humongous regions: 120->120
[2024-04-09T14:35:24.464+0300][1725.742s][info][gc,metaspace] GC(226) Metaspace: 435407K(443520K)->435407K(443520K) NonClass: 383610K(387712K)->383610K(387712K) Class: 51797K(55808K)->51797K(55808K)
[2024-04-09T14:35:24.464+0300][1725.742s][info][gc          ] GC(226) Pause Young (Prepare Mixed) (G1 Evacuation Pause) 838M->709M(1024M) 12.425ms
[2024-04-09T14:35:24.464+0300][1725.742s][info][gc,cpu      ] GC(226) User=0.04s Sys=0.00s Real=0.02s
[2024-04-09T14:35:24.566+0300][1725.845s][info][gc,start    ] GC(227) Pause Young (Mixed) (G1 Evacuation Pause)
[2024-04-09T14:35:24.566+0300][1725.845s][info][gc,task     ] GC(227) Using 6 workers of 6 for evacuation
[2024-04-09T14:35:24.591+0300][1725.870s][info][gc,phases   ] GC(227)   Pre Evacuate Collection Set: 0.2ms
[2024-04-09T14:35:24.591+0300][1725.870s][info][gc,phases   ] GC(227)   Merge Heap Roots: 0.9ms
[2024-04-09T14:35:24.591+0300][1725.870s][info][gc,phases   ] GC(227)   Evacuate Collection Set: 22.8ms
[2024-04-09T14:35:24.591+0300][1725.870s][info][gc,phases   ] GC(227)   Post Evacuate Collection Set: 1.5ms
[2024-04-09T14:35:24.591+0300][1725.870s][info][gc,phases   ] GC(227)   Other: 0.1ms
[2024-04-09T14:35:24.591+0300][1725.870s][info][gc,heap     ] GC(227) Eden regions: 41->0(89)
[2024-04-09T14:35:24.591+0300][1725.870s][info][gc,heap     ] GC(227) Survivor regions: 10->2(7)
[2024-04-09T14:35:24.591+0300][1725.870s][info][gc,heap     ] GC(227) Old regions: 580->583
[2024-04-09T14:35:24.591+0300][1725.870s][info][gc,heap     ] GC(227) Archive regions: 2->2
[2024-04-09T14:35:24.591+0300][1725.870s][info][gc,heap     ] GC(227) Humongous regions: 120->120
[2024-04-09T14:35:24.591+0300][1725.870s][info][gc,metaspace] GC(227) Metaspace: 435448K(443520K)->435448K(443520K) NonClass: 383644K(387712K)->383644K(387712K) Class: 51804K(55808K)->51804K(55808K)
[2024-04-09T14:35:24.591+0300][1725.870s][info][gc          ] GC(227) Pause Young (Mixed) (G1 Evacuation Pause) 750M->705M(1024M) 25.498ms
[2024-04-09T14:35:24.591+0300][1725.870s][info][gc,cpu      ] GC(227) User=0.08s Sys=0.01s Real=0.02s
[2024-04-09T14:35:38.189+0300][1739.468s][info][gc,start    ] GC(228) Pause Young (Concurrent Start) (G1 Humongous Allocation)
[2024-04-09T14:35:38.190+0300][1739.468s][info][gc,task     ] GC(228) Using 6 workers of 6 for evacuation
[2024-04-09T14:35:38.197+0300][1739.476s][info][gc,phases   ] GC(228)   Pre Evacuate Collection Set: 1.2ms
[2024-04-09T14:35:38.197+0300][1739.476s][info][gc,phases   ] GC(228)   Merge Heap Roots: 0.2ms
[2024-04-09T14:35:38.197+0300][1739.476s][info][gc,phases   ] GC(228)   Evacuate Collection Set: 3.8ms
[2024-04-09T14:35:38.197+0300][1739.476s][info][gc,phases   ] GC(228)   Post Evacuate Collection Set: 2.2ms
[2024-04-09T14:35:38.197+0300][1739.476s][info][gc,phases   ] GC(228)   Other: 0.1ms
[2024-04-09T14:35:38.197+0300][1739.476s][info][gc,heap     ] GC(228) Eden regions: 59->0(90)
[2024-04-09T14:35:38.197+0300][1739.476s][info][gc,heap     ] GC(228) Survivor regions: 2->3(12)
[2024-04-09T14:35:38.197+0300][1739.476s][info][gc,heap     ] GC(228) Old regions: 583->583
[2024-04-09T14:35:38.197+0300][1739.476s][info][gc,heap     ] GC(228) Archive regions: 2->2
[2024-04-09T14:35:38.197+0300][1739.476s][info][gc,heap     ] GC(228) Humongous regions: 120->120
[2024-04-09T14:35:38.197+0300][1739.476s][info][gc,metaspace] GC(228) Metaspace: 435761K(443776K)->435761K(443776K) NonClass: 383923K(387968K)->383923K(387968K) Class: 51838K(55808K)->51838K(55808K)
[2024-04-09T14:35:38.197+0300][1739.476s][info][gc          ] GC(228) Pause Young (Concurrent Start) (G1 Humongous Allocation) 763M->706M(1024M) 7.721ms
[2024-04-09T14:35:38.197+0300][1739.476s][info][gc,cpu      ] GC(228) User=0.03s Sys=0.00s Real=0.01s
[2024-04-09T14:35:38.197+0300][1739.476s][info][gc          ] GC(229) Concurrent Mark Cycle
[2024-04-09T14:35:38.197+0300][1739.476s][info][gc,marking  ] GC(229) Concurrent Clear Claimed Marks
[2024-04-09T14:35:38.198+0300][1739.477s][info][gc,marking  ] GC(229) Concurrent Clear Claimed Marks 0.871ms
[2024-04-09T14:35:38.198+0300][1739.477s][info][gc,marking  ] GC(229) Concurrent Scan Root Regions
[2024-04-09T14:35:38.201+0300][1739.480s][info][gc,marking  ] GC(229) Concurrent Scan Root Regions 2.864ms
[2024-04-09T14:35:38.201+0300][1739.480s][info][gc,marking  ] GC(229) Concurrent Mark
[2024-04-09T14:35:38.201+0300][1739.480s][info][gc,marking  ] GC(229) Concurrent Mark From Roots
[2024-04-09T14:35:38.201+0300][1739.480s][info][gc,task     ] GC(229) Using 2 workers of 2 for marking
[2024-04-09T14:35:38.563+0300][1739.842s][info][gc,marking  ] GC(229) Concurrent Mark From Roots 362.052ms
[2024-04-09T14:35:38.563+0300][1739.842s][info][gc,marking  ] GC(229) Concurrent Preclean
[2024-04-09T14:35:38.565+0300][1739.844s][info][gc,marking  ] GC(229) Concurrent Preclean 2.047ms
[2024-04-09T14:35:38.566+0300][1739.845s][info][gc,start    ] GC(229) Pause Remark
[2024-04-09T14:35:38.617+0300][1739.895s][info][gc          ] GC(229) Pause Remark 742M->643M(1024M) 50.729ms
[2024-04-09T14:35:38.617+0300][1739.895s][info][gc,cpu      ] GC(229) User=0.17s Sys=0.00s Real=0.05s
[2024-04-09T14:35:38.620+0300][1739.899s][info][gc,marking  ] GC(229) Concurrent Mark 419.173ms
[2024-04-09T14:35:38.620+0300][1739.899s][info][gc,marking  ] GC(229) Concurrent Rebuild Remembered Sets
[2024-04-09T14:35:39.155+0300][1740.434s][info][gc,marking  ] GC(229) Concurrent Rebuild Remembered Sets 535.018ms
[2024-04-09T14:35:39.156+0300][1740.434s][info][gc,start    ] GC(229) Pause Cleanup
[2024-04-09T14:35:39.156+0300][1740.435s][info][gc          ] GC(229) Pause Cleanup 680M->680M(1024M) 0.431ms
[2024-04-09T14:35:39.156+0300][1740.435s][info][gc,cpu      ] GC(229) User=0.00s Sys=0.00s Real=0.00s
[2024-04-09T14:35:39.156+0300][1740.435s][info][gc,marking  ] GC(229) Concurrent Cleanup for Next Mark
[2024-04-09T14:35:39.159+0300][1740.438s][info][gc,marking  ] GC(229) Concurrent Cleanup for Next Mark 2.968ms
[2024-04-09T14:35:39.159+0300][1740.438s][info][gc          ] GC(229) Concurrent Mark Cycle 961.804ms
[2024-04-09T14:35:47.934+0300][1749.213s][info][gc,start    ] GC(230) Pause Young (Prepare Mixed) (G1 Evacuation Pause)
[2024-04-09T14:35:47.934+0300][1749.213s][info][gc,task     ] GC(230) Using 6 workers of 6 for evacuation
[2024-04-09T14:35:47.941+0300][1749.220s][info][gc,phases   ] GC(230)   Pre Evacuate Collection Set: 0.2ms
[2024-04-09T14:35:47.941+0300][1749.220s][info][gc,phases   ] GC(230)   Merge Heap Roots: 0.4ms
[2024-04-09T14:35:47.941+0300][1749.220s][info][gc,phases   ] GC(230)   Evacuate Collection Set: 4.7ms
[2024-04-09T14:35:47.941+0300][1749.220s][info][gc,phases   ] GC(230)   Post Evacuate Collection Set: 2.2ms
[2024-04-09T14:35:47.941+0300][1749.220s][info][gc,phases   ] GC(230)   Other: 0.1ms
[2024-04-09T14:35:47.942+0300][1749.220s][info][gc,heap     ] GC(230) Eden regions: 90->0(48)
[2024-04-09T14:35:47.942+0300][1749.220s][info][gc,heap     ] GC(230) Survivor regions: 3->3(12)
[2024-04-09T14:35:47.942+0300][1749.220s][info][gc,heap     ] GC(230) Old regions: 578->578
[2024-04-09T14:35:47.942+0300][1749.220s][info][gc,heap     ] GC(230) Archive regions: 2->2
[2024-04-09T14:35:47.942+0300][1749.220s][info][gc,heap     ] GC(230) Humongous regions: 28->28
[2024-04-09T14:35:47.942+0300][1749.220s][info][gc,metaspace] GC(230) Metaspace: 435706K(443968K)->435706K(443968K) NonClass: 383927K(388160K)->383927K(388160K) Class: 51778K(55808K)->51778K(55808K)
[2024-04-09T14:35:47.942+0300][1749.220s][info][gc          ] GC(230) Pause Young (Prepare Mixed) (G1 Evacuation Pause) 699M->609M(1024M) 7.719ms
[2024-04-09T14:35:47.942+0300][1749.220s][info][gc,cpu      ] GC(230) User=0.03s Sys=0.00s Real=0.01s
[2024-04-09T14:35:48.321+0300][1749.600s][info][gc,start    ] GC(231) Pause Young (Mixed) (G1 Evacuation Pause)
[2024-04-09T14:35:48.321+0300][1749.600s][info][gc,task     ] GC(231) Using 6 workers of 6 for evacuation
[2024-04-09T14:35:48.340+0300][1749.619s][info][gc,phases   ] GC(231)   Pre Evacuate Collection Set: 0.2ms
[2024-04-09T14:35:48.340+0300][1749.619s][info][gc,phases   ] GC(231)   Merge Heap Roots: 0.5ms
[2024-04-09T14:35:48.340+0300][1749.619s][info][gc,phases   ] GC(231)   Evacuate Collection Set: 15.3ms
[2024-04-09T14:35:48.340+0300][1749.619s][info][gc,phases   ] GC(231)   Post Evacuate Collection Set: 2.6ms
[2024-04-09T14:35:48.340+0300][1749.619s][info][gc,phases   ] GC(231)   Other: 0.1ms
[2024-04-09T14:35:48.340+0300][1749.619s][info][gc,heap     ] GC(231) Eden regions: 48->0(158)
[2024-04-09T14:35:48.340+0300][1749.619s][info][gc,heap     ] GC(231) Survivor regions: 3->7(7)
[2024-04-09T14:35:48.340+0300][1749.619s][info][gc,heap     ] GC(231) Old regions: 578->573
[2024-04-09T14:35:48.340+0300][1749.619s][info][gc,heap     ] GC(231) Archive regions: 2->2
[2024-04-09T14:35:48.340+0300][1749.619s][info][gc,heap     ] GC(231) Humongous regions: 30->30
[2024-04-09T14:35:48.340+0300][1749.619s][info][gc,metaspace] GC(231) Metaspace: 435751K(443968K)->435751K(443968K) NonClass: 383972K(388160K)->383972K(388160K) Class: 51778K(55808K)->51778K(55808K)
[2024-04-09T14:35:48.340+0300][1749.619s][info][gc          ] GC(231) Pause Young (Mixed) (G1 Evacuation Pause) 659M->610M(1024M) 18.838ms
[2024-04-09T14:35:48.340+0300][1749.619s][info][gc,cpu      ] GC(231) User=0.05s Sys=0.00s Real=0.01s
[2024-04-09T14:35:51.858+0300][1753.137s][info][gc,start    ] GC(232) Pause Young (Concurrent Start) (G1 Humongous Allocation)
[2024-04-09T14:35:51.858+0300][1753.137s][info][gc,task     ] GC(232) Using 6 workers of 6 for evacuation
[2024-04-09T14:35:51.864+0300][1753.142s][info][gc,phases   ] GC(232)   Pre Evacuate Collection Set: 0.9ms
[2024-04-09T14:35:51.864+0300][1753.142s][info][gc,phases   ] GC(232)   Merge Heap Roots: 0.1ms
[2024-04-09T14:35:51.864+0300][1753.142s][info][gc,phases   ] GC(232)   Evacuate Collection Set: 2.8ms
[2024-04-09T14:35:51.864+0300][1753.142s][info][gc,phases   ] GC(232)   Post Evacuate Collection Set: 1.9ms
[2024-04-09T14:35:51.864+0300][1753.142s][info][gc,phases   ] GC(232)   Other: 0.1ms
[2024-04-09T14:35:51.864+0300][1753.142s][info][gc,heap     ] GC(232) Eden regions: 53->0(169)
[2024-04-09T14:35:51.864+0300][1753.142s][info][gc,heap     ] GC(232) Survivor regions: 7->2(21)
[2024-04-09T14:35:51.864+0300][1753.142s][info][gc,heap     ] GC(232) Old regions: 573->573
[2024-04-09T14:35:51.864+0300][1753.142s][info][gc,heap     ] GC(232) Archive regions: 2->2
[2024-04-09T14:35:51.864+0300][1753.142s][info][gc,heap     ] GC(232) Humongous regions: 30->30
[2024-04-09T14:35:51.864+0300][1753.142s][info][gc,metaspace] GC(232) Metaspace: 435916K(443968K)->435916K(443968K) NonClass: 384125K(388160K)->384125K(388160K) Class: 51790K(55808K)->51790K(55808K)
[2024-04-09T14:35:51.864+0300][1753.143s][info][gc          ] GC(232) Pause Young (Concurrent Start) (G1 Humongous Allocation) 662M->605M(1024M) 5.961ms
[2024-04-09T14:35:51.864+0300][1753.143s][info][gc          ] GC(233) Concurrent Mark Cycle
[2024-04-09T14:35:51.864+0300][1753.143s][info][gc,marking  ] GC(233) Concurrent Clear Claimed Marks
[2024-04-09T14:35:51.864+0300][1753.143s][info][gc,cpu      ] GC(232) User=0.02s Sys=0.00s Real=0.01s
[2024-04-09T14:35:51.865+0300][1753.143s][info][gc,marking  ] GC(233) Concurrent Clear Claimed Marks 0.860ms
[2024-04-09T14:35:51.865+0300][1753.143s][info][gc,marking  ] GC(233) Concurrent Scan Root Regions
[2024-04-09T14:35:51.868+0300][1753.147s][info][gc,marking  ] GC(233) Concurrent Scan Root Regions 3.579ms
[2024-04-09T14:35:51.868+0300][1753.147s][info][gc,marking  ] GC(233) Concurrent Mark
[2024-04-09T14:35:51.868+0300][1753.147s][info][gc,marking  ] GC(233) Concurrent Mark From Roots
[2024-04-09T14:35:51.868+0300][1753.147s][info][gc,task     ] GC(233) Using 2 workers of 2 for marking
[2024-04-09T14:35:52.264+0300][1753.543s][info][gc,marking  ] GC(233) Concurrent Mark From Roots 396.098ms
[2024-04-09T14:35:52.264+0300][1753.543s][info][gc,marking  ] GC(233) Concurrent Preclean
[2024-04-09T14:35:52.267+0300][1753.545s][info][gc,marking  ] GC(233) Concurrent Preclean 2.065ms
[2024-04-09T14:35:52.267+0300][1753.546s][info][gc,start    ] GC(233) Pause Remark
[2024-04-09T14:35:52.289+0300][1753.568s][info][gc          ] GC(233) Pause Remark 647M->643M(1024M) 21.933ms
[2024-04-09T14:35:52.289+0300][1753.568s][info][gc,cpu      ] GC(233) User=0.07s Sys=0.00s Real=0.02s
[2024-04-09T14:35:52.289+0300][1753.568s][info][gc,marking  ] GC(233) Concurrent Mark 420.908ms
[2024-04-09T14:35:52.289+0300][1753.568s][info][gc,marking  ] GC(233) Concurrent Rebuild Remembered Sets
[2024-04-09T14:35:52.638+0300][1753.916s][info][gc,marking  ] GC(233) Concurrent Rebuild Remembered Sets 348.249ms
[2024-04-09T14:35:52.638+0300][1753.916s][info][gc,start    ] GC(233) Pause Cleanup
[2024-04-09T14:35:52.638+0300][1753.917s][info][gc          ] GC(233) Pause Cleanup 646M->646M(1024M) 0.259ms
[2024-04-09T14:35:52.638+0300][1753.917s][info][gc,cpu      ] GC(233) User=0.00s Sys=0.00s Real=0.00s
[2024-04-09T14:35:52.638+0300][1753.917s][info][gc,marking  ] GC(233) Concurrent Cleanup for Next Mark
[2024-04-09T14:35:52.639+0300][1753.918s][info][gc,marking  ] GC(233) Concurrent Cleanup for Next Mark 1.060ms
[2024-04-09T14:35:52.639+0300][1753.918s][info][gc          ] GC(233) Concurrent Mark Cycle 775.294ms
[2024-04-09T14:36:18.088+0300][1779.366s][info][gc,start    ] GC(234) Pause Young (Prepare Mixed) (G1 Evacuation Pause)
[2024-04-09T14:36:18.088+0300][1779.367s][info][gc,task     ] GC(234) Using 6 workers of 6 for evacuation
[2024-04-09T14:36:18.099+0300][1779.378s][info][gc,phases   ] GC(234)   Pre Evacuate Collection Set: 0.2ms
[2024-04-09T14:36:18.099+0300][1779.378s][info][gc,phases   ] GC(234)   Merge Heap Roots: 0.2ms
[2024-04-09T14:36:18.099+0300][1779.378s][info][gc,phases   ] GC(234)   Evacuate Collection Set: 6.4ms
[2024-04-09T14:36:18.099+0300][1779.378s][info][gc,phases   ] GC(234)   Post Evacuate Collection Set: 4.4ms
[2024-04-09T14:36:18.099+0300][1779.378s][info][gc,phases   ] GC(234)   Other: 0.1ms
[2024-04-09T14:36:18.099+0300][1779.378s][info][gc,heap     ] GC(234) Eden regions: 169->0(37)
[2024-04-09T14:36:18.099+0300][1779.378s][info][gc,heap     ] GC(234) Survivor regions: 2->14(22)
[2024-04-09T14:36:18.099+0300][1779.378s][info][gc,heap     ] GC(234) Old regions: 573->573
[2024-04-09T14:36:18.099+0300][1779.378s][info][gc,heap     ] GC(234) Archive regions: 2->2
[2024-04-09T14:36:18.099+0300][1779.378s][info][gc,heap     ] GC(234) Humongous regions: 32->32
[2024-04-09T14:36:18.099+0300][1779.378s][info][gc,metaspace] GC(234) Metaspace: 436372K(444352K)->436372K(444352K) NonClass: 384537K(388544K)->384537K(388544K) Class: 51835K(55808K)->51835K(55808K)
[2024-04-09T14:36:18.099+0300][1779.378s][info][gc          ] GC(234) Pause Young (Prepare Mixed) (G1 Evacuation Pause) 776M->618M(1024M) 11.626ms
[2024-04-09T14:36:18.099+0300][1779.378s][info][gc,cpu      ] GC(234) User=0.04s Sys=0.00s Real=0.01s
[2024-04-09T14:36:18.485+0300][1779.764s][info][gc,start    ] GC(235) Pause Young (Mixed) (G1 Evacuation Pause)
[2024-04-09T14:36:18.485+0300][1779.764s][info][gc,task     ] GC(235) Using 6 workers of 6 for evacuation
[2024-04-09T14:36:18.503+0300][1779.781s][info][gc,phases   ] GC(235)   Pre Evacuate Collection Set: 0.1ms
[2024-04-09T14:36:18.503+0300][1779.781s][info][gc,phases   ] GC(235)   Merge Heap Roots: 0.3ms
[2024-04-09T14:36:18.503+0300][1779.781s][info][gc,phases   ] GC(235)   Evacuate Collection Set: 14.9ms
[2024-04-09T14:36:18.503+0300][1779.781s][info][gc,phases   ] GC(235)   Post Evacuate Collection Set: 1.7ms
[2024-04-09T14:36:18.503+0300][1779.781s][info][gc,phases   ] GC(235)   Other: 0.1ms
[2024-04-09T14:36:18.503+0300][1779.781s][info][gc,heap     ] GC(235) Eden regions: 37->0(162)
[2024-04-09T14:36:18.503+0300][1779.781s][info][gc,heap     ] GC(235) Survivor regions: 14->2(7)
[2024-04-09T14:36:18.503+0300][1779.781s][info][gc,heap     ] GC(235) Old regions: 573->579
[2024-04-09T14:36:18.503+0300][1779.781s][info][gc,heap     ] GC(235) Archive regions: 2->2
[2024-04-09T14:36:18.503+0300][1779.781s][info][gc,heap     ] GC(235) Humongous regions: 32->32
[2024-04-09T14:36:18.503+0300][1779.781s][info][gc,metaspace] GC(235) Metaspace: 436413K(444416K)->436413K(444416K) NonClass: 384575K(388608K)->384575K(388608K) Class: 51837K(55808K)->51837K(55808K)
[2024-04-09T14:36:18.503+0300][1779.781s][info][gc          ] GC(235) Pause Young (Mixed) (G1 Evacuation Pause) 655M->612M(1024M) 17.281ms
[2024-04-09T14:36:18.503+0300][1779.781s][info][gc,cpu      ] GC(235) User=0.06s Sys=0.01s Real=0.02s
[2024-04-09T14:36:28.726+0300][1790.004s][info][gc,start    ] GC(236) Pause Young (Concurrent Start) (G1 Humongous Allocation)
[2024-04-09T14:36:28.726+0300][1790.004s][info][gc,task     ] GC(236) Using 6 workers of 6 for evacuation
[2024-04-09T14:36:28.736+0300][1790.015s][info][gc,phases   ] GC(236)   Pre Evacuate Collection Set: 1.2ms
[2024-04-09T14:36:28.736+0300][1790.015s][info][gc,phases   ] GC(236)   Merge Heap Roots: 0.2ms
[2024-04-09T14:36:28.736+0300][1790.015s][info][gc,phases   ] GC(236)   Evacuate Collection Set: 5.3ms
[2024-04-09T14:36:28.736+0300][1790.015s][info][gc,phases   ] GC(236)   Post Evacuate Collection Set: 3.7ms
[2024-04-09T14:36:28.736+0300][1790.015s][info][gc,phases   ] GC(236)   Other: 0.1ms
[2024-04-09T14:36:28.736+0300][1790.015s][info][gc,heap     ] GC(236) Eden regions: 36->0(168)
[2024-04-09T14:36:28.736+0300][1790.015s][info][gc,heap     ] GC(236) Survivor regions: 2->2(21)
[2024-04-09T14:36:28.736+0300][1790.015s][info][gc,heap     ] GC(236) Old regions: 579->579
[2024-04-09T14:36:28.736+0300][1790.015s][info][gc,heap     ] GC(236) Archive regions: 2->2
[2024-04-09T14:36:28.736+0300][1790.015s][info][gc,heap     ] GC(236) Humongous regions: 32->32
[2024-04-09T14:36:28.736+0300][1790.015s][info][gc,metaspace] GC(236) Metaspace: 436516K(444480K)->436516K(444480K) NonClass: 384677K(388672K)->384677K(388672K) Class: 51838K(55808K)->51838K(55808K)
[2024-04-09T14:36:28.736+0300][1790.015s][info][gc          ] GC(236) Pause Young (Concurrent Start) (G1 Humongous Allocation) 648M->612M(1024M) 10.655ms
[2024-04-09T14:36:28.736+0300][1790.015s][info][gc,cpu      ] GC(236) User=0.04s Sys=0.00s Real=0.01s
[2024-04-09T14:36:28.736+0300][1790.015s][info][gc          ] GC(237) Concurrent Mark Cycle
[2024-04-09T14:36:28.736+0300][1790.015s][info][gc,marking  ] GC(237) Concurrent Clear Claimed Marks
[2024-04-09T14:36:28.738+0300][1790.017s][info][gc,marking  ] GC(237) Concurrent Clear Claimed Marks 1.493ms
[2024-04-09T14:36:28.738+0300][1790.017s][info][gc,marking  ] GC(237) Concurrent Scan Root Regions
[2024-04-09T14:36:28.741+0300][1790.019s][info][gc,marking  ] GC(237) Concurrent Scan Root Regions 2.703ms
[2024-04-09T14:36:28.741+0300][1790.019s][info][gc,marking  ] GC(237) Concurrent Mark
[2024-04-09T14:36:28.741+0300][1790.019s][info][gc,marking  ] GC(237) Concurrent Mark From Roots
[2024-04-09T14:36:28.741+0300][1790.019s][info][gc,task     ] GC(237) Using 2 workers of 2 for marking
[2024-04-09T14:36:29.071+0300][1790.349s][info][gc,marking  ] GC(237) Concurrent Mark From Roots 329.935ms
[2024-04-09T14:36:29.071+0300][1790.349s][info][gc,marking  ] GC(237) Concurrent Preclean
[2024-04-09T14:36:29.072+0300][1790.351s][info][gc,marking  ] GC(237) Concurrent Preclean 1.113ms
[2024-04-09T14:36:29.072+0300][1790.351s][info][gc,start    ] GC(237) Pause Remark
[2024-04-09T14:36:29.095+0300][1790.374s][info][gc          ] GC(237) Pause Remark 614M->608M(1024M) 23.415ms
[2024-04-09T14:36:29.096+0300][1790.374s][info][gc,cpu      ] GC(237) User=0.06s Sys=0.00s Real=0.03s
[2024-04-09T14:36:29.096+0300][1790.374s][info][gc,marking  ] GC(237) Concurrent Mark 354.981ms
[2024-04-09T14:36:29.096+0300][1790.374s][info][gc,marking  ] GC(237) Concurrent Rebuild Remembered Sets
[2024-04-09T14:36:29.530+0300][1790.808s][info][gc,marking  ] GC(237) Concurrent Rebuild Remembered Sets 433.955ms
[2024-04-09T14:36:29.533+0300][1790.812s][info][gc,start    ] GC(237) Pause Cleanup
[2024-04-09T14:36:29.533+0300][1790.812s][info][gc          ] GC(237) Pause Cleanup 635M->635M(1024M) 0.680ms
[2024-04-09T14:36:29.534+0300][1790.812s][info][gc,cpu      ] GC(237) User=0.00s Sys=0.00s Real=0.01s
[2024-04-09T14:36:29.534+0300][1790.813s][info][gc,marking  ] GC(237) Concurrent Cleanup for Next Mark
[2024-04-09T14:36:29.535+0300][1790.814s][info][gc,marking  ] GC(237) Concurrent Cleanup for Next Mark 1.350ms
[2024-04-09T14:36:29.535+0300][1790.814s][info][gc          ] GC(237) Concurrent Mark Cycle 799.028ms
[2024-04-09T14:36:56.536+0300][1817.815s][info][gc,start    ] GC(238) Pause Young (Prepare Mixed) (G1 Evacuation Pause)
[2024-04-09T14:36:56.536+0300][1817.815s][info][gc,task     ] GC(238) Using 6 workers of 6 for evacuation
[2024-04-09T14:36:56.547+0300][1817.826s][info][gc,phases   ] GC(238)   Pre Evacuate Collection Set: 0.3ms
[2024-04-09T14:36:56.547+0300][1817.826s][info][gc,phases   ] GC(238)   Merge Heap Roots: 0.3ms
[2024-04-09T14:36:56.547+0300][1817.826s][info][gc,phases   ] GC(238)   Evacuate Collection Set: 7.1ms
[2024-04-09T14:36:56.547+0300][1817.826s][info][gc,phases   ] GC(238)   Post Evacuate Collection Set: 2.8ms
[2024-04-09T14:36:56.547+0300][1817.826s][info][gc,phases   ] GC(238)   Other: 0.2ms
[2024-04-09T14:36:56.547+0300][1817.826s][info][gc,heap     ] GC(238) Eden regions: 168->0(41)
[2024-04-09T14:36:56.547+0300][1817.826s][info][gc,heap     ] GC(238) Survivor regions: 2->10(22)
[2024-04-09T14:36:56.547+0300][1817.826s][info][gc,heap     ] GC(238) Old regions: 579->579
[2024-04-09T14:36:56.547+0300][1817.826s][info][gc,heap     ] GC(238) Archive regions: 2->2
[2024-04-09T14:36:56.547+0300][1817.826s][info][gc,heap     ] GC(238) Humongous regions: 30->30
[2024-04-09T14:36:56.547+0300][1817.826s][info][gc,metaspace] GC(238) Metaspace: 436664K(444672K)->436664K(444672K) NonClass: 384820K(388864K)->384820K(388864K) Class: 51844K(55808K)->51844K(55808K)
[2024-04-09T14:36:56.547+0300][1817.826s][info][gc          ] GC(238) Pause Young (Prepare Mixed) (G1 Evacuation Pause) 778M->618M(1024M) 10.875ms
[2024-04-09T14:36:56.547+0300][1817.826s][info][gc,cpu      ] GC(238) User=0.02s Sys=0.00s Real=0.01s
[2024-04-09T14:36:57.521+0300][1818.800s][info][gc,start    ] GC(239) Pause Young (Mixed) (G1 Evacuation Pause)
[2024-04-09T14:36:57.521+0300][1818.800s][info][gc,task     ] GC(239) Using 6 workers of 6 for evacuation
[2024-04-09T14:36:57.535+0300][1818.814s][info][gc,phases   ] GC(239)   Pre Evacuate Collection Set: 3.9ms
[2024-04-09T14:36:57.535+0300][1818.814s][info][gc,phases   ] GC(239)   Merge Heap Roots: 0.2ms
[2024-04-09T14:36:57.535+0300][1818.814s][info][gc,phases   ] GC(239)   Evacuate Collection Set: 7.5ms
[2024-04-09T14:36:57.535+0300][1818.814s][info][gc,phases   ] GC(239)   Post Evacuate Collection Set: 2.2ms
[2024-04-09T14:36:57.535+0300][1818.814s][info][gc,phases   ] GC(239)   Other: 0.1ms
[2024-04-09T14:36:57.535+0300][1818.814s][info][gc,heap     ] GC(239) Eden regions: 41->0(172)
[2024-04-09T14:36:57.535+0300][1818.814s][info][gc,heap     ] GC(239) Survivor regions: 10->3(7)
[2024-04-09T14:36:57.535+0300][1818.814s][info][gc,heap     ] GC(239) Old regions: 579->577
[2024-04-09T14:36:57.535+0300][1818.814s][info][gc,heap     ] GC(239) Archive regions: 2->2
[2024-04-09T14:36:57.535+0300][1818.814s][info][gc,heap     ] GC(239) Humongous regions: 30->30
[2024-04-09T14:36:57.535+0300][1818.814s][info][gc,metaspace] GC(239) Metaspace: 436686K(444672K)->436686K(444672K) NonClass: 384840K(388864K)->384840K(388864K) Class: 51845K(55808K)->51845K(55808K)
[2024-04-09T14:36:57.535+0300][1818.814s][info][gc          ] GC(239) Pause Young (Mixed) (G1 Evacuation Pause) 659M->610M(1024M) 13.990ms
[2024-04-09T14:36:57.535+0300][1818.814s][info][gc,cpu      ] GC(239) User=0.03s Sys=0.00s Real=0.02s
[2024-04-09T14:37:00.021+0300][1821.300s][info][gc,start    ] GC(240) Pause Young (Concurrent Start) (G1 Humongous Allocation)
[2024-04-09T14:37:00.022+0300][1821.300s][info][gc,task     ] GC(240) Using 6 workers of 6 for evacuation
[2024-04-09T14:37:00.033+0300][1821.311s][info][gc,phases   ] GC(240)   Pre Evacuate Collection Set: 1.2ms
[2024-04-09T14:37:00.033+0300][1821.311s][info][gc,phases   ] GC(240)   Merge Heap Roots: 0.2ms
[2024-04-09T14:37:00.033+0300][1821.311s][info][gc,phases   ] GC(240)   Evacuate Collection Set: 5.3ms
[2024-04-09T14:37:00.033+0300][1821.311s][info][gc,phases   ] GC(240)   Post Evacuate Collection Set: 4.3ms
[2024-04-09T14:37:00.033+0300][1821.311s][info][gc,phases   ] GC(240)   Other: 0.1ms
[2024-04-09T14:37:00.033+0300][1821.311s][info][gc,heap     ] GC(240) Eden regions: 6->0(179)
[2024-04-09T14:37:00.033+0300][1821.311s][info][gc,heap     ] GC(240) Survivor regions: 3->2(22)
[2024-04-09T14:37:00.033+0300][1821.311s][info][gc,heap     ] GC(240) Old regions: 577->577
[2024-04-09T14:37:00.033+0300][1821.311s][info][gc,heap     ] GC(240) Archive regions: 2->2
[2024-04-09T14:37:00.033+0300][1821.311s][info][gc,heap     ] GC(240) Humongous regions: 30->30
[2024-04-09T14:37:00.033+0300][1821.311s][info][gc,metaspace] GC(240) Metaspace: 436688K(444672K)->436688K(444672K) NonClass: 384842K(388864K)->384842K(388864K) Class: 51845K(55808K)->51845K(55808K)
[2024-04-09T14:37:00.033+0300][1821.312s][info][gc          ] GC(240) Pause Young (Concurrent Start) (G1 Humongous Allocation) 616M->608M(1024M) 11.499ms
[2024-04-09T14:37:00.033+0300][1821.312s][info][gc,cpu      ] GC(240) User=0.03s Sys=0.00s Real=0.01s
[2024-04-09T14:37:00.033+0300][1821.312s][info][gc          ] GC(241) Concurrent Mark Cycle
[2024-04-09T14:37:00.033+0300][1821.312s][info][gc,marking  ] GC(241) Concurrent Clear Claimed Marks
[2024-04-09T14:37:00.034+0300][1821.313s][info][gc,marking  ] GC(241) Concurrent Clear Claimed Marks 0.795ms
[2024-04-09T14:37:00.034+0300][1821.313s][info][gc,marking  ] GC(241) Concurrent Scan Root Regions
[2024-04-09T14:37:00.055+0300][1821.334s][info][gc,marking  ] GC(241) Concurrent Scan Root Regions 21.236ms
[2024-04-09T14:37:00.055+0300][1821.334s][info][gc,marking  ] GC(241) Concurrent Mark
[2024-04-09T14:37:00.055+0300][1821.334s][info][gc,marking  ] GC(241) Concurrent Mark From Roots
[2024-04-09T14:37:00.055+0300][1821.334s][info][gc,task     ] GC(241) Using 2 workers of 2 for marking
[2024-04-09T14:37:00.370+0300][1821.649s][info][gc,marking  ] GC(241) Concurrent Mark From Roots 314.834ms
[2024-04-09T14:37:00.370+0300][1821.649s][info][gc,marking  ] GC(241) Concurrent Preclean
[2024-04-09T14:37:00.371+0300][1821.650s][info][gc,marking  ] GC(241) Concurrent Preclean 1.064ms
[2024-04-09T14:37:00.371+0300][1821.650s][info][gc,start    ] GC(241) Pause Remark
[2024-04-09T14:37:00.396+0300][1821.675s][info][gc          ] GC(241) Pause Remark 634M->630M(1024M) 25.100ms
[2024-04-09T14:37:00.396+0300][1821.675s][info][gc,cpu      ] GC(241) User=0.07s Sys=0.00s Real=0.03s
[2024-04-09T14:37:00.397+0300][1821.675s][info][gc,marking  ] GC(241) Concurrent Mark 341.370ms
[2024-04-09T14:37:00.397+0300][1821.675s][info][gc,marking  ] GC(241) Concurrent Rebuild Remembered Sets
[2024-04-09T14:37:00.735+0300][1822.013s][info][gc,marking  ] GC(241) Concurrent Rebuild Remembered Sets 338.154ms
[2024-04-09T14:37:00.735+0300][1822.014s][info][gc,start    ] GC(241) Pause Cleanup
[2024-04-09T14:37:00.735+0300][1822.014s][info][gc          ] GC(241) Pause Cleanup 630M->630M(1024M) 0.365ms
[2024-04-09T14:37:00.735+0300][1822.014s][info][gc,cpu      ] GC(241) User=0.00s Sys=0.00s Real=0.00s
[2024-04-09T14:37:00.735+0300][1822.014s][info][gc,marking  ] GC(241) Concurrent Cleanup for Next Mark
[2024-04-09T14:37:00.737+0300][1822.015s][info][gc,marking  ] GC(241) Concurrent Cleanup for Next Mark 1.175ms
[2024-04-09T14:37:00.737+0300][1822.015s][info][gc          ] GC(241) Concurrent Mark Cycle 703.515ms
[2024-04-09T14:37:24.858+0300][1846.136s][info][gc,start    ] GC(242) Pause Young (Prepare Mixed) (G1 Evacuation Pause)
[2024-04-09T14:37:24.858+0300][1846.136s][info][gc,task     ] GC(242) Using 6 workers of 6 for evacuation
[2024-04-09T14:37:24.877+0300][1846.155s][info][gc,phases   ] GC(242)   Pre Evacuate Collection Set: 0.2ms
[2024-04-09T14:37:24.877+0300][1846.155s][info][gc,phases   ] GC(242)   Merge Heap Roots: 0.2ms
[2024-04-09T14:37:24.877+0300][1846.155s][info][gc,phases   ] GC(242)   Evacuate Collection Set: 11.8ms
[2024-04-09T14:37:24.877+0300][1846.155s][info][gc,phases   ] GC(242)   Post Evacuate Collection Set: 6.8ms
[2024-04-09T14:37:24.877+0300][1846.155s][info][gc,phases   ] GC(242)   Other: 0.1ms
[2024-04-09T14:37:24.877+0300][1846.155s][info][gc,heap     ] GC(242) Eden regions: 179->0(30)
[2024-04-09T14:37:24.877+0300][1846.155s][info][gc,heap     ] GC(242) Survivor regions: 2->21(23)
[2024-04-09T14:37:24.877+0300][1846.155s][info][gc,heap     ] GC(242) Old regions: 577->577
[2024-04-09T14:37:24.877+0300][1846.155s][info][gc,heap     ] GC(242) Archive regions: 2->2
[2024-04-09T14:37:24.877+0300][1846.155s][info][gc,heap     ] GC(242) Humongous regions: 81->81
[2024-04-09T14:37:24.877+0300][1846.155s][info][gc,metaspace] GC(242) Metaspace: 436800K(444800K)->436800K(444800K) NonClass: 384951K(388992K)->384951K(388992K) Class: 51849K(55808K)->51849K(55808K)
[2024-04-09T14:37:24.877+0300][1846.155s][info][gc          ] GC(242) Pause Young (Prepare Mixed) (G1 Evacuation Pause) 838M->678M(1024M) 19.150ms
[2024-04-09T14:37:24.877+0300][1846.156s][info][gc,cpu      ] GC(242) User=0.05s Sys=0.00s Real=0.02s
[2024-04-09T14:37:27.691+0300][1848.969s][info][gc,start    ] GC(243) Pause Young (Mixed) (G1 Evacuation Pause)
[2024-04-09T14:37:27.691+0300][1848.969s][info][gc,task     ] GC(243) Using 6 workers of 6 for evacuation
[2024-04-09T14:37:27.708+0300][1848.987s][info][gc,phases   ] GC(243)   Pre Evacuate Collection Set: 0.3ms
[2024-04-09T14:37:27.708+0300][1848.987s][info][gc,phases   ] GC(243)   Merge Heap Roots: 0.3ms
[2024-04-09T14:37:27.708+0300][1848.987s][info][gc,phases   ] GC(243)   Evacuate Collection Set: 14.2ms
[2024-04-09T14:37:27.708+0300][1848.987s][info][gc,phases   ] GC(243)   Post Evacuate Collection Set: 2.8ms
[2024-04-09T14:37:27.708+0300][1848.987s][info][gc,phases   ] GC(243)   Other: 0.1ms
[2024-04-09T14:37:27.708+0300][1848.987s][info][gc,heap     ] GC(243) Eden regions: 30->0(112)
[2024-04-09T14:37:27.708+0300][1848.987s][info][gc,heap     ] GC(243) Survivor regions: 21->2(7)
[2024-04-09T14:37:27.708+0300][1848.987s][info][gc,heap     ] GC(243) Old regions: 577->588
[2024-04-09T14:37:27.708+0300][1848.987s][info][gc,heap     ] GC(243) Archive regions: 2->2
[2024-04-09T14:37:27.708+0300][1848.987s][info][gc,heap     ] GC(243) Humongous regions: 81->81
[2024-04-09T14:37:27.708+0300][1848.987s][info][gc,metaspace] GC(243) Metaspace: 436819K(444800K)->436819K(444800K) NonClass: 384969K(388992K)->384969K(388992K) Class: 51850K(55808K)->51850K(55808K)
[2024-04-09T14:37:27.708+0300][1848.987s][info][gc          ] GC(243) Pause Young (Mixed) (G1 Evacuation Pause) 708M->670M(1024M) 17.901ms
[2024-04-09T14:37:27.709+0300][1848.987s][info][gc,cpu      ] GC(243) User=0.06s Sys=0.00s Real=0.02s
[2024-04-09T14:37:31.384+0300][1852.663s][info][gc,start    ] GC(244) Pause Young (Concurrent Start) (G1 Humongous Allocation)
[2024-04-09T14:37:31.384+0300][1852.663s][info][gc,task     ] GC(244) Using 6 workers of 6 for evacuation
[2024-04-09T14:37:31.393+0300][1852.672s][info][gc,phases   ] GC(244)   Pre Evacuate Collection Set: 1.6ms
[2024-04-09T14:37:31.393+0300][1852.672s][info][gc,phases   ] GC(244)   Merge Heap Roots: 0.1ms
[2024-04-09T14:37:31.393+0300][1852.672s][info][gc,phases   ] GC(244)   Evacuate Collection Set: 5.2ms
[2024-04-09T14:37:31.393+0300][1852.672s][info][gc,phases   ] GC(244)   Post Evacuate Collection Set: 2.0ms
[2024-04-09T14:37:31.393+0300][1852.672s][info][gc,phases   ] GC(244)   Other: -0.1ms
[2024-04-09T14:37:31.393+0300][1852.672s][info][gc,heap     ] GC(244) Eden regions: 89->0(116)
[2024-04-09T14:37:31.393+0300][1852.672s][info][gc,heap     ] GC(244) Survivor regions: 2->3(15)
[2024-04-09T14:37:31.393+0300][1852.672s][info][gc,heap     ] GC(244) Old regions: 588->588
[2024-04-09T14:37:31.393+0300][1852.672s][info][gc,heap     ] GC(244) Archive regions: 2->2
[2024-04-09T14:37:31.393+0300][1852.672s][info][gc,heap     ] GC(244) Humongous regions: 81->81
[2024-04-09T14:37:31.393+0300][1852.672s][info][gc,metaspace] GC(244) Metaspace: 436983K(444992K)->436983K(444992K) NonClass: 385122K(389184K)->385122K(389184K) Class: 51861K(55808K)->51861K(55808K)
[2024-04-09T14:37:31.393+0300][1852.672s][info][gc          ] GC(244) Pause Young (Concurrent Start) (G1 Humongous Allocation) 759M->671M(1024M) 9.085ms
[2024-04-09T14:37:31.393+0300][1852.672s][info][gc,cpu      ] GC(244) User=0.02s Sys=0.00s Real=0.01s
[2024-04-09T14:37:31.393+0300][1852.672s][info][gc          ] GC(245) Concurrent Mark Cycle
[2024-04-09T14:37:31.393+0300][1852.672s][info][gc,marking  ] GC(245) Concurrent Clear Claimed Marks
[2024-04-09T14:37:31.394+0300][1852.673s][info][gc,marking  ] GC(245) Concurrent Clear Claimed Marks 0.872ms
[2024-04-09T14:37:31.394+0300][1852.673s][info][gc,marking  ] GC(245) Concurrent Scan Root Regions
[2024-04-09T14:37:31.398+0300][1852.677s][info][gc,marking  ] GC(245) Concurrent Scan Root Regions 4.217ms
[2024-04-09T14:37:31.399+0300][1852.677s][info][gc,marking  ] GC(245) Concurrent Mark
[2024-04-09T14:37:31.399+0300][1852.677s][info][gc,marking  ] GC(245) Concurrent Mark From Roots
[2024-04-09T14:37:31.399+0300][1852.677s][info][gc,task     ] GC(245) Using 2 workers of 2 for marking
[2024-04-09T14:37:31.818+0300][1853.097s][info][gc,marking  ] GC(245) Concurrent Mark From Roots 419.856ms
[2024-04-09T14:37:31.818+0300][1853.097s][info][gc,marking  ] GC(245) Concurrent Preclean
[2024-04-09T14:37:31.820+0300][1853.099s][info][gc,marking  ] GC(245) Concurrent Preclean 1.573ms
[2024-04-09T14:37:31.820+0300][1853.099s][info][gc,start    ] GC(245) Pause Remark
[2024-04-09T14:37:31.875+0300][1853.154s][info][gc          ] GC(245) Pause Remark 711M->656M(1024M) 54.773ms
[2024-04-09T14:37:31.875+0300][1853.154s][info][gc,cpu      ] GC(245) User=0.17s Sys=0.00s Real=0.06s
[2024-04-09T14:37:31.876+0300][1853.155s][info][gc,marking  ] GC(245) Concurrent Mark 477.597ms
[2024-04-09T14:37:31.876+0300][1853.155s][info][gc,marking  ] GC(245) Concurrent Rebuild Remembered Sets
[2024-04-09T14:37:32.277+0300][1853.556s][info][gc,marking  ] GC(245) Concurrent Rebuild Remembered Sets 400.688ms
[2024-04-09T14:37:32.277+0300][1853.556s][info][gc,start    ] GC(245) Pause Cleanup
[2024-04-09T14:37:32.277+0300][1853.556s][info][gc          ] GC(245) Pause Cleanup 657M->657M(1024M) 0.338ms
[2024-04-09T14:37:32.277+0300][1853.556s][info][gc,cpu      ] GC(245) User=0.00s Sys=0.00s Real=0.00s
[2024-04-09T14:37:32.277+0300][1853.556s][info][gc,marking  ] GC(245) Concurrent Cleanup for Next Mark
[2024-04-09T14:37:32.278+0300][1853.557s][info][gc,marking  ] GC(245) Concurrent Cleanup for Next Mark 1.119ms
[2024-04-09T14:37:32.279+0300][1853.557s][info][gc          ] GC(245) Concurrent Mark Cycle 885.184ms
[2024-04-09T14:37:43.311+0300][1864.590s][info][gc,start    ] GC(246) Pause Young (Prepare Mixed) (G1 Evacuation Pause)
[2024-04-09T14:37:43.311+0300][1864.590s][info][gc,task     ] GC(246) Using 6 workers of 6 for evacuation
[2024-04-09T14:37:43.319+0300][1864.597s][info][gc,phases   ] GC(246)   Pre Evacuate Collection Set: 0.2ms
[2024-04-09T14:37:43.319+0300][1864.597s][info][gc,phases   ] GC(246)   Merge Heap Roots: 0.2ms
[2024-04-09T14:37:43.319+0300][1864.597s][info][gc,phases   ] GC(246)   Evacuate Collection Set: 5.1ms
[2024-04-09T14:37:43.319+0300][1864.597s][info][gc,phases   ] GC(246)   Post Evacuate Collection Set: 1.6ms
[2024-04-09T14:37:43.319+0300][1864.597s][info][gc,phases   ] GC(246)   Other: 0.1ms
[2024-04-09T14:37:43.319+0300][1864.597s][info][gc,heap     ] GC(246) Eden regions: 116->0(44)
[2024-04-09T14:37:43.319+0300][1864.597s][info][gc,heap     ] GC(246) Survivor regions: 3->7(15)
[2024-04-09T14:37:43.319+0300][1864.597s][info][gc,heap     ] GC(246) Old regions: 588->588
[2024-04-09T14:37:43.319+0300][1864.597s][info][gc,heap     ] GC(246) Archive regions: 2->2
[2024-04-09T14:37:43.319+0300][1864.597s][info][gc,heap     ] GC(246) Humongous regions: 29->29
[2024-04-09T14:37:43.319+0300][1864.597s][info][gc,metaspace] GC(246) Metaspace: 437018K(445056K)->437018K(445056K) NonClass: 385174K(389248K)->385174K(389248K) Class: 51844K(55808K)->51844K(55808K)
[2024-04-09T14:37:43.319+0300][1864.597s][info][gc          ] GC(246) Pause Young (Prepare Mixed) (G1 Evacuation Pause) 735M->623M(1024M) 7.321ms
[2024-04-09T14:37:43.319+0300][1864.598s][info][gc,cpu      ] GC(246) User=0.02s Sys=0.00s Real=0.01s
[2024-04-09T14:37:43.390+0300][1864.669s][info][gc,start    ] GC(247) Pause Young (Mixed) (G1 Evacuation Pause)
[2024-04-09T14:37:43.390+0300][1864.669s][info][gc,task     ] GC(247) Using 6 workers of 6 for evacuation
[2024-04-09T14:37:43.399+0300][1864.678s][info][gc,phases   ] GC(247)   Pre Evacuate Collection Set: 0.2ms
[2024-04-09T14:37:43.399+0300][1864.678s][info][gc,phases   ] GC(247)   Merge Heap Roots: 0.4ms
[2024-04-09T14:37:43.399+0300][1864.678s][info][gc,phases   ] GC(247)   Evacuate Collection Set: 6.1ms
[2024-04-09T14:37:43.399+0300][1864.678s][info][gc,phases   ] GC(247)   Post Evacuate Collection Set: 2.0ms
[2024-04-09T14:37:43.399+0300][1864.678s][info][gc,phases   ] GC(247)   Other: 0.1ms
[2024-04-09T14:37:43.399+0300][1864.678s][info][gc,heap     ] GC(247) Eden regions: 44->0(166)
[2024-04-09T14:37:43.399+0300][1864.678s][info][gc,heap     ] GC(247) Survivor regions: 7->7(7)
[2024-04-09T14:37:43.399+0300][1864.678s][info][gc,heap     ] GC(247) Old regions: 588->579
[2024-04-09T14:37:43.399+0300][1864.678s][info][gc,heap     ] GC(247) Archive regions: 2->2
[2024-04-09T14:37:43.399+0300][1864.678s][info][gc,heap     ] GC(247) Humongous regions: 30->30
[2024-04-09T14:37:43.399+0300][1864.678s][info][gc,metaspace] GC(247) Metaspace: 437021K(445056K)->437021K(445056K) NonClass: 385176K(389248K)->385176K(389248K) Class: 51844K(55808K)->51844K(55808K)
[2024-04-09T14:37:43.399+0300][1864.678s][info][gc          ] GC(247) Pause Young (Mixed) (G1 Evacuation Pause) 668M->616M(1024M) 8.950ms
[2024-04-09T14:37:43.399+0300][1864.678s][info][gc,cpu      ] GC(247) User=0.04s Sys=0.00s Real=0.01s
[2024-04-09T14:37:53.029+0300][1874.307s][info][gc,start    ] GC(248) Pause Young (Concurrent Start) (G1 Humongous Allocation)
[2024-04-09T14:37:53.029+0300][1874.307s][info][gc,task     ] GC(248) Using 6 workers of 6 for evacuation
[2024-04-09T14:37:53.038+0300][1874.316s][info][gc,phases   ] GC(248)   Pre Evacuate Collection Set: 1.1ms
[2024-04-09T14:37:53.038+0300][1874.316s][info][gc,phases   ] GC(248)   Merge Heap Roots: 0.3ms
[2024-04-09T14:37:53.038+0300][1874.316s][info][gc,phases   ] GC(248)   Evacuate Collection Set: 4.8ms
[2024-04-09T14:37:53.038+0300][1874.316s][info][gc,phases   ] GC(248)   Post Evacuate Collection Set: 2.6ms
[2024-04-09T14:37:53.038+0300][1874.316s][info][gc,phases   ] GC(248)   Other: 0.2ms
[2024-04-09T14:37:53.038+0300][1874.317s][info][gc,heap     ] GC(248) Eden regions: 106->0(175)
[2024-04-09T14:37:53.038+0300][1874.317s][info][gc,heap     ] GC(248) Survivor regions: 7->3(22)
[2024-04-09T14:37:53.038+0300][1874.317s][info][gc,heap     ] GC(248) Old regions: 579->579
[2024-04-09T14:37:53.038+0300][1874.317s][info][gc,heap     ] GC(248) Archive regions: 2->2
[2024-04-09T14:37:53.038+0300][1874.317s][info][gc,heap     ] GC(248) Humongous regions: 30->30
[2024-04-09T14:37:53.038+0300][1874.317s][info][gc,metaspace] GC(248) Metaspace: 437208K(445184K)->437208K(445184K) NonClass: 385337K(389376K)->385337K(389376K) Class: 51870K(55808K)->51870K(55808K)
[2024-04-09T14:37:53.038+0300][1874.317s][info][gc          ] GC(248) Pause Young (Concurrent Start) (G1 Humongous Allocation) 721M->611M(1024M) 9.219ms
[2024-04-09T14:37:53.038+0300][1874.317s][info][gc,cpu      ] GC(248) User=0.02s Sys=0.00s Real=0.01s
[2024-04-09T14:37:53.038+0300][1874.317s][info][gc          ] GC(249) Concurrent Mark Cycle
[2024-04-09T14:37:53.038+0300][1874.317s][info][gc,marking  ] GC(249) Concurrent Clear Claimed Marks
[2024-04-09T14:37:53.039+0300][1874.318s][info][gc,marking  ] GC(249) Concurrent Clear Claimed Marks 0.793ms
[2024-04-09T14:37:53.039+0300][1874.318s][info][gc,marking  ] GC(249) Concurrent Scan Root Regions
[2024-04-09T14:37:53.043+0300][1874.322s][info][gc,marking  ] GC(249) Concurrent Scan Root Regions 4.501ms
[2024-04-09T14:37:53.043+0300][1874.322s][info][gc,marking  ] GC(249) Concurrent Mark
[2024-04-09T14:37:53.043+0300][1874.322s][info][gc,marking  ] GC(249) Concurrent Mark From Roots
[2024-04-09T14:37:53.043+0300][1874.322s][info][gc,task     ] GC(249) Using 2 workers of 2 for marking
[2024-04-09T14:37:53.376+0300][1874.654s][info][gc,marking  ] GC(249) Concurrent Mark From Roots 332.170ms
[2024-04-09T14:37:53.376+0300][1874.654s][info][gc,marking  ] GC(249) Concurrent Preclean
[2024-04-09T14:37:53.377+0300][1874.655s][info][gc,marking  ] GC(249) Concurrent Preclean 1.107ms
[2024-04-09T14:37:53.377+0300][1874.656s][info][gc,start    ] GC(249) Pause Remark
[2024-04-09T14:37:53.398+0300][1874.677s][info][gc          ] GC(249) Pause Remark 621M->617M(1024M) 21.301ms
[2024-04-09T14:37:53.398+0300][1874.677s][info][gc,cpu      ] GC(249) User=0.08s Sys=0.00s Real=0.02s
[2024-04-09T14:37:53.398+0300][1874.677s][info][gc,marking  ] GC(249) Concurrent Mark 355.016ms
[2024-04-09T14:37:53.398+0300][1874.677s][info][gc,marking  ] GC(249) Concurrent Rebuild Remembered Sets
[2024-04-09T14:37:53.769+0300][1875.047s][info][gc,marking  ] GC(249) Concurrent Rebuild Remembered Sets 370.339ms
[2024-04-09T14:37:53.769+0300][1875.048s][info][gc,start    ] GC(249) Pause Cleanup
[2024-04-09T14:37:53.769+0300][1875.048s][info][gc          ] GC(249) Pause Cleanup 617M->617M(1024M) 0.308ms
[2024-04-09T14:37:53.769+0300][1875.048s][info][gc,cpu      ] GC(249) User=0.00s Sys=0.00s Real=0.00s
[2024-04-09T14:37:53.769+0300][1875.048s][info][gc,marking  ] GC(249) Concurrent Cleanup for Next Mark
[2024-04-09T14:37:53.770+0300][1875.049s][info][gc,marking  ] GC(249) Concurrent Cleanup for Next Mark 1.125ms
[2024-04-09T14:37:53.770+0300][1875.049s][info][gc          ] GC(249) Concurrent Mark Cycle 732.521ms
[2024-04-09T14:38:33.709+0300][1914.988s][info][gc,start    ] GC(250) Pause Young (Prepare Mixed) (G1 Evacuation Pause)
[2024-04-09T14:38:33.710+0300][1914.989s][info][gc,task     ] GC(250) Using 6 workers of 6 for evacuation
[2024-04-09T14:38:33.725+0300][1915.004s][info][gc,phases   ] GC(250)   Pre Evacuate Collection Set: 0.5ms
[2024-04-09T14:38:33.725+0300][1915.004s][info][gc,phases   ] GC(250)   Merge Heap Roots: 0.4ms
[2024-04-09T14:38:33.725+0300][1915.004s][info][gc,phases   ] GC(250)   Evacuate Collection Set: 10.4ms
[2024-04-09T14:38:33.725+0300][1915.004s][info][gc,phases   ] GC(250)   Post Evacuate Collection Set: 3.7ms
[2024-04-09T14:38:33.725+0300][1915.004s][info][gc,phases   ] GC(250)   Other: 0.2ms
[2024-04-09T14:38:33.725+0300][1915.004s][info][gc,heap     ] GC(250) Eden regions: 175->0(43)
[2024-04-09T14:38:33.725+0300][1915.004s][info][gc,heap     ] GC(250) Survivor regions: 3->8(23)
[2024-04-09T14:38:33.725+0300][1915.004s][info][gc,heap     ] GC(250) Old regions: 579->579
[2024-04-09T14:38:33.725+0300][1915.004s][info][gc,heap     ] GC(250) Archive regions: 2->2
[2024-04-09T14:38:33.725+0300][1915.004s][info][gc,heap     ] GC(250) Humongous regions: 32->32
[2024-04-09T14:38:33.725+0300][1915.004s][info][gc,metaspace] GC(250) Metaspace: 437481K(445440K)->437481K(445440K) NonClass: 385603K(389632K)->385603K(389632K) Class: 51878K(55808K)->51878K(55808K)
[2024-04-09T14:38:33.725+0300][1915.004s][info][gc          ] GC(250) Pause Young (Prepare Mixed) (G1 Evacuation Pause) 788M->618M(1024M) 16.372ms
[2024-04-09T14:38:33.725+0300][1915.004s][info][gc,cpu      ] GC(250) User=0.05s Sys=0.00s Real=0.02s
[2024-04-09T14:38:34.749+0300][1916.028s][info][gc,start    ] GC(251) Pause Young (Mixed) (G1 Evacuation Pause)
[2024-04-09T14:38:34.749+0300][1916.028s][info][gc,task     ] GC(251) Using 6 workers of 6 for evacuation
[2024-04-09T14:38:34.763+0300][1916.042s][info][gc,phases   ] GC(251)   Pre Evacuate Collection Set: 0.2ms
[2024-04-09T14:38:34.763+0300][1916.042s][info][gc,phases   ] GC(251)   Merge Heap Roots: 1.1ms
[2024-04-09T14:38:34.763+0300][1916.042s][info][gc,phases   ] GC(251)   Evacuate Collection Set: 8.5ms
[2024-04-09T14:38:34.763+0300][1916.042s][info][gc,phases   ] GC(251)   Post Evacuate Collection Set: 4.5ms
[2024-04-09T14:38:34.763+0300][1916.042s][info][gc,phases   ] GC(251)   Other: 0.1ms
[2024-04-09T14:38:34.763+0300][1916.042s][info][gc,heap     ] GC(251) Eden regions: 43->0(166)
[2024-04-09T14:38:34.763+0300][1916.042s][info][gc,heap     ] GC(251) Survivor regions: 8->7(7)
[2024-04-09T14:38:34.763+0300][1916.042s][info][gc,heap     ] GC(251) Old regions: 579->578
[2024-04-09T14:38:34.763+0300][1916.042s][info][gc,heap     ] GC(251) Archive regions: 2->2
[2024-04-09T14:38:34.763+0300][1916.042s][info][gc,heap     ] GC(251) Humongous regions: 33->33
[2024-04-09T14:38:34.763+0300][1916.042s][info][gc,metaspace] GC(251) Metaspace: 437595K(445568K)->437595K(445568K) NonClass: 385706K(389760K)->385706K(389760K) Class: 51888K(55808K)->51888K(55808K)
[2024-04-09T14:38:34.763+0300][1916.042s][info][gc          ] GC(251) Pause Young (Mixed) (G1 Evacuation Pause) 662M->618M(1024M) 14.439ms
[2024-04-09T14:38:34.763+0300][1916.042s][info][gc,cpu      ] GC(251) User=0.06s Sys=0.00s Real=0.02s
[2024-04-09T14:38:41.536+0300][1922.815s][info][gc,start    ] GC(252) Pause Young (Concurrent Start) (G1 Humongous Allocation)
[2024-04-09T14:38:41.536+0300][1922.815s][info][gc,task     ] GC(252) Using 6 workers of 6 for evacuation
[2024-04-09T14:38:41.545+0300][1922.823s][info][gc,phases   ] GC(252)   Pre Evacuate Collection Set: 1.4ms
[2024-04-09T14:38:41.545+0300][1922.823s][info][gc,phases   ] GC(252)   Merge Heap Roots: 0.4ms
[2024-04-09T14:38:41.545+0300][1922.823s][info][gc,phases   ] GC(252)   Evacuate Collection Set: 3.9ms
[2024-04-09T14:38:41.545+0300][1922.823s][info][gc,phases   ] GC(252)   Post Evacuate Collection Set: 2.7ms
[2024-04-09T14:38:41.545+0300][1922.823s][info][gc,phases   ] GC(252)   Other: 0.1ms
[2024-04-09T14:38:41.545+0300][1922.823s][info][gc,heap     ] GC(252) Eden regions: 78->0(175)
[2024-04-09T14:38:41.545+0300][1922.823s][info][gc,heap     ] GC(252) Survivor regions: 7->3(22)
[2024-04-09T14:38:41.545+0300][1922.823s][info][gc,heap     ] GC(252) Old regions: 578->578
[2024-04-09T14:38:41.545+0300][1922.823s][info][gc,heap     ] GC(252) Archive regions: 2->2
[2024-04-09T14:38:41.545+0300][1922.823s][info][gc,heap     ] GC(252) Humongous regions: 33->33
[2024-04-09T14:38:41.545+0300][1922.823s][info][gc,metaspace] GC(252) Metaspace: 437828K(445824K)->437828K(445824K) NonClass: 385924K(390016K)->385924K(390016K) Class: 51903K(55808K)->51903K(55808K)
[2024-04-09T14:38:41.545+0300][1922.823s][info][gc          ] GC(252) Pause Young (Concurrent Start) (G1 Humongous Allocation) 696M->614M(1024M) 8.683ms
[2024-04-09T14:38:41.545+0300][1922.823s][info][gc          ] GC(253) Concurrent Mark Cycle
[2024-04-09T14:38:41.545+0300][1922.824s][info][gc,marking  ] GC(253) Concurrent Clear Claimed Marks
[2024-04-09T14:38:41.545+0300][1922.824s][info][gc,cpu      ] GC(252) User=0.02s Sys=0.00s Real=0.01s
[2024-04-09T14:38:41.546+0300][1922.825s][info][gc,marking  ] GC(253) Concurrent Clear Claimed Marks 1.103ms
[2024-04-09T14:38:41.546+0300][1922.825s][info][gc,marking  ] GC(253) Concurrent Scan Root Regions
[2024-04-09T14:38:41.552+0300][1922.831s][info][gc,marking  ] GC(253) Concurrent Scan Root Regions 6.290ms
[2024-04-09T14:38:41.552+0300][1922.831s][info][gc,marking  ] GC(253) Concurrent Mark
[2024-04-09T14:38:41.552+0300][1922.831s][info][gc,marking  ] GC(253) Concurrent Mark From Roots
[2024-04-09T14:38:41.552+0300][1922.831s][info][gc,task     ] GC(253) Using 2 workers of 2 for marking
[2024-04-09T14:38:41.903+0300][1923.182s][info][gc,marking  ] GC(253) Concurrent Mark From Roots 350.936ms
[2024-04-09T14:38:41.903+0300][1923.182s][info][gc,marking  ] GC(253) Concurrent Preclean
[2024-04-09T14:38:41.904+0300][1923.183s][info][gc,marking  ] GC(253) Concurrent Preclean 1.268ms
[2024-04-09T14:38:41.905+0300][1923.183s][info][gc,start    ] GC(253) Pause Remark
[2024-04-09T14:38:41.962+0300][1923.241s][info][gc          ] GC(253) Pause Remark 655M->648M(1024M) 57.353ms
[2024-04-09T14:38:41.962+0300][1923.241s][info][gc,cpu      ] GC(253) User=0.18s Sys=0.00s Real=0.06s
[2024-04-09T14:38:41.962+0300][1923.241s][info][gc,marking  ] GC(253) Concurrent Mark 410.182ms
[2024-04-09T14:38:41.962+0300][1923.241s][info][gc,marking  ] GC(253) Concurrent Rebuild Remembered Sets
[2024-04-09T14:38:42.343+0300][1923.621s][info][gc,marking  ] GC(253) Concurrent Rebuild Remembered Sets 380.182ms
[2024-04-09T14:38:42.343+0300][1923.621s][info][gc,start    ] GC(253) Pause Cleanup
[2024-04-09T14:38:42.343+0300][1923.622s][info][gc          ] GC(253) Pause Cleanup 649M->649M(1024M) 0.267ms
[2024-04-09T14:38:42.343+0300][1923.622s][info][gc,cpu      ] GC(253) User=0.00s Sys=0.00s Real=0.00s
[2024-04-09T14:38:42.343+0300][1923.622s][info][gc,marking  ] GC(253) Concurrent Cleanup for Next Mark
[2024-04-09T14:38:42.345+0300][1923.623s][info][gc,marking  ] GC(253) Concurrent Cleanup for Next Mark 1.378ms
[2024-04-09T14:38:42.345+0300][1923.623s][info][gc          ] GC(253) Concurrent Mark Cycle 799.768ms
[2024-04-09T14:38:48.851+0300][1930.130s][info][gc,start    ] GC(254) Pause Young (Prepare Mixed) (G1 Evacuation Pause)
[2024-04-09T14:38:48.851+0300][1930.130s][info][gc,task     ] GC(254) Using 6 workers of 6 for evacuation
[2024-04-09T14:38:48.862+0300][1930.141s][info][gc,phases   ] GC(254)   Pre Evacuate Collection Set: 0.2ms
[2024-04-09T14:38:48.862+0300][1930.141s][info][gc,phases   ] GC(254)   Merge Heap Roots: 0.2ms
[2024-04-09T14:38:48.862+0300][1930.141s][info][gc,phases   ] GC(254)   Evacuate Collection Set: 7.4ms
[2024-04-09T14:38:48.862+0300][1930.141s][info][gc,phases   ] GC(254)   Post Evacuate Collection Set: 3.1ms
[2024-04-09T14:38:48.862+0300][1930.141s][info][gc,phases   ] GC(254)   Other: 0.1ms
[2024-04-09T14:38:48.862+0300][1930.141s][info][gc,heap     ] GC(254) Eden regions: 175->0(32)
[2024-04-09T14:38:48.862+0300][1930.141s][info][gc,heap     ] GC(254) Survivor regions: 3->19(23)
[2024-04-09T14:38:48.862+0300][1930.141s][info][gc,heap     ] GC(254) Old regions: 578->578
[2024-04-09T14:38:48.862+0300][1930.141s][info][gc,heap     ] GC(254) Archive regions: 2->2
[2024-04-09T14:38:48.862+0300][1930.141s][info][gc,heap     ] GC(254) Humongous regions: 79->79
[2024-04-09T14:38:48.862+0300][1930.141s][info][gc,metaspace] GC(254) Metaspace: 437663K(445824K)->437663K(445824K) NonClass: 385807K(390016K)->385807K(390016K) Class: 51855K(55808K)->51855K(55808K)
[2024-04-09T14:38:48.862+0300][1930.141s][info][gc          ] GC(254) Pause Young (Prepare Mixed) (G1 Evacuation Pause) 835M->676M(1024M) 11.095ms
[2024-04-09T14:38:48.862+0300][1930.141s][info][gc,cpu      ] GC(254) User=0.04s Sys=0.00s Real=0.02s
[2024-04-09T14:38:50.576+0300][1931.855s][info][gc,start    ] GC(255) Pause Young (Mixed) (G1 Evacuation Pause)
[2024-04-09T14:38:50.576+0300][1931.855s][info][gc,task     ] GC(255) Using 6 workers of 6 for evacuation
[2024-04-09T14:38:50.591+0300][1931.870s][info][gc,phases   ] GC(255)   Pre Evacuate Collection Set: 0.3ms
[2024-04-09T14:38:50.591+0300][1931.870s][info][gc,phases   ] GC(255)   Merge Heap Roots: 0.3ms
[2024-04-09T14:38:50.591+0300][1931.870s][info][gc,phases   ] GC(255)   Evacuate Collection Set: 12.1ms
[2024-04-09T14:38:50.591+0300][1931.870s][info][gc,phases   ] GC(255)   Post Evacuate Collection Set: 2.1ms
[2024-04-09T14:38:50.591+0300][1931.870s][info][gc,phases   ] GC(255)   Other: 0.1ms
[2024-04-09T14:38:50.591+0300][1931.870s][info][gc,heap     ] GC(255) Eden regions: 32->0(133)
[2024-04-09T14:38:50.591+0300][1931.870s][info][gc,heap     ] GC(255) Survivor regions: 19->2(7)
[2024-04-09T14:38:50.591+0300][1931.870s][info][gc,heap     ] GC(255) Old regions: 578->577
[2024-04-09T14:38:50.591+0300][1931.870s][info][gc,heap     ] GC(255) Archive regions: 2->2
[2024-04-09T14:38:50.591+0300][1931.870s][info][gc,heap     ] GC(255) Humongous regions: 79->78
[2024-04-09T14:38:50.591+0300][1931.870s][info][gc,metaspace] GC(255) Metaspace: 437673K(445824K)->437673K(445824K) NonClass: 385818K(390016K)->385818K(390016K) Class: 51855K(55808K)->51855K(55808K)
[2024-04-09T14:38:50.591+0300][1931.870s][info][gc          ] GC(255) Pause Young (Mixed) (G1 Evacuation Pause) 708M->656M(1024M) 15.010ms
[2024-04-09T14:38:50.591+0300][1931.870s][info][gc,cpu      ] GC(255) User=0.07s Sys=0.00s Real=0.01s
[2024-04-09T14:38:51.271+0300][1932.550s][info][gc,start    ] GC(256) Pause Young (Concurrent Start) (G1 Humongous Allocation)
[2024-04-09T14:38:51.271+0300][1932.550s][info][gc,task     ] GC(256) Using 6 workers of 6 for evacuation
[2024-04-09T14:38:51.277+0300][1932.556s][info][gc,phases   ] GC(256)   Pre Evacuate Collection Set: 1.2ms
[2024-04-09T14:38:51.277+0300][1932.556s][info][gc,phases   ] GC(256)   Merge Heap Roots: 0.1ms
[2024-04-09T14:38:51.277+0300][1932.556s][info][gc,phases   ] GC(256)   Evacuate Collection Set: 2.8ms
[2024-04-09T14:38:51.277+0300][1932.556s][info][gc,phases   ] GC(256)   Post Evacuate Collection Set: 2.0ms
[2024-04-09T14:38:51.277+0300][1932.556s][info][gc,phases   ] GC(256)   Other: 0.2ms
[2024-04-09T14:38:51.277+0300][1932.556s][info][gc,heap     ] GC(256) Eden regions: 34->0(136)
[2024-04-09T14:38:51.278+0300][1932.556s][info][gc,heap     ] GC(256) Survivor regions: 2->3(17)
[2024-04-09T14:38:51.278+0300][1932.556s][info][gc,heap     ] GC(256) Old regions: 577->577
[2024-04-09T14:38:51.278+0300][1932.556s][info][gc,heap     ] GC(256) Archive regions: 2->2
[2024-04-09T14:38:51.278+0300][1932.556s][info][gc,heap     ] GC(256) Humongous regions: 78->78
[2024-04-09T14:38:51.278+0300][1932.556s][info][gc,metaspace] GC(256) Metaspace: 437700K(445824K)->437700K(445824K) NonClass: 385843K(390016K)->385843K(390016K) Class: 51856K(55808K)->51856K(55808K)
[2024-04-09T14:38:51.278+0300][1932.556s][info][gc          ] GC(256) Pause Young (Concurrent Start) (G1 Humongous Allocation) 690M->657M(1024M) 6.407ms
[2024-04-09T14:38:51.278+0300][1932.556s][info][gc,cpu      ] GC(256) User=0.02s Sys=0.00s Real=0.01s
[2024-04-09T14:38:51.278+0300][1932.556s][info][gc          ] GC(257) Concurrent Mark Cycle
[2024-04-09T14:38:51.278+0300][1932.556s][info][gc,marking  ] GC(257) Concurrent Clear Claimed Marks
[2024-04-09T14:38:51.278+0300][1932.557s][info][gc,marking  ] GC(257) Concurrent Clear Claimed Marks 0.800ms
[2024-04-09T14:38:51.278+0300][1932.557s][info][gc,marking  ] GC(257) Concurrent Scan Root Regions
[2024-04-09T14:38:51.281+0300][1932.560s][info][gc,marking  ] GC(257) Concurrent Scan Root Regions 2.646ms
[2024-04-09T14:38:51.281+0300][1932.560s][info][gc,marking  ] GC(257) Concurrent Mark
[2024-04-09T14:38:51.281+0300][1932.560s][info][gc,marking  ] GC(257) Concurrent Mark From Roots
[2024-04-09T14:38:51.281+0300][1932.560s][info][gc,task     ] GC(257) Using 2 workers of 2 for marking
[2024-04-09T14:38:51.637+0300][1932.916s][info][gc,marking  ] GC(257) Concurrent Mark From Roots 355.754ms
[2024-04-09T14:38:51.637+0300][1932.916s][info][gc,marking  ] GC(257) Concurrent Preclean
[2024-04-09T14:38:51.638+0300][1932.917s][info][gc,marking  ] GC(257) Concurrent Preclean 1.177ms
[2024-04-09T14:38:51.638+0300][1932.917s][info][gc,start    ] GC(257) Pause Remark
[2024-04-09T14:38:51.688+0300][1932.967s][info][gc          ] GC(257) Pause Remark 689M->635M(1024M) 49.893ms
[2024-04-09T14:38:51.688+0300][1932.967s][info][gc,cpu      ] GC(257) User=0.16s Sys=0.00s Real=0.05s
[2024-04-09T14:38:51.688+0300][1932.967s][info][gc,marking  ] GC(257) Concurrent Mark 407.274ms
[2024-04-09T14:38:51.688+0300][1932.967s][info][gc,marking  ] GC(257) Concurrent Rebuild Remembered Sets
[2024-04-09T14:38:52.045+0300][1933.323s][info][gc,marking  ] GC(257) Concurrent Rebuild Remembered Sets 356.124ms
[2024-04-09T14:38:52.045+0300][1933.323s][info][gc,start    ] GC(257) Pause Cleanup
[2024-04-09T14:38:52.045+0300][1933.324s][info][gc          ] GC(257) Pause Cleanup 635M->635M(1024M) 0.335ms
[2024-04-09T14:38:52.045+0300][1933.324s][info][gc,cpu      ] GC(257) User=0.00s Sys=0.00s Real=0.00s
[2024-04-09T14:38:52.045+0300][1933.324s][info][gc,marking  ] GC(257) Concurrent Cleanup for Next Mark
[2024-04-09T14:38:52.046+0300][1933.325s][info][gc,marking  ] GC(257) Concurrent Cleanup for Next Mark 1.280ms
[2024-04-09T14:38:52.046+0300][1933.325s][info][gc          ] GC(257) Concurrent Mark Cycle 768.793ms
[2024-04-09T14:39:26.301+0300][1967.580s][info][gc,start    ] GC(258) Pause Young (Prepare Mixed) (G1 Evacuation Pause)
[2024-04-09T14:39:26.301+0300][1967.580s][info][gc,task     ] GC(258) Using 6 workers of 6 for evacuation
[2024-04-09T14:39:26.316+0300][1967.595s][info][gc,phases   ] GC(258)   Pre Evacuate Collection Set: 0.2ms
[2024-04-09T14:39:26.316+0300][1967.595s][info][gc,phases   ] GC(258)   Merge Heap Roots: 0.2ms
[2024-04-09T14:39:26.316+0300][1967.595s][info][gc,phases   ] GC(258)   Evacuate Collection Set: 5.8ms
[2024-04-09T14:39:26.316+0300][1967.595s][info][gc,phases   ] GC(258)   Post Evacuate Collection Set: 8.6ms
[2024-04-09T14:39:26.316+0300][1967.595s][info][gc,phases   ] GC(258)   Other: 0.1ms
[2024-04-09T14:39:26.316+0300][1967.595s][info][gc,heap     ] GC(258) Eden regions: 136->0(36)
[2024-04-09T14:39:26.316+0300][1967.595s][info][gc,heap     ] GC(258) Survivor regions: 3->15(18)
[2024-04-09T14:39:26.316+0300][1967.595s][info][gc,heap     ] GC(258) Old regions: 575->575
[2024-04-09T14:39:26.316+0300][1967.595s][info][gc,heap     ] GC(258) Archive regions: 2->2
[2024-04-09T14:39:26.316+0300][1967.595s][info][gc,heap     ] GC(258) Humongous regions: 30->30
[2024-04-09T14:39:26.316+0300][1967.595s][info][gc,metaspace] GC(258) Metaspace: 437868K(445824K)->437868K(445824K) NonClass: 386004K(390016K)->386004K(390016K) Class: 51864K(55808K)->51864K(55808K)
[2024-04-09T14:39:26.316+0300][1967.595s][info][gc          ] GC(258) Pause Young (Prepare Mixed) (G1 Evacuation Pause) 743M->619M(1024M) 15.070ms
[2024-04-09T14:39:26.316+0300][1967.595s][info][gc,cpu      ] GC(258) User=0.04s Sys=0.00s Real=0.01s
[2024-04-09T14:39:29.538+0300][1970.817s][info][gc,start    ] GC(259) Pause Young (Mixed) (G1 Evacuation Pause)
[2024-04-09T14:39:29.538+0300][1970.817s][info][gc,task     ] GC(259) Using 6 workers of 6 for evacuation
[2024-04-09T14:39:29.553+0300][1970.832s][info][gc,phases   ] GC(259)   Pre Evacuate Collection Set: 0.2ms
[2024-04-09T14:39:29.554+0300][1970.832s][info][gc,phases   ] GC(259)   Merge Heap Roots: 0.3ms
[2024-04-09T14:39:29.554+0300][1970.832s][info][gc,phases   ] GC(259)   Evacuate Collection Set: 10.9ms
[2024-04-09T14:39:29.554+0300][1970.832s][info][gc,phases   ] GC(259)   Post Evacuate Collection Set: 3.6ms
[2024-04-09T14:39:29.554+0300][1970.832s][info][gc,phases   ] GC(259)   Other: 0.1ms
[2024-04-09T14:39:29.554+0300][1970.832s][info][gc,heap     ] GC(259) Eden regions: 36->0(169)
[2024-04-09T14:39:29.554+0300][1970.832s][info][gc,heap     ] GC(259) Survivor regions: 15->2(7)
[2024-04-09T14:39:29.554+0300][1970.832s][info][gc,heap     ] GC(259) Old regions: 575->582
[2024-04-09T14:39:29.554+0300][1970.832s][info][gc,heap     ] GC(259) Archive regions: 2->2
[2024-04-09T14:39:29.554+0300][1970.832s][info][gc,heap     ] GC(259) Humongous regions: 30->30
[2024-04-09T14:39:29.554+0300][1970.832s][info][gc,metaspace] GC(259) Metaspace: 437961K(445888K)->437961K(445888K) NonClass: 386090K(390080K)->386090K(390080K) Class: 51871K(55808K)->51871K(55808K)
[2024-04-09T14:39:29.554+0300][1970.832s][info][gc          ] GC(259) Pause Young (Mixed) (G1 Evacuation Pause) 655M->614M(1024M) 15.294ms
[2024-04-09T14:39:29.554+0300][1970.832s][info][gc,cpu      ] GC(259) User=0.06s Sys=0.00s Real=0.02s
[2024-04-09T14:39:30.140+0300][1971.418s][info][gc,start    ] GC(260) Pause Young (Concurrent Start) (G1 Humongous Allocation)
[2024-04-09T14:39:30.140+0300][1971.418s][info][gc,task     ] GC(260) Using 6 workers of 6 for evacuation
[2024-04-09T14:39:30.148+0300][1971.427s][info][gc,phases   ] GC(260)   Pre Evacuate Collection Set: 1.8ms
[2024-04-09T14:39:30.148+0300][1971.427s][info][gc,phases   ] GC(260)   Merge Heap Roots: 0.3ms
[2024-04-09T14:39:30.148+0300][1971.427s][info][gc,phases   ] GC(260)   Evacuate Collection Set: 2.8ms
[2024-04-09T14:39:30.148+0300][1971.427s][info][gc,phases   ] GC(260)   Post Evacuate Collection Set: 3.5ms
[2024-04-09T14:39:30.148+0300][1971.427s][info][gc,phases   ] GC(260)   Other: 0.1ms
[2024-04-09T14:39:30.148+0300][1971.427s][info][gc,heap     ] GC(260) Eden regions: 20->0(174)
[2024-04-09T14:39:30.148+0300][1971.427s][info][gc,heap     ] GC(260) Survivor regions: 2->2(22)
[2024-04-09T14:39:30.148+0300][1971.427s][info][gc,heap     ] GC(260) Old regions: 582->582
[2024-04-09T14:39:30.148+0300][1971.427s][info][gc,heap     ] GC(260) Archive regions: 2->2
[2024-04-09T14:39:30.148+0300][1971.427s][info][gc,heap     ] GC(260) Humongous regions: 30->30
[2024-04-09T14:39:30.148+0300][1971.427s][info][gc,metaspace] GC(260) Metaspace: 437979K(445888K)->437979K(445888K) NonClass: 386107K(390080K)->386107K(390080K) Class: 51871K(55808K)->51871K(55808K)
[2024-04-09T14:39:30.148+0300][1971.427s][info][gc          ] GC(260) Pause Young (Concurrent Start) (G1 Humongous Allocation) 633M->614M(1024M) 8.626ms
[2024-04-09T14:39:30.148+0300][1971.427s][info][gc,cpu      ] GC(260) User=0.01s Sys=0.01s Real=0.01s
[2024-04-09T14:39:30.148+0300][1971.427s][info][gc          ] GC(261) Concurrent Mark Cycle
[2024-04-09T14:39:30.149+0300][1971.427s][info][gc,marking  ] GC(261) Concurrent Clear Claimed Marks
[2024-04-09T14:39:30.150+0300][1971.429s][info][gc,marking  ] GC(261) Concurrent Clear Claimed Marks 1.283ms
[2024-04-09T14:39:30.150+0300][1971.429s][info][gc,marking  ] GC(261) Concurrent Scan Root Regions
[2024-04-09T14:39:30.153+0300][1971.432s][info][gc,marking  ] GC(261) Concurrent Scan Root Regions 3.551ms
[2024-04-09T14:39:30.153+0300][1971.432s][info][gc,marking  ] GC(261) Concurrent Mark
[2024-04-09T14:39:30.153+0300][1971.432s][info][gc,marking  ] GC(261) Concurrent Mark From Roots
[2024-04-09T14:39:30.153+0300][1971.432s][info][gc,task     ] GC(261) Using 2 workers of 2 for marking
[2024-04-09T14:39:30.468+0300][1971.747s][info][gc,marking  ] GC(261) Concurrent Mark From Roots 314.375ms
[2024-04-09T14:39:30.468+0300][1971.747s][info][gc,marking  ] GC(261) Concurrent Preclean
[2024-04-09T14:39:30.469+0300][1971.748s][info][gc,marking  ] GC(261) Concurrent Preclean 1.414ms
[2024-04-09T14:39:30.470+0300][1971.748s][info][gc,start    ] GC(261) Pause Remark
[2024-04-09T14:39:30.498+0300][1971.777s][info][gc          ] GC(261) Pause Remark 642M->638M(1024M) 28.620ms
[2024-04-09T14:39:30.498+0300][1971.777s][info][gc,cpu      ] GC(261) User=0.07s Sys=0.00s Real=0.03s
[2024-04-09T14:39:30.499+0300][1971.777s][info][gc,marking  ] GC(261) Concurrent Mark 345.193ms
[2024-04-09T14:39:30.499+0300][1971.777s][info][gc,marking  ] GC(261) Concurrent Rebuild Remembered Sets
[2024-04-09T14:39:30.828+0300][1972.107s][info][gc,marking  ] GC(261) Concurrent Rebuild Remembered Sets 329.511ms
[2024-04-09T14:39:30.828+0300][1972.107s][info][gc,start    ] GC(261) Pause Cleanup
[2024-04-09T14:39:30.829+0300][1972.107s][info][gc          ] GC(261) Pause Cleanup 638M->638M(1024M) 0.275ms
[2024-04-09T14:39:30.829+0300][1972.107s][info][gc,cpu      ] GC(261) User=0.00s Sys=0.00s Real=0.00s
[2024-04-09T14:39:30.829+0300][1972.107s][info][gc,marking  ] GC(261) Concurrent Cleanup for Next Mark
[2024-04-09T14:39:30.830+0300][1972.108s][info][gc,marking  ] GC(261) Concurrent Cleanup for Next Mark 0.999ms
[2024-04-09T14:39:30.830+0300][1972.108s][info][gc          ] GC(261) Concurrent Mark Cycle 681.146ms
[2024-04-09T14:39:47.236+0300][1988.515s][info][gc,start    ] GC(262) Pause Young (Prepare Mixed) (G1 Evacuation Pause)
[2024-04-09T14:39:47.236+0300][1988.515s][info][gc,task     ] GC(262) Using 6 workers of 6 for evacuation
[2024-04-09T14:39:47.247+0300][1988.525s][info][gc,phases   ] GC(262)   Pre Evacuate Collection Set: 0.2ms
[2024-04-09T14:39:47.247+0300][1988.525s][info][gc,phases   ] GC(262)   Merge Heap Roots: 0.2ms
[2024-04-09T14:39:47.247+0300][1988.525s][info][gc,phases   ] GC(262)   Evacuate Collection Set: 6.6ms
[2024-04-09T14:39:47.247+0300][1988.525s][info][gc,phases   ] GC(262)   Post Evacuate Collection Set: 3.4ms
[2024-04-09T14:39:47.247+0300][1988.525s][info][gc,phases   ] GC(262)   Other: 0.1ms
[2024-04-09T14:39:47.247+0300][1988.525s][info][gc,heap     ] GC(262) Eden regions: 174->0(37)
[2024-04-09T14:39:47.247+0300][1988.525s][info][gc,heap     ] GC(262) Survivor regions: 2->14(22)
[2024-04-09T14:39:47.247+0300][1988.525s][info][gc,heap     ] GC(262) Old regions: 582->582
[2024-04-09T14:39:47.247+0300][1988.525s][info][gc,heap     ] GC(262) Archive regions: 2->2
[2024-04-09T14:39:47.247+0300][1988.525s][info][gc,heap     ] GC(262) Humongous regions: 30->29
[2024-04-09T14:39:47.247+0300][1988.526s][info][gc,metaspace] GC(262) Metaspace: 438246K(446208K)->438246K(446208K) NonClass: 386362K(390400K)->386362K(390400K) Class: 51883K(55808K)->51883K(55808K)
[2024-04-09T14:39:47.247+0300][1988.526s][info][gc          ] GC(262) Pause Young (Prepare Mixed) (G1 Evacuation Pause) 788M->625M(1024M) 10.595ms
[2024-04-09T14:39:47.247+0300][1988.526s][info][gc,cpu      ] GC(262) User=0.03s Sys=0.01s Real=0.01s
[2024-04-09T14:39:47.584+0300][1988.862s][info][gc,start    ] GC(263) Pause Young (Mixed) (G1 Evacuation Pause)
[2024-04-09T14:39:47.584+0300][1988.862s][info][gc,task     ] GC(263) Using 6 workers of 6 for evacuation
[2024-04-09T14:39:47.594+0300][1988.873s][info][gc,phases   ] GC(263)   Pre Evacuate Collection Set: 0.1ms
[2024-04-09T14:39:47.594+0300][1988.873s][info][gc,phases   ] GC(263)   Merge Heap Roots: 0.1ms
[2024-04-09T14:39:47.594+0300][1988.873s][info][gc,phases   ] GC(263)   Evacuate Collection Set: 7.5ms
[2024-04-09T14:39:47.594+0300][1988.873s][info][gc,phases   ] GC(263)   Post Evacuate Collection Set: 2.6ms
[2024-04-09T14:39:47.594+0300][1988.873s][info][gc,phases   ] GC(263)   Other: 0.1ms
[2024-04-09T14:39:47.594+0300][1988.873s][info][gc,heap     ] GC(263) Eden regions: 37->0(170)
[2024-04-09T14:39:47.594+0300][1988.873s][info][gc,heap     ] GC(263) Survivor regions: 14->1(7)
[2024-04-09T14:39:47.594+0300][1988.873s][info][gc,heap     ] GC(263) Old regions: 582->584
[2024-04-09T14:39:47.594+0300][1988.873s][info][gc,heap     ] GC(263) Archive regions: 2->2
[2024-04-09T14:39:47.594+0300][1988.873s][info][gc,heap     ] GC(263) Humongous regions: 29->29
[2024-04-09T14:39:47.594+0300][1988.873s][info][gc,metaspace] GC(263) Metaspace: 438287K(446208K)->438287K(446208K) NonClass: 386401K(390400K)->386401K(390400K) Class: 51886K(55808K)->51886K(55808K)
[2024-04-09T14:39:47.594+0300][1988.873s][info][gc          ] GC(263) Pause Young (Mixed) (G1 Evacuation Pause) 662M->614M(1024M) 10.572ms
[2024-04-09T14:39:47.594+0300][1988.873s][info][gc,cpu      ] GC(263) User=0.03s Sys=0.00s Real=0.01s
[2024-04-09T14:39:58.733+0300][2000.012s][info][gc,start    ] GC(264) Pause Young (Concurrent Start) (G1 Humongous Allocation)
[2024-04-09T14:39:58.734+0300][2000.012s][info][gc,task     ] GC(264) Using 6 workers of 6 for evacuation
[2024-04-09T14:39:58.745+0300][2000.024s][info][gc,phases   ] GC(264)   Pre Evacuate Collection Set: 1.6ms
[2024-04-09T14:39:58.745+0300][2000.024s][info][gc,phases   ] GC(264)   Merge Heap Roots: 0.3ms
[2024-04-09T14:39:58.745+0300][2000.024s][info][gc,phases   ] GC(264)   Evacuate Collection Set: 6.1ms
[2024-04-09T14:39:58.745+0300][2000.024s][info][gc,phases   ] GC(264)   Post Evacuate Collection Set: 3.6ms
[2024-04-09T14:39:58.745+0300][2000.024s][info][gc,phases   ] GC(264)   Other: 0.2ms
[2024-04-09T14:39:58.745+0300][2000.024s][info][gc,heap     ] GC(264) Eden regions: 18->0(176)
[2024-04-09T14:39:58.746+0300][2000.024s][info][gc,heap     ] GC(264) Survivor regions: 1->1(22)
[2024-04-09T14:39:58.746+0300][2000.024s][info][gc,heap     ] GC(264) Old regions: 584->584
[2024-04-09T14:39:58.746+0300][2000.024s][info][gc,heap     ] GC(264) Archive regions: 2->2
[2024-04-09T14:39:58.746+0300][2000.024s][info][gc,heap     ] GC(264) Humongous regions: 29->29
[2024-04-09T14:39:58.746+0300][2000.024s][info][gc,metaspace] GC(264) Metaspace: 438331K(446272K)->438331K(446272K) NonClass: 386442K(390464K)->386442K(390464K) Class: 51888K(55808K)->51888K(55808K)
[2024-04-09T14:39:58.746+0300][2000.024s][info][gc          ] GC(264) Pause Young (Concurrent Start) (G1 Humongous Allocation) 631M->614M(1024M) 12.123ms
[2024-04-09T14:39:58.746+0300][2000.024s][info][gc,cpu      ] GC(264) User=0.04s Sys=0.00s Real=0.01s
[2024-04-09T14:39:58.746+0300][2000.025s][info][gc          ] GC(265) Concurrent Mark Cycle
[2024-04-09T14:39:58.746+0300][2000.025s][info][gc,marking  ] GC(265) Concurrent Clear Claimed Marks
[2024-04-09T14:39:58.747+0300][2000.026s][info][gc,marking  ] GC(265) Concurrent Clear Claimed Marks 1.126ms
[2024-04-09T14:39:58.747+0300][2000.026s][info][gc,marking  ] GC(265) Concurrent Scan Root Regions
[2024-04-09T14:39:58.753+0300][2000.032s][info][gc,marking  ] GC(265) Concurrent Scan Root Regions 6.317ms
[2024-04-09T14:39:58.753+0300][2000.032s][info][gc,marking  ] GC(265) Concurrent Mark
[2024-04-09T14:39:58.753+0300][2000.032s][info][gc,marking  ] GC(265) Concurrent Mark From Roots
[2024-04-09T14:39:58.753+0300][2000.032s][info][gc,task     ] GC(265) Using 2 workers of 2 for marking
[2024-04-09T14:39:59.077+0300][2000.355s][info][gc,marking  ] GC(265) Concurrent Mark From Roots 323.183ms
[2024-04-09T14:39:59.077+0300][2000.355s][info][gc,marking  ] GC(265) Concurrent Preclean
[2024-04-09T14:39:59.078+0300][2000.356s][info][gc,marking  ] GC(265) Concurrent Preclean 1.006ms
[2024-04-09T14:39:59.078+0300][2000.357s][info][gc,start    ] GC(265) Pause Remark
[2024-04-09T14:39:59.126+0300][2000.405s][info][gc          ] GC(265) Pause Remark 616M->609M(1024M) 48.356ms
[2024-04-09T14:39:59.126+0300][2000.405s][info][gc,cpu      ] GC(265) User=0.20s Sys=0.00s Real=0.05s
[2024-04-09T14:39:59.127+0300][2000.405s][info][gc,marking  ] GC(265) Concurrent Mark 373.206ms
[2024-04-09T14:39:59.127+0300][2000.405s][info][gc,marking  ] GC(265) Concurrent Rebuild Remembered Sets
[2024-04-09T14:39:59.488+0300][2000.766s][info][gc,marking  ] GC(265) Concurrent Rebuild Remembered Sets 361.058ms
[2024-04-09T14:39:59.488+0300][2000.767s][info][gc,start    ] GC(265) Pause Cleanup
[2024-04-09T14:39:59.488+0300][2000.767s][info][gc          ] GC(265) Pause Cleanup 609M->609M(1024M) 0.438ms
[2024-04-09T14:39:59.488+0300][2000.767s][info][gc,cpu      ] GC(265) User=0.00s Sys=0.00s Real=0.00s
[2024-04-09T14:39:59.489+0300][2000.767s][info][gc,marking  ] GC(265) Concurrent Cleanup for Next Mark
[2024-04-09T14:39:59.490+0300][2000.768s][info][gc,marking  ] GC(265) Concurrent Cleanup for Next Mark 1.198ms
[2024-04-09T14:39:59.490+0300][2000.768s][info][gc          ] GC(265) Concurrent Mark Cycle 743.909ms
[2024-04-09T14:48:48.155+0300][2529.434s][info][gc,start    ] GC(266) Pause Young (Prepare Mixed) (G1 Evacuation Pause)
[2024-04-09T14:48:48.155+0300][2529.434s][info][gc,task     ] GC(266) Using 6 workers of 6 for evacuation
[2024-04-09T14:48:48.173+0300][2529.452s][info][gc,phases   ] GC(266)   Pre Evacuate Collection Set: 0.5ms
[2024-04-09T14:48:48.173+0300][2529.452s][info][gc,phases   ] GC(266)   Merge Heap Roots: 0.5ms
[2024-04-09T14:48:48.173+0300][2529.452s][info][gc,phases   ] GC(266)   Evacuate Collection Set: 12.5ms
[2024-04-09T14:48:48.173+0300][2529.452s][info][gc,phases   ] GC(266)   Post Evacuate Collection Set: 4.6ms
[2024-04-09T14:48:48.173+0300][2529.452s][info][gc,phases   ] GC(266)   Other: 0.1ms
[2024-04-09T14:48:48.173+0300][2529.452s][info][gc,heap     ] GC(266) Eden regions: 176->0(48)
[2024-04-09T14:48:48.173+0300][2529.452s][info][gc,heap     ] GC(266) Survivor regions: 1->3(23)
[2024-04-09T14:48:48.173+0300][2529.452s][info][gc,heap     ] GC(266) Old regions: 580->580
[2024-04-09T14:48:48.173+0300][2529.452s][info][gc,heap     ] GC(266) Archive regions: 2->2
[2024-04-09T14:48:48.173+0300][2529.452s][info][gc,heap     ] GC(266) Humongous regions: 45->45
[2024-04-09T14:48:48.173+0300][2529.452s][info][gc,metaspace] GC(266) Metaspace: 438651K(446528K)->438651K(446528K) NonClass: 386748K(390720K)->386748K(390720K) Class: 51902K(55808K)->51902K(55808K)
[2024-04-09T14:48:48.173+0300][2529.452s][info][gc          ] GC(266) Pause Young (Prepare Mixed) (G1 Evacuation Pause) 802M->627M(1024M) 18.506ms
[2024-04-09T14:48:48.174+0300][2529.452s][info][gc,cpu      ] GC(266) User=0.06s Sys=0.00s Real=0.02s
[2024-04-09T14:51:28.684+0300][2689.963s][info][gc,start    ] GC(267) Pause Young (Mixed) (G1 Evacuation Pause)
[2024-04-09T14:51:28.684+0300][2689.963s][info][gc,task     ] GC(267) Using 6 workers of 6 for evacuation
[2024-04-09T14:51:28.705+0300][2689.984s][info][gc,phases   ] GC(267)   Pre Evacuate Collection Set: 0.2ms
[2024-04-09T14:51:28.705+0300][2689.984s][info][gc,phases   ] GC(267)   Merge Heap Roots: 0.3ms
[2024-04-09T14:51:28.705+0300][2689.984s][info][gc,phases   ] GC(267)   Evacuate Collection Set: 18.0ms
[2024-04-09T14:51:28.705+0300][2689.984s][info][gc,phases   ] GC(267)   Post Evacuate Collection Set: 2.5ms
[2024-04-09T14:51:28.705+0300][2689.984s][info][gc,phases   ] GC(267)   Other: 0.1ms
[2024-04-09T14:51:28.705+0300][2689.984s][info][gc,heap     ] GC(267) Eden regions: 48->0(172)
[2024-04-09T14:51:28.705+0300][2689.984s][info][gc,heap     ] GC(267) Survivor regions: 3->2(7)
[2024-04-09T14:51:28.705+0300][2689.984s][info][gc,heap     ] GC(267) Old regions: 580->571
[2024-04-09T14:51:28.705+0300][2689.984s][info][gc,heap     ] GC(267) Archive regions: 2->2
[2024-04-09T14:51:28.705+0300][2689.984s][info][gc,heap     ] GC(267) Humongous regions: 50->50
[2024-04-09T14:51:28.705+0300][2689.984s][info][gc,metaspace] GC(267) Metaspace: 438807K(446656K)->438807K(446656K) NonClass: 386901K(390848K)->386901K(390848K) Class: 51905K(55808K)->51905K(55808K)
[2024-04-09T14:51:28.706+0300][2689.984s][info][gc          ] GC(267) Pause Young (Mixed) (G1 Evacuation Pause) 680M->622M(1024M) 21.555ms
[2024-04-09T14:51:28.706+0300][2689.984s][info][gc,cpu      ] GC(267) User=0.06s Sys=0.00s Real=0.02s
[2024-04-09T14:51:28.742+0300][2690.021s][info][gc,start    ] GC(268) Pause Young (Concurrent Start) (G1 Humongous Allocation)
[2024-04-09T14:51:28.742+0300][2690.021s][info][gc,task     ] GC(268) Using 6 workers of 6 for evacuation
[2024-04-09T14:51:28.752+0300][2690.031s][info][gc,phases   ] GC(268)   Pre Evacuate Collection Set: 1.4ms
[2024-04-09T14:51:28.753+0300][2690.031s][info][gc,phases   ] GC(268)   Merge Heap Roots: 0.2ms
[2024-04-09T14:51:28.753+0300][2690.031s][info][gc,phases   ] GC(268)   Evacuate Collection Set: 6.2ms
[2024-04-09T14:51:28.753+0300][2690.031s][info][gc,phases   ] GC(268)   Post Evacuate Collection Set: 2.2ms
[2024-04-09T14:51:28.753+0300][2690.031s][info][gc,phases   ] GC(268)   Other: 0.1ms
[2024-04-09T14:51:28.753+0300][2690.031s][info][gc,heap     ] GC(268) Eden regions: 5->0(176)
[2024-04-09T14:51:28.753+0300][2690.031s][info][gc,heap     ] GC(268) Survivor regions: 2->2(22)
[2024-04-09T14:51:28.753+0300][2690.031s][info][gc,heap     ] GC(268) Old regions: 571->571
[2024-04-09T14:51:28.753+0300][2690.031s][info][gc,heap     ] GC(268) Archive regions: 2->2
[2024-04-09T14:51:28.753+0300][2690.031s][info][gc,heap     ] GC(268) Humongous regions: 50->50
[2024-04-09T14:51:28.753+0300][2690.031s][info][gc,metaspace] GC(268) Metaspace: 438815K(446656K)->438815K(446656K) NonClass: 386909K(390848K)->386909K(390848K) Class: 51905K(55808K)->51905K(55808K)
[2024-04-09T14:51:28.753+0300][2690.031s][info][gc          ] GC(268) Pause Young (Concurrent Start) (G1 Humongous Allocation) 626M->622M(1024M) 10.266ms
[2024-04-09T14:51:28.753+0300][2690.031s][info][gc,cpu      ] GC(268) User=0.04s Sys=0.00s Real=0.00s
[2024-04-09T14:51:28.753+0300][2690.031s][info][gc          ] GC(269) Concurrent Mark Cycle
[2024-04-09T14:51:28.753+0300][2690.032s][info][gc,marking  ] GC(269) Concurrent Clear Claimed Marks
[2024-04-09T14:51:28.754+0300][2690.033s][info][gc,marking  ] GC(269) Concurrent Clear Claimed Marks 1.050ms
[2024-04-09T14:51:28.754+0300][2690.033s][info][gc,marking  ] GC(269) Concurrent Scan Root Regions
[2024-04-09T14:51:28.758+0300][2690.037s][info][gc,marking  ] GC(269) Concurrent Scan Root Regions 4.290ms
[2024-04-09T14:51:28.758+0300][2690.037s][info][gc,marking  ] GC(269) Concurrent Mark
[2024-04-09T14:51:28.758+0300][2690.037s][info][gc,marking  ] GC(269) Concurrent Mark From Roots
[2024-04-09T14:51:28.758+0300][2690.037s][info][gc,task     ] GC(269) Using 2 workers of 2 for marking
[2024-04-09T14:51:29.061+0300][2690.339s][info][gc,marking  ] GC(269) Concurrent Mark From Roots 302.423ms
[2024-04-09T14:51:29.061+0300][2690.340s][info][gc,marking  ] GC(269) Concurrent Preclean
[2024-04-09T14:51:29.062+0300][2690.341s][info][gc,marking  ] GC(269) Concurrent Preclean 1.228ms
[2024-04-09T14:51:29.062+0300][2690.341s][info][gc,start    ] GC(269) Pause Remark
[2024-04-09T14:51:29.105+0300][2690.384s][info][gc          ] GC(269) Pause Remark 624M->600M(1024M) 42.663ms
[2024-04-09T14:51:29.105+0300][2690.384s][info][gc,cpu      ] GC(269) User=0.19s Sys=0.00s Real=0.04s
[2024-04-09T14:51:29.105+0300][2690.384s][info][gc,marking  ] GC(269) Concurrent Mark 346.695ms
[2024-04-09T14:51:29.105+0300][2690.384s][info][gc,marking  ] GC(269) Concurrent Rebuild Remembered Sets
[2024-04-09T14:51:29.508+0300][2690.787s][info][gc,marking  ] GC(269) Concurrent Rebuild Remembered Sets 402.969ms
[2024-04-09T14:51:29.508+0300][2690.787s][info][gc,start    ] GC(269) Pause Cleanup
[2024-04-09T14:51:29.508+0300][2690.787s][info][gc          ] GC(269) Pause Cleanup 600M->600M(1024M) 0.322ms
[2024-04-09T14:51:29.508+0300][2690.787s][info][gc,cpu      ] GC(269) User=0.00s Sys=0.00s Real=0.00s
[2024-04-09T14:51:29.508+0300][2690.787s][info][gc,marking  ] GC(269) Concurrent Cleanup for Next Mark
[2024-04-09T14:51:29.510+0300][2690.788s][info][gc,marking  ] GC(269) Concurrent Cleanup for Next Mark 1.077ms
[2024-04-09T14:51:29.510+0300][2690.788s][info][gc          ] GC(269) Concurrent Mark Cycle 756.779ms
[2024-04-09T15:02:00.020+0300][3321.298s][info][gc,start    ] GC(270) Pause Young (Prepare Mixed) (G1 Evacuation Pause)
[2024-04-09T15:02:00.020+0300][3321.299s][info][gc,task     ] GC(270) Using 6 workers of 6 for evacuation
[2024-04-09T15:02:00.033+0300][3321.312s][info][gc,phases   ] GC(270)   Pre Evacuate Collection Set: 0.2ms
[2024-04-09T15:02:00.033+0300][3321.312s][info][gc,phases   ] GC(270)   Merge Heap Roots: 0.3ms
[2024-04-09T15:02:00.033+0300][3321.312s][info][gc,phases   ] GC(270)   Evacuate Collection Set: 7.9ms
[2024-04-09T15:02:00.033+0300][3321.312s][info][gc,phases   ] GC(270)   Post Evacuate Collection Set: 5.0ms
[2024-04-09T15:02:00.033+0300][3321.312s][info][gc,phases   ] GC(270)   Other: 0.1ms
[2024-04-09T15:02:00.033+0300][3321.312s][info][gc,heap     ] GC(270) Eden regions: 176->0(47)
[2024-04-09T15:02:00.033+0300][3321.312s][info][gc,heap     ] GC(270) Survivor regions: 2->4(23)
[2024-04-09T15:02:00.033+0300][3321.312s][info][gc,heap     ] GC(270) Old regions: 571->571
[2024-04-09T15:02:00.033+0300][3321.312s][info][gc,heap     ] GC(270) Archive regions: 2->2
[2024-04-09T15:02:00.033+0300][3321.312s][info][gc,heap     ] GC(270) Humongous regions: 49->48
[2024-04-09T15:02:00.033+0300][3321.312s][info][gc,metaspace] GC(270) Metaspace: 438852K(446848K)->438852K(446848K) NonClass: 387011K(391040K)->387011K(391040K) Class: 51841K(55808K)->51841K(55808K)
[2024-04-09T15:02:00.034+0300][3321.312s][info][gc          ] GC(270) Pause Young (Prepare Mixed) (G1 Evacuation Pause) 797M->622M(1024M) 13.764ms
[2024-04-09T15:02:00.034+0300][3321.312s][info][gc,cpu      ] GC(270) User=0.05s Sys=0.00s Real=0.02s
[2024-04-09T15:04:58.773+0300][3500.051s][info][gc,start    ] GC(271) Pause Young (Mixed) (G1 Evacuation Pause)
[2024-04-09T15:04:58.773+0300][3500.051s][info][gc,task     ] GC(271) Using 6 workers of 6 for evacuation
[2024-04-09T15:04:58.805+0300][3500.084s][info][gc,phases   ] GC(271)   Pre Evacuate Collection Set: 0.5ms
[2024-04-09T15:04:58.805+0300][3500.084s][info][gc,phases   ] GC(271)   Merge Heap Roots: 1.3ms
[2024-04-09T15:04:58.805+0300][3500.084s][info][gc,phases   ] GC(271)   Evacuate Collection Set: 27.6ms
[2024-04-09T15:04:58.805+0300][3500.084s][info][gc,phases   ] GC(271)   Post Evacuate Collection Set: 2.7ms
[2024-04-09T15:04:58.805+0300][3500.084s][info][gc,phases   ] GC(271)   Other: 0.2ms
[2024-04-09T15:04:58.805+0300][3500.084s][info][gc,heap     ] GC(271) Eden regions: 47->0(175)
[2024-04-09T15:04:58.805+0300][3500.084s][info][gc,heap     ] GC(271) Survivor regions: 4->3(7)
[2024-04-09T15:04:58.805+0300][3500.084s][info][gc,heap     ] GC(271) Old regions: 571->568
[2024-04-09T15:04:58.805+0300][3500.084s][info][gc,heap     ] GC(271) Archive regions: 2->2
[2024-04-09T15:04:58.805+0300][3500.084s][info][gc,heap     ] GC(271) Humongous regions: 54->54
[2024-04-09T15:04:58.805+0300][3500.084s][info][gc,metaspace] GC(271) Metaspace: 438894K(446912K)->438894K(446912K) NonClass: 387052K(391104K)->387052K(391104K) Class: 51841K(55808K)->51841K(55808K)
[2024-04-09T15:04:58.805+0300][3500.084s][info][gc          ] GC(271) Pause Young (Mixed) (G1 Evacuation Pause) 675M->624M(1024M) 32.643ms
[2024-04-09T15:04:58.805+0300][3500.084s][info][gc,cpu      ] GC(271) User=0.09s Sys=0.00s Real=0.04s
[2024-04-09T15:05:28.766+0300][3530.045s][info][gc,start    ] GC(272) Pause Young (Concurrent Start) (G1 Humongous Allocation)
[2024-04-09T15:05:28.766+0300][3530.045s][info][gc,task     ] GC(272) Using 6 workers of 6 for evacuation
[2024-04-09T15:05:28.779+0300][3530.058s][info][gc,phases   ] GC(272)   Pre Evacuate Collection Set: 1.6ms
[2024-04-09T15:05:28.779+0300][3530.058s][info][gc,phases   ] GC(272)   Merge Heap Roots: 0.5ms
[2024-04-09T15:05:28.779+0300][3530.058s][info][gc,phases   ] GC(272)   Evacuate Collection Set: 5.8ms
[2024-04-09T15:05:28.779+0300][3530.058s][info][gc,phases   ] GC(272)   Post Evacuate Collection Set: 4.3ms
[2024-04-09T15:05:28.779+0300][3530.058s][info][gc,phases   ] GC(272)   Other: 0.5ms
[2024-04-09T15:05:28.779+0300][3530.058s][info][gc,heap     ] GC(272) Eden regions: 16->0(176)
[2024-04-09T15:05:28.779+0300][3530.058s][info][gc,heap     ] GC(272) Survivor regions: 3->2(23)
[2024-04-09T15:05:28.779+0300][3530.058s][info][gc,heap     ] GC(272) Old regions: 568->568
[2024-04-09T15:05:28.779+0300][3530.058s][info][gc,heap     ] GC(272) Archive regions: 2->2
[2024-04-09T15:05:28.779+0300][3530.058s][info][gc,heap     ] GC(272) Humongous regions: 54->54
[2024-04-09T15:05:28.779+0300][3530.058s][info][gc,metaspace] GC(272) Metaspace: 438931K(446912K)->438931K(446912K) NonClass: 387088K(391104K)->387088K(391104K) Class: 51842K(55808K)->51842K(55808K)
[2024-04-09T15:05:28.779+0300][3530.058s][info][gc          ] GC(272) Pause Young (Concurrent Start) (G1 Humongous Allocation) 640M->624M(1024M) 12.889ms
[2024-04-09T15:05:28.779+0300][3530.058s][info][gc,cpu      ] GC(272) User=0.04s Sys=0.00s Real=0.01s
[2024-04-09T15:05:28.779+0300][3530.058s][info][gc          ] GC(273) Concurrent Mark Cycle
[2024-04-09T15:05:28.779+0300][3530.058s][info][gc,marking  ] GC(273) Concurrent Clear Claimed Marks
[2024-04-09T15:05:28.781+0300][3530.059s][info][gc,marking  ] GC(273) Concurrent Clear Claimed Marks 1.260ms
[2024-04-09T15:05:28.781+0300][3530.059s][info][gc,marking  ] GC(273) Concurrent Scan Root Regions
[2024-04-09T15:05:28.788+0300][3530.067s][info][gc,marking  ] GC(273) Concurrent Scan Root Regions 7.438ms
[2024-04-09T15:05:28.788+0300][3530.067s][info][gc,marking  ] GC(273) Concurrent Mark
[2024-04-09T15:05:28.788+0300][3530.067s][info][gc,marking  ] GC(273) Concurrent Mark From Roots
[2024-04-09T15:05:28.788+0300][3530.067s][info][gc,task     ] GC(273) Using 2 workers of 2 for marking
[2024-04-09T15:05:29.099+0300][3530.378s][info][gc,marking  ] GC(273) Concurrent Mark From Roots 311.073ms
[2024-04-09T15:05:29.099+0300][3530.378s][info][gc,marking  ] GC(273) Concurrent Preclean
[2024-04-09T15:05:29.100+0300][3530.379s][info][gc,marking  ] GC(273) Concurrent Preclean 0.922ms
[2024-04-09T15:05:29.101+0300][3530.379s][info][gc,start    ] GC(273) Pause Remark
[2024-04-09T15:05:29.146+0300][3530.425s][info][gc          ] GC(273) Pause Remark 626M->598M(1024M) 45.471ms
[2024-04-09T15:05:29.146+0300][3530.425s][info][gc,cpu      ] GC(273) User=0.17s Sys=0.00s Real=0.05s
[2024-04-09T15:05:29.146+0300][3530.425s][info][gc,marking  ] GC(273) Concurrent Mark 358.168ms
[2024-04-09T15:05:29.146+0300][3530.425s][info][gc,marking  ] GC(273) Concurrent Rebuild Remembered Sets
[2024-04-09T15:05:29.576+0300][3530.855s][info][gc,marking  ] GC(273) Concurrent Rebuild Remembered Sets 429.455ms
[2024-04-09T15:05:29.576+0300][3530.855s][info][gc,start    ] GC(273) Pause Cleanup
[2024-04-09T15:05:29.576+0300][3530.855s][info][gc          ] GC(273) Pause Cleanup 598M->598M(1024M) 0.291ms
[2024-04-09T15:05:29.576+0300][3530.855s][info][gc,cpu      ] GC(273) User=0.00s Sys=0.00s Real=0.00s
[2024-04-09T15:05:29.576+0300][3530.855s][info][gc,marking  ] GC(273) Concurrent Cleanup for Next Mark
[2024-04-09T15:05:29.577+0300][3530.856s][info][gc,marking  ] GC(273) Concurrent Cleanup for Next Mark 1.126ms
[2024-04-09T15:05:29.578+0300][3530.856s][info][gc          ] GC(273) Concurrent Mark Cycle 798.171ms
[2024-04-09T15:12:28.701+0300][3949.980s][info][gc,start    ] GC(274) Pause Young (Prepare Mixed) (G1 Evacuation Pause)
[2024-04-09T15:12:28.701+0300][3949.980s][info][gc,task     ] GC(274) Using 6 workers of 6 for evacuation
[2024-04-09T15:12:28.717+0300][3949.995s][info][gc,phases   ] GC(274)   Pre Evacuate Collection Set: 0.4ms
[2024-04-09T15:12:28.717+0300][3949.995s][info][gc,phases   ] GC(274)   Merge Heap Roots: 0.3ms
[2024-04-09T15:12:28.717+0300][3949.996s][info][gc,phases   ] GC(274)   Evacuate Collection Set: 10.6ms
[2024-04-09T15:12:28.717+0300][3949.996s][info][gc,phases   ] GC(274)   Post Evacuate Collection Set: 3.8ms
[2024-04-09T15:12:28.717+0300][3949.996s][info][gc,phases   ] GC(274)   Other: 0.2ms
[2024-04-09T15:12:28.717+0300][3949.996s][info][gc,heap     ] GC(274) Eden regions: 176->0(45)
[2024-04-09T15:12:28.717+0300][3949.996s][info][gc,heap     ] GC(274) Survivor regions: 2->6(23)
[2024-04-09T15:12:28.717+0300][3949.996s][info][gc,heap     ] GC(274) Old regions: 568->568
[2024-04-09T15:12:28.717+0300][3949.996s][info][gc,heap     ] GC(274) Archive regions: 2->2
[2024-04-09T15:12:28.717+0300][3949.996s][info][gc,heap     ] GC(274) Humongous regions: 44->44
[2024-04-09T15:12:28.717+0300][3949.996s][info][gc,metaspace] GC(274) Metaspace: 439516K(447360K)->439516K(447360K) NonClass: 387587K(391552K)->387587K(391552K) Class: 51929K(55808K)->51929K(55808K)
[2024-04-09T15:12:28.717+0300][3949.996s][info][gc          ] GC(274) Pause Young (Prepare Mixed) (G1 Evacuation Pause) 790M->618M(1024M) 15.807ms
[2024-04-09T15:12:28.717+0300][3949.996s][info][gc,cpu      ] GC(274) User=0.03s Sys=0.03s Real=0.01s
[2024-04-09T15:15:00.057+0300][4101.336s][info][gc,start    ] GC(275) Pause Young (Mixed) (G1 Evacuation Pause)
[2024-04-09T15:15:00.057+0300][4101.336s][info][gc,task     ] GC(275) Using 6 workers of 6 for evacuation
[2024-04-09T15:15:00.080+0300][4101.359s][info][gc,phases   ] GC(275)   Pre Evacuate Collection Set: 0.4ms
[2024-04-09T15:15:00.081+0300][4101.359s][info][gc,phases   ] GC(275)   Merge Heap Roots: 1.3ms
[2024-04-09T15:15:00.081+0300][4101.359s][info][gc,phases   ] GC(275)   Evacuate Collection Set: 19.0ms
[2024-04-09T15:15:00.081+0300][4101.359s][info][gc,phases   ] GC(275)   Post Evacuate Collection Set: 2.3ms
[2024-04-09T15:15:00.081+0300][4101.359s][info][gc,phases   ] GC(275)   Other: 0.1ms
[2024-04-09T15:15:00.081+0300][4101.359s][info][gc,heap     ] GC(275) Eden regions: 45->0(178)
[2024-04-09T15:15:00.081+0300][4101.359s][info][gc,heap     ] GC(275) Survivor regions: 6->2(7)
[2024-04-09T15:15:00.081+0300][4101.359s][info][gc,heap     ] GC(275) Old regions: 568->569
[2024-04-09T15:15:00.081+0300][4101.359s][info][gc,heap     ] GC(275) Archive regions: 2->2
[2024-04-09T15:15:00.081+0300][4101.359s][info][gc,heap     ] GC(275) Humongous regions: 50->50
[2024-04-09T15:15:00.081+0300][4101.359s][info][gc,metaspace] GC(275) Metaspace: 439589K(447424K)->439589K(447424K) NonClass: 387660K(391616K)->387660K(391616K) Class: 51929K(55808K)->51929K(55808K)
[2024-04-09T15:15:00.081+0300][4101.359s][info][gc          ] GC(275) Pause Young (Mixed) (G1 Evacuation Pause) 669M->621M(1024M) 23.174ms
[2024-04-09T15:15:00.081+0300][4101.359s][info][gc,cpu      ] GC(275) User=0.09s Sys=0.00s Real=0.02s
[2024-04-09T15:15:28.781+0300][4130.060s][info][gc,start    ] GC(276) Pause Young (Concurrent Start) (G1 Humongous Allocation)
[2024-04-09T15:15:28.782+0300][4130.060s][info][gc,task     ] GC(276) Using 6 workers of 6 for evacuation
[2024-04-09T15:15:28.792+0300][4130.071s][info][gc,phases   ] GC(276)   Pre Evacuate Collection Set: 1.6ms
[2024-04-09T15:15:28.792+0300][4130.071s][info][gc,phases   ] GC(276)   Merge Heap Roots: 0.2ms
[2024-04-09T15:15:28.792+0300][4130.071s][info][gc,phases   ] GC(276)   Evacuate Collection Set: 4.9ms
[2024-04-09T15:15:28.792+0300][4130.071s][info][gc,phases   ] GC(276)   Post Evacuate Collection Set: 3.3ms
[2024-04-09T15:15:28.792+0300][4130.071s][info][gc,phases   ] GC(276)   Other: 0.1ms
[2024-04-09T15:15:28.792+0300][4130.071s][info][gc,heap     ] GC(276) Eden regions: 10->0(181)
[2024-04-09T15:15:28.792+0300][4130.071s][info][gc,heap     ] GC(276) Survivor regions: 2->2(23)
[2024-04-09T15:15:28.792+0300][4130.071s][info][gc,heap     ] GC(276) Old regions: 569->569
[2024-04-09T15:15:28.792+0300][4130.071s][info][gc,heap     ] GC(276) Archive regions: 2->2
[2024-04-09T15:15:28.792+0300][4130.071s][info][gc,heap     ] GC(276) Humongous regions: 50->50
[2024-04-09T15:15:28.792+0300][4130.071s][info][gc,metaspace] GC(276) Metaspace: 439606K(447488K)->439606K(447488K) NonClass: 387676K(391680K)->387676K(391680K) Class: 51929K(55808K)->51929K(55808K)
[2024-04-09T15:15:28.792+0300][4130.071s][info][gc          ] GC(276) Pause Young (Concurrent Start) (G1 Humongous Allocation) 631M->620M(1024M) 10.599ms
[2024-04-09T15:15:28.792+0300][4130.071s][info][gc,cpu      ] GC(276) User=0.03s Sys=0.00s Real=0.00s
[2024-04-09T15:15:28.792+0300][4130.071s][info][gc          ] GC(277) Concurrent Mark Cycle
[2024-04-09T15:15:28.792+0300][4130.071s][info][gc,marking  ] GC(277) Concurrent Clear Claimed Marks
[2024-04-09T15:15:28.794+0300][4130.072s][info][gc,marking  ] GC(277) Concurrent Clear Claimed Marks 1.206ms
[2024-04-09T15:15:28.794+0300][4130.072s][info][gc,marking  ] GC(277) Concurrent Scan Root Regions
[2024-04-09T15:15:28.799+0300][4130.078s][info][gc,marking  ] GC(277) Concurrent Scan Root Regions 5.724ms
[2024-04-09T15:15:28.799+0300][4130.078s][info][gc,marking  ] GC(277) Concurrent Mark
[2024-04-09T15:15:28.799+0300][4130.078s][info][gc,marking  ] GC(277) Concurrent Mark From Roots
[2024-04-09T15:15:28.799+0300][4130.078s][info][gc,task     ] GC(277) Using 2 workers of 2 for marking
[2024-04-09T15:15:29.108+0300][4130.386s][info][gc,marking  ] GC(277) Concurrent Mark From Roots 308.258ms
[2024-04-09T15:15:29.108+0300][4130.386s][info][gc,marking  ] GC(277) Concurrent Preclean
[2024-04-09T15:15:29.109+0300][4130.388s][info][gc,marking  ] GC(277) Concurrent Preclean 1.125ms
[2024-04-09T15:15:29.109+0300][4130.388s][info][gc,start    ] GC(277) Pause Remark
[2024-04-09T15:15:29.152+0300][4130.431s][info][gc          ] GC(277) Pause Remark 622M->598M(1024M) 43.485ms
[2024-04-09T15:15:29.153+0300][4130.431s][info][gc,cpu      ] GC(277) User=0.20s Sys=0.00s Real=0.04s
[2024-04-09T15:15:29.153+0300][4130.431s][info][gc,marking  ] GC(277) Concurrent Mark 353.349ms
[2024-04-09T15:15:29.153+0300][4130.432s][info][gc,marking  ] GC(277) Concurrent Rebuild Remembered Sets
[2024-04-09T15:15:29.564+0300][4130.842s][info][gc,marking  ] GC(277) Concurrent Rebuild Remembered Sets 410.838ms
[2024-04-09T15:15:29.564+0300][4130.843s][info][gc,start    ] GC(277) Pause Cleanup
[2024-04-09T15:15:29.564+0300][4130.843s][info][gc          ] GC(277) Pause Cleanup 598M->598M(1024M) 0.279ms
[2024-04-09T15:15:29.564+0300][4130.843s][info][gc,cpu      ] GC(277) User=0.00s Sys=0.00s Real=0.00s
[2024-04-09T15:15:29.564+0300][4130.843s][info][gc,marking  ] GC(277) Concurrent Cleanup for Next Mark
[2024-04-09T15:15:29.565+0300][4130.844s][info][gc,marking  ] GC(277) Concurrent Cleanup for Next Mark 1.117ms
[2024-04-09T15:15:29.565+0300][4130.844s][info][gc          ] GC(277) Concurrent Mark Cycle 772.961ms
[2024-04-09T15:26:00.012+0300][4761.291s][info][gc,start    ] GC(278) Pause Young (Prepare Mixed) (G1 Evacuation Pause)
[2024-04-09T15:26:00.015+0300][4761.294s][info][gc,task     ] GC(278) Using 6 workers of 6 for evacuation
[2024-04-09T15:26:00.028+0300][4761.306s][info][gc,phases   ] GC(278)   Pre Evacuate Collection Set: 0.4ms
[2024-04-09T15:26:00.028+0300][4761.307s][info][gc,phases   ] GC(278)   Merge Heap Roots: 0.5ms
[2024-04-09T15:26:00.028+0300][4761.307s][info][gc,phases   ] GC(278)   Evacuate Collection Set: 7.3ms
[2024-04-09T15:26:00.028+0300][4761.307s][info][gc,phases   ] GC(278)   Post Evacuate Collection Set: 4.3ms
[2024-04-09T15:26:00.028+0300][4761.307s][info][gc,phases   ] GC(278)   Other: 0.2ms
[2024-04-09T15:26:00.028+0300][4761.307s][info][gc,heap     ] GC(278) Eden regions: 181->0(47)
[2024-04-09T15:26:00.028+0300][4761.307s][info][gc,heap     ] GC(278) Survivor regions: 2->4(23)
[2024-04-09T15:26:00.028+0300][4761.307s][info][gc,heap     ] GC(278) Old regions: 569->569
[2024-04-09T15:26:00.028+0300][4761.307s][info][gc,heap     ] GC(278) Archive regions: 2->2
[2024-04-09T15:26:00.028+0300][4761.307s][info][gc,heap     ] GC(278) Humongous regions: 48->48
[2024-04-09T15:26:00.028+0300][4761.307s][info][gc,metaspace] GC(278) Metaspace: 439689K(447552K)->439689K(447552K) NonClass: 387775K(391744K)->387775K(391744K) Class: 51914K(55808K)->51914K(55808K)
[2024-04-09T15:26:00.028+0300][4761.307s][info][gc          ] GC(278) Pause Young (Prepare Mixed) (G1 Evacuation Pause) 799M->620M(1024M) 15.570ms
[2024-04-09T15:26:00.028+0300][4761.307s][info][gc,cpu      ] GC(278) User=0.04s Sys=0.01s Real=0.02s
[2024-04-09T15:28:50.433+0300][4931.711s][info][gc,start    ] GC(279) Pause Young (Mixed) (G1 Evacuation Pause)
[2024-04-09T15:28:50.435+0300][4931.714s][info][gc,task     ] GC(279) Using 6 workers of 6 for evacuation
[2024-04-09T15:28:50.453+0300][4931.732s][info][gc,phases   ] GC(279)   Pre Evacuate Collection Set: 0.4ms
[2024-04-09T15:28:50.453+0300][4931.732s][info][gc,phases   ] GC(279)   Merge Heap Roots: 0.4ms
[2024-04-09T15:28:50.453+0300][4931.732s][info][gc,phases   ] GC(279)   Evacuate Collection Set: 13.4ms
[2024-04-09T15:28:50.453+0300][4931.732s][info][gc,phases   ] GC(279)   Post Evacuate Collection Set: 3.2ms
[2024-04-09T15:28:50.453+0300][4931.732s][info][gc,phases   ] GC(279)   Other: 0.1ms
[2024-04-09T15:28:50.453+0300][4931.732s][info][gc,heap     ] GC(279) Eden regions: 47->0(183)
[2024-04-09T15:28:50.453+0300][4931.732s][info][gc,heap     ] GC(279) Survivor regions: 4->2(7)
[2024-04-09T15:28:50.453+0300][4931.732s][info][gc,heap     ] GC(279) Old regions: 569->566
[2024-04-09T15:28:50.453+0300][4931.732s][info][gc,heap     ] GC(279) Archive regions: 2->2
[2024-04-09T15:28:50.453+0300][4931.732s][info][gc,heap     ] GC(279) Humongous regions: 53->53
[2024-04-09T15:28:50.453+0300][4931.732s][info][gc,metaspace] GC(279) Metaspace: 439727K(447616K)->439727K(447616K) NonClass: 387813K(391808K)->387813K(391808K) Class: 51914K(55808K)->51914K(55808K)
[2024-04-09T15:28:50.453+0300][4931.732s][info][gc          ] GC(279) Pause Young (Mixed) (G1 Evacuation Pause) 672M->621M(1024M) 20.340ms
[2024-04-09T15:28:50.453+0300][4931.732s][info][gc,cpu      ] GC(279) User=0.08s Sys=0.00s Real=0.03s
[2024-04-09T15:28:58.794+0300][4940.072s][info][gc,start    ] GC(280) Pause Young (Concurrent Start) (G1 Humongous Allocation)
[2024-04-09T15:28:58.794+0300][4940.072s][info][gc,task     ] GC(280) Using 6 workers of 6 for evacuation
[2024-04-09T15:28:58.802+0300][4940.081s][info][gc,phases   ] GC(280)   Pre Evacuate Collection Set: 1.1ms
[2024-04-09T15:28:58.802+0300][4940.081s][info][gc,phases   ] GC(280)   Merge Heap Roots: 0.1ms
[2024-04-09T15:28:58.802+0300][4940.081s][info][gc,phases   ] GC(280)   Evacuate Collection Set: 4.4ms
[2024-04-09T15:28:58.802+0300][4940.081s][info][gc,phases   ] GC(280)   Post Evacuate Collection Set: 2.5ms
[2024-04-09T15:28:58.802+0300][4940.081s][info][gc,phases   ] GC(280)   Other: 0.1ms
[2024-04-09T15:28:58.802+0300][4940.081s][info][gc,heap     ] GC(280) Eden regions: 3->0(174)
[2024-04-09T15:28:58.802+0300][4940.081s][info][gc,heap     ] GC(280) Survivor regions: 2->2(24)
[2024-04-09T15:28:58.802+0300][4940.081s][info][gc,heap     ] GC(280) Old regions: 566->566
[2024-04-09T15:28:58.802+0300][4940.081s][info][gc,heap     ] GC(280) Archive regions: 2->2
[2024-04-09T15:28:58.802+0300][4940.081s][info][gc,heap     ] GC(280) Humongous regions: 53->53
[2024-04-09T15:28:58.802+0300][4940.081s][info][gc,metaspace] GC(280) Metaspace: 439727K(447616K)->439727K(447616K) NonClass: 387813K(391808K)->387813K(391808K) Class: 51914K(55808K)->51914K(55808K)
[2024-04-09T15:28:58.802+0300][4940.081s][info][gc          ] GC(280) Pause Young (Concurrent Start) (G1 Humongous Allocation) 623M->621M(1024M) 8.501ms
[2024-04-09T15:28:58.802+0300][4940.081s][info][gc,cpu      ] GC(280) User=0.02s Sys=0.00s Real=0.01s
[2024-04-09T15:28:58.802+0300][4940.081s][info][gc          ] GC(281) Concurrent Mark Cycle
[2024-04-09T15:28:58.802+0300][4940.081s][info][gc,marking  ] GC(281) Concurrent Clear Claimed Marks
[2024-04-09T15:28:58.803+0300][4940.082s][info][gc,marking  ] GC(281) Concurrent Clear Claimed Marks 0.750ms
[2024-04-09T15:28:58.803+0300][4940.082s][info][gc,marking  ] GC(281) Concurrent Scan Root Regions
[2024-04-09T15:28:58.807+0300][4940.086s][info][gc,marking  ] GC(281) Concurrent Scan Root Regions 3.768ms
[2024-04-09T15:28:58.807+0300][4940.086s][info][gc,marking  ] GC(281) Concurrent Mark
[2024-04-09T15:28:58.807+0300][4940.086s][info][gc,marking  ] GC(281) Concurrent Mark From Roots
[2024-04-09T15:28:58.807+0300][4940.086s][info][gc,task     ] GC(281) Using 2 workers of 2 for marking
[2024-04-09T15:28:59.122+0300][4940.401s][info][gc,marking  ] GC(281) Concurrent Mark From Roots 315.190ms
[2024-04-09T15:28:59.122+0300][4940.401s][info][gc,marking  ] GC(281) Concurrent Preclean
[2024-04-09T15:28:59.123+0300][4940.402s][info][gc,marking  ] GC(281) Concurrent Preclean 1.298ms
[2024-04-09T15:28:59.124+0300][4940.402s][info][gc,start    ] GC(281) Pause Remark
[2024-04-09T15:28:59.150+0300][4940.428s][info][gc          ] GC(281) Pause Remark 623M->596M(1024M) 25.993ms
[2024-04-09T15:28:59.150+0300][4940.428s][info][gc,cpu      ] GC(281) User=0.09s Sys=0.00s Real=0.02s
[2024-04-09T15:28:59.150+0300][4940.429s][info][gc,marking  ] GC(281) Concurrent Mark 342.892ms
[2024-04-09T15:28:59.150+0300][4940.429s][info][gc,marking  ] GC(281) Concurrent Rebuild Remembered Sets
[2024-04-09T15:28:59.478+0300][4940.757s][info][gc,marking  ] GC(281) Concurrent Rebuild Remembered Sets 328.490ms
[2024-04-09T15:28:59.479+0300][4940.758s][info][gc,start    ] GC(281) Pause Cleanup
[2024-04-09T15:28:59.480+0300][4940.758s][info][gc          ] GC(281) Pause Cleanup 596M->596M(1024M) 0.308ms
[2024-04-09T15:28:59.480+0300][4940.758s][info][gc,cpu      ] GC(281) User=0.00s Sys=0.00s Real=0.00s
[2024-04-09T15:28:59.480+0300][4940.758s][info][gc,marking  ] GC(281) Concurrent Cleanup for Next Mark
[2024-04-09T15:28:59.481+0300][4940.760s][info][gc,marking  ] GC(281) Concurrent Cleanup for Next Mark 1.403ms
[2024-04-09T15:28:59.481+0300][4940.760s][info][gc          ] GC(281) Concurrent Mark Cycle 678.780ms
[2024-04-09T15:38:28.699+0300][5509.978s][info][gc,start    ] GC(282) Pause Young (Prepare Mixed) (G1 Evacuation Pause)
[2024-04-09T15:38:28.700+0300][5509.978s][info][gc,task     ] GC(282) Using 6 workers of 6 for evacuation
[2024-04-09T15:38:28.713+0300][5509.992s][info][gc,phases   ] GC(282)   Pre Evacuate Collection Set: 0.4ms
[2024-04-09T15:38:28.714+0300][5509.992s][info][gc,phases   ] GC(282)   Merge Heap Roots: 0.4ms
[2024-04-09T15:38:28.714+0300][5509.992s][info][gc,phases   ] GC(282)   Evacuate Collection Set: 9.4ms
[2024-04-09T15:38:28.714+0300][5509.992s][info][gc,phases   ] GC(282)   Post Evacuate Collection Set: 3.4ms
[2024-04-09T15:38:28.714+0300][5509.992s][info][gc,phases   ] GC(282)   Other: 0.2ms
[2024-04-09T15:38:28.714+0300][5509.992s][info][gc,heap     ] GC(282) Eden regions: 174->0(47)
[2024-04-09T15:38:28.714+0300][5509.992s][info][gc,heap     ] GC(282) Survivor regions: 2->4(22)
[2024-04-09T15:38:28.714+0300][5509.992s][info][gc,heap     ] GC(282) Old regions: 566->566
[2024-04-09T15:38:28.714+0300][5509.992s][info][gc,heap     ] GC(282) Archive regions: 2->2
[2024-04-09T15:38:28.714+0300][5509.992s][info][gc,heap     ] GC(282) Humongous regions: 45->45
[2024-04-09T15:38:28.714+0300][5509.992s][info][gc,metaspace] GC(282) Metaspace: 439961K(447808K)->439961K(447808K) NonClass: 388046K(392000K)->388046K(392000K) Class: 51915K(55808K)->51915K(55808K)
[2024-04-09T15:38:28.714+0300][5509.992s][info][gc          ] GC(282) Pause Young (Prepare Mixed) (G1 Evacuation Pause) 787M->615M(1024M) 14.764ms
[2024-04-09T15:38:28.714+0300][5509.992s][info][gc,cpu      ] GC(282) User=0.04s Sys=0.01s Real=0.02s
[2024-04-09T15:41:00.014+0300][5661.293s][info][gc,start    ] GC(283) Pause Young (Mixed) (G1 Evacuation Pause)
[2024-04-09T15:41:00.014+0300][5661.293s][info][gc,task     ] GC(283) Using 6 workers of 6 for evacuation
[2024-04-09T15:41:00.038+0300][5661.317s][info][gc,phases   ] GC(283)   Pre Evacuate Collection Set: 0.3ms
[2024-04-09T15:41:00.038+0300][5661.317s][info][gc,phases   ] GC(283)   Merge Heap Roots: 0.5ms
[2024-04-09T15:41:00.038+0300][5661.317s][info][gc,phases   ] GC(283)   Evacuate Collection Set: 20.9ms
[2024-04-09T15:41:00.038+0300][5661.317s][info][gc,phases   ] GC(283)   Post Evacuate Collection Set: 2.4ms
[2024-04-09T15:41:00.038+0300][5661.317s][info][gc,phases   ] GC(283)   Other: 0.1ms
[2024-04-09T15:41:00.038+0300][5661.317s][info][gc,heap     ] GC(283) Eden regions: 47->0(179)
[2024-04-09T15:41:00.038+0300][5661.317s][info][gc,heap     ] GC(283) Survivor regions: 4->4(7)
[2024-04-09T15:41:00.038+0300][5661.317s][info][gc,heap     ] GC(283) Old regions: 566->563
[2024-04-09T15:41:00.038+0300][5661.317s][info][gc,heap     ] GC(283) Archive regions: 2->2
[2024-04-09T15:41:00.038+0300][5661.317s][info][gc,heap     ] GC(283) Humongous regions: 51->51
[2024-04-09T15:41:00.038+0300][5661.317s][info][gc,metaspace] GC(283) Metaspace: 439997K(447808K)->439997K(447808K) NonClass: 388081K(392000K)->388081K(392000K) Class: 51915K(55808K)->51915K(55808K)
[2024-04-09T15:41:00.038+0300][5661.317s][info][gc          ] GC(283) Pause Young (Mixed) (G1 Evacuation Pause) 668M->618M(1024M) 24.493ms
[2024-04-09T15:41:00.038+0300][5661.317s][info][gc,cpu      ] GC(283) User=0.09s Sys=0.00s Real=0.02s
[2024-04-09T15:41:28.812+0300][5690.090s][info][gc,start    ] GC(284) Pause Young (Concurrent Start) (G1 Humongous Allocation)
[2024-04-09T15:41:28.812+0300][5690.090s][info][gc,task     ] GC(284) Using 6 workers of 6 for evacuation
[2024-04-09T15:41:28.817+0300][5690.096s][info][gc,phases   ] GC(284)   Pre Evacuate Collection Set: 0.9ms
[2024-04-09T15:41:28.818+0300][5690.096s][info][gc,phases   ] GC(284)   Merge Heap Roots: 0.1ms
[2024-04-09T15:41:28.818+0300][5690.096s][info][gc,phases   ] GC(284)   Evacuate Collection Set: 2.6ms
[2024-04-09T15:41:28.818+0300][5690.096s][info][gc,phases   ] GC(284)   Post Evacuate Collection Set: 2.0ms
[2024-04-09T15:41:28.818+0300][5690.096s][info][gc,phases   ] GC(284)   Other: 0.1ms
[2024-04-09T15:41:28.818+0300][5690.096s][info][gc,heap     ] GC(284) Eden regions: 9->0(183)
[2024-04-09T15:41:28.818+0300][5690.096s][info][gc,heap     ] GC(284) Survivor regions: 4->3(23)
[2024-04-09T15:41:28.818+0300][5690.096s][info][gc,heap     ] GC(284) Old regions: 563->563
[2024-04-09T15:41:28.818+0300][5690.096s][info][gc,heap     ] GC(284) Archive regions: 2->2
[2024-04-09T15:41:28.818+0300][5690.096s][info][gc,heap     ] GC(284) Humongous regions: 51->51
[2024-04-09T15:41:28.818+0300][5690.096s][info][gc,metaspace] GC(284) Metaspace: 439998K(447808K)->439998K(447808K) NonClass: 388082K(392000K)->388082K(392000K) Class: 51915K(55808K)->51915K(55808K)
[2024-04-09T15:41:28.818+0300][5690.096s][info][gc          ] GC(284) Pause Young (Concurrent Start) (G1 Humongous Allocation) 626M->617M(1024M) 5.904ms
[2024-04-09T15:41:28.818+0300][5690.096s][info][gc          ] GC(285) Concurrent Mark Cycle
[2024-04-09T15:41:28.818+0300][5690.096s][info][gc,marking  ] GC(285) Concurrent Clear Claimed Marks
[2024-04-09T15:41:28.818+0300][5690.096s][info][gc,cpu      ] GC(284) User=0.02s Sys=0.00s Real=0.01s
[2024-04-09T15:41:28.818+0300][5690.097s][info][gc,marking  ] GC(285) Concurrent Clear Claimed Marks 0.795ms
[2024-04-09T15:41:28.818+0300][5690.097s][info][gc,marking  ] GC(285) Concurrent Scan Root Regions
[2024-04-09T15:41:28.822+0300][5690.101s][info][gc,marking  ] GC(285) Concurrent Scan Root Regions 3.763ms
[2024-04-09T15:41:28.822+0300][5690.101s][info][gc,marking  ] GC(285) Concurrent Mark
[2024-04-09T15:41:28.822+0300][5690.101s][info][gc,marking  ] GC(285) Concurrent Mark From Roots
[2024-04-09T15:41:28.822+0300][5690.101s][info][gc,task     ] GC(285) Using 2 workers of 2 for marking
[2024-04-09T15:41:29.140+0300][5690.419s][info][gc,marking  ] GC(285) Concurrent Mark From Roots 317.687ms
[2024-04-09T15:41:29.140+0300][5690.419s][info][gc,marking  ] GC(285) Concurrent Preclean
[2024-04-09T15:41:29.141+0300][5690.420s][info][gc,marking  ] GC(285) Concurrent Preclean 1.234ms
[2024-04-09T15:41:29.141+0300][5690.420s][info][gc,start    ] GC(285) Pause Remark
[2024-04-09T15:41:29.188+0300][5690.467s][info][gc          ] GC(285) Pause Remark 619M->594M(1024M) 46.967ms
[2024-04-09T15:41:29.188+0300][5690.467s][info][gc,cpu      ] GC(285) User=0.23s Sys=0.00s Real=0.04s
[2024-04-09T15:41:29.189+0300][5690.467s][info][gc,marking  ] GC(285) Concurrent Mark 366.368ms
[2024-04-09T15:41:29.189+0300][5690.467s][info][gc,marking  ] GC(285) Concurrent Rebuild Remembered Sets
[2024-04-09T15:41:29.558+0300][5690.837s][info][gc,marking  ] GC(285) Concurrent Rebuild Remembered Sets 369.464ms
[2024-04-09T15:41:29.558+0300][5690.837s][info][gc,start    ] GC(285) Pause Cleanup
[2024-04-09T15:41:29.559+0300][5690.837s][info][gc          ] GC(285) Pause Cleanup 594M->594M(1024M) 0.357ms
[2024-04-09T15:41:29.559+0300][5690.837s][info][gc,cpu      ] GC(285) User=0.00s Sys=0.00s Real=0.00s
[2024-04-09T15:41:29.559+0300][5690.838s][info][gc,marking  ] GC(285) Concurrent Cleanup for Next Mark
[2024-04-09T15:41:29.560+0300][5690.839s][info][gc,marking  ] GC(285) Concurrent Cleanup for Next Mark 1.387ms
[2024-04-09T15:41:29.560+0300][5690.839s][info][gc          ] GC(285) Concurrent Mark Cycle 742.640ms
[2024-04-09T15:43:44.048+0300][5825.327s][info][gc,start    ] GC(286) Pause Young (Prepare Mixed) (G1 Evacuation Pause)
[2024-04-09T15:43:44.048+0300][5825.327s][info][gc,task     ] GC(286) Using 6 workers of 6 for evacuation
[2024-04-09T15:43:44.057+0300][5825.335s][info][gc,phases   ] GC(286)   Pre Evacuate Collection Set: 0.2ms
[2024-04-09T15:43:44.057+0300][5825.335s][info][gc,phases   ] GC(286)   Merge Heap Roots: 0.2ms
[2024-04-09T15:43:44.057+0300][5825.335s][info][gc,phases   ] GC(286)   Evacuate Collection Set: 5.8ms
[2024-04-09T15:43:44.057+0300][5825.335s][info][gc,phases   ] GC(286)   Post Evacuate Collection Set: 1.9ms
[2024-04-09T15:43:44.057+0300][5825.335s][info][gc,phases   ] GC(286)   Other: 0.1ms
[2024-04-09T15:43:44.057+0300][5825.335s][info][gc,heap     ] GC(286) Eden regions: 183->0(34)
[2024-04-09T15:43:44.057+0300][5825.335s][info][gc,heap     ] GC(286) Survivor regions: 3->17(24)
[2024-04-09T15:43:44.057+0300][5825.335s][info][gc,heap     ] GC(286) Old regions: 563->563
[2024-04-09T15:43:44.057+0300][5825.335s][info][gc,heap     ] GC(286) Archive regions: 2->2
[2024-04-09T15:43:44.057+0300][5825.335s][info][gc,heap     ] GC(286) Humongous regions: 33->33
[2024-04-09T15:43:44.057+0300][5825.335s][info][gc,metaspace] GC(286) Metaspace: 440344K(448128K)->440344K(448128K) NonClass: 388388K(392320K)->388388K(392320K) Class: 51956K(55808K)->51956K(55808K)
[2024-04-09T15:43:44.057+0300][5825.335s][info][gc          ] GC(286) Pause Young (Prepare Mixed) (G1 Evacuation Pause) 782M->613M(1024M) 8.325ms
[2024-04-09T15:43:44.057+0300][5825.335s][info][gc,cpu      ] GC(286) User=0.03s Sys=0.01s Real=0.01s
[2024-04-09T15:43:44.230+0300][5825.508s][info][gc,start    ] GC(287) Pause Young (Mixed) (G1 Evacuation Pause)
[2024-04-09T15:43:44.230+0300][5825.508s][info][gc,task     ] GC(287) Using 6 workers of 6 for evacuation
[2024-04-09T15:43:44.249+0300][5825.528s][info][gc,phases   ] GC(287)   Pre Evacuate Collection Set: 0.2ms
[2024-04-09T15:43:44.249+0300][5825.528s][info][gc,phases   ] GC(287)   Merge Heap Roots: 0.4ms
[2024-04-09T15:43:44.249+0300][5825.528s][info][gc,phases   ] GC(287)   Evacuate Collection Set: 17.1ms
[2024-04-09T15:43:44.249+0300][5825.528s][info][gc,phases   ] GC(287)   Post Evacuate Collection Set: 1.8ms
[2024-04-09T15:43:44.249+0300][5825.528s][info][gc,phases   ] GC(287)   Other: 0.1ms
[2024-04-09T15:43:44.249+0300][5825.528s][info][gc,heap     ] GC(287) Eden regions: 34->0(181)
[2024-04-09T15:43:44.249+0300][5825.528s][info][gc,heap     ] GC(287) Survivor regions: 17->2(7)
[2024-04-09T15:43:44.249+0300][5825.528s][info][gc,heap     ] GC(287) Old regions: 563->575
[2024-04-09T15:43:44.249+0300][5825.528s][info][gc,heap     ] GC(287) Archive regions: 2->2
[2024-04-09T15:43:44.249+0300][5825.528s][info][gc,heap     ] GC(287) Humongous regions: 33->33
[2024-04-09T15:43:44.249+0300][5825.528s][info][gc,metaspace] GC(287) Metaspace: 440351K(448128K)->440351K(448128K) NonClass: 388394K(392320K)->388394K(392320K) Class: 51956K(55808K)->51956K(55808K)
[2024-04-09T15:43:44.249+0300][5825.528s][info][gc          ] GC(287) Pause Young (Mixed) (G1 Evacuation Pause) 647M->610M(1024M) 19.707ms
[2024-04-09T15:43:44.249+0300][5825.528s][info][gc,cpu      ] GC(287) User=0.11s Sys=0.00s Real=0.02s
[2024-04-09T15:43:45.339+0300][5826.618s][info][gc,start    ] GC(288) Pause Young (Concurrent Start) (G1 Evacuation Pause)
[2024-04-09T15:43:45.339+0300][5826.618s][info][gc,task     ] GC(288) Using 6 workers of 6 for evacuation
[2024-04-09T15:43:45.344+0300][5826.623s][info][gc,phases   ] GC(288)   Pre Evacuate Collection Set: 0.9ms
[2024-04-09T15:43:45.344+0300][5826.623s][info][gc,phases   ] GC(288)   Merge Heap Roots: 0.1ms
[2024-04-09T15:43:45.344+0300][5826.623s][info][gc,phases   ] GC(288)   Evacuate Collection Set: 2.9ms
[2024-04-09T15:43:45.344+0300][5826.623s][info][gc,phases   ] GC(288)   Post Evacuate Collection Set: 1.3ms
[2024-04-09T15:43:45.344+0300][5826.623s][info][gc,phases   ] GC(288)   Other: 0.2ms
[2024-04-09T15:43:45.344+0300][5826.623s][info][gc,heap     ] GC(288) Eden regions: 181->0(184)
[2024-04-09T15:43:45.344+0300][5826.623s][info][gc,heap     ] GC(288) Survivor regions: 2->3(23)
[2024-04-09T15:43:45.344+0300][5826.623s][info][gc,heap     ] GC(288) Old regions: 575->575
[2024-04-09T15:43:45.344+0300][5826.623s][info][gc,heap     ] GC(288) Archive regions: 2->2
[2024-04-09T15:43:45.344+0300][5826.623s][info][gc,heap     ] GC(288) Humongous regions: 33->33
[2024-04-09T15:43:45.344+0300][5826.623s][info][gc,metaspace] GC(288) Metaspace: 440462K(448256K)->440462K(448256K) NonClass: 388491K(392448K)->388491K(392448K) Class: 51971K(55808K)->51971K(55808K)
[2024-04-09T15:43:45.344+0300][5826.623s][info][gc          ] GC(288) Pause Young (Concurrent Start) (G1 Evacuation Pause) 791M->610M(1024M) 5.575ms
[2024-04-09T15:43:45.344+0300][5826.623s][info][gc,cpu      ] GC(288) User=0.02s Sys=0.00s Real=0.01s
[2024-04-09T15:43:45.345+0300][5826.623s][info][gc          ] GC(289) Concurrent Mark Cycle
[2024-04-09T15:43:45.345+0300][5826.623s][info][gc,marking  ] GC(289) Concurrent Clear Claimed Marks
[2024-04-09T15:43:45.346+0300][5826.624s][info][gc,marking  ] GC(289) Concurrent Clear Claimed Marks 1.182ms
[2024-04-09T15:43:45.346+0300][5826.624s][info][gc,marking  ] GC(289) Concurrent Scan Root Regions
[2024-04-09T15:43:45.349+0300][5826.628s][info][gc,marking  ] GC(289) Concurrent Scan Root Regions 3.105ms
[2024-04-09T15:43:45.349+0300][5826.628s][info][gc,marking  ] GC(289) Concurrent Mark
[2024-04-09T15:43:45.349+0300][5826.628s][info][gc,marking  ] GC(289) Concurrent Mark From Roots
[2024-04-09T15:43:45.349+0300][5826.628s][info][gc,task     ] GC(289) Using 2 workers of 2 for marking
[2024-04-09T15:43:45.593+0300][5826.872s][info][gc,marking  ] GC(289) Concurrent Mark From Roots 243.958ms
[2024-04-09T15:43:45.593+0300][5826.872s][info][gc,marking  ] GC(289) Concurrent Preclean
[2024-04-09T15:43:45.594+0300][5826.873s][info][gc,marking  ] GC(289) Concurrent Preclean 1.091ms
[2024-04-09T15:43:45.594+0300][5826.873s][info][gc,start    ] GC(289) Pause Remark
[2024-04-09T15:43:45.635+0300][5826.914s][info][gc          ] GC(289) Pause Remark 701M->695M(1024M) 40.757ms
[2024-04-09T15:43:45.635+0300][5826.914s][info][gc,cpu      ] GC(289) User=0.16s Sys=0.00s Real=0.04s
[2024-04-09T15:43:45.635+0300][5826.914s][info][gc,marking  ] GC(289) Concurrent Mark 286.149ms
[2024-04-09T15:43:45.635+0300][5826.914s][info][gc,marking  ] GC(289) Concurrent Rebuild Remembered Sets
[2024-04-09T15:43:45.860+0300][5827.139s][info][gc,start    ] GC(290) Pause Young (Normal) (G1 Evacuation Pause)
[2024-04-09T15:43:45.860+0300][5827.139s][info][gc,task     ] GC(290) Using 6 workers of 6 for evacuation
[2024-04-09T15:43:45.865+0300][5827.143s][info][gc,phases   ] GC(290)   Pre Evacuate Collection Set: 0.1ms
[2024-04-09T15:43:45.865+0300][5827.143s][info][gc,phases   ] GC(290)   Merge Heap Roots: 0.1ms
[2024-04-09T15:43:45.865+0300][5827.143s][info][gc,phases   ] GC(290)   Evacuate Collection Set: 2.8ms
[2024-04-09T15:43:45.865+0300][5827.143s][info][gc,phases   ] GC(290)   Post Evacuate Collection Set: 1.2ms
[2024-04-09T15:43:45.865+0300][5827.143s][info][gc,phases   ] GC(290)   Other: 0.1ms
[2024-04-09T15:43:45.865+0300][5827.143s][info][gc,heap     ] GC(290) Eden regions: 184->0(192)
[2024-04-09T15:43:45.865+0300][5827.143s][info][gc,heap     ] GC(290) Survivor regions: 3->4(24)
[2024-04-09T15:43:45.865+0300][5827.143s][info][gc,heap     ] GC(290) Old regions: 574->574
[2024-04-09T15:43:45.865+0300][5827.143s][info][gc,heap     ] GC(290) Archive regions: 2->2
[2024-04-09T15:43:45.865+0300][5827.143s][info][gc,heap     ] GC(290) Humongous regions: 28->28
[2024-04-09T15:43:45.865+0300][5827.143s][info][gc,metaspace] GC(290) Metaspace: 437535K(448128K)->437535K(448128K) NonClass: 385785K(392320K)->385785K(392320K) Class: 51749K(55808K)->51749K(55808K)
[2024-04-09T15:43:45.865+0300][5827.143s][info][gc          ] GC(290) Pause Young (Normal) (G1 Evacuation Pause) 788M->605M(1024M) 4.483ms
[2024-04-09T15:43:45.865+0300][5827.143s][info][gc,cpu      ] GC(290) User=0.02s Sys=0.00s Real=0.01s
[2024-04-09T15:43:45.953+0300][5827.231s][info][gc,marking  ] GC(289) Concurrent Rebuild Remembered Sets 317.614ms
[2024-04-09T15:43:45.953+0300][5827.232s][info][gc,start    ] GC(289) Pause Cleanup
[2024-04-09T15:43:45.953+0300][5827.232s][info][gc          ] GC(289) Pause Cleanup 640M->640M(1024M) 0.313ms
[2024-04-09T15:43:45.953+0300][5827.232s][info][gc,cpu      ] GC(289) User=0.00s Sys=0.00s Real=0.00s
[2024-04-09T15:43:45.953+0300][5827.232s][info][gc,marking  ] GC(289) Concurrent Cleanup for Next Mark
[2024-04-09T15:43:45.955+0300][5827.233s][info][gc,marking  ] GC(289) Concurrent Cleanup for Next Mark 1.253ms
[2024-04-09T15:43:45.955+0300][5827.233s][info][gc          ] GC(289) Concurrent Mark Cycle 610.035ms
[2024-04-09T15:43:46.317+0300][5827.596s][info][gc,start    ] GC(291) Pause Young (Prepare Mixed) (G1 Evacuation Pause)
[2024-04-09T15:43:46.317+0300][5827.596s][info][gc,task     ] GC(291) Using 6 workers of 6 for evacuation
[2024-04-09T15:43:46.323+0300][5827.601s][info][gc,phases   ] GC(291)   Pre Evacuate Collection Set: 0.1ms
[2024-04-09T15:43:46.323+0300][5827.601s][info][gc,phases   ] GC(291)   Merge Heap Roots: 0.1ms
[2024-04-09T15:43:46.323+0300][5827.601s][info][gc,phases   ] GC(291)   Evacuate Collection Set: 3.6ms
[2024-04-09T15:43:46.323+0300][5827.601s][info][gc,phases   ] GC(291)   Post Evacuate Collection Set: 1.6ms
[2024-04-09T15:43:46.323+0300][5827.601s][info][gc,phases   ] GC(291)   Other: 0.0ms
[2024-04-09T15:43:46.323+0300][5827.601s][info][gc,heap     ] GC(291) Eden regions: 192->0(47)
[2024-04-09T15:43:46.323+0300][5827.601s][info][gc,heap     ] GC(291) Survivor regions: 4->4(25)
[2024-04-09T15:43:46.323+0300][5827.601s][info][gc,heap     ] GC(291) Old regions: 574->574
[2024-04-09T15:43:46.323+0300][5827.601s][info][gc,heap     ] GC(291) Archive regions: 2->2
[2024-04-09T15:43:46.323+0300][5827.601s][info][gc,heap     ] GC(291) Humongous regions: 28->28
[2024-04-09T15:43:46.323+0300][5827.601s][info][gc,metaspace] GC(291) Metaspace: 437574K(448128K)->437574K(448128K) NonClass: 385820K(392320K)->385820K(392320K) Class: 51753K(55808K)->51753K(55808K)
[2024-04-09T15:43:46.323+0300][5827.601s][info][gc          ] GC(291) Pause Young (Prepare Mixed) (G1 Evacuation Pause) 797M->606M(1024M) 5.613ms
[2024-04-09T15:43:46.323+0300][5827.601s][info][gc,cpu      ] GC(291) User=0.03s Sys=0.00s Real=0.01s
[2024-04-09T15:43:46.548+0300][5827.827s][info][gc,start    ] GC(292) Pause Young (Mixed) (G1 Evacuation Pause)
[2024-04-09T15:43:46.548+0300][5827.827s][info][gc,task     ] GC(292) Using 6 workers of 6 for evacuation
[2024-04-09T15:43:46.566+0300][5827.845s][info][gc,phases   ] GC(292)   Pre Evacuate Collection Set: 0.1ms
[2024-04-09T15:43:46.566+0300][5827.845s][info][gc,phases   ] GC(292)   Merge Heap Roots: 0.3ms
[2024-04-09T15:43:46.566+0300][5827.845s][info][gc,phases   ] GC(292)   Evacuate Collection Set: 15.1ms
[2024-04-09T15:43:46.566+0300][5827.845s][info][gc,phases   ] GC(292)   Post Evacuate Collection Set: 2.1ms
[2024-04-09T15:43:46.566+0300][5827.845s][info][gc,phases   ] GC(292)   Other: 0.1ms
[2024-04-09T15:43:46.566+0300][5827.845s][info][gc,heap     ] GC(292) Eden regions: 47->0(246)
[2024-04-09T15:43:46.566+0300][5827.845s][info][gc,heap     ] GC(292) Survivor regions: 4->4(7)
[2024-04-09T15:43:46.566+0300][5827.845s][info][gc,heap     ] GC(292) Old regions: 574->544
[2024-04-09T15:43:46.566+0300][5827.845s][info][gc,heap     ] GC(292) Archive regions: 2->2
[2024-04-09T15:43:46.566+0300][5827.845s][info][gc,heap     ] GC(292) Humongous regions: 28->5
[2024-04-09T15:43:46.566+0300][5827.845s][info][gc,metaspace] GC(292) Metaspace: 437682K(448192K)->437682K(448192K) NonClass: 385919K(392384K)->385919K(392384K) Class: 51762K(55808K)->51762K(55808K)
[2024-04-09T15:43:46.566+0300][5827.845s][info][gc          ] GC(292) Pause Young (Mixed) (G1 Evacuation Pause) 653M->552M(1024M) 17.771ms
[2024-04-09T15:43:46.566+0300][5827.845s][info][gc,cpu      ] GC(292) User=0.08s Sys=0.00s Real=0.02s
