[2024-04-04T22:41:45.004+0300][0.002s][info][gc,init] CardTable entry size: 512
[2024-04-04T22:41:45.004+0300][0.002s][info][gc     ] Using G1
[2024-04-04T22:41:45.012+0300][0.009s][info][gc,init] Version: 19.0.2+7-Ubuntu-0ubuntu322.04 (release)
[2024-04-04T22:41:45.012+0300][0.009s][info][gc,init] CPUs: 6 total, 6 available
[2024-04-04T22:41:45.012+0300][0.009s][info][gc,init] Memory: 7932M
[2024-04-04T22:41:45.012+0300][0.009s][info][gc,init] Large Page Support: Disabled
[2024-04-04T22:41:45.012+0300][0.009s][info][gc,init] NUMA Support: Disabled
[2024-04-04T22:41:45.012+0300][0.009s][info][gc,init] Compressed Oops: Enabled (32-bit)
[2024-04-04T22:41:45.012+0300][0.009s][info][gc,init] Heap Region Size: 1M
[2024-04-04T22:41:45.012+0300][0.009s][info][gc,init] Heap Min Capacity: 1G
[2024-04-04T22:41:45.012+0300][0.009s][info][gc,init] Heap Initial Capacity: 1G
[2024-04-04T22:41:45.012+0300][0.009s][info][gc,init] Heap Max Capacity: 1G
[2024-04-04T22:41:45.012+0300][0.009s][info][gc,init] Pre-touch: Disabled
[2024-04-04T22:41:45.012+0300][0.009s][info][gc,init] Parallel Workers: 6
[2024-04-04T22:41:45.012+0300][0.009s][info][gc,init] Concurrent Workers: 2
[2024-04-04T22:41:45.012+0300][0.009s][info][gc,init] Concurrent Refinement Workers: 6
[2024-04-04T22:41:45.012+0300][0.009s][info][gc,init] Periodic GC: Disabled
[2024-04-04T22:41:45.012+0300][0.009s][info][gc,metaspace] CDS archive(s) mapped at: [0x0000000800000000-0x0000000800c51000-0x0000000800c51000), size 12914688, SharedBaseAddress: 0x0000000800000000, ArchiveRelocationMode: 0.
[2024-04-04T22:41:45.012+0300][0.009s][info][gc,metaspace] Compressed class space mapped at: 0x0000000801000000-0x0000000841000000, reserved size: 1073741824
[2024-04-04T22:41:45.012+0300][0.009s][info][gc,metaspace] Narrow klass base: 0x0000000800000000, Narrow klass shift: 0, Narrow klass range: 0x100000000
[2024-04-04T22:41:45.557+0300][0.555s][info][gc,start    ] GC(0) Pause Young (Normal) (G1 Evacuation Pause)
[2024-04-04T22:41:45.558+0300][0.555s][info][gc,task     ] GC(0) Using 6 workers of 6 for evacuation
[2024-04-04T22:41:45.562+0300][0.560s][info][gc,phases   ] GC(0)   Pre Evacuate Collection Set: 0.1ms
[2024-04-04T22:41:45.562+0300][0.560s][info][gc,phases   ] GC(0)   Merge Heap Roots: 0.1ms
[2024-04-04T22:41:45.562+0300][0.560s][info][gc,phases   ] GC(0)   Evacuate Collection Set: 3.9ms
[2024-04-04T22:41:45.562+0300][0.560s][info][gc,phases   ] GC(0)   Post Evacuate Collection Set: 0.4ms
[2024-04-04T22:41:45.562+0300][0.560s][info][gc,phases   ] GC(0)   Other: 0.5ms
[2024-04-04T22:41:45.562+0300][0.560s][info][gc,heap     ] GC(0) Eden regions: 51->0(44)
[2024-04-04T22:41:45.562+0300][0.560s][info][gc,heap     ] GC(0) Survivor regions: 0->7(7)
[2024-04-04T22:41:45.562+0300][0.560s][info][gc,heap     ] GC(0) Old regions: 0->4
[2024-04-04T22:41:45.562+0300][0.560s][info][gc,heap     ] GC(0) Archive regions: 2->2
[2024-04-04T22:41:45.562+0300][0.560s][info][gc,heap     ] GC(0) Humongous regions: 1->0
[2024-04-04T22:41:45.562+0300][0.560s][info][gc,metaspace] GC(0) Metaspace: 11351K(11648K)->11351K(11648K) NonClass: 10250K(10432K)->10250K(10432K) Class: 1100K(1216K)->1100K(1216K)
[2024-04-04T22:41:45.562+0300][0.560s][info][gc          ] GC(0) Pause Young (Normal) (G1 Evacuation Pause) 52M->11M(1024M) 5.076ms
[2024-04-04T22:41:45.562+0300][0.560s][info][gc,cpu      ] GC(0) User=0.02s Sys=0.00s Real=0.00s
[2024-04-04T22:41:45.661+0300][0.658s][info][gc,start    ] GC(1) Pause Young (Normal) (G1 Evacuation Pause)
[2024-04-04T22:41:45.661+0300][0.658s][info][gc,task     ] GC(1) Using 6 workers of 6 for evacuation
[2024-04-04T22:41:45.665+0300][0.663s][info][gc,phases   ] GC(1)   Pre Evacuate Collection Set: 0.1ms
[2024-04-04T22:41:45.665+0300][0.663s][info][gc,phases   ] GC(1)   Merge Heap Roots: 0.0ms
[2024-04-04T22:41:45.665+0300][0.663s][info][gc,phases   ] GC(1)   Evacuate Collection Set: 3.8ms
[2024-04-04T22:41:45.665+0300][0.663s][info][gc,phases   ] GC(1)   Post Evacuate Collection Set: 0.6ms
[2024-04-04T22:41:45.665+0300][0.663s][info][gc,phases   ] GC(1)   Other: 0.0ms
[2024-04-04T22:41:45.665+0300][0.663s][info][gc,heap     ] GC(1) Eden regions: 44->0(45)
[2024-04-04T22:41:45.665+0300][0.663s][info][gc,heap     ] GC(1) Survivor regions: 7->7(7)
[2024-04-04T22:41:45.665+0300][0.663s][info][gc,heap     ] GC(1) Old regions: 4->18
[2024-04-04T22:41:45.665+0300][0.663s][info][gc,heap     ] GC(1) Archive regions: 2->2
[2024-04-04T22:41:45.665+0300][0.663s][info][gc,heap     ] GC(1) Humongous regions: 5->3
[2024-04-04T22:41:45.665+0300][0.663s][info][gc,metaspace] GC(1) Metaspace: 12185K(12480K)->12185K(12480K) NonClass: 11002K(11136K)->11002K(11136K) Class: 1183K(1344K)->1183K(1344K)
[2024-04-04T22:41:45.665+0300][0.663s][info][gc          ] GC(1) Pause Young (Normal) (G1 Evacuation Pause) 60M->28M(1024M) 4.675ms
[2024-04-04T22:41:45.665+0300][0.663s][info][gc,cpu      ] GC(1) User=0.01s Sys=0.02s Real=0.01s
[2024-04-04T22:41:45.737+0300][0.735s][info][gc,start    ] GC(2) Pause Young (Normal) (G1 Evacuation Pause)
[2024-04-04T22:41:45.737+0300][0.735s][info][gc,task     ] GC(2) Using 6 workers of 6 for evacuation
[2024-04-04T22:41:45.740+0300][0.737s][info][gc,phases   ] GC(2)   Pre Evacuate Collection Set: 0.1ms
[2024-04-04T22:41:45.740+0300][0.737s][info][gc,phases   ] GC(2)   Merge Heap Roots: 0.0ms
[2024-04-04T22:41:45.740+0300][0.737s][info][gc,phases   ] GC(2)   Evacuate Collection Set: 1.5ms
[2024-04-04T22:41:45.740+0300][0.737s][info][gc,phases   ] GC(2)   Post Evacuate Collection Set: 0.4ms
[2024-04-04T22:41:45.740+0300][0.737s][info][gc,phases   ] GC(2)   Other: 0.0ms
[2024-04-04T22:41:45.740+0300][0.737s][info][gc,heap     ] GC(2) Eden regions: 45->0(73)
[2024-04-04T22:41:45.740+0300][0.737s][info][gc,heap     ] GC(2) Survivor regions: 7->4(7)
[2024-04-04T22:41:45.740+0300][0.737s][info][gc,heap     ] GC(2) Old regions: 18->25
[2024-04-04T22:41:45.740+0300][0.737s][info][gc,heap     ] GC(2) Archive regions: 2->2
[2024-04-04T22:41:45.740+0300][0.737s][info][gc,heap     ] GC(2) Humongous regions: 3->3
[2024-04-04T22:41:45.740+0300][0.737s][info][gc,metaspace] GC(2) Metaspace: 12512K(12864K)->12512K(12864K) NonClass: 11297K(11456K)->11297K(11456K) Class: 1215K(1408K)->1215K(1408K)
[2024-04-04T22:41:45.740+0300][0.737s][info][gc          ] GC(2) Pause Young (Normal) (G1 Evacuation Pause) 73M->32M(1024M) 2.262ms
[2024-04-04T22:41:45.740+0300][0.737s][info][gc,cpu      ] GC(2) User=0.00s Sys=0.00s Real=0.00s
[2024-04-04T22:41:45.826+0300][0.824s][info][gc,start    ] GC(3) Pause Young (Normal) (G1 Evacuation Pause)
[2024-04-04T22:41:45.826+0300][0.824s][info][gc,task     ] GC(3) Using 6 workers of 6 for evacuation
[2024-04-04T22:41:45.828+0300][0.825s][info][gc,phases   ] GC(3)   Pre Evacuate Collection Set: 0.1ms
[2024-04-04T22:41:45.828+0300][0.826s][info][gc,phases   ] GC(3)   Merge Heap Roots: 0.1ms
[2024-04-04T22:41:45.828+0300][0.826s][info][gc,phases   ] GC(3)   Evacuate Collection Set: 1.4ms
[2024-04-04T22:41:45.828+0300][0.826s][info][gc,phases   ] GC(3)   Post Evacuate Collection Set: 0.3ms
[2024-04-04T22:41:45.828+0300][0.826s][info][gc,phases   ] GC(3)   Other: 0.0ms
[2024-04-04T22:41:45.828+0300][0.826s][info][gc,heap     ] GC(3) Eden regions: 73->0(608)
[2024-04-04T22:41:45.828+0300][0.826s][info][gc,heap     ] GC(3) Survivor regions: 4->6(10)
[2024-04-04T22:41:45.828+0300][0.826s][info][gc,heap     ] GC(3) Old regions: 25->25
[2024-04-04T22:41:45.828+0300][0.826s][info][gc,heap     ] GC(3) Archive regions: 2->2
[2024-04-04T22:41:45.828+0300][0.826s][info][gc,heap     ] GC(3) Humongous regions: 3->3
[2024-04-04T22:41:45.828+0300][0.826s][info][gc,metaspace] GC(3) Metaspace: 13215K(13568K)->13215K(13568K) NonClass: 11932K(12096K)->11932K(12096K) Class: 1283K(1472K)->1283K(1472K)
[2024-04-04T22:41:45.828+0300][0.826s][info][gc          ] GC(3) Pause Young (Normal) (G1 Evacuation Pause) 105M->34M(1024M) 1.942ms
[2024-04-04T22:41:45.828+0300][0.826s][info][gc,cpu      ] GC(3) User=0.00s Sys=0.01s Real=0.00s
[2024-04-04T22:41:46.328+0300][1.325s][info][gc,start    ] GC(4) Pause Young (Concurrent Start) (Metadata GC Threshold)
[2024-04-04T22:41:46.328+0300][1.325s][info][gc,task     ] GC(4) Using 6 workers of 6 for evacuation
[2024-04-04T22:41:46.332+0300][1.330s][info][gc,phases   ] GC(4)   Pre Evacuate Collection Set: 0.2ms
[2024-04-04T22:41:46.332+0300][1.330s][info][gc,phases   ] GC(4)   Merge Heap Roots: 0.1ms
[2024-04-04T22:41:46.332+0300][1.330s][info][gc,phases   ] GC(4)   Evacuate Collection Set: 3.3ms
[2024-04-04T22:41:46.332+0300][1.330s][info][gc,phases   ] GC(4)   Post Evacuate Collection Set: 0.6ms
[2024-04-04T22:41:46.332+0300][1.330s][info][gc,phases   ] GC(4)   Other: 0.2ms
[2024-04-04T22:41:46.332+0300][1.330s][info][gc,heap     ] GC(4) Eden regions: 366->0(606)
[2024-04-04T22:41:46.332+0300][1.330s][info][gc,heap     ] GC(4) Survivor regions: 6->8(77)
[2024-04-04T22:41:46.332+0300][1.330s][info][gc,heap     ] GC(4) Old regions: 25->25
[2024-04-04T22:41:46.332+0300][1.330s][info][gc,heap     ] GC(4) Archive regions: 2->2
[2024-04-04T22:41:46.332+0300][1.330s][info][gc,heap     ] GC(4) Humongous regions: 3->3
[2024-04-04T22:41:46.332+0300][1.330s][info][gc,metaspace] GC(4) Metaspace: 21160K(21504K)->21160K(21504K) NonClass: 18837K(19008K)->18837K(19008K) Class: 2323K(2496K)->2323K(2496K)
[2024-04-04T22:41:46.332+0300][1.330s][info][gc          ] GC(4) Pause Young (Concurrent Start) (Metadata GC Threshold) 400M->36M(1024M) 4.463ms
[2024-04-04T22:41:46.332+0300][1.330s][info][gc,cpu      ] GC(4) User=0.01s Sys=0.00s Real=0.00s
[2024-04-04T22:41:46.332+0300][1.330s][info][gc          ] GC(5) Concurrent Mark Cycle
[2024-04-04T22:41:46.332+0300][1.330s][info][gc,marking  ] GC(5) Concurrent Clear Claimed Marks
[2024-04-04T22:41:46.332+0300][1.330s][info][gc,marking  ] GC(5) Concurrent Clear Claimed Marks 0.041ms
[2024-04-04T22:41:46.332+0300][1.330s][info][gc,marking  ] GC(5) Concurrent Scan Root Regions
[2024-04-04T22:41:46.335+0300][1.332s][info][gc,marking  ] GC(5) Concurrent Scan Root Regions 2.045ms
[2024-04-04T22:41:46.335+0300][1.332s][info][gc,marking  ] GC(5) Concurrent Mark
[2024-04-04T22:41:46.335+0300][1.332s][info][gc,marking  ] GC(5) Concurrent Mark From Roots
[2024-04-04T22:41:46.335+0300][1.332s][info][gc,task     ] GC(5) Using 2 workers of 2 for marking
[2024-04-04T22:41:46.340+0300][1.338s][info][gc,marking  ] GC(5) Concurrent Mark From Roots 5.653ms
[2024-04-04T22:41:46.340+0300][1.338s][info][gc,marking  ] GC(5) Concurrent Preclean
[2024-04-04T22:41:46.340+0300][1.338s][info][gc,marking  ] GC(5) Concurrent Preclean 0.046ms
[2024-04-04T22:41:46.341+0300][1.338s][info][gc,start    ] GC(5) Pause Remark
[2024-04-04T22:41:46.344+0300][1.341s][info][gc          ] GC(5) Pause Remark 38M->38M(1024M) 2.864ms
[2024-04-04T22:41:46.344+0300][1.341s][info][gc,cpu      ] GC(5) User=0.01s Sys=0.00s Real=0.01s
[2024-04-04T22:41:46.344+0300][1.341s][info][gc,marking  ] GC(5) Concurrent Mark 9.175ms
[2024-04-04T22:41:46.344+0300][1.341s][info][gc,marking  ] GC(5) Concurrent Rebuild Remembered Sets
[2024-04-04T22:41:46.348+0300][1.345s][info][gc,marking  ] GC(5) Concurrent Rebuild Remembered Sets 3.978ms
[2024-04-04T22:41:46.349+0300][1.346s][info][gc,start    ] GC(5) Pause Cleanup
[2024-04-04T22:41:46.349+0300][1.346s][info][gc          ] GC(5) Pause Cleanup 39M->39M(1024M) 0.102ms
[2024-04-04T22:41:46.349+0300][1.346s][info][gc,cpu      ] GC(5) User=0.00s Sys=0.00s Real=0.00s
[2024-04-04T22:41:46.349+0300][1.346s][info][gc,marking  ] GC(5) Concurrent Cleanup for Next Mark
[2024-04-04T22:41:46.352+0300][1.350s][info][gc,marking  ] GC(5) Concurrent Cleanup for Next Mark 3.338ms
[2024-04-04T22:41:46.352+0300][1.350s][info][gc          ] GC(5) Concurrent Mark Cycle 19.714ms
[2024-04-04T22:41:46.772+0300][1.770s][info][gc,start    ] GC(6) Pause Young (Prepare Mixed) (Metadata GC Threshold)
[2024-04-04T22:41:46.772+0300][1.770s][info][gc,task     ] GC(6) Using 6 workers of 6 for evacuation
[2024-04-04T22:41:46.777+0300][1.775s][info][gc,phases   ] GC(6)   Pre Evacuate Collection Set: 0.1ms
[2024-04-04T22:41:46.777+0300][1.775s][info][gc,phases   ] GC(6)   Merge Heap Roots: 0.1ms
[2024-04-04T22:41:46.777+0300][1.775s][info][gc,phases   ] GC(6)   Evacuate Collection Set: 4.1ms
[2024-04-04T22:41:46.777+0300][1.775s][info][gc,phases   ] GC(6)   Post Evacuate Collection Set: 0.5ms
[2024-04-04T22:41:46.777+0300][1.775s][info][gc,phases   ] GC(6)   Other: 0.0ms
[2024-04-04T22:41:46.777+0300][1.775s][info][gc,heap     ] GC(6) Eden regions: 202->0(35)
[2024-04-04T22:41:46.777+0300][1.775s][info][gc,heap     ] GC(6) Survivor regions: 8->16(77)
[2024-04-04T22:41:46.777+0300][1.775s][info][gc,heap     ] GC(6) Old regions: 25->25
[2024-04-04T22:41:46.777+0300][1.775s][info][gc,heap     ] GC(6) Archive regions: 2->2
[2024-04-04T22:41:46.777+0300][1.775s][info][gc,heap     ] GC(6) Humongous regions: 4->3
[2024-04-04T22:41:46.777+0300][1.775s][info][gc,metaspace] GC(6) Metaspace: 35737K(36160K)->35737K(36160K) NonClass: 31663K(31872K)->31663K(31872K) Class: 4074K(4288K)->4074K(4288K)
[2024-04-04T22:41:46.777+0300][1.775s][info][gc          ] GC(6) Pause Young (Prepare Mixed) (Metadata GC Threshold) 238M->44M(1024M) 4.870ms
[2024-04-04T22:41:46.777+0300][1.775s][info][gc,cpu      ] GC(6) User=0.02s Sys=0.00s Real=0.01s
[2024-04-04T22:41:46.785+0300][1.783s][info][gc,start    ] GC(7) Pause Young (Mixed) (Metadata GC Threshold)
[2024-04-04T22:41:46.785+0300][1.783s][info][gc,task     ] GC(7) Using 6 workers of 6 for evacuation
[2024-04-04T22:41:46.790+0300][1.788s][info][gc,phases   ] GC(7)   Pre Evacuate Collection Set: 0.1ms
[2024-04-04T22:41:46.790+0300][1.788s][info][gc,phases   ] GC(7)   Merge Heap Roots: 0.1ms
[2024-04-04T22:41:46.790+0300][1.788s][info][gc,phases   ] GC(7)   Evacuate Collection Set: 4.8ms
[2024-04-04T22:41:46.790+0300][1.788s][info][gc,phases   ] GC(7)   Post Evacuate Collection Set: 0.3ms
[2024-04-04T22:41:46.790+0300][1.788s][info][gc,phases   ] GC(7)   Other: 0.0ms
[2024-04-04T22:41:46.790+0300][1.788s][info][gc,heap     ] GC(7) Eden regions: 4->0(612)
[2024-04-04T22:41:46.791+0300][1.788s][info][gc,heap     ] GC(7) Survivor regions: 16->2(7)
[2024-04-04T22:41:46.791+0300][1.788s][info][gc,heap     ] GC(7) Old regions: 25->40
[2024-04-04T22:41:46.791+0300][1.788s][info][gc,heap     ] GC(7) Archive regions: 2->2
[2024-04-04T22:41:46.791+0300][1.788s][info][gc,heap     ] GC(7) Humongous regions: 3->3
[2024-04-04T22:41:46.791+0300][1.788s][info][gc,metaspace] GC(7) Metaspace: 36059K(36480K)->36059K(36480K) NonClass: 31942K(32128K)->31942K(32128K) Class: 4116K(4352K)->4116K(4352K)
[2024-04-04T22:41:46.791+0300][1.788s][info][gc          ] GC(7) Pause Young (Mixed) (Metadata GC Threshold) 48M->45M(1024M) 5.445ms
[2024-04-04T22:41:46.791+0300][1.788s][info][gc,cpu      ] GC(7) User=0.02s Sys=0.01s Real=0.00s
[2024-04-04T22:41:46.800+0300][1.798s][info][gc,start    ] GC(8) Pause Young (Concurrent Start) (Metadata GC Threshold)
[2024-04-04T22:41:46.800+0300][1.798s][info][gc,task     ] GC(8) Using 6 workers of 6 for evacuation
[2024-04-04T22:41:46.801+0300][1.799s][info][gc,phases   ] GC(8)   Pre Evacuate Collection Set: 0.1ms
[2024-04-04T22:41:46.801+0300][1.799s][info][gc,phases   ] GC(8)   Merge Heap Roots: 0.0ms
[2024-04-04T22:41:46.801+0300][1.799s][info][gc,phases   ] GC(8)   Evacuate Collection Set: 0.5ms
[2024-04-04T22:41:46.801+0300][1.799s][info][gc,phases   ] GC(8)   Post Evacuate Collection Set: 0.2ms
[2024-04-04T22:41:46.801+0300][1.799s][info][gc,phases   ] GC(8)   Other: 0.0ms
[2024-04-04T22:41:46.801+0300][1.799s][info][gc,heap     ] GC(8) Eden regions: 5->0(613)
[2024-04-04T22:41:46.801+0300][1.799s][info][gc,heap     ] GC(8) Survivor regions: 2->1(77)
[2024-04-04T22:41:46.801+0300][1.799s][info][gc,heap     ] GC(8) Old regions: 40->40
[2024-04-04T22:41:46.801+0300][1.799s][info][gc,heap     ] GC(8) Archive regions: 2->2
[2024-04-04T22:41:46.801+0300][1.799s][info][gc,heap     ] GC(8) Humongous regions: 3->3
[2024-04-04T22:41:46.801+0300][1.799s][info][gc,metaspace] GC(8) Metaspace: 36359K(36800K)->36359K(36800K) NonClass: 32208K(32384K)->32208K(32384K) Class: 4151K(4416K)->4151K(4416K)
[2024-04-04T22:41:46.801+0300][1.799s][info][gc          ] GC(8) Pause Young (Concurrent Start) (Metadata GC Threshold) 49M->43M(1024M) 0.997ms
[2024-04-04T22:41:46.801+0300][1.799s][info][gc,cpu      ] GC(8) User=0.01s Sys=0.00s Real=0.00s
[2024-04-04T22:41:46.801+0300][1.799s][info][gc          ] GC(9) Concurrent Mark Cycle
[2024-04-04T22:41:46.801+0300][1.799s][info][gc,marking  ] GC(9) Concurrent Clear Claimed Marks
[2024-04-04T22:41:46.801+0300][1.799s][info][gc,marking  ] GC(9) Concurrent Clear Claimed Marks 0.018ms
[2024-04-04T22:41:46.801+0300][1.799s][info][gc,marking  ] GC(9) Concurrent Scan Root Regions
[2024-04-04T22:41:46.802+0300][1.799s][info][gc,marking  ] GC(9) Concurrent Scan Root Regions 0.382ms
[2024-04-04T22:41:46.802+0300][1.799s][info][gc,marking  ] GC(9) Concurrent Mark
[2024-04-04T22:41:46.802+0300][1.799s][info][gc,marking  ] GC(9) Concurrent Mark From Roots
[2024-04-04T22:41:46.802+0300][1.799s][info][gc,task     ] GC(9) Using 2 workers of 2 for marking
[2024-04-04T22:41:46.815+0300][1.812s][info][gc,marking  ] GC(9) Concurrent Mark From Roots 12.692ms
[2024-04-04T22:41:46.815+0300][1.812s][info][gc,marking  ] GC(9) Concurrent Preclean
[2024-04-04T22:41:46.815+0300][1.812s][info][gc,marking  ] GC(9) Concurrent Preclean 0.070ms
[2024-04-04T22:41:46.815+0300][1.812s][info][gc,start    ] GC(9) Pause Remark
[2024-04-04T22:41:46.816+0300][1.813s][info][gc          ] GC(9) Pause Remark 47M->47M(1024M) 1.134ms
[2024-04-04T22:41:46.816+0300][1.814s][info][gc,cpu      ] GC(9) User=0.01s Sys=0.00s Real=0.01s
[2024-04-04T22:41:46.816+0300][1.814s][info][gc,marking  ] GC(9) Concurrent Mark 14.254ms
[2024-04-04T22:41:46.816+0300][1.814s][info][gc,marking  ] GC(9) Concurrent Rebuild Remembered Sets
[2024-04-04T22:41:46.823+0300][1.820s][info][gc,marking  ] GC(9) Concurrent Rebuild Remembered Sets 6.565ms
[2024-04-04T22:41:46.823+0300][1.820s][info][gc,start    ] GC(9) Pause Cleanup
[2024-04-04T22:41:46.823+0300][1.820s][info][gc          ] GC(9) Pause Cleanup 49M->49M(1024M) 0.126ms
[2024-04-04T22:41:46.823+0300][1.820s][info][gc,cpu      ] GC(9) User=0.00s Sys=0.00s Real=0.00s
[2024-04-04T22:41:46.823+0300][1.821s][info][gc,marking  ] GC(9) Concurrent Cleanup for Next Mark
[2024-04-04T22:41:46.841+0300][1.839s][info][gc,marking  ] GC(9) Concurrent Cleanup for Next Mark 18.129ms
[2024-04-04T22:41:46.841+0300][1.839s][info][gc          ] GC(9) Concurrent Mark Cycle 39.750ms
[2024-04-04T22:41:48.460+0300][3.457s][info][gc,start    ] GC(10) Pause Young (Prepare Mixed) (G1 Evacuation Pause)
[2024-04-04T22:41:48.460+0300][3.457s][info][gc,task     ] GC(10) Using 6 workers of 6 for evacuation
[2024-04-04T22:41:48.469+0300][3.467s][info][gc,phases   ] GC(10)   Pre Evacuate Collection Set: 0.2ms
[2024-04-04T22:41:48.469+0300][3.467s][info][gc,phases   ] GC(10)   Merge Heap Roots: 0.1ms
[2024-04-04T22:41:48.469+0300][3.467s][info][gc,phases   ] GC(10)   Evacuate Collection Set: 8.4ms
[2024-04-04T22:41:48.469+0300][3.467s][info][gc,phases   ] GC(10)   Post Evacuate Collection Set: 0.7ms
[2024-04-04T22:41:48.469+0300][3.467s][info][gc,phases   ] GC(10)   Other: 0.1ms
[2024-04-04T22:41:48.469+0300][3.467s][info][gc,heap     ] GC(10) Eden regions: 613->0(40)
[2024-04-04T22:41:48.469+0300][3.467s][info][gc,heap     ] GC(10) Survivor regions: 1->11(77)
[2024-04-04T22:41:48.469+0300][3.467s][info][gc,heap     ] GC(10) Old regions: 40->40
[2024-04-04T22:41:48.469+0300][3.467s][info][gc,heap     ] GC(10) Archive regions: 2->2
[2024-04-04T22:41:48.469+0300][3.467s][info][gc,heap     ] GC(10) Humongous regions: 3->3
[2024-04-04T22:41:48.469+0300][3.467s][info][gc,metaspace] GC(10) Metaspace: 58931K(59456K)->58931K(59456K) NonClass: 51593K(51904K)->51593K(51904K) Class: 7338K(7552K)->7338K(7552K)
[2024-04-04T22:41:48.469+0300][3.467s][info][gc          ] GC(10) Pause Young (Prepare Mixed) (G1 Evacuation Pause) 656M->53M(1024M) 9.643ms
[2024-04-04T22:41:48.469+0300][3.467s][info][gc,cpu      ] GC(10) User=0.03s Sys=0.00s Real=0.01s
[2024-04-04T22:41:48.534+0300][3.532s][info][gc,start    ] GC(11) Pause Young (Mixed) (G1 Evacuation Pause)
[2024-04-04T22:41:48.534+0300][3.532s][info][gc,task     ] GC(11) Using 6 workers of 6 for evacuation
[2024-04-04T22:41:48.542+0300][3.540s][info][gc,phases   ] GC(11)   Pre Evacuate Collection Set: 0.1ms
[2024-04-04T22:41:48.542+0300][3.540s][info][gc,phases   ] GC(11)   Merge Heap Roots: 1.2ms
[2024-04-04T22:41:48.542+0300][3.540s][info][gc,phases   ] GC(11)   Evacuate Collection Set: 6.6ms
[2024-04-04T22:41:48.542+0300][3.540s][info][gc,phases   ] GC(11)   Post Evacuate Collection Set: 0.5ms
[2024-04-04T22:41:48.543+0300][3.540s][info][gc,phases   ] GC(11)   Other: 0.0ms
[2024-04-04T22:41:48.543+0300][3.540s][info][gc,heap     ] GC(11) Eden regions: 40->0(613)
[2024-04-04T22:41:48.543+0300][3.540s][info][gc,heap     ] GC(11) Survivor regions: 11->1(7)
[2024-04-04T22:41:48.543+0300][3.540s][info][gc,heap     ] GC(11) Old regions: 40->49
[2024-04-04T22:41:48.543+0300][3.540s][info][gc,heap     ] GC(11) Archive regions: 2->2
[2024-04-04T22:41:48.543+0300][3.540s][info][gc,heap     ] GC(11) Humongous regions: 3->3
[2024-04-04T22:41:48.543+0300][3.540s][info][gc,metaspace] GC(11) Metaspace: 59278K(59776K)->59278K(59776K) NonClass: 51892K(52160K)->51892K(52160K) Class: 7385K(7616K)->7385K(7616K)
[2024-04-04T22:41:48.543+0300][3.540s][info][gc          ] GC(11) Pause Young (Mixed) (G1 Evacuation Pause) 93M->53M(1024M) 8.483ms
[2024-04-04T22:41:48.543+0300][3.540s][info][gc,cpu      ] GC(11) User=0.03s Sys=0.00s Real=0.01s
[2024-04-04T22:41:49.211+0300][4.208s][info][gc,start    ] GC(12) Pause Young (Concurrent Start) (Metadata GC Threshold)
[2024-04-04T22:41:49.211+0300][4.208s][info][gc,task     ] GC(12) Using 6 workers of 6 for evacuation
[2024-04-04T22:41:49.213+0300][4.210s][info][gc,phases   ] GC(12)   Pre Evacuate Collection Set: 0.2ms
[2024-04-04T22:41:49.213+0300][4.210s][info][gc,phases   ] GC(12)   Merge Heap Roots: 0.1ms
[2024-04-04T22:41:49.213+0300][4.210s][info][gc,phases   ] GC(12)   Evacuate Collection Set: 1.6ms
[2024-04-04T22:41:49.213+0300][4.210s][info][gc,phases   ] GC(12)   Post Evacuate Collection Set: 0.3ms
[2024-04-04T22:41:49.213+0300][4.210s][info][gc,phases   ] GC(12)   Other: 0.0ms
[2024-04-04T22:41:49.213+0300][4.210s][info][gc,heap     ] GC(12) Eden regions: 124->0(612)
[2024-04-04T22:41:49.213+0300][4.210s][info][gc,heap     ] GC(12) Survivor regions: 1->2(77)
[2024-04-04T22:41:49.213+0300][4.210s][info][gc,heap     ] GC(12) Old regions: 49->49
[2024-04-04T22:41:49.213+0300][4.210s][info][gc,heap     ] GC(12) Archive regions: 2->2
[2024-04-04T22:41:49.213+0300][4.210s][info][gc,heap     ] GC(12) Humongous regions: 3->3
[2024-04-04T22:41:49.213+0300][4.210s][info][gc,metaspace] GC(12) Metaspace: 61841K(62336K)->61841K(62336K) NonClass: 54155K(54400K)->54155K(54400K) Class: 7685K(7936K)->7685K(7936K)
[2024-04-04T22:41:49.213+0300][4.210s][info][gc          ] GC(12) Pause Young (Concurrent Start) (Metadata GC Threshold) 176M->54M(1024M) 2.342ms
[2024-04-04T22:41:49.213+0300][4.210s][info][gc,cpu      ] GC(12) User=0.01s Sys=0.00s Real=0.00s
[2024-04-04T22:41:49.213+0300][4.210s][info][gc          ] GC(13) Concurrent Mark Cycle
[2024-04-04T22:41:49.213+0300][4.211s][info][gc,marking  ] GC(13) Concurrent Clear Claimed Marks
[2024-04-04T22:41:49.213+0300][4.211s][info][gc,marking  ] GC(13) Concurrent Clear Claimed Marks 0.051ms
[2024-04-04T22:41:49.213+0300][4.211s][info][gc,marking  ] GC(13) Concurrent Scan Root Regions
[2024-04-04T22:41:49.214+0300][4.211s][info][gc,marking  ] GC(13) Concurrent Scan Root Regions 0.661ms
[2024-04-04T22:41:49.214+0300][4.211s][info][gc,marking  ] GC(13) Concurrent Mark
[2024-04-04T22:41:49.214+0300][4.211s][info][gc,marking  ] GC(13) Concurrent Mark From Roots
[2024-04-04T22:41:49.214+0300][4.211s][info][gc,task     ] GC(13) Using 2 workers of 2 for marking
[2024-04-04T22:41:49.232+0300][4.230s][info][gc,marking  ] GC(13) Concurrent Mark From Roots 18.458ms
[2024-04-04T22:41:49.232+0300][4.230s][info][gc,marking  ] GC(13) Concurrent Preclean
[2024-04-04T22:41:49.232+0300][4.230s][info][gc,marking  ] GC(13) Concurrent Preclean 0.074ms
[2024-04-04T22:41:49.233+0300][4.230s][info][gc,start    ] GC(13) Pause Remark
[2024-04-04T22:41:49.235+0300][4.233s][info][gc          ] GC(13) Pause Remark 63M->63M(1024M) 2.687ms
[2024-04-04T22:41:49.236+0300][4.233s][info][gc,cpu      ] GC(13) User=0.01s Sys=0.00s Real=0.01s
[2024-04-04T22:41:49.236+0300][4.233s][info][gc,marking  ] GC(13) Concurrent Mark 21.930ms
[2024-04-04T22:41:49.236+0300][4.233s][info][gc,marking  ] GC(13) Concurrent Rebuild Remembered Sets
[2024-04-04T22:41:49.248+0300][4.246s][info][gc,marking  ] GC(13) Concurrent Rebuild Remembered Sets 12.696ms
[2024-04-04T22:41:49.249+0300][4.246s][info][gc,start    ] GC(13) Pause Cleanup
[2024-04-04T22:41:49.249+0300][4.246s][info][gc          ] GC(13) Pause Cleanup 68M->68M(1024M) 0.175ms
[2024-04-04T22:41:49.249+0300][4.246s][info][gc,cpu      ] GC(13) User=0.00s Sys=0.00s Real=0.00s
[2024-04-04T22:41:49.249+0300][4.247s][info][gc,marking  ] GC(13) Concurrent Cleanup for Next Mark
[2024-04-04T22:41:49.253+0300][4.250s][info][gc,marking  ] GC(13) Concurrent Cleanup for Next Mark 3.676ms
[2024-04-04T22:41:49.253+0300][4.250s][info][gc          ] GC(13) Concurrent Mark Cycle 39.726ms
[2024-04-04T22:41:50.167+0300][5.165s][info][gc,start    ] GC(14) Pause Young (Prepare Mixed) (G1 Evacuation Pause)
[2024-04-04T22:41:50.167+0300][5.165s][info][gc,task     ] GC(14) Using 6 workers of 6 for evacuation
[2024-04-04T22:41:50.174+0300][5.171s][info][gc,phases   ] GC(14)   Pre Evacuate Collection Set: 0.2ms
[2024-04-04T22:41:50.174+0300][5.171s][info][gc,phases   ] GC(14)   Merge Heap Roots: 0.1ms
[2024-04-04T22:41:50.174+0300][5.171s][info][gc,phases   ] GC(14)   Evacuate Collection Set: 3.9ms
[2024-04-04T22:41:50.174+0300][5.171s][info][gc,phases   ] GC(14)   Post Evacuate Collection Set: 2.4ms
[2024-04-04T22:41:50.174+0300][5.171s][info][gc,phases   ] GC(14)   Other: 0.1ms
[2024-04-04T22:41:50.174+0300][5.171s][info][gc,heap     ] GC(14) Eden regions: 612->0(44)
[2024-04-04T22:41:50.174+0300][5.171s][info][gc,heap     ] GC(14) Survivor regions: 2->7(77)
[2024-04-04T22:41:50.174+0300][5.171s][info][gc,heap     ] GC(14) Old regions: 49->49
[2024-04-04T22:41:50.174+0300][5.171s][info][gc,heap     ] GC(14) Archive regions: 2->2
[2024-04-04T22:41:50.174+0300][5.171s][info][gc,heap     ] GC(14) Humongous regions: 6->3
[2024-04-04T22:41:50.174+0300][5.171s][info][gc,metaspace] GC(14) Metaspace: 67874K(68544K)->67874K(68544K) NonClass: 59463K(59776K)->59463K(59776K) Class: 8410K(8768K)->8410K(8768K)
[2024-04-04T22:41:50.174+0300][5.171s][info][gc          ] GC(14) Pause Young (Prepare Mixed) (G1 Evacuation Pause) 669M->58M(1024M) 6.779ms
[2024-04-04T22:41:50.174+0300][5.171s][info][gc,cpu      ] GC(14) User=0.02s Sys=0.00s Real=0.00s
[2024-04-04T22:41:50.255+0300][5.252s][info][gc,start    ] GC(15) Pause Young (Mixed) (G1 Evacuation Pause)
[2024-04-04T22:41:50.255+0300][5.252s][info][gc,task     ] GC(15) Using 6 workers of 6 for evacuation
[2024-04-04T22:41:50.261+0300][5.258s][info][gc,phases   ] GC(15)   Pre Evacuate Collection Set: 0.1ms
[2024-04-04T22:41:50.261+0300][5.258s][info][gc,phases   ] GC(15)   Merge Heap Roots: 0.1ms
[2024-04-04T22:41:50.261+0300][5.258s][info][gc,phases   ] GC(15)   Evacuate Collection Set: 4.4ms
[2024-04-04T22:41:50.261+0300][5.258s][info][gc,phases   ] GC(15)   Post Evacuate Collection Set: 1.0ms
[2024-04-04T22:41:50.261+0300][5.258s][info][gc,phases   ] GC(15)   Other: 0.0ms
[2024-04-04T22:41:50.261+0300][5.258s][info][gc,heap     ] GC(15) Eden regions: 44->0(613)
[2024-04-04T22:41:50.261+0300][5.258s][info][gc,heap     ] GC(15) Survivor regions: 7->1(7)
[2024-04-04T22:41:50.261+0300][5.258s][info][gc,heap     ] GC(15) Old regions: 49->53
[2024-04-04T22:41:50.261+0300][5.258s][info][gc,heap     ] GC(15) Archive regions: 2->2
[2024-04-04T22:41:50.261+0300][5.258s][info][gc,heap     ] GC(15) Humongous regions: 3->3
[2024-04-04T22:41:50.261+0300][5.258s][info][gc,metaspace] GC(15) Metaspace: 68586K(69312K)->68586K(69312K) NonClass: 60115K(60480K)->60115K(60480K) Class: 8471K(8832K)->8471K(8832K)
[2024-04-04T22:41:50.261+0300][5.258s][info][gc          ] GC(15) Pause Young (Mixed) (G1 Evacuation Pause) 102M->57M(1024M) 5.770ms
[2024-04-04T22:41:50.261+0300][5.258s][info][gc,cpu      ] GC(15) User=0.02s Sys=0.00s Real=0.01s
[2024-04-04T22:41:52.386+0300][7.384s][info][gc,start    ] GC(16) Pause Young (Normal) (GCLocker Initiated GC)
[2024-04-04T22:41:52.386+0300][7.384s][info][gc,task     ] GC(16) Using 6 workers of 6 for evacuation
[2024-04-04T22:41:52.400+0300][7.398s][info][gc,phases   ] GC(16)   Pre Evacuate Collection Set: 0.1ms
[2024-04-04T22:41:52.400+0300][7.398s][info][gc,phases   ] GC(16)   Merge Heap Roots: 0.1ms
[2024-04-04T22:41:52.400+0300][7.398s][info][gc,phases   ] GC(16)   Evacuate Collection Set: 10.5ms
[2024-04-04T22:41:52.400+0300][7.398s][info][gc,phases   ] GC(16)   Post Evacuate Collection Set: 3.3ms
[2024-04-04T22:41:52.400+0300][7.398s][info][gc,phases   ] GC(16)   Other: 0.1ms
[2024-04-04T22:41:52.400+0300][7.398s][info][gc,heap     ] GC(16) Eden regions: 613->0(588)
[2024-04-04T22:41:52.400+0300][7.398s][info][gc,heap     ] GC(16) Survivor regions: 1->26(77)
[2024-04-04T22:41:52.400+0300][7.398s][info][gc,heap     ] GC(16) Old regions: 53->53
[2024-04-04T22:41:52.400+0300][7.398s][info][gc,heap     ] GC(16) Archive regions: 2->2
[2024-04-04T22:41:52.400+0300][7.398s][info][gc,heap     ] GC(16) Humongous regions: 3->3
[2024-04-04T22:41:52.400+0300][7.398s][info][gc,metaspace] GC(16) Metaspace: 82703K(83520K)->82703K(83520K) NonClass: 72433K(72832K)->72433K(72832K) Class: 10270K(10688K)->10270K(10688K)
[2024-04-04T22:41:52.400+0300][7.398s][info][gc          ] GC(16) Pause Young (Normal) (GCLocker Initiated GC) 670M->82M(1024M) 14.192ms
[2024-04-04T22:41:52.400+0300][7.398s][info][gc,cpu      ] GC(16) User=0.03s Sys=0.02s Real=0.01s
[2024-04-04T22:42:06.861+0300][21.858s][info][gc,start    ] GC(17) Pause Young (Concurrent Start) (Metadata GC Threshold)
[2024-04-04T22:42:06.861+0300][21.859s][info][gc,task     ] GC(17) Using 6 workers of 6 for evacuation
[2024-04-04T22:42:06.882+0300][21.880s][info][gc,phases   ] GC(17)   Pre Evacuate Collection Set: 0.2ms
[2024-04-04T22:42:06.882+0300][21.880s][info][gc,phases   ] GC(17)   Merge Heap Roots: 0.1ms
[2024-04-04T22:42:06.882+0300][21.880s][info][gc,phases   ] GC(17)   Evacuate Collection Set: 19.1ms
[2024-04-04T22:42:06.882+0300][21.880s][info][gc,phases   ] GC(17)   Post Evacuate Collection Set: 1.6ms
[2024-04-04T22:42:06.882+0300][21.880s][info][gc,phases   ] GC(17)   Other: 0.1ms
[2024-04-04T22:42:06.882+0300][21.880s][info][gc,heap     ] GC(17) Eden regions: 516->0(557)
[2024-04-04T22:42:06.882+0300][21.880s][info][gc,heap     ] GC(17) Survivor regions: 26->57(77)
[2024-04-04T22:42:06.882+0300][21.880s][info][gc,heap     ] GC(17) Old regions: 53->53
[2024-04-04T22:42:06.882+0300][21.880s][info][gc,heap     ] GC(17) Archive regions: 2->2
[2024-04-04T22:42:06.882+0300][21.880s][info][gc,heap     ] GC(17) Humongous regions: 5->3
[2024-04-04T22:42:06.882+0300][21.880s][info][gc,metaspace] GC(17) Metaspace: 103273K(104320K)->103273K(104320K) NonClass: 90475K(91008K)->90475K(91008K) Class: 12797K(13312K)->12797K(13312K)
[2024-04-04T22:42:06.882+0300][21.880s][info][gc          ] GC(17) Pause Young (Concurrent Start) (Metadata GC Threshold) 599M->113M(1024M) 21.230ms
[2024-04-04T22:42:06.882+0300][21.880s][info][gc,cpu      ] GC(17) User=0.07s Sys=0.00s Real=0.02s
[2024-04-04T22:42:06.882+0300][21.880s][info][gc          ] GC(18) Concurrent Mark Cycle
[2024-04-04T22:42:06.882+0300][21.880s][info][gc,marking  ] GC(18) Concurrent Clear Claimed Marks
[2024-04-04T22:42:06.882+0300][21.880s][info][gc,marking  ] GC(18) Concurrent Clear Claimed Marks 0.124ms
[2024-04-04T22:42:06.882+0300][21.880s][info][gc,marking  ] GC(18) Concurrent Scan Root Regions
[2024-04-04T22:42:06.891+0300][21.888s][info][gc,marking  ] GC(18) Concurrent Scan Root Regions 8.257ms
[2024-04-04T22:42:06.891+0300][21.888s][info][gc,marking  ] GC(18) Concurrent Mark
[2024-04-04T22:42:06.891+0300][21.888s][info][gc,marking  ] GC(18) Concurrent Mark From Roots
[2024-04-04T22:42:06.891+0300][21.888s][info][gc,task     ] GC(18) Using 2 workers of 2 for marking
[2024-04-04T22:42:06.911+0300][21.908s][info][gc,marking  ] GC(18) Concurrent Mark From Roots 19.793ms
[2024-04-04T22:42:06.911+0300][21.908s][info][gc,marking  ] GC(18) Concurrent Preclean
[2024-04-04T22:42:06.911+0300][21.908s][info][gc,marking  ] GC(18) Concurrent Preclean 0.128ms
[2024-04-04T22:42:06.911+0300][21.908s][info][gc,start    ] GC(18) Pause Remark
[2024-04-04T22:42:06.914+0300][21.912s][info][gc          ] GC(18) Pause Remark 115M->115M(1024M) 3.609ms
[2024-04-04T22:42:06.914+0300][21.912s][info][gc,cpu      ] GC(18) User=0.02s Sys=0.00s Real=0.00s
[2024-04-04T22:42:06.915+0300][21.912s][info][gc,marking  ] GC(18) Concurrent Mark 23.865ms
[2024-04-04T22:42:06.915+0300][21.912s][info][gc,marking  ] GC(18) Concurrent Rebuild Remembered Sets
[2024-04-04T22:42:06.929+0300][21.927s][info][gc,marking  ] GC(18) Concurrent Rebuild Remembered Sets 14.729ms
[2024-04-04T22:42:06.930+0300][21.927s][info][gc,start    ] GC(18) Pause Cleanup
[2024-04-04T22:42:06.930+0300][21.927s][info][gc          ] GC(18) Pause Cleanup 118M->118M(1024M) 0.151ms
[2024-04-04T22:42:06.930+0300][21.927s][info][gc,cpu      ] GC(18) User=0.00s Sys=0.00s Real=0.00s
[2024-04-04T22:42:06.930+0300][21.927s][info][gc,marking  ] GC(18) Concurrent Cleanup for Next Mark
[2024-04-04T22:42:06.931+0300][21.928s][info][gc,marking  ] GC(18) Concurrent Cleanup for Next Mark 1.131ms
[2024-04-04T22:42:06.931+0300][21.928s][info][gc          ] GC(18) Concurrent Mark Cycle 48.674ms
[2024-04-04T22:46:16.378+0300][271.376s][info][gc,start    ] GC(19) Pause Young (Prepare Mixed) (G1 Evacuation Pause)
[2024-04-04T22:46:16.379+0300][271.376s][info][gc,task     ] GC(19) Using 6 workers of 6 for evacuation
[2024-04-04T22:46:16.399+0300][271.397s][info][gc,phases   ] GC(19)   Pre Evacuate Collection Set: 0.2ms
[2024-04-04T22:46:16.399+0300][271.397s][info][gc,phases   ] GC(19)   Merge Heap Roots: 0.1ms
[2024-04-04T22:46:16.399+0300][271.397s][info][gc,phases   ] GC(19)   Evacuate Collection Set: 16.7ms
[2024-04-04T22:46:16.399+0300][271.397s][info][gc,phases   ] GC(19)   Post Evacuate Collection Set: 3.2ms
[2024-04-04T22:46:16.399+0300][271.397s][info][gc,phases   ] GC(19)   Other: 0.1ms
[2024-04-04T22:46:16.399+0300][271.397s][info][gc,heap     ] GC(19) Eden regions: 557->0(26)
[2024-04-04T22:46:16.399+0300][271.397s][info][gc,heap     ] GC(19) Survivor regions: 57->25(77)
[2024-04-04T22:46:16.399+0300][271.397s][info][gc,heap     ] GC(19) Old regions: 53->78
[2024-04-04T22:46:16.399+0300][271.397s][info][gc,heap     ] GC(19) Archive regions: 2->2
[2024-04-04T22:46:16.399+0300][271.397s][info][gc,heap     ] GC(19) Humongous regions: 12->2
[2024-04-04T22:46:16.399+0300][271.397s][info][gc,metaspace] GC(19) Metaspace: 112387K(113472K)->112387K(113472K) NonClass: 98671K(99264K)->98671K(99264K) Class: 13716K(14208K)->13716K(14208K)
[2024-04-04T22:46:16.399+0300][271.397s][info][gc          ] GC(19) Pause Young (Prepare Mixed) (G1 Evacuation Pause) 679M->105M(1024M) 20.647ms
[2024-04-04T22:46:16.399+0300][271.397s][info][gc,cpu      ] GC(19) User=0.05s Sys=0.04s Real=0.02s
[2024-04-04T22:46:17.698+0300][272.696s][info][gc,start    ] GC(20) Pause Young (Mixed) (G1 Evacuation Pause)
[2024-04-04T22:46:17.698+0300][272.696s][info][gc,task     ] GC(20) Using 6 workers of 6 for evacuation
[2024-04-04T22:46:17.710+0300][272.707s][info][gc,phases   ] GC(20)   Pre Evacuate Collection Set: 0.2ms
[2024-04-04T22:46:17.710+0300][272.707s][info][gc,phases   ] GC(20)   Merge Heap Roots: 0.3ms
[2024-04-04T22:46:17.710+0300][272.707s][info][gc,phases   ] GC(20)   Evacuate Collection Set: 10.2ms
[2024-04-04T22:46:17.710+0300][272.707s][info][gc,phases   ] GC(20)   Post Evacuate Collection Set: 0.8ms
[2024-04-04T22:46:17.710+0300][272.707s][info][gc,phases   ] GC(20)   Other: 0.0ms
[2024-04-04T22:46:17.710+0300][272.707s][info][gc,heap     ] GC(20) Eden regions: 26->0(607)
[2024-04-04T22:46:17.710+0300][272.707s][info][gc,heap     ] GC(20) Survivor regions: 25->7(7)
[2024-04-04T22:46:17.710+0300][272.707s][info][gc,heap     ] GC(20) Old regions: 78->102
[2024-04-04T22:46:17.710+0300][272.707s][info][gc,heap     ] GC(20) Archive regions: 2->2
[2024-04-04T22:46:17.710+0300][272.707s][info][gc,heap     ] GC(20) Humongous regions: 3->3
[2024-04-04T22:46:17.710+0300][272.707s][info][gc,metaspace] GC(20) Metaspace: 112472K(113600K)->112472K(113600K) NonClass: 98756K(99392K)->98756K(99392K) Class: 13716K(14208K)->13716K(14208K)
[2024-04-04T22:46:17.710+0300][272.707s][info][gc          ] GC(20) Pause Young (Mixed) (G1 Evacuation Pause) 132M->112M(1024M) 11.711ms
[2024-04-04T22:46:17.710+0300][272.707s][info][gc,cpu      ] GC(20) User=0.04s Sys=0.02s Real=0.01s
