[2024-04-05T13:26:44.234+0300][0.004s][info][gc,init] CardTable entry size: 512
[2024-04-05T13:26:44.234+0300][0.004s][info][gc     ] Using G1
[2024-04-05T13:26:44.248+0300][0.017s][info][gc,init] Version: 19.0.2+7-Ubuntu-0ubuntu322.04 (release)
[2024-04-05T13:26:44.248+0300][0.017s][info][gc,init] CPUs: 6 total, 6 available
[2024-04-05T13:26:44.248+0300][0.017s][info][gc,init] Memory: 7932M
[2024-04-05T13:26:44.248+0300][0.017s][info][gc,init] Large Page Support: Disabled
[2024-04-05T13:26:44.248+0300][0.017s][info][gc,init] NUMA Support: Disabled
[2024-04-05T13:26:44.248+0300][0.017s][info][gc,init] Compressed Oops: Enabled (32-bit)
[2024-04-05T13:26:44.248+0300][0.017s][info][gc,init] Heap Region Size: 1M
[2024-04-05T13:26:44.248+0300][0.017s][info][gc,init] Heap Min Capacity: 1G
[2024-04-05T13:26:44.248+0300][0.017s][info][gc,init] Heap Initial Capacity: 1G
[2024-04-05T13:26:44.248+0300][0.017s][info][gc,init] Heap Max Capacity: 1G
[2024-04-05T13:26:44.248+0300][0.017s][info][gc,init] Pre-touch: Disabled
[2024-04-05T13:26:44.248+0300][0.018s][info][gc,init] Parallel Workers: 6
[2024-04-05T13:26:44.248+0300][0.018s][info][gc,init] Concurrent Workers: 2
[2024-04-05T13:26:44.248+0300][0.018s][info][gc,init] Concurrent Refinement Workers: 6
[2024-04-05T13:26:44.248+0300][0.018s][info][gc,init] Periodic GC: Disabled
[2024-04-05T13:26:44.248+0300][0.018s][info][gc,metaspace] CDS archive(s) mapped at: [0x0000000800000000-0x0000000800c51000-0x0000000800c51000), size 12914688, SharedBaseAddress: 0x0000000800000000, ArchiveRelocationMode: 0.
[2024-04-05T13:26:44.248+0300][0.018s][info][gc,metaspace] Compressed class space mapped at: 0x0000000801000000-0x0000000841000000, reserved size: 1073741824
[2024-04-05T13:26:44.248+0300][0.018s][info][gc,metaspace] Narrow klass base: 0x0000000800000000, Narrow klass shift: 0, Narrow klass range: 0x100000000
[2024-04-05T13:26:45.694+0300][1.464s][info][gc,start    ] GC(0) Pause Young (Normal) (G1 Evacuation Pause)
[2024-04-05T13:26:45.695+0300][1.465s][info][gc,task     ] GC(0) Using 6 workers of 6 for evacuation
[2024-04-05T13:26:45.722+0300][1.492s][info][gc,phases   ] GC(0)   Pre Evacuate Collection Set: 0.1ms
[2024-04-05T13:26:45.722+0300][1.492s][info][gc,phases   ] GC(0)   Merge Heap Roots: 0.1ms
[2024-04-05T13:26:45.722+0300][1.492s][info][gc,phases   ] GC(0)   Evacuate Collection Set: 25.9ms
[2024-04-05T13:26:45.722+0300][1.492s][info][gc,phases   ] GC(0)   Post Evacuate Collection Set: 0.7ms
[2024-04-05T13:26:45.722+0300][1.492s][info][gc,phases   ] GC(0)   Other: 0.8ms
[2024-04-05T13:26:45.722+0300][1.492s][info][gc,heap     ] GC(0) Eden regions: 51->0(44)
[2024-04-05T13:26:45.722+0300][1.492s][info][gc,heap     ] GC(0) Survivor regions: 0->7(7)
[2024-04-05T13:26:45.722+0300][1.492s][info][gc,heap     ] GC(0) Old regions: 0->2
[2024-04-05T13:26:45.722+0300][1.492s][info][gc,heap     ] GC(0) Archive regions: 2->2
[2024-04-05T13:26:45.722+0300][1.492s][info][gc,heap     ] GC(0) Humongous regions: 1->0
[2024-04-05T13:26:45.722+0300][1.492s][info][gc,metaspace] GC(0) Metaspace: 12093K(12416K)->12093K(12416K) NonClass: 10914K(11072K)->10914K(11072K) Class: 1179K(1344K)->1179K(1344K)
[2024-04-05T13:26:45.722+0300][1.492s][info][gc          ] GC(0) Pause Young (Normal) (G1 Evacuation Pause) 52M->9M(1024M) 27.813ms
[2024-04-05T13:26:45.722+0300][1.492s][info][gc,cpu      ] GC(0) User=0.09s Sys=0.03s Real=0.03s
[2024-04-05T13:26:46.017+0300][1.787s][info][gc,start    ] GC(1) Pause Young (Normal) (G1 Evacuation Pause)
[2024-04-05T13:26:46.018+0300][1.787s][info][gc,task     ] GC(1) Using 6 workers of 6 for evacuation
[2024-04-05T13:26:46.034+0300][1.804s][info][gc,phases   ] GC(1)   Pre Evacuate Collection Set: 0.2ms
[2024-04-05T13:26:46.034+0300][1.804s][info][gc,phases   ] GC(1)   Merge Heap Roots: 0.1ms
[2024-04-05T13:26:46.034+0300][1.804s][info][gc,phases   ] GC(1)   Evacuate Collection Set: 15.9ms
[2024-04-05T13:26:46.034+0300][1.804s][info][gc,phases   ] GC(1)   Post Evacuate Collection Set: 0.5ms
[2024-04-05T13:26:46.034+0300][1.804s][info][gc,phases   ] GC(1)   Other: 0.1ms
[2024-04-05T13:26:46.034+0300][1.804s][info][gc,heap     ] GC(1) Eden regions: 44->0(63)
[2024-04-05T13:26:46.034+0300][1.804s][info][gc,heap     ] GC(1) Survivor regions: 7->4(7)
[2024-04-05T13:26:46.034+0300][1.804s][info][gc,heap     ] GC(1) Old regions: 2->9
[2024-04-05T13:26:46.034+0300][1.804s][info][gc,heap     ] GC(1) Archive regions: 2->2
[2024-04-05T13:26:46.034+0300][1.804s][info][gc,heap     ] GC(1) Humongous regions: 1->0
[2024-04-05T13:26:46.034+0300][1.804s][info][gc,metaspace] GC(1) Metaspace: 12297K(12608K)->12297K(12608K) NonClass: 11116K(11264K)->11116K(11264K) Class: 1180K(1344K)->1180K(1344K)
[2024-04-05T13:26:46.034+0300][1.804s][info][gc          ] GC(1) Pause Young (Normal) (G1 Evacuation Pause) 54M->13M(1024M) 16.941ms
[2024-04-05T13:26:46.034+0300][1.804s][info][gc,cpu      ] GC(1) User=0.05s Sys=0.02s Real=0.01s
[2024-04-05T13:26:46.327+0300][2.097s][info][gc,start    ] GC(2) Pause Young (Normal) (G1 Evacuation Pause)
[2024-04-05T13:26:46.327+0300][2.097s][info][gc,task     ] GC(2) Using 6 workers of 6 for evacuation
[2024-04-05T13:26:46.338+0300][2.108s][info][gc,phases   ] GC(2)   Pre Evacuate Collection Set: 0.3ms
[2024-04-05T13:26:46.338+0300][2.108s][info][gc,phases   ] GC(2)   Merge Heap Roots: 0.1ms
[2024-04-05T13:26:46.338+0300][2.108s][info][gc,phases   ] GC(2)   Evacuate Collection Set: 9.9ms
[2024-04-05T13:26:46.338+0300][2.108s][info][gc,phases   ] GC(2)   Post Evacuate Collection Set: 0.4ms
[2024-04-05T13:26:46.338+0300][2.108s][info][gc,phases   ] GC(2)   Other: 0.1ms
[2024-04-05T13:26:46.338+0300][2.108s][info][gc,heap     ] GC(2) Eden regions: 63->0(203)
[2024-04-05T13:26:46.338+0300][2.108s][info][gc,heap     ] GC(2) Survivor regions: 4->6(9)
[2024-04-05T13:26:46.338+0300][2.108s][info][gc,heap     ] GC(2) Old regions: 9->9
[2024-04-05T13:26:46.338+0300][2.108s][info][gc,heap     ] GC(2) Archive regions: 2->2
[2024-04-05T13:26:46.338+0300][2.108s][info][gc,heap     ] GC(2) Humongous regions: 1->0
[2024-04-05T13:26:46.338+0300][2.108s][info][gc,metaspace] GC(2) Metaspace: 12336K(12608K)->12336K(12608K) NonClass: 11154K(11264K)->11154K(11264K) Class: 1182K(1344K)->1182K(1344K)
[2024-04-05T13:26:46.338+0300][2.108s][info][gc          ] GC(2) Pause Young (Normal) (G1 Evacuation Pause) 77M->15M(1024M) 10.778ms
[2024-04-05T13:26:46.338+0300][2.108s][info][gc,cpu      ] GC(2) User=0.04s Sys=0.02s Real=0.02s
[2024-04-05T13:26:47.370+0300][3.139s][info][gc,start    ] GC(3) Pause Young (Normal) (G1 Evacuation Pause)
[2024-04-05T13:26:47.370+0300][3.139s][info][gc,task     ] GC(3) Using 6 workers of 6 for evacuation
[2024-04-05T13:26:47.418+0300][3.188s][info][gc,phases   ] GC(3)   Pre Evacuate Collection Set: 0.2ms
[2024-04-05T13:26:47.418+0300][3.188s][info][gc,phases   ] GC(3)   Merge Heap Roots: 0.1ms
[2024-04-05T13:26:47.418+0300][3.188s][info][gc,phases   ] GC(3)   Evacuate Collection Set: 47.3ms
[2024-04-05T13:26:47.418+0300][3.188s][info][gc,phases   ] GC(3)   Post Evacuate Collection Set: 0.8ms
[2024-04-05T13:26:47.418+0300][3.188s][info][gc,phases   ] GC(3)   Other: 0.1ms
[2024-04-05T13:26:47.418+0300][3.188s][info][gc,heap     ] GC(3) Eden regions: 203->0(118)
[2024-04-05T13:26:47.418+0300][3.188s][info][gc,heap     ] GC(3) Survivor regions: 6->22(27)
[2024-04-05T13:26:47.418+0300][3.188s][info][gc,heap     ] GC(3) Old regions: 9->9
[2024-04-05T13:26:47.418+0300][3.188s][info][gc,heap     ] GC(3) Archive regions: 2->2
[2024-04-05T13:26:47.418+0300][3.188s][info][gc,heap     ] GC(3) Humongous regions: 3->3
[2024-04-05T13:26:47.418+0300][3.188s][info][gc,metaspace] GC(3) Metaspace: 16624K(16960K)->16624K(16960K) NonClass: 14858K(15040K)->14858K(15040K) Class: 1765K(1920K)->1765K(1920K)
[2024-04-05T13:26:47.418+0300][3.188s][info][gc          ] GC(3) Pause Young (Normal) (G1 Evacuation Pause) 221M->34M(1024M) 48.641ms
[2024-04-05T13:26:47.418+0300][3.188s][info][gc,cpu      ] GC(3) User=0.15s Sys=0.09s Real=0.05s
[2024-04-05T13:26:47.685+0300][3.455s][info][gc,start    ] GC(4) Pause Young (Normal) (G1 Evacuation Pause)
[2024-04-05T13:26:47.685+0300][3.455s][info][gc,task     ] GC(4) Using 6 workers of 6 for evacuation
[2024-04-05T13:26:47.728+0300][3.498s][info][gc,phases   ] GC(4)   Pre Evacuate Collection Set: 0.2ms
[2024-04-05T13:26:47.728+0300][3.498s][info][gc,phases   ] GC(4)   Merge Heap Roots: 0.3ms
[2024-04-05T13:26:47.728+0300][3.498s][info][gc,phases   ] GC(4)   Evacuate Collection Set: 42.3ms
[2024-04-05T13:26:47.728+0300][3.498s][info][gc,phases   ] GC(4)   Post Evacuate Collection Set: 0.4ms
[2024-04-05T13:26:47.729+0300][3.498s][info][gc,phases   ] GC(4)   Other: 0.1ms
[2024-04-05T13:26:47.729+0300][3.498s][info][gc,heap     ] GC(4) Eden regions: 118->0(379)
[2024-04-05T13:26:47.729+0300][3.498s][info][gc,heap     ] GC(4) Survivor regions: 22->3(18)
[2024-04-05T13:26:47.729+0300][3.498s][info][gc,heap     ] GC(4) Old regions: 9->30
[2024-04-05T13:26:47.729+0300][3.498s][info][gc,heap     ] GC(4) Archive regions: 2->2
[2024-04-05T13:26:47.729+0300][3.498s][info][gc,heap     ] GC(4) Humongous regions: 3->3
[2024-04-05T13:26:47.729+0300][3.498s][info][gc,metaspace] GC(4) Metaspace: 19896K(20288K)->19896K(20288K) NonClass: 17734K(17920K)->17734K(17920K) Class: 2162K(2368K)->2162K(2368K)
[2024-04-05T13:26:47.729+0300][3.498s][info][gc          ] GC(4) Pause Young (Normal) (G1 Evacuation Pause) 152M->35M(1024M) 43.451ms
[2024-04-05T13:26:47.729+0300][3.498s][info][gc,cpu      ] GC(4) User=0.10s Sys=0.13s Real=0.04s
[2024-04-05T13:26:47.852+0300][3.621s][info][gc,start    ] GC(5) Pause Young (Concurrent Start) (Metadata GC Threshold)
[2024-04-05T13:26:47.852+0300][3.621s][info][gc,task     ] GC(5) Using 6 workers of 6 for evacuation
[2024-04-05T13:26:47.855+0300][3.625s][info][gc,phases   ] GC(5)   Pre Evacuate Collection Set: 0.2ms
[2024-04-05T13:26:47.855+0300][3.625s][info][gc,phases   ] GC(5)   Merge Heap Roots: 0.1ms
[2024-04-05T13:26:47.855+0300][3.625s][info][gc,phases   ] GC(5)   Evacuate Collection Set: 2.5ms
[2024-04-05T13:26:47.855+0300][3.625s][info][gc,phases   ] GC(5)   Post Evacuate Collection Set: 0.5ms
[2024-04-05T13:26:47.855+0300][3.625s][info][gc,phases   ] GC(5)   Other: 0.1ms
[2024-04-05T13:26:47.855+0300][3.625s][info][gc,heap     ] GC(5) Eden regions: 48->0(611)
[2024-04-05T13:26:47.855+0300][3.625s][info][gc,heap     ] GC(5) Survivor regions: 3->3(48)
[2024-04-05T13:26:47.855+0300][3.625s][info][gc,heap     ] GC(5) Old regions: 30->30
[2024-04-05T13:26:47.855+0300][3.625s][info][gc,heap     ] GC(5) Archive regions: 2->2
[2024-04-05T13:26:47.855+0300][3.625s][info][gc,heap     ] GC(5) Humongous regions: 3->3
[2024-04-05T13:26:47.855+0300][3.625s][info][gc,metaspace] GC(5) Metaspace: 21200K(21504K)->21200K(21504K) NonClass: 18889K(19008K)->18889K(19008K) Class: 2310K(2496K)->2310K(2496K)
[2024-04-05T13:26:47.855+0300][3.625s][info][gc          ] GC(5) Pause Young (Concurrent Start) (Metadata GC Threshold) 83M->35M(1024M) 3.533ms
[2024-04-05T13:26:47.855+0300][3.625s][info][gc,cpu      ] GC(5) User=0.01s Sys=0.00s Real=0.00s
[2024-04-05T13:26:47.855+0300][3.625s][info][gc          ] GC(6) Concurrent Mark Cycle
[2024-04-05T13:26:47.855+0300][3.625s][info][gc,marking  ] GC(6) Concurrent Clear Claimed Marks
[2024-04-05T13:26:47.855+0300][3.625s][info][gc,marking  ] GC(6) Concurrent Clear Claimed Marks 0.024ms
[2024-04-05T13:26:47.855+0300][3.625s][info][gc,marking  ] GC(6) Concurrent Scan Root Regions
[2024-04-05T13:26:47.858+0300][3.627s][info][gc,marking  ] GC(6) Concurrent Scan Root Regions 2.335ms
[2024-04-05T13:26:47.858+0300][3.627s][info][gc,marking  ] GC(6) Concurrent Mark
[2024-04-05T13:26:47.858+0300][3.627s][info][gc,marking  ] GC(6) Concurrent Mark From Roots
[2024-04-05T13:26:47.858+0300][3.627s][info][gc,task     ] GC(6) Using 2 workers of 2 for marking
[2024-04-05T13:26:47.869+0300][3.638s][info][gc,marking  ] GC(6) Concurrent Mark From Roots 10.733ms
[2024-04-05T13:26:47.869+0300][3.638s][info][gc,marking  ] GC(6) Concurrent Preclean
[2024-04-05T13:26:47.869+0300][3.638s][info][gc,marking  ] GC(6) Concurrent Preclean 0.123ms
[2024-04-05T13:26:47.869+0300][3.639s][info][gc,start    ] GC(6) Pause Remark
[2024-04-05T13:26:47.873+0300][3.642s][info][gc          ] GC(6) Pause Remark 38M->38M(1024M) 3.545ms
[2024-04-05T13:26:47.873+0300][3.642s][info][gc,cpu      ] GC(6) User=0.02s Sys=0.00s Real=0.01s
[2024-04-05T13:26:47.873+0300][3.642s][info][gc,marking  ] GC(6) Concurrent Mark 14.857ms
[2024-04-05T13:26:47.873+0300][3.642s][info][gc,marking  ] GC(6) Concurrent Rebuild Remembered Sets
[2024-04-05T13:26:47.878+0300][3.648s][info][gc,marking  ] GC(6) Concurrent Rebuild Remembered Sets 5.508ms
[2024-04-05T13:26:47.878+0300][3.648s][info][gc,start    ] GC(6) Pause Cleanup
[2024-04-05T13:26:47.879+0300][3.648s][info][gc          ] GC(6) Pause Cleanup 39M->39M(1024M) 0.240ms
[2024-04-05T13:26:47.879+0300][3.648s][info][gc,cpu      ] GC(6) User=0.00s Sys=0.00s Real=0.00s
[2024-04-05T13:26:47.879+0300][3.648s][info][gc,marking  ] GC(6) Concurrent Cleanup for Next Mark
[2024-04-05T13:26:47.917+0300][3.686s][info][gc,marking  ] GC(6) Concurrent Cleanup for Next Mark 38.047ms
[2024-04-05T13:26:47.917+0300][3.687s][info][gc          ] GC(6) Concurrent Mark Cycle 61.520ms
[2024-04-05T13:26:49.069+0300][4.839s][info][gc,start    ] GC(7) Pause Young (Prepare Mixed) (Metadata GC Threshold)
[2024-04-05T13:26:49.069+0300][4.839s][info][gc,task     ] GC(7) Using 6 workers of 6 for evacuation
[2024-04-05T13:26:49.098+0300][4.867s][info][gc,phases   ] GC(7)   Pre Evacuate Collection Set: 0.1ms
[2024-04-05T13:26:49.098+0300][4.867s][info][gc,phases   ] GC(7)   Merge Heap Roots: 0.1ms
[2024-04-05T13:26:49.098+0300][4.867s][info][gc,phases   ] GC(7)   Evacuate Collection Set: 27.5ms
[2024-04-05T13:26:49.098+0300][4.867s][info][gc,phases   ] GC(7)   Post Evacuate Collection Set: 0.8ms
[2024-04-05T13:26:49.098+0300][4.867s][info][gc,phases   ] GC(7)   Other: 0.1ms
[2024-04-05T13:26:49.098+0300][4.867s][info][gc,heap     ] GC(7) Eden regions: 235->0(40)
[2024-04-05T13:26:49.098+0300][4.867s][info][gc,heap     ] GC(7) Survivor regions: 3->11(77)
[2024-04-05T13:26:49.098+0300][4.867s][info][gc,heap     ] GC(7) Old regions: 30->30
[2024-04-05T13:26:49.098+0300][4.867s][info][gc,heap     ] GC(7) Archive regions: 2->2
[2024-04-05T13:26:49.098+0300][4.867s][info][gc,heap     ] GC(7) Humongous regions: 3->3
[2024-04-05T13:26:49.098+0300][4.867s][info][gc,metaspace] GC(7) Metaspace: 35555K(35968K)->35555K(35968K) NonClass: 31547K(31744K)->31547K(31744K) Class: 4008K(4224K)->4008K(4224K)
[2024-04-05T13:26:49.098+0300][4.867s][info][gc          ] GC(7) Pause Young (Prepare Mixed) (Metadata GC Threshold) 270M->44M(1024M) 28.825ms
[2024-04-05T13:26:49.098+0300][4.867s][info][gc,cpu      ] GC(7) User=0.12s Sys=0.04s Real=0.04s
[2024-04-05T13:26:49.149+0300][4.918s][info][gc,start    ] GC(8) Pause Young (Mixed) (Metadata GC Threshold)
[2024-04-05T13:26:49.149+0300][4.918s][info][gc,task     ] GC(8) Using 6 workers of 6 for evacuation
[2024-04-05T13:26:49.195+0300][4.965s][info][gc,phases   ] GC(8)   Pre Evacuate Collection Set: 0.3ms
[2024-04-05T13:26:49.195+0300][4.965s][info][gc,phases   ] GC(8)   Merge Heap Roots: 0.1ms
[2024-04-05T13:26:49.195+0300][4.965s][info][gc,phases   ] GC(8)   Evacuate Collection Set: 45.3ms
[2024-04-05T13:26:49.195+0300][4.965s][info][gc,phases   ] GC(8)   Post Evacuate Collection Set: 0.8ms
[2024-04-05T13:26:49.195+0300][4.965s][info][gc,phases   ] GC(8)   Other: 0.1ms
[2024-04-05T13:26:49.195+0300][4.965s][info][gc,heap     ] GC(8) Eden regions: 7->0(612)
[2024-04-05T13:26:49.195+0300][4.965s][info][gc,heap     ] GC(8) Survivor regions: 11->2(7)
[2024-04-05T13:26:49.195+0300][4.965s][info][gc,heap     ] GC(8) Old regions: 30->40
[2024-04-05T13:26:49.195+0300][4.965s][info][gc,heap     ] GC(8) Archive regions: 2->2
[2024-04-05T13:26:49.195+0300][4.965s][info][gc,heap     ] GC(8) Humongous regions: 4->3
[2024-04-05T13:26:49.195+0300][4.965s][info][gc,metaspace] GC(8) Metaspace: 35885K(36288K)->35885K(36288K) NonClass: 31821K(32000K)->31821K(32000K) Class: 4063K(4288K)->4063K(4288K)
[2024-04-05T13:26:49.195+0300][4.965s][info][gc          ] GC(8) Pause Young (Mixed) (Metadata GC Threshold) 52M->44M(1024M) 46.840ms
[2024-04-05T13:26:49.195+0300][4.965s][info][gc,cpu      ] GC(8) User=0.21s Sys=0.04s Real=0.05s
[2024-04-05T13:26:49.271+0300][5.040s][info][gc,start    ] GC(9) Pause Young (Concurrent Start) (Metadata GC Threshold)
[2024-04-05T13:26:49.271+0300][5.041s][info][gc,task     ] GC(9) Using 6 workers of 6 for evacuation
[2024-04-05T13:26:49.273+0300][5.042s][info][gc,phases   ] GC(9)   Pre Evacuate Collection Set: 0.2ms
[2024-04-05T13:26:49.273+0300][5.042s][info][gc,phases   ] GC(9)   Merge Heap Roots: 0.1ms
[2024-04-05T13:26:49.273+0300][5.042s][info][gc,phases   ] GC(9)   Evacuate Collection Set: 0.9ms
[2024-04-05T13:26:49.273+0300][5.042s][info][gc,phases   ] GC(9)   Post Evacuate Collection Set: 0.3ms
[2024-04-05T13:26:49.273+0300][5.042s][info][gc,phases   ] GC(9)   Other: 0.2ms
[2024-04-05T13:26:49.273+0300][5.042s][info][gc,heap     ] GC(9) Eden regions: 9->0(613)
[2024-04-05T13:26:49.273+0300][5.042s][info][gc,heap     ] GC(9) Survivor regions: 2->1(77)
[2024-04-05T13:26:49.273+0300][5.042s][info][gc,heap     ] GC(9) Old regions: 40->40
[2024-04-05T13:26:49.273+0300][5.042s][info][gc,heap     ] GC(9) Archive regions: 2->2
[2024-04-05T13:26:49.273+0300][5.042s][info][gc,heap     ] GC(9) Humongous regions: 3->3
[2024-04-05T13:26:49.273+0300][5.042s][info][gc,metaspace] GC(9) Metaspace: 36209K(36608K)->36209K(36608K) NonClass: 32086K(32256K)->32086K(32256K) Class: 4122K(4352K)->4122K(4352K)
[2024-04-05T13:26:49.273+0300][5.042s][info][gc          ] GC(9) Pause Young (Concurrent Start) (Metadata GC Threshold) 53M->43M(1024M) 1.792ms
[2024-04-05T13:26:49.273+0300][5.042s][info][gc,cpu      ] GC(9) User=0.00s Sys=0.01s Real=0.00s
[2024-04-05T13:26:49.273+0300][5.042s][info][gc          ] GC(10) Concurrent Mark Cycle
[2024-04-05T13:26:49.273+0300][5.042s][info][gc,marking  ] GC(10) Concurrent Clear Claimed Marks
[2024-04-05T13:26:49.273+0300][5.042s][info][gc,marking  ] GC(10) Concurrent Clear Claimed Marks 0.018ms
[2024-04-05T13:26:49.273+0300][5.042s][info][gc,marking  ] GC(10) Concurrent Scan Root Regions
[2024-04-05T13:26:49.274+0300][5.043s][info][gc,marking  ] GC(10) Concurrent Scan Root Regions 1.100ms
[2024-04-05T13:26:49.274+0300][5.044s][info][gc,marking  ] GC(10) Concurrent Mark
[2024-04-05T13:26:49.274+0300][5.044s][info][gc,marking  ] GC(10) Concurrent Mark From Roots
[2024-04-05T13:26:49.274+0300][5.044s][info][gc,task     ] GC(10) Using 2 workers of 2 for marking
[2024-04-05T13:26:49.293+0300][5.063s][info][gc,marking  ] GC(10) Concurrent Mark From Roots 19.437ms
[2024-04-05T13:26:49.293+0300][5.063s][info][gc,marking  ] GC(10) Concurrent Preclean
[2024-04-05T13:26:49.294+0300][5.063s][info][gc,marking  ] GC(10) Concurrent Preclean 0.223ms
[2024-04-05T13:26:49.294+0300][5.063s][info][gc,start    ] GC(10) Pause Remark
[2024-04-05T13:26:49.296+0300][5.066s][info][gc          ] GC(10) Pause Remark 46M->46M(1024M) 2.705ms
[2024-04-05T13:26:49.296+0300][5.066s][info][gc,cpu      ] GC(10) User=0.00s Sys=0.00s Real=0.00s
[2024-04-05T13:26:49.297+0300][5.066s][info][gc,marking  ] GC(10) Concurrent Mark 22.780ms
[2024-04-05T13:26:49.297+0300][5.066s][info][gc,marking  ] GC(10) Concurrent Rebuild Remembered Sets
[2024-04-05T13:26:49.312+0300][5.081s][info][gc,marking  ] GC(10) Concurrent Rebuild Remembered Sets 15.147ms
[2024-04-05T13:26:49.312+0300][5.082s][info][gc,start    ] GC(10) Pause Cleanup
[2024-04-05T13:26:49.312+0300][5.082s][info][gc          ] GC(10) Pause Cleanup 47M->47M(1024M) 0.177ms
[2024-04-05T13:26:49.312+0300][5.082s][info][gc,cpu      ] GC(10) User=0.00s Sys=0.00s Real=0.00s
[2024-04-05T13:26:49.312+0300][5.082s][info][gc,marking  ] GC(10) Concurrent Cleanup for Next Mark
[2024-04-05T13:26:49.339+0300][5.109s][info][gc,marking  ] GC(10) Concurrent Cleanup for Next Mark 26.730ms
[2024-04-05T13:26:49.339+0300][5.109s][info][gc          ] GC(10) Concurrent Mark Cycle 66.263ms
[2024-04-05T13:26:53.268+0300][9.037s][info][gc,start    ] GC(11) Pause Young (Prepare Mixed) (G1 Evacuation Pause)
[2024-04-05T13:26:53.268+0300][9.037s][info][gc,task     ] GC(11) Using 6 workers of 6 for evacuation
[2024-04-05T13:26:53.297+0300][9.067s][info][gc,phases   ] GC(11)   Pre Evacuate Collection Set: 0.2ms
[2024-04-05T13:26:53.297+0300][9.067s][info][gc,phases   ] GC(11)   Merge Heap Roots: 0.1ms
[2024-04-05T13:26:53.297+0300][9.067s][info][gc,phases   ] GC(11)   Evacuate Collection Set: 27.3ms
[2024-04-05T13:26:53.297+0300][9.067s][info][gc,phases   ] GC(11)   Post Evacuate Collection Set: 1.6ms
[2024-04-05T13:26:53.297+0300][9.067s][info][gc,phases   ] GC(11)   Other: 0.1ms
[2024-04-05T13:26:53.297+0300][9.067s][info][gc,heap     ] GC(11) Eden regions: 613->0(41)
[2024-04-05T13:26:53.297+0300][9.067s][info][gc,heap     ] GC(11) Survivor regions: 1->10(77)
[2024-04-05T13:26:53.297+0300][9.067s][info][gc,heap     ] GC(11) Old regions: 40->40
[2024-04-05T13:26:53.297+0300][9.067s][info][gc,heap     ] GC(11) Archive regions: 2->2
[2024-04-05T13:26:53.297+0300][9.067s][info][gc,heap     ] GC(11) Humongous regions: 3->3
[2024-04-05T13:26:53.297+0300][9.067s][info][gc,metaspace] GC(11) Metaspace: 58363K(58880K)->58363K(58880K) NonClass: 51108K(51392K)->51108K(51392K) Class: 7254K(7488K)->7254K(7488K)
[2024-04-05T13:26:53.297+0300][9.067s][info][gc          ] GC(11) Pause Young (Prepare Mixed) (G1 Evacuation Pause) 656M->53M(1024M) 29.572ms
[2024-04-05T13:26:53.297+0300][9.067s][info][gc,cpu      ] GC(11) User=0.14s Sys=0.03s Real=0.03s
[2024-04-05T13:26:53.419+0300][9.189s][info][gc,start    ] GC(12) Pause Young (Mixed) (G1 Evacuation Pause)
[2024-04-05T13:26:53.420+0300][9.189s][info][gc,task     ] GC(12) Using 6 workers of 6 for evacuation
[2024-04-05T13:26:53.442+0300][9.212s][info][gc,phases   ] GC(12)   Pre Evacuate Collection Set: 0.1ms
[2024-04-05T13:26:53.442+0300][9.212s][info][gc,phases   ] GC(12)   Merge Heap Roots: 0.1ms
[2024-04-05T13:26:53.442+0300][9.212s][info][gc,phases   ] GC(12)   Evacuate Collection Set: 21.3ms
[2024-04-05T13:26:53.442+0300][9.212s][info][gc,phases   ] GC(12)   Post Evacuate Collection Set: 0.9ms
[2024-04-05T13:26:53.442+0300][9.212s][info][gc,phases   ] GC(12)   Other: 0.0ms
[2024-04-05T13:26:53.442+0300][9.212s][info][gc,heap     ] GC(12) Eden regions: 41->0(612)
[2024-04-05T13:26:53.442+0300][9.212s][info][gc,heap     ] GC(12) Survivor regions: 10->2(7)
[2024-04-05T13:26:53.442+0300][9.212s][info][gc,heap     ] GC(12) Old regions: 40->49
[2024-04-05T13:26:53.442+0300][9.212s][info][gc,heap     ] GC(12) Archive regions: 2->2
[2024-04-05T13:26:53.442+0300][9.212s][info][gc,heap     ] GC(12) Humongous regions: 3->3
[2024-04-05T13:26:53.442+0300][9.212s][info][gc,metaspace] GC(12) Metaspace: 59017K(59584K)->59017K(59584K) NonClass: 51666K(51968K)->51666K(51968K) Class: 7351K(7616K)->7351K(7616K)
[2024-04-05T13:26:53.442+0300][9.212s][info][gc          ] GC(12) Pause Young (Mixed) (G1 Evacuation Pause) 94M->53M(1024M) 22.638ms
[2024-04-05T13:26:53.442+0300][9.212s][info][gc,cpu      ] GC(12) User=0.10s Sys=0.02s Real=0.02s
[2024-04-05T13:26:53.700+0300][9.469s][info][gc,start    ] GC(13) Pause Young (Concurrent Start) (Metadata GC Threshold)
[2024-04-05T13:26:53.700+0300][9.469s][info][gc,task     ] GC(13) Using 6 workers of 6 for evacuation
[2024-04-05T13:26:53.703+0300][9.473s][info][gc,phases   ] GC(13)   Pre Evacuate Collection Set: 0.4ms
[2024-04-05T13:26:53.703+0300][9.473s][info][gc,phases   ] GC(13)   Merge Heap Roots: 0.1ms
[2024-04-05T13:26:53.703+0300][9.473s][info][gc,phases   ] GC(13)   Evacuate Collection Set: 1.8ms
[2024-04-05T13:26:53.703+0300][9.473s][info][gc,phases   ] GC(13)   Post Evacuate Collection Set: 0.6ms
[2024-04-05T13:26:53.703+0300][9.473s][info][gc,phases   ] GC(13)   Other: 0.2ms
[2024-04-05T13:26:53.703+0300][9.473s][info][gc,heap     ] GC(13) Eden regions: 64->0(612)
[2024-04-05T13:26:53.703+0300][9.473s][info][gc,heap     ] GC(13) Survivor regions: 2->2(77)
[2024-04-05T13:26:53.703+0300][9.473s][info][gc,heap     ] GC(13) Old regions: 49->49
[2024-04-05T13:26:53.703+0300][9.473s][info][gc,heap     ] GC(13) Archive regions: 2->2
[2024-04-05T13:26:53.703+0300][9.473s][info][gc,heap     ] GC(13) Humongous regions: 3->3
[2024-04-05T13:26:53.703+0300][9.473s][info][gc,metaspace] GC(13) Metaspace: 60721K(61248K)->60721K(61248K) NonClass: 53132K(53376K)->53132K(53376K) Class: 7589K(7872K)->7589K(7872K)
[2024-04-05T13:26:53.703+0300][9.473s][info][gc          ] GC(13) Pause Young (Concurrent Start) (Metadata GC Threshold) 117M->53M(1024M) 3.263ms
[2024-04-05T13:26:53.703+0300][9.473s][info][gc          ] GC(14) Concurrent Mark Cycle
[2024-04-05T13:26:53.703+0300][9.473s][info][gc,marking  ] GC(14) Concurrent Clear Claimed Marks
[2024-04-05T13:26:53.703+0300][9.473s][info][gc,cpu      ] GC(13) User=0.01s Sys=0.00s Real=0.00s
[2024-04-05T13:26:53.703+0300][9.473s][info][gc,marking  ] GC(14) Concurrent Clear Claimed Marks 0.029ms
[2024-04-05T13:26:53.703+0300][9.473s][info][gc,marking  ] GC(14) Concurrent Scan Root Regions
[2024-04-05T13:26:53.705+0300][9.474s][info][gc,marking  ] GC(14) Concurrent Scan Root Regions 1.393ms
[2024-04-05T13:26:53.705+0300][9.474s][info][gc,marking  ] GC(14) Concurrent Mark
[2024-04-05T13:26:53.705+0300][9.474s][info][gc,marking  ] GC(14) Concurrent Mark From Roots
[2024-04-05T13:26:53.705+0300][9.474s][info][gc,task     ] GC(14) Using 2 workers of 2 for marking
[2024-04-05T13:26:53.726+0300][9.495s][info][gc,marking  ] GC(14) Concurrent Mark From Roots 20.875ms
[2024-04-05T13:26:53.726+0300][9.495s][info][gc,marking  ] GC(14) Concurrent Preclean
[2024-04-05T13:26:53.726+0300][9.495s][info][gc,marking  ] GC(14) Concurrent Preclean 0.088ms
[2024-04-05T13:26:53.726+0300][9.495s][info][gc,start    ] GC(14) Pause Remark
[2024-04-05T13:26:53.729+0300][9.499s][info][gc          ] GC(14) Pause Remark 56M->56M(1024M) 3.607ms
[2024-04-05T13:26:53.730+0300][9.499s][info][gc,cpu      ] GC(14) User=0.01s Sys=0.00s Real=0.01s
[2024-04-05T13:26:53.730+0300][9.499s][info][gc,marking  ] GC(14) Concurrent Mark 24.800ms
[2024-04-05T13:26:53.730+0300][9.499s][info][gc,marking  ] GC(14) Concurrent Rebuild Remembered Sets
[2024-04-05T13:26:53.749+0300][9.518s][info][gc,marking  ] GC(14) Concurrent Rebuild Remembered Sets 18.956ms
[2024-04-05T13:26:53.749+0300][9.518s][info][gc,start    ] GC(14) Pause Cleanup
[2024-04-05T13:26:53.749+0300][9.519s][info][gc          ] GC(14) Pause Cleanup 57M->57M(1024M) 0.290ms
[2024-04-05T13:26:53.749+0300][9.519s][info][gc,cpu      ] GC(14) User=0.00s Sys=0.00s Real=0.00s
[2024-04-05T13:26:53.749+0300][9.519s][info][gc,marking  ] GC(14) Concurrent Cleanup for Next Mark
[2024-04-05T13:26:53.751+0300][9.521s][info][gc,marking  ] GC(14) Concurrent Cleanup for Next Mark 1.711ms
[2024-04-05T13:26:53.751+0300][9.521s][info][gc          ] GC(14) Concurrent Mark Cycle 47.674ms
[2024-04-05T13:26:55.467+0300][11.237s][info][gc,start    ] GC(15) Pause Young (Prepare Mixed) (G1 Evacuation Pause)
[2024-04-05T13:26:55.467+0300][11.237s][info][gc,task     ] GC(15) Using 6 workers of 6 for evacuation
[2024-04-05T13:26:55.474+0300][11.244s][info][gc,phases   ] GC(15)   Pre Evacuate Collection Set: 0.2ms
[2024-04-05T13:26:55.474+0300][11.244s][info][gc,phases   ] GC(15)   Merge Heap Roots: 0.2ms
[2024-04-05T13:26:55.474+0300][11.244s][info][gc,phases   ] GC(15)   Evacuate Collection Set: 4.9ms
[2024-04-05T13:26:55.474+0300][11.244s][info][gc,phases   ] GC(15)   Post Evacuate Collection Set: 2.0ms
[2024-04-05T13:26:55.474+0300][11.244s][info][gc,phases   ] GC(15)   Other: 0.1ms
[2024-04-05T13:26:55.475+0300][11.244s][info][gc,heap     ] GC(15) Eden regions: 612->0(45)
[2024-04-05T13:26:55.475+0300][11.244s][info][gc,heap     ] GC(15) Survivor regions: 2->6(77)
[2024-04-05T13:26:55.475+0300][11.244s][info][gc,heap     ] GC(15) Old regions: 49->49
[2024-04-05T13:26:55.475+0300][11.244s][info][gc,heap     ] GC(15) Archive regions: 2->2
[2024-04-05T13:26:55.475+0300][11.244s][info][gc,heap     ] GC(15) Humongous regions: 6->3
[2024-04-05T13:26:55.475+0300][11.244s][info][gc,metaspace] GC(15) Metaspace: 67488K(68160K)->67488K(68160K) NonClass: 59099K(59456K)->59099K(59456K) Class: 8388K(8704K)->8388K(8704K)
[2024-04-05T13:26:55.475+0300][11.244s][info][gc          ] GC(15) Pause Young (Prepare Mixed) (G1 Evacuation Pause) 668M->58M(1024M) 7.485ms
[2024-04-05T13:26:55.475+0300][11.244s][info][gc,cpu      ] GC(15) User=0.02s Sys=0.00s Real=0.01s
[2024-04-05T13:26:55.492+0300][11.262s][info][gc,start    ] GC(16) Pause Young (Mixed) (G1 Evacuation Pause)
[2024-04-05T13:26:55.492+0300][11.262s][info][gc,task     ] GC(16) Using 6 workers of 6 for evacuation
[2024-04-05T13:26:55.508+0300][11.278s][info][gc,phases   ] GC(16)   Pre Evacuate Collection Set: 0.2ms
[2024-04-05T13:26:55.508+0300][11.278s][info][gc,phases   ] GC(16)   Merge Heap Roots: 0.3ms
[2024-04-05T13:26:55.508+0300][11.278s][info][gc,phases   ] GC(16)   Evacuate Collection Set: 14.7ms
[2024-04-05T13:26:55.508+0300][11.278s][info][gc,phases   ] GC(16)   Post Evacuate Collection Set: 0.7ms
[2024-04-05T13:26:55.508+0300][11.278s][info][gc,phases   ] GC(16)   Other: 0.1ms
[2024-04-05T13:26:55.508+0300][11.278s][info][gc,heap     ] GC(16) Eden regions: 45->0(613)
[2024-04-05T13:26:55.508+0300][11.278s][info][gc,heap     ] GC(16) Survivor regions: 6->1(7)
[2024-04-05T13:26:55.509+0300][11.278s][info][gc,heap     ] GC(16) Old regions: 49->54
[2024-04-05T13:26:55.509+0300][11.278s][info][gc,heap     ] GC(16) Archive regions: 2->2
[2024-04-05T13:26:55.509+0300][11.278s][info][gc,heap     ] GC(16) Humongous regions: 3->3
[2024-04-05T13:26:55.509+0300][11.278s][info][gc,metaspace] GC(16) Metaspace: 67488K(68160K)->67488K(68160K) NonClass: 59099K(59456K)->59099K(59456K) Class: 8388K(8704K)->8388K(8704K)
[2024-04-05T13:26:55.509+0300][11.278s][info][gc          ] GC(16) Pause Young (Mixed) (G1 Evacuation Pause) 103M->58M(1024M) 16.112ms
[2024-04-05T13:26:55.509+0300][11.278s][info][gc,cpu      ] GC(16) User=0.06s Sys=0.01s Real=0.01s
[2024-04-05T13:26:58.558+0300][14.328s][info][gc,start    ] GC(17) Pause Young (Normal) (G1 Evacuation Pause)
[2024-04-05T13:26:58.558+0300][14.328s][info][gc,task     ] GC(17) Using 6 workers of 6 for evacuation
[2024-04-05T13:26:58.599+0300][14.369s][info][gc,phases   ] GC(17)   Pre Evacuate Collection Set: 0.2ms
[2024-04-05T13:26:58.599+0300][14.369s][info][gc,phases   ] GC(17)   Merge Heap Roots: 0.3ms
[2024-04-05T13:26:58.599+0300][14.369s][info][gc,phases   ] GC(17)   Evacuate Collection Set: 38.3ms
[2024-04-05T13:26:58.599+0300][14.369s][info][gc,phases   ] GC(17)   Post Evacuate Collection Set: 1.7ms
[2024-04-05T13:26:58.599+0300][14.369s][info][gc,phases   ] GC(17)   Other: 0.1ms
[2024-04-05T13:26:58.599+0300][14.369s][info][gc,heap     ] GC(17) Eden regions: 613->0(591)
[2024-04-05T13:26:58.599+0300][14.369s][info][gc,heap     ] GC(17) Survivor regions: 1->23(77)
[2024-04-05T13:26:58.599+0300][14.369s][info][gc,heap     ] GC(17) Old regions: 54->54
[2024-04-05T13:26:58.599+0300][14.369s][info][gc,heap     ] GC(17) Archive regions: 2->2
[2024-04-05T13:26:58.599+0300][14.369s][info][gc,heap     ] GC(17) Humongous regions: 3->3
[2024-04-05T13:26:58.599+0300][14.369s][info][gc,metaspace] GC(17) Metaspace: 81776K(82624K)->81776K(82624K) NonClass: 71599K(72000K)->71599K(72000K) Class: 10177K(10624K)->10177K(10624K)
[2024-04-05T13:26:58.599+0300][14.369s][info][gc          ] GC(17) Pause Young (Normal) (G1 Evacuation Pause) 671M->80M(1024M) 40.674ms
[2024-04-05T13:26:58.599+0300][14.369s][info][gc,cpu      ] GC(17) User=0.13s Sys=0.04s Real=0.04s
[2024-04-05T13:27:19.910+0300][35.680s][info][gc,start    ] GC(18) Pause Young (Concurrent Start) (Metadata GC Threshold)
[2024-04-05T13:27:19.910+0300][35.680s][info][gc,task     ] GC(18) Using 6 workers of 6 for evacuation
[2024-04-05T13:27:19.943+0300][35.713s][info][gc,phases   ] GC(18)   Pre Evacuate Collection Set: 0.5ms
[2024-04-05T13:27:19.943+0300][35.713s][info][gc,phases   ] GC(18)   Merge Heap Roots: 0.3ms
[2024-04-05T13:27:19.943+0300][35.713s][info][gc,phases   ] GC(18)   Evacuate Collection Set: 27.0ms
[2024-04-05T13:27:19.943+0300][35.713s][info][gc,phases   ] GC(18)   Post Evacuate Collection Set: 5.2ms
[2024-04-05T13:27:19.943+0300][35.713s][info][gc,phases   ] GC(18)   Other: 0.2ms
[2024-04-05T13:27:19.943+0300][35.713s][info][gc,heap     ] GC(18) Eden regions: 548->0(558)
[2024-04-05T13:27:19.943+0300][35.713s][info][gc,heap     ] GC(18) Survivor regions: 23->56(77)
[2024-04-05T13:27:19.943+0300][35.713s][info][gc,heap     ] GC(18) Old regions: 54->54
[2024-04-05T13:27:19.943+0300][35.713s][info][gc,heap     ] GC(18) Archive regions: 2->2
[2024-04-05T13:27:19.943+0300][35.713s][info][gc,heap     ] GC(18) Humongous regions: 5->3
[2024-04-05T13:27:19.943+0300][35.713s][info][gc,metaspace] GC(18) Metaspace: 101371K(102528K)->101371K(102528K) NonClass: 88614K(89216K)->88614K(89216K) Class: 12756K(13312K)->12756K(13312K)
[2024-04-05T13:27:19.943+0300][35.713s][info][gc          ] GC(18) Pause Young (Concurrent Start) (Metadata GC Threshold) 630M->113M(1024M) 33.331ms
[2024-04-05T13:27:19.943+0300][35.713s][info][gc,cpu      ] GC(18) User=0.13s Sys=0.00s Real=0.03s
[2024-04-05T13:27:19.944+0300][35.713s][info][gc          ] GC(19) Concurrent Mark Cycle
[2024-04-05T13:27:19.944+0300][35.713s][info][gc,marking  ] GC(19) Concurrent Clear Claimed Marks
[2024-04-05T13:27:19.944+0300][35.714s][info][gc,marking  ] GC(19) Concurrent Clear Claimed Marks 0.111ms
[2024-04-05T13:27:19.944+0300][35.714s][info][gc,marking  ] GC(19) Concurrent Scan Root Regions
[2024-04-05T13:27:19.956+0300][35.726s][info][gc,marking  ] GC(19) Concurrent Scan Root Regions 12.527ms
[2024-04-05T13:27:19.957+0300][35.726s][info][gc,marking  ] GC(19) Concurrent Mark
[2024-04-05T13:27:19.957+0300][35.726s][info][gc,marking  ] GC(19) Concurrent Mark From Roots
[2024-04-05T13:27:19.957+0300][35.726s][info][gc,task     ] GC(19) Using 2 workers of 2 for marking
[2024-04-05T13:27:19.996+0300][35.766s][info][gc,marking  ] GC(19) Concurrent Mark From Roots 39.865ms
[2024-04-05T13:27:19.996+0300][35.766s][info][gc,marking  ] GC(19) Concurrent Preclean
[2024-04-05T13:27:19.997+0300][35.766s][info][gc,marking  ] GC(19) Concurrent Preclean 0.130ms
[2024-04-05T13:27:19.997+0300][35.767s][info][gc,start    ] GC(19) Pause Remark
[2024-04-05T13:27:20.003+0300][35.772s][info][gc          ] GC(19) Pause Remark 116M->116M(1024M) 5.863ms
[2024-04-05T13:27:20.003+0300][35.772s][info][gc,cpu      ] GC(19) User=0.02s Sys=0.00s Real=0.01s
[2024-04-05T13:27:20.003+0300][35.772s][info][gc,marking  ] GC(19) Concurrent Mark 46.301ms
[2024-04-05T13:27:20.003+0300][35.773s][info][gc,marking  ] GC(19) Concurrent Rebuild Remembered Sets
[2024-04-05T13:27:20.032+0300][35.802s][info][gc,marking  ] GC(19) Concurrent Rebuild Remembered Sets 29.083ms
[2024-04-05T13:27:20.032+0300][35.802s][info][gc,start    ] GC(19) Pause Cleanup
[2024-04-05T13:27:20.032+0300][35.802s][info][gc          ] GC(19) Pause Cleanup 118M->118M(1024M) 0.174ms
[2024-04-05T13:27:20.032+0300][35.802s][info][gc,cpu      ] GC(19) User=0.00s Sys=0.00s Real=0.00s
[2024-04-05T13:27:20.033+0300][35.802s][info][gc,marking  ] GC(19) Concurrent Cleanup for Next Mark
[2024-04-05T13:27:20.034+0300][35.803s][info][gc,marking  ] GC(19) Concurrent Cleanup for Next Mark 1.169ms
[2024-04-05T13:27:20.034+0300][35.803s][info][gc          ] GC(19) Concurrent Mark Cycle 89.940ms
[2024-04-05T13:28:25.421+0300][101.191s][info][gc,start    ] GC(20) Pause Young (Prepare Mixed) (G1 Evacuation Pause)
[2024-04-05T13:28:25.421+0300][101.191s][info][gc,task     ] GC(20) Using 6 workers of 6 for evacuation
[2024-04-05T13:28:25.518+0300][101.287s][info][gc,phases   ] GC(20)   Pre Evacuate Collection Set: 0.2ms
[2024-04-05T13:28:25.518+0300][101.287s][info][gc,phases   ] GC(20)   Merge Heap Roots: 0.2ms
[2024-04-05T13:28:25.518+0300][101.287s][info][gc,phases   ] GC(20)   Evacuate Collection Set: 88.9ms
[2024-04-05T13:28:25.518+0300][101.287s][info][gc,phases   ] GC(20)   Post Evacuate Collection Set: 6.9ms
[2024-04-05T13:28:25.518+0300][101.287s][info][gc,phases   ] GC(20)   Other: 0.1ms
[2024-04-05T13:28:25.518+0300][101.287s][info][gc,heap     ] GC(20) Eden regions: 558->0(11)
[2024-04-05T13:28:25.518+0300][101.287s][info][gc,heap     ] GC(20) Survivor regions: 56->40(77)
[2024-04-05T13:28:25.518+0300][101.287s][info][gc,heap     ] GC(20) Old regions: 54->77
[2024-04-05T13:28:25.518+0300][101.287s][info][gc,heap     ] GC(20) Archive regions: 2->2
[2024-04-05T13:28:25.518+0300][101.287s][info][gc,heap     ] GC(20) Humongous regions: 7->3
[2024-04-05T13:28:25.518+0300][101.287s][info][gc,metaspace] GC(20) Metaspace: 111651K(112896K)->111651K(112896K) NonClass: 97896K(98560K)->97896K(98560K) Class: 13754K(14336K)->13754K(14336K)
[2024-04-05T13:28:25.518+0300][101.287s][info][gc          ] GC(20) Pause Young (Prepare Mixed) (G1 Evacuation Pause) 675M->119M(1024M) 96.544ms
[2024-04-05T13:28:25.518+0300][101.288s][info][gc,cpu      ] GC(20) User=0.33s Sys=0.12s Real=0.10s
[2024-04-05T13:28:25.554+0300][101.323s][info][gc,start    ] GC(21) Pause Young (Mixed) (G1 Evacuation Pause)
[2024-04-05T13:28:25.554+0300][101.323s][info][gc,task     ] GC(21) Using 6 workers of 6 for evacuation
[2024-04-05T13:28:25.692+0300][101.461s][info][gc,phases   ] GC(21)   Pre Evacuate Collection Set: 0.1ms
[2024-04-05T13:28:25.692+0300][101.461s][info][gc,phases   ] GC(21)   Merge Heap Roots: 0.1ms
[2024-04-05T13:28:25.692+0300][101.461s][info][gc,phases   ] GC(21)   Evacuate Collection Set: 134.2ms
[2024-04-05T13:28:25.692+0300][101.461s][info][gc,phases   ] GC(21)   Post Evacuate Collection Set: 3.2ms
[2024-04-05T13:28:25.692+0300][101.461s][info][gc,phases   ] GC(21)   Other: 0.1ms
[2024-04-05T13:28:25.692+0300][101.461s][info][gc,heap     ] GC(21) Eden regions: 11->0(607)
[2024-04-05T13:28:25.692+0300][101.461s][info][gc,heap     ] GC(21) Survivor regions: 40->3(7)
[2024-04-05T13:28:25.692+0300][101.461s][info][gc,heap     ] GC(21) Old regions: 77->113
[2024-04-05T13:28:25.692+0300][101.461s][info][gc,heap     ] GC(21) Archive regions: 2->2
[2024-04-05T13:28:25.692+0300][101.462s][info][gc,heap     ] GC(21) Humongous regions: 3->3
[2024-04-05T13:28:25.692+0300][101.462s][info][gc,metaspace] GC(21) Metaspace: 111653K(112896K)->111653K(112896K) NonClass: 97898K(98560K)->97898K(98560K) Class: 13754K(14336K)->13754K(14336K)
[2024-04-05T13:28:25.692+0300][101.462s][info][gc          ] GC(21) Pause Young (Mixed) (G1 Evacuation Pause) 130M->118M(1024M) 138.130ms
[2024-04-05T13:28:25.692+0300][101.462s][info][gc,cpu      ] GC(21) User=0.45s Sys=0.22s Real=0.14s
[2024-04-05T13:28:27.713+0300][103.483s][info][gc,start    ] GC(22) Pause Young (Normal) (G1 Evacuation Pause)
[2024-04-05T13:28:27.713+0300][103.483s][info][gc,task     ] GC(22) Using 6 workers of 6 for evacuation
[2024-04-05T13:28:27.720+0300][103.490s][info][gc,phases   ] GC(22)   Pre Evacuate Collection Set: 0.2ms
[2024-04-05T13:28:27.720+0300][103.490s][info][gc,phases   ] GC(22)   Merge Heap Roots: 0.4ms
[2024-04-05T13:28:27.720+0300][103.490s][info][gc,phases   ] GC(22)   Evacuate Collection Set: 5.6ms
[2024-04-05T13:28:27.720+0300][103.490s][info][gc,phases   ] GC(22)   Post Evacuate Collection Set: 0.9ms
[2024-04-05T13:28:27.720+0300][103.490s][info][gc,phases   ] GC(22)   Other: 0.1ms
[2024-04-05T13:28:27.720+0300][103.490s][info][gc,heap     ] GC(22) Eden regions: 607->0(608)
[2024-04-05T13:28:27.720+0300][103.490s][info][gc,heap     ] GC(22) Survivor regions: 3->6(77)
[2024-04-05T13:28:27.720+0300][103.490s][info][gc,heap     ] GC(22) Old regions: 113->113
[2024-04-05T13:28:27.720+0300][103.490s][info][gc,heap     ] GC(22) Archive regions: 2->2
[2024-04-05T13:28:27.720+0300][103.490s][info][gc,heap     ] GC(22) Humongous regions: 3->3
[2024-04-05T13:28:27.720+0300][103.490s][info][gc,metaspace] GC(22) Metaspace: 120487K(121664K)->120487K(121664K) NonClass: 105568K(106176K)->105568K(106176K) Class: 14918K(15488K)->14918K(15488K)
[2024-04-05T13:28:27.720+0300][103.490s][info][gc          ] GC(22) Pause Young (Normal) (G1 Evacuation Pause) 725M->121M(1024M) 7.298ms
[2024-04-05T13:28:27.720+0300][103.490s][info][gc,cpu      ] GC(22) User=0.02s Sys=0.00s Real=0.01s
[2024-04-05T13:28:29.934+0300][105.703s][info][gc,start    ] GC(23) Pause Young (Normal) (G1 Evacuation Pause)
[2024-04-05T13:28:29.934+0300][105.703s][info][gc,task     ] GC(23) Using 6 workers of 6 for evacuation
[2024-04-05T13:28:29.948+0300][105.718s][info][gc,phases   ] GC(23)   Pre Evacuate Collection Set: 0.2ms
[2024-04-05T13:28:29.948+0300][105.718s][info][gc,phases   ] GC(23)   Merge Heap Roots: 0.2ms
[2024-04-05T13:28:29.948+0300][105.718s][info][gc,phases   ] GC(23)   Evacuate Collection Set: 11.7ms
[2024-04-05T13:28:29.948+0300][105.718s][info][gc,phases   ] GC(23)   Post Evacuate Collection Set: 2.5ms
[2024-04-05T13:28:29.948+0300][105.718s][info][gc,phases   ] GC(23)   Other: 0.1ms
[2024-04-05T13:28:29.948+0300][105.718s][info][gc,heap     ] GC(23) Eden regions: 608->0(598)
[2024-04-05T13:28:29.948+0300][105.718s][info][gc,heap     ] GC(23) Survivor regions: 6->16(77)
[2024-04-05T13:28:29.948+0300][105.718s][info][gc,heap     ] GC(23) Old regions: 113->113
[2024-04-05T13:28:29.948+0300][105.718s][info][gc,heap     ] GC(23) Archive regions: 2->2
[2024-04-05T13:28:29.948+0300][105.718s][info][gc,heap     ] GC(23) Humongous regions: 3->3
[2024-04-05T13:28:29.948+0300][105.718s][info][gc,metaspace] GC(23) Metaspace: 128711K(129920K)->128711K(129920K) NonClass: 112762K(113408K)->112762K(113408K) Class: 15948K(16512K)->15948K(16512K)
[2024-04-05T13:28:29.948+0300][105.718s][info][gc          ] GC(23) Pause Young (Normal) (G1 Evacuation Pause) 729M->132M(1024M) 14.842ms
[2024-04-05T13:28:29.948+0300][105.718s][info][gc,cpu      ] GC(23) User=0.04s Sys=0.00s Real=0.01s
[2024-04-05T13:28:30.436+0300][106.205s][info][gc,start    ] GC(24) Pause Young (Concurrent Start) (G1 Humongous Allocation)
[2024-04-05T13:28:30.436+0300][106.205s][info][gc,task     ] GC(24) Using 6 workers of 6 for evacuation
[2024-04-05T13:28:30.451+0300][106.221s][info][gc,phases   ] GC(24)   Pre Evacuate Collection Set: 0.5ms
[2024-04-05T13:28:30.451+0300][106.221s][info][gc,phases   ] GC(24)   Merge Heap Roots: 0.3ms
[2024-04-05T13:28:30.451+0300][106.221s][info][gc,phases   ] GC(24)   Evacuate Collection Set: 13.1ms
[2024-04-05T13:28:30.451+0300][106.221s][info][gc,phases   ] GC(24)   Post Evacuate Collection Set: 1.6ms
[2024-04-05T13:28:30.451+0300][106.221s][info][gc,phases   ] GC(24)   Other: 0.2ms
[2024-04-05T13:28:30.451+0300][106.221s][info][gc,heap     ] GC(24) Eden regions: 143->0(594)
[2024-04-05T13:28:30.451+0300][106.221s][info][gc,heap     ] GC(24) Survivor regions: 16->20(77)
[2024-04-05T13:28:30.451+0300][106.221s][info][gc,heap     ] GC(24) Old regions: 113->113
[2024-04-05T13:28:30.451+0300][106.221s][info][gc,heap     ] GC(24) Archive regions: 2->2
[2024-04-05T13:28:30.451+0300][106.221s][info][gc,heap     ] GC(24) Humongous regions: 3->1
[2024-04-05T13:28:30.452+0300][106.221s][info][gc,metaspace] GC(24) Metaspace: 129998K(131264K)->129998K(131264K) NonClass: 113860K(114560K)->113860K(114560K) Class: 16137K(16704K)->16137K(16704K)
[2024-04-05T13:28:30.452+0300][106.221s][info][gc          ] GC(24) Pause Young (Concurrent Start) (G1 Humongous Allocation) 275M->133M(1024M) 15.896ms
[2024-04-05T13:28:30.452+0300][106.221s][info][gc,cpu      ] GC(24) User=0.06s Sys=0.00s Real=0.02s
[2024-04-05T13:28:30.452+0300][106.221s][info][gc          ] GC(25) Concurrent Mark Cycle
[2024-04-05T13:28:30.452+0300][106.221s][info][gc,marking  ] GC(25) Concurrent Clear Claimed Marks
[2024-04-05T13:28:30.452+0300][106.221s][info][gc,marking  ] GC(25) Concurrent Clear Claimed Marks 0.127ms
[2024-04-05T13:28:30.452+0300][106.221s][info][gc,marking  ] GC(25) Concurrent Scan Root Regions
[2024-04-05T13:28:30.459+0300][106.228s][info][gc,marking  ] GC(25) Concurrent Scan Root Regions 7.069ms
[2024-04-05T13:28:30.459+0300][106.228s][info][gc,marking  ] GC(25) Concurrent Mark
[2024-04-05T13:28:30.459+0300][106.228s][info][gc,marking  ] GC(25) Concurrent Mark From Roots
[2024-04-05T13:28:30.459+0300][106.228s][info][gc,task     ] GC(25) Using 2 workers of 2 for marking
[2024-04-05T13:28:30.540+0300][106.309s][info][gc,marking  ] GC(25) Concurrent Mark From Roots 80.696ms
[2024-04-05T13:28:30.540+0300][106.309s][info][gc,marking  ] GC(25) Concurrent Preclean
[2024-04-05T13:28:30.540+0300][106.310s][info][gc,marking  ] GC(25) Concurrent Preclean 0.328ms
[2024-04-05T13:28:30.540+0300][106.310s][info][gc,start    ] GC(25) Pause Remark
[2024-04-05T13:28:30.555+0300][106.324s][info][gc          ] GC(25) Pause Remark 154M->153M(1024M) 14.417ms
[2024-04-05T13:28:30.555+0300][106.324s][info][gc,cpu      ] GC(25) User=0.07s Sys=0.00s Real=0.01s
[2024-04-05T13:28:30.555+0300][106.325s][info][gc,marking  ] GC(25) Concurrent Mark 96.082ms
[2024-04-05T13:28:30.555+0300][106.325s][info][gc,marking  ] GC(25) Concurrent Rebuild Remembered Sets
[2024-04-05T13:28:30.606+0300][106.375s][info][gc,marking  ] GC(25) Concurrent Rebuild Remembered Sets 50.606ms
[2024-04-05T13:28:30.614+0300][106.384s][info][gc,start    ] GC(25) Pause Cleanup
[2024-04-05T13:28:30.614+0300][106.384s][info][gc          ] GC(25) Pause Cleanup 173M->173M(1024M) 0.255ms
[2024-04-05T13:28:30.614+0300][106.384s][info][gc,cpu      ] GC(25) User=0.00s Sys=0.00s Real=0.00s
[2024-04-05T13:28:30.614+0300][106.384s][info][gc,marking  ] GC(25) Concurrent Cleanup for Next Mark
[2024-04-05T13:28:30.616+0300][106.385s][info][gc,marking  ] GC(25) Concurrent Cleanup for Next Mark 1.294ms
[2024-04-05T13:28:30.616+0300][106.385s][info][gc          ] GC(25) Concurrent Mark Cycle 164.111ms
[2024-04-05T13:28:32.345+0300][108.114s][info][gc,start    ] GC(26) Pause Young (Prepare Mixed) (G1 Evacuation Pause)
[2024-04-05T13:28:32.345+0300][108.114s][info][gc,task     ] GC(26) Using 6 workers of 6 for evacuation
[2024-04-05T13:28:32.375+0300][108.145s][info][gc,phases   ] GC(26)   Pre Evacuate Collection Set: 0.3ms
[2024-04-05T13:28:32.375+0300][108.145s][info][gc,phases   ] GC(26)   Merge Heap Roots: 0.2ms
[2024-04-05T13:28:32.375+0300][108.145s][info][gc,phases   ] GC(26)   Evacuate Collection Set: 24.1ms
[2024-04-05T13:28:32.375+0300][108.145s][info][gc,phases   ] GC(26)   Post Evacuate Collection Set: 5.9ms
[2024-04-05T13:28:32.375+0300][108.145s][info][gc,phases   ] GC(26)   Other: 0.1ms
[2024-04-05T13:28:32.375+0300][108.145s][info][gc,heap     ] GC(26) Eden regions: 594->0(1)
[2024-04-05T13:28:32.375+0300][108.145s][info][gc,heap     ] GC(26) Survivor regions: 20->50(77)
[2024-04-05T13:28:32.375+0300][108.145s][info][gc,heap     ] GC(26) Old regions: 112->112
[2024-04-05T13:28:32.375+0300][108.145s][info][gc,heap     ] GC(26) Archive regions: 2->2
[2024-04-05T13:28:32.375+0300][108.145s][info][gc,heap     ] GC(26) Humongous regions: 3->3
[2024-04-05T13:28:32.375+0300][108.145s][info][gc,metaspace] GC(26) Metaspace: 134652K(135936K)->134652K(135936K) NonClass: 117925K(118592K)->117925K(118592K) Class: 16726K(17344K)->16726K(17344K)
[2024-04-05T13:28:32.375+0300][108.145s][info][gc          ] GC(26) Pause Young (Prepare Mixed) (G1 Evacuation Pause) 728M->165M(1024M) 30.716ms
[2024-04-05T13:28:32.375+0300][108.145s][info][gc,cpu      ] GC(26) User=0.13s Sys=0.02s Real=0.03s
[2024-04-05T13:28:32.381+0300][108.151s][info][gc,start    ] GC(27) Pause Young (Mixed) (G1 Evacuation Pause)
[2024-04-05T13:28:32.381+0300][108.151s][info][gc,task     ] GC(27) Using 6 workers of 6 for evacuation
[2024-04-05T13:28:32.484+0300][108.253s][info][gc,phases   ] GC(27)   Pre Evacuate Collection Set: 0.4ms
[2024-04-05T13:28:32.484+0300][108.253s][info][gc,phases   ] GC(27)   Merge Heap Roots: 0.1ms
[2024-04-05T13:28:32.484+0300][108.253s][info][gc,phases   ] GC(27)   Evacuate Collection Set: 100.8ms
[2024-04-05T13:28:32.484+0300][108.253s][info][gc,phases   ] GC(27)   Post Evacuate Collection Set: 0.8ms
[2024-04-05T13:28:32.484+0300][108.253s][info][gc,phases   ] GC(27)   Other: 0.1ms
[2024-04-05T13:28:32.484+0300][108.253s][info][gc,heap     ] GC(27) Eden regions: 1->0(583)
[2024-04-05T13:28:32.484+0300][108.253s][info][gc,heap     ] GC(27) Survivor regions: 50->3(7)
[2024-04-05T13:28:32.484+0300][108.253s][info][gc,heap     ] GC(27) Old regions: 112->155
[2024-04-05T13:28:32.484+0300][108.253s][info][gc,heap     ] GC(27) Archive regions: 2->2
[2024-04-05T13:28:32.484+0300][108.253s][info][gc,heap     ] GC(27) Humongous regions: 3->3
[2024-04-05T13:28:32.484+0300][108.253s][info][gc,metaspace] GC(27) Metaspace: 134660K(135936K)->134660K(135936K) NonClass: 117933K(118592K)->117933K(118592K) Class: 16726K(17344K)->16726K(17344K)
[2024-04-05T13:28:32.484+0300][108.253s][info][gc          ] GC(27) Pause Young (Mixed) (G1 Evacuation Pause) 166M->161M(1024M) 102.439ms
[2024-04-05T13:28:32.484+0300][108.253s][info][gc,cpu      ] GC(27) User=0.35s Sys=0.21s Real=0.10s
[2024-04-05T13:28:34.652+0300][110.422s][info][gc,start    ] GC(28) Pause Young (Normal) (G1 Evacuation Pause)
[2024-04-05T13:28:34.652+0300][110.422s][info][gc,task     ] GC(28) Using 6 workers of 6 for evacuation
[2024-04-05T13:28:34.667+0300][110.437s][info][gc,phases   ] GC(28)   Pre Evacuate Collection Set: 0.2ms
[2024-04-05T13:28:34.667+0300][110.437s][info][gc,phases   ] GC(28)   Merge Heap Roots: 0.2ms
[2024-04-05T13:28:34.667+0300][110.437s][info][gc,phases   ] GC(28)   Evacuate Collection Set: 12.1ms
[2024-04-05T13:28:34.667+0300][110.437s][info][gc,phases   ] GC(28)   Post Evacuate Collection Set: 2.3ms
[2024-04-05T13:28:34.667+0300][110.437s][info][gc,phases   ] GC(28)   Other: 0.1ms
[2024-04-05T13:28:34.667+0300][110.437s][info][gc,heap     ] GC(28) Eden regions: 583->0(570)
[2024-04-05T13:28:34.667+0300][110.437s][info][gc,heap     ] GC(28) Survivor regions: 3->20(74)
[2024-04-05T13:28:34.667+0300][110.437s][info][gc,heap     ] GC(28) Old regions: 155->155
[2024-04-05T13:28:34.667+0300][110.437s][info][gc,heap     ] GC(28) Archive regions: 2->2
[2024-04-05T13:28:34.667+0300][110.437s][info][gc,heap     ] GC(28) Humongous regions: 4->3
[2024-04-05T13:28:34.667+0300][110.437s][info][gc,metaspace] GC(28) Metaspace: 143751K(145408K)->143751K(145408K) NonClass: 125895K(126720K)->125895K(126720K) Class: 17856K(18688K)->17856K(18688K)
[2024-04-05T13:28:34.667+0300][110.437s][info][gc          ] GC(28) Pause Young (Normal) (G1 Evacuation Pause) 745M->177M(1024M) 15.155ms
[2024-04-05T13:28:34.667+0300][110.437s][info][gc,cpu      ] GC(28) User=0.06s Sys=0.00s Real=0.01s
[2024-04-05T13:28:36.925+0300][112.695s][info][gc,start    ] GC(29) Pause Young (Normal) (G1 Evacuation Pause)
[2024-04-05T13:28:36.925+0300][112.695s][info][gc,task     ] GC(29) Using 6 workers of 6 for evacuation
[2024-04-05T13:28:36.947+0300][112.717s][info][gc,phases   ] GC(29)   Pre Evacuate Collection Set: 0.2ms
[2024-04-05T13:28:36.947+0300][112.717s][info][gc,phases   ] GC(29)   Merge Heap Roots: 0.2ms
[2024-04-05T13:28:36.947+0300][112.717s][info][gc,phases   ] GC(29)   Evacuate Collection Set: 20.0ms
[2024-04-05T13:28:36.947+0300][112.717s][info][gc,phases   ] GC(29)   Post Evacuate Collection Set: 1.3ms
[2024-04-05T13:28:36.947+0300][112.717s][info][gc,phases   ] GC(29)   Other: 0.1ms
[2024-04-05T13:28:36.947+0300][112.717s][info][gc,heap     ] GC(29) Eden regions: 570->0(566)
[2024-04-05T13:28:36.947+0300][112.717s][info][gc,heap     ] GC(29) Survivor regions: 20->32(74)
[2024-04-05T13:28:36.947+0300][112.717s][info][gc,heap     ] GC(29) Old regions: 155->155
[2024-04-05T13:28:36.947+0300][112.717s][info][gc,heap     ] GC(29) Archive regions: 2->2
[2024-04-05T13:28:36.947+0300][112.717s][info][gc,heap     ] GC(29) Humongous regions: 3->3
[2024-04-05T13:28:36.947+0300][112.717s][info][gc,metaspace] GC(29) Metaspace: 151303K(153536K)->151303K(153536K) NonClass: 132506K(133568K)->132506K(133568K) Class: 18796K(19968K)->18796K(19968K)
[2024-04-05T13:28:36.947+0300][112.717s][info][gc          ] GC(29) Pause Young (Normal) (G1 Evacuation Pause) 747M->190M(1024M) 22.028ms
[2024-04-05T13:28:36.947+0300][112.717s][info][gc,cpu      ] GC(29) User=0.07s Sys=0.01s Real=0.02s
[2024-04-05T13:28:39.154+0300][114.923s][info][gc,start    ] GC(30) Pause Young (Concurrent Start) (G1 Evacuation Pause)
[2024-04-05T13:28:39.154+0300][114.924s][info][gc,task     ] GC(30) Using 6 workers of 6 for evacuation
[2024-04-05T13:28:39.186+0300][114.956s][info][gc,phases   ] GC(30)   Pre Evacuate Collection Set: 0.5ms
[2024-04-05T13:28:39.186+0300][114.956s][info][gc,phases   ] GC(30)   Merge Heap Roots: 0.2ms
[2024-04-05T13:28:39.186+0300][114.956s][info][gc,phases   ] GC(30)   Evacuate Collection Set: 29.2ms
[2024-04-05T13:28:39.186+0300][114.956s][info][gc,phases   ] GC(30)   Post Evacuate Collection Set: 2.5ms
[2024-04-05T13:28:39.186+0300][114.956s][info][gc,phases   ] GC(30)   Other: 0.1ms
[2024-04-05T13:28:39.186+0300][114.956s][info][gc,heap     ] GC(30) Eden regions: 566->0(558)
[2024-04-05T13:28:39.186+0300][114.956s][info][gc,heap     ] GC(30) Survivor regions: 32->44(75)
[2024-04-05T13:28:39.186+0300][114.956s][info][gc,heap     ] GC(30) Old regions: 155->155
[2024-04-05T13:28:39.186+0300][114.956s][info][gc,heap     ] GC(30) Archive regions: 2->2
[2024-04-05T13:28:39.186+0300][114.956s][info][gc,heap     ] GC(30) Humongous regions: 3->3
[2024-04-05T13:28:39.186+0300][114.956s][info][gc,metaspace] GC(30) Metaspace: 159158K(161664K)->159158K(161664K) NonClass: 139272K(140480K)->139272K(140480K) Class: 19886K(21184K)->19886K(21184K)
[2024-04-05T13:28:39.187+0300][114.956s][info][gc          ] GC(30) Pause Young (Concurrent Start) (G1 Evacuation Pause) 756M->202M(1024M) 32.656ms
[2024-04-05T13:28:39.187+0300][114.956s][info][gc,cpu      ] GC(30) User=0.14s Sys=0.00s Real=0.03s
[2024-04-05T13:28:39.187+0300][114.956s][info][gc          ] GC(31) Concurrent Mark Cycle
[2024-04-05T13:28:39.187+0300][114.956s][info][gc,marking  ] GC(31) Concurrent Clear Claimed Marks
[2024-04-05T13:28:39.187+0300][114.957s][info][gc,marking  ] GC(31) Concurrent Clear Claimed Marks 0.542ms
[2024-04-05T13:28:39.187+0300][114.957s][info][gc,marking  ] GC(31) Concurrent Scan Root Regions
[2024-04-05T13:28:39.210+0300][114.980s][info][gc,marking  ] GC(31) Concurrent Scan Root Regions 22.626ms
[2024-04-05T13:28:39.210+0300][114.980s][info][gc,marking  ] GC(31) Concurrent Mark
[2024-04-05T13:28:39.210+0300][114.980s][info][gc,marking  ] GC(31) Concurrent Mark From Roots
[2024-04-05T13:28:39.210+0300][114.980s][info][gc,task     ] GC(31) Using 2 workers of 2 for marking
[2024-04-05T13:28:39.288+0300][115.058s][info][gc,marking  ] GC(31) Concurrent Mark From Roots 78.429ms
[2024-04-05T13:28:39.288+0300][115.058s][info][gc,marking  ] GC(31) Concurrent Preclean
[2024-04-05T13:28:39.289+0300][115.059s][info][gc,marking  ] GC(31) Concurrent Preclean 0.568ms
[2024-04-05T13:28:39.289+0300][115.059s][info][gc,start    ] GC(31) Pause Remark
[2024-04-05T13:28:39.295+0300][115.065s][info][gc          ] GC(31) Pause Remark 246M->246M(1024M) 5.984ms
[2024-04-05T13:28:39.295+0300][115.065s][info][gc,cpu      ] GC(31) User=0.02s Sys=0.01s Real=0.01s
[2024-04-05T13:28:39.295+0300][115.065s][info][gc,marking  ] GC(31) Concurrent Mark 85.328ms
[2024-04-05T13:28:39.295+0300][115.065s][info][gc,marking  ] GC(31) Concurrent Rebuild Remembered Sets
[2024-04-05T13:28:39.357+0300][115.126s][info][gc,marking  ] GC(31) Concurrent Rebuild Remembered Sets 61.350ms
[2024-04-05T13:28:39.357+0300][115.126s][info][gc,start    ] GC(31) Pause Cleanup
[2024-04-05T13:28:39.357+0300][115.127s][info][gc          ] GC(31) Pause Cleanup 270M->270M(1024M) 0.214ms
[2024-04-05T13:28:39.357+0300][115.127s][info][gc,cpu      ] GC(31) User=0.00s Sys=0.00s Real=0.00s
[2024-04-05T13:28:39.357+0300][115.127s][info][gc,marking  ] GC(31) Concurrent Cleanup for Next Mark
[2024-04-05T13:28:39.358+0300][115.128s][info][gc,marking  ] GC(31) Concurrent Cleanup for Next Mark 1.234ms
[2024-04-05T13:28:39.358+0300][115.128s][info][gc          ] GC(31) Concurrent Mark Cycle 171.690ms
[2024-04-05T13:28:40.236+0300][116.006s][info][gc,start    ] GC(32) Pause Young (Prepare Mixed) (G1 Evacuation Pause)
[2024-04-05T13:28:40.236+0300][116.006s][info][gc,task     ] GC(32) Using 6 workers of 6 for evacuation
[2024-04-05T13:28:40.294+0300][116.064s][info][gc,phases   ] GC(32)   Pre Evacuate Collection Set: 0.2ms
[2024-04-05T13:28:40.294+0300][116.064s][info][gc,phases   ] GC(32)   Merge Heap Roots: 0.2ms
[2024-04-05T13:28:40.294+0300][116.064s][info][gc,phases   ] GC(32)   Evacuate Collection Set: 54.1ms
[2024-04-05T13:28:40.294+0300][116.064s][info][gc,phases   ] GC(32)   Post Evacuate Collection Set: 3.1ms
[2024-04-05T13:28:40.294+0300][116.064s][info][gc,phases   ] GC(32)   Other: 0.1ms
[2024-04-05T13:28:40.294+0300][116.064s][info][gc,heap     ] GC(32) Eden regions: 558->0(24)
[2024-04-05T13:28:40.294+0300][116.064s][info][gc,heap     ] GC(32) Survivor regions: 44->27(76)
[2024-04-05T13:28:40.294+0300][116.064s][info][gc,heap     ] GC(32) Old regions: 155->172
[2024-04-05T13:28:40.294+0300][116.064s][info][gc,heap     ] GC(32) Archive regions: 2->2
[2024-04-05T13:28:40.294+0300][116.064s][info][gc,heap     ] GC(32) Humongous regions: 6->3
[2024-04-05T13:28:40.294+0300][116.064s][info][gc,metaspace] GC(32) Metaspace: 161876K(164352K)->161876K(164352K) NonClass: 141560K(142720K)->141560K(142720K) Class: 20316K(21632K)->20316K(21632K)
[2024-04-05T13:28:40.294+0300][116.064s][info][gc          ] GC(32) Pause Young (Prepare Mixed) (G1 Evacuation Pause) 763M->202M(1024M) 57.971ms
[2024-04-05T13:28:40.294+0300][116.064s][info][gc,cpu      ] GC(32) User=0.27s Sys=0.04s Real=0.06s
[2024-04-05T13:28:40.335+0300][116.105s][info][gc,start    ] GC(33) Pause Young (Mixed) (G1 Evacuation Pause)
[2024-04-05T13:28:40.335+0300][116.105s][info][gc,task     ] GC(33) Using 6 workers of 6 for evacuation
[2024-04-05T13:28:40.413+0300][116.182s][info][gc,phases   ] GC(33)   Pre Evacuate Collection Set: 0.2ms
[2024-04-05T13:28:40.413+0300][116.182s][info][gc,phases   ] GC(33)   Merge Heap Roots: 0.2ms
[2024-04-05T13:28:40.413+0300][116.182s][info][gc,phases   ] GC(33)   Evacuate Collection Set: 76.3ms
[2024-04-05T13:28:40.413+0300][116.182s][info][gc,phases   ] GC(33)   Post Evacuate Collection Set: 1.0ms
[2024-04-05T13:28:40.413+0300][116.182s][info][gc,phases   ] GC(33)   Other: 0.1ms
[2024-04-05T13:28:40.413+0300][116.182s][info][gc,heap     ] GC(33) Eden regions: 24->0(572)
[2024-04-05T13:28:40.413+0300][116.182s][info][gc,heap     ] GC(33) Survivor regions: 27->3(7)
[2024-04-05T13:28:40.413+0300][116.182s][info][gc,heap     ] GC(33) Old regions: 172->190
[2024-04-05T13:28:40.413+0300][116.182s][info][gc,heap     ] GC(33) Archive regions: 2->2
[2024-04-05T13:28:40.413+0300][116.182s][info][gc,heap     ] GC(33) Humongous regions: 3->3
[2024-04-05T13:28:40.413+0300][116.182s][info][gc,metaspace] GC(33) Metaspace: 161889K(164416K)->161889K(164416K) NonClass: 141572K(142784K)->141572K(142784K) Class: 20316K(21632K)->20316K(21632K)
[2024-04-05T13:28:40.413+0300][116.182s][info][gc          ] GC(33) Pause Young (Mixed) (G1 Evacuation Pause) 226M->196M(1024M) 77.857ms
[2024-04-05T13:28:40.413+0300][116.182s][info][gc,cpu      ] GC(33) User=0.27s Sys=0.05s Real=0.08s
[2024-04-05T13:28:42.268+0300][118.038s][info][gc,start    ] GC(34) Pause Young (Normal) (G1 Evacuation Pause)
[2024-04-05T13:28:42.268+0300][118.038s][info][gc,task     ] GC(34) Using 6 workers of 6 for evacuation
[2024-04-05T13:28:42.280+0300][118.050s][info][gc,phases   ] GC(34)   Pre Evacuate Collection Set: 0.2ms
[2024-04-05T13:28:42.280+0300][118.050s][info][gc,phases   ] GC(34)   Merge Heap Roots: 0.2ms
[2024-04-05T13:28:42.280+0300][118.050s][info][gc,phases   ] GC(34)   Evacuate Collection Set: 9.0ms
[2024-04-05T13:28:42.280+0300][118.050s][info][gc,phases   ] GC(34)   Post Evacuate Collection Set: 2.1ms
[2024-04-05T13:28:42.280+0300][118.050s][info][gc,phases   ] GC(34)   Other: 0.1ms
[2024-04-05T13:28:42.280+0300][118.050s][info][gc,heap     ] GC(34) Eden regions: 572->0(541)
[2024-04-05T13:28:42.280+0300][118.050s][info][gc,heap     ] GC(34) Survivor regions: 3->30(72)
[2024-04-05T13:28:42.280+0300][118.050s][info][gc,heap     ] GC(34) Old regions: 190->190
[2024-04-05T13:28:42.280+0300][118.050s][info][gc,heap     ] GC(34) Archive regions: 2->2
[2024-04-05T13:28:42.280+0300][118.050s][info][gc,heap     ] GC(34) Humongous regions: 13->3
[2024-04-05T13:28:42.280+0300][118.050s][info][gc,metaspace] GC(34) Metaspace: 169262K(171904K)->169262K(171904K) NonClass: 148136K(149440K)->148136K(149440K) Class: 21126K(22464K)->21126K(22464K)
[2024-04-05T13:28:42.280+0300][118.050s][info][gc          ] GC(34) Pause Young (Normal) (G1 Evacuation Pause) 778M->223M(1024M) 11.783ms
[2024-04-05T13:28:42.280+0300][118.050s][info][gc,cpu      ] GC(34) User=0.06s Sys=0.00s Real=0.02s
[2024-04-05T13:28:43.132+0300][118.902s][info][gc,start    ] GC(35) Pause Young (Concurrent Start) (G1 Humongous Allocation)
[2024-04-05T13:28:43.132+0300][118.902s][info][gc,task     ] GC(35) Using 6 workers of 6 for evacuation
[2024-04-05T13:28:43.142+0300][118.911s][info][gc,phases   ] GC(35)   Pre Evacuate Collection Set: 0.6ms
[2024-04-05T13:28:43.142+0300][118.911s][info][gc,phases   ] GC(35)   Merge Heap Roots: 0.1ms
[2024-04-05T13:28:43.142+0300][118.912s][info][gc,phases   ] GC(35)   Evacuate Collection Set: 7.5ms
[2024-04-05T13:28:43.142+0300][118.912s][info][gc,phases   ] GC(35)   Post Evacuate Collection Set: 1.4ms
[2024-04-05T13:28:43.142+0300][118.912s][info][gc,phases   ] GC(35)   Other: 0.1ms
[2024-04-05T13:28:43.142+0300][118.912s][info][gc,heap     ] GC(35) Eden regions: 221->0(551)
[2024-04-05T13:28:43.142+0300][118.912s][info][gc,heap     ] GC(35) Survivor regions: 30->28(72)
[2024-04-05T13:28:43.142+0300][118.912s][info][gc,heap     ] GC(35) Old regions: 190->190
[2024-04-05T13:28:43.142+0300][118.912s][info][gc,heap     ] GC(35) Archive regions: 2->2
[2024-04-05T13:28:43.142+0300][118.912s][info][gc,heap     ] GC(35) Humongous regions: 3->3
[2024-04-05T13:28:43.142+0300][118.912s][info][gc,metaspace] GC(35) Metaspace: 169695K(172288K)->169695K(172288K) NonClass: 148530K(149760K)->148530K(149760K) Class: 21164K(22528K)->21164K(22528K)
[2024-04-05T13:28:43.142+0300][118.912s][info][gc          ] GC(35) Pause Young (Concurrent Start) (G1 Humongous Allocation) 444M->221M(1024M) 9.831ms
[2024-04-05T13:28:43.142+0300][118.912s][info][gc,cpu      ] GC(35) User=0.05s Sys=0.00s Real=0.01s
[2024-04-05T13:28:43.142+0300][118.912s][info][gc          ] GC(36) Concurrent Mark Cycle
[2024-04-05T13:28:43.142+0300][118.912s][info][gc,marking  ] GC(36) Concurrent Clear Claimed Marks
[2024-04-05T13:28:43.142+0300][118.912s][info][gc,marking  ] GC(36) Concurrent Clear Claimed Marks 0.291ms
[2024-04-05T13:28:43.142+0300][118.912s][info][gc,marking  ] GC(36) Concurrent Scan Root Regions
[2024-04-05T13:28:43.148+0300][118.917s][info][gc,marking  ] GC(36) Concurrent Scan Root Regions 5.502ms
[2024-04-05T13:28:43.148+0300][118.917s][info][gc,marking  ] GC(36) Concurrent Mark
[2024-04-05T13:28:43.148+0300][118.917s][info][gc,marking  ] GC(36) Concurrent Mark From Roots
[2024-04-05T13:28:43.148+0300][118.917s][info][gc,task     ] GC(36) Using 2 workers of 2 for marking
[2024-04-05T13:28:43.250+0300][119.019s][info][gc,marking  ] GC(36) Concurrent Mark From Roots 101.862ms
[2024-04-05T13:28:43.250+0300][119.019s][info][gc,marking  ] GC(36) Concurrent Preclean
[2024-04-05T13:28:43.250+0300][119.020s][info][gc,marking  ] GC(36) Concurrent Preclean 0.165ms
[2024-04-05T13:28:43.250+0300][119.020s][info][gc,start    ] GC(36) Pause Remark
[2024-04-05T13:28:43.270+0300][119.039s][info][gc          ] GC(36) Pause Remark 264M->264M(1024M) 19.295ms
[2024-04-05T13:28:43.270+0300][119.039s][info][gc,cpu      ] GC(36) User=0.08s Sys=0.00s Real=0.01s
[2024-04-05T13:28:43.271+0300][119.040s][info][gc,marking  ] GC(36) Concurrent Mark 122.891ms
[2024-04-05T13:28:43.271+0300][119.040s][info][gc,marking  ] GC(36) Concurrent Rebuild Remembered Sets
[2024-04-05T13:28:43.400+0300][119.169s][info][gc,marking  ] GC(36) Concurrent Rebuild Remembered Sets 129.023ms
[2024-04-05T13:28:43.400+0300][119.170s][info][gc,start    ] GC(36) Pause Cleanup
[2024-04-05T13:28:43.400+0300][119.170s][info][gc          ] GC(36) Pause Cleanup 294M->294M(1024M) 0.301ms
[2024-04-05T13:28:43.400+0300][119.170s][info][gc,cpu      ] GC(36) User=0.00s Sys=0.00s Real=0.00s
[2024-04-05T13:28:43.400+0300][119.170s][info][gc,marking  ] GC(36) Concurrent Cleanup for Next Mark
[2024-04-05T13:28:43.402+0300][119.171s][info][gc,marking  ] GC(36) Concurrent Cleanup for Next Mark 1.452ms
[2024-04-05T13:28:43.402+0300][119.171s][info][gc          ] GC(36) Concurrent Mark Cycle 259.849ms
[2024-04-05T13:28:44.598+0300][120.368s][info][gc,start    ] GC(37) Pause Young (Prepare Mixed) (G1 Evacuation Pause)
[2024-04-05T13:28:44.598+0300][120.368s][info][gc,task     ] GC(37) Using 6 workers of 6 for evacuation
[2024-04-05T13:28:44.611+0300][120.381s][info][gc,phases   ] GC(37)   Pre Evacuate Collection Set: 0.2ms
[2024-04-05T13:28:44.611+0300][120.381s][info][gc,phases   ] GC(37)   Merge Heap Roots: 0.1ms
[2024-04-05T13:28:44.611+0300][120.381s][info][gc,phases   ] GC(37)   Evacuate Collection Set: 9.8ms
[2024-04-05T13:28:44.611+0300][120.381s][info][gc,phases   ] GC(37)   Post Evacuate Collection Set: 2.6ms
[2024-04-05T13:28:44.611+0300][120.381s][info][gc,phases   ] GC(37)   Other: 0.1ms
[2024-04-05T13:28:44.611+0300][120.381s][info][gc,heap     ] GC(37) Eden regions: 551->0(20)
[2024-04-05T13:28:44.611+0300][120.381s][info][gc,heap     ] GC(37) Survivor regions: 28->31(73)
[2024-04-05T13:28:44.611+0300][120.381s][info][gc,heap     ] GC(37) Old regions: 190->190
[2024-04-05T13:28:44.611+0300][120.381s][info][gc,heap     ] GC(37) Archive regions: 2->2
[2024-04-05T13:28:44.611+0300][120.381s][info][gc,heap     ] GC(37) Humongous regions: 41->3
[2024-04-05T13:28:44.611+0300][120.381s][info][gc,metaspace] GC(37) Metaspace: 170108K(172672K)->170108K(172672K) NonClass: 148909K(150144K)->148909K(150144K) Class: 21198K(22528K)->21198K(22528K)
[2024-04-05T13:28:44.611+0300][120.381s][info][gc          ] GC(37) Pause Young (Prepare Mixed) (G1 Evacuation Pause) 810M->224M(1024M) 13.036ms
[2024-04-05T13:28:44.611+0300][120.381s][info][gc,cpu      ] GC(37) User=0.05s Sys=0.00s Real=0.01s
[2024-04-05T13:28:44.646+0300][120.416s][info][gc,start    ] GC(38) Pause Young (Mixed) (G1 Evacuation Pause)
[2024-04-05T13:28:44.646+0300][120.416s][info][gc,task     ] GC(38) Using 6 workers of 6 for evacuation
[2024-04-05T13:28:44.661+0300][120.430s][info][gc,phases   ] GC(38)   Pre Evacuate Collection Set: 0.2ms
[2024-04-05T13:28:44.661+0300][120.430s][info][gc,phases   ] GC(38)   Merge Heap Roots: 0.1ms
[2024-04-05T13:28:44.661+0300][120.430s][info][gc,phases   ] GC(38)   Evacuate Collection Set: 13.2ms
[2024-04-05T13:28:44.661+0300][120.430s][info][gc,phases   ] GC(38)   Post Evacuate Collection Set: 0.8ms
[2024-04-05T13:28:44.661+0300][120.430s][info][gc,phases   ] GC(38)   Other: 0.1ms
[2024-04-05T13:28:44.661+0300][120.430s][info][gc,heap     ] GC(38) Eden regions: 20->0(560)
[2024-04-05T13:28:44.661+0300][120.430s][info][gc,heap     ] GC(38) Survivor regions: 31->5(7)
[2024-04-05T13:28:44.661+0300][120.430s][info][gc,heap     ] GC(38) Old regions: 190->206
[2024-04-05T13:28:44.661+0300][120.430s][info][gc,heap     ] GC(38) Archive regions: 2->2
[2024-04-05T13:28:44.661+0300][120.430s][info][gc,heap     ] GC(38) Humongous regions: 3->3
[2024-04-05T13:28:44.661+0300][120.430s][info][gc,metaspace] GC(38) Metaspace: 170119K(172672K)->170119K(172672K) NonClass: 148918K(150144K)->148918K(150144K) Class: 21201K(22528K)->21201K(22528K)
[2024-04-05T13:28:44.661+0300][120.430s][info][gc          ] GC(38) Pause Young (Mixed) (G1 Evacuation Pause) 244M->214M(1024M) 14.435ms
[2024-04-05T13:28:44.661+0300][120.430s][info][gc,cpu      ] GC(38) User=0.06s Sys=0.00s Real=0.02s
[2024-04-05T13:28:45.875+0300][121.645s][info][gc,start    ] GC(39) Pause Young (Normal) (G1 Evacuation Pause)
[2024-04-05T13:28:45.876+0300][121.645s][info][gc,task     ] GC(39) Using 6 workers of 6 for evacuation
[2024-04-05T13:28:45.882+0300][121.652s][info][gc,phases   ] GC(39)   Pre Evacuate Collection Set: 0.3ms
[2024-04-05T13:28:45.882+0300][121.652s][info][gc,phases   ] GC(39)   Merge Heap Roots: 0.3ms
[2024-04-05T13:28:45.882+0300][121.652s][info][gc,phases   ] GC(39)   Evacuate Collection Set: 4.8ms
[2024-04-05T13:28:45.882+0300][121.652s][info][gc,phases   ] GC(39)   Post Evacuate Collection Set: 1.4ms
[2024-04-05T13:28:45.882+0300][121.652s][info][gc,phases   ] GC(39)   Other: 0.1ms
[2024-04-05T13:28:45.882+0300][121.652s][info][gc,heap     ] GC(39) Eden regions: 560->0(566)
[2024-04-05T13:28:45.882+0300][121.652s][info][gc,heap     ] GC(39) Survivor regions: 5->6(71)
[2024-04-05T13:28:45.882+0300][121.652s][info][gc,heap     ] GC(39) Old regions: 206->206
[2024-04-05T13:28:45.882+0300][121.652s][info][gc,heap     ] GC(39) Archive regions: 2->2
[2024-04-05T13:28:45.882+0300][121.652s][info][gc,heap     ] GC(39) Humongous regions: 3->3
[2024-04-05T13:28:45.882+0300][121.652s][info][gc,metaspace] GC(39) Metaspace: 170254K(172800K)->170254K(172800K) NonClass: 149041K(150272K)->149041K(150272K) Class: 21213K(22528K)->21213K(22528K)
[2024-04-05T13:28:45.883+0300][121.652s][info][gc          ] GC(39) Pause Young (Normal) (G1 Evacuation Pause) 774M->215M(1024M) 7.124ms
[2024-04-05T13:28:45.883+0300][121.652s][info][gc,cpu      ] GC(39) User=0.02s Sys=0.00s Real=0.01s
[2024-04-05T13:28:47.210+0300][122.980s][info][gc,start    ] GC(40) Pause Young (Normal) (G1 Evacuation Pause)
[2024-04-05T13:28:47.210+0300][122.980s][info][gc,task     ] GC(40) Using 6 workers of 6 for evacuation
[2024-04-05T13:28:47.219+0300][122.989s][info][gc,phases   ] GC(40)   Pre Evacuate Collection Set: 0.4ms
[2024-04-05T13:28:47.219+0300][122.989s][info][gc,phases   ] GC(40)   Merge Heap Roots: 0.4ms
[2024-04-05T13:28:47.219+0300][122.989s][info][gc,phases   ] GC(40)   Evacuate Collection Set: 6.5ms
[2024-04-05T13:28:47.219+0300][122.989s][info][gc,phases   ] GC(40)   Post Evacuate Collection Set: 1.6ms
[2024-04-05T13:28:47.219+0300][122.989s][info][gc,phases   ] GC(40)   Other: 0.1ms
[2024-04-05T13:28:47.219+0300][122.989s][info][gc,heap     ] GC(40) Eden regions: 566->0(570)
[2024-04-05T13:28:47.219+0300][122.989s][info][gc,heap     ] GC(40) Survivor regions: 6->8(72)
[2024-04-05T13:28:47.219+0300][122.989s][info][gc,heap     ] GC(40) Old regions: 206->206
[2024-04-05T13:28:47.219+0300][122.989s][info][gc,heap     ] GC(40) Archive regions: 2->2
[2024-04-05T13:28:47.219+0300][122.989s][info][gc,heap     ] GC(40) Humongous regions: 3->3
[2024-04-05T13:28:47.219+0300][122.989s][info][gc,metaspace] GC(40) Metaspace: 170461K(173056K)->170461K(173056K) NonClass: 149221K(150464K)->149221K(150464K) Class: 21240K(22592K)->21240K(22592K)
[2024-04-05T13:28:47.220+0300][122.989s][info][gc          ] GC(40) Pause Young (Normal) (G1 Evacuation Pause) 781M->217M(1024M) 9.336ms
[2024-04-05T13:28:47.220+0300][122.989s][info][gc,cpu      ] GC(40) User=0.03s Sys=0.00s Real=0.01s
[2024-04-05T13:28:48.427+0300][124.197s][info][gc,start    ] GC(41) Pause Young (Concurrent Start) (G1 Humongous Allocation)
[2024-04-05T13:28:48.428+0300][124.197s][info][gc,task     ] GC(41) Using 6 workers of 6 for evacuation
[2024-04-05T13:28:48.440+0300][124.209s][info][gc,phases   ] GC(41)   Pre Evacuate Collection Set: 0.7ms
[2024-04-05T13:28:48.440+0300][124.209s][info][gc,phases   ] GC(41)   Merge Heap Roots: 0.2ms
[2024-04-05T13:28:48.440+0300][124.209s][info][gc,phases   ] GC(41)   Evacuate Collection Set: 9.5ms
[2024-04-05T13:28:48.440+0300][124.209s][info][gc,phases   ] GC(41)   Post Evacuate Collection Set: 1.4ms
[2024-04-05T13:28:48.440+0300][124.209s][info][gc,phases   ] GC(41)   Other: 0.1ms
[2024-04-05T13:28:48.440+0300][124.209s][info][gc,heap     ] GC(41) Eden regions: 444->0(574)
[2024-04-05T13:28:48.440+0300][124.209s][info][gc,heap     ] GC(41) Survivor regions: 8->9(73)
[2024-04-05T13:28:48.440+0300][124.209s][info][gc,heap     ] GC(41) Old regions: 206->206
[2024-04-05T13:28:48.440+0300][124.209s][info][gc,heap     ] GC(41) Archive regions: 2->2
[2024-04-05T13:28:48.440+0300][124.209s][info][gc,heap     ] GC(41) Humongous regions: 3->3
[2024-04-05T13:28:48.440+0300][124.209s][info][gc,metaspace] GC(41) Metaspace: 170553K(173120K)->170553K(173120K) NonClass: 149303K(150528K)->149303K(150528K) Class: 21250K(22592K)->21250K(22592K)
[2024-04-05T13:28:48.440+0300][124.209s][info][gc          ] GC(41) Pause Young (Concurrent Start) (G1 Humongous Allocation) 661M->218M(1024M) 12.203ms
[2024-04-05T13:28:48.440+0300][124.209s][info][gc,cpu      ] GC(41) User=0.04s Sys=0.00s Real=0.02s
[2024-04-05T13:28:48.440+0300][124.209s][info][gc          ] GC(42) Concurrent Mark Cycle
[2024-04-05T13:28:48.440+0300][124.209s][info][gc,marking  ] GC(42) Concurrent Clear Claimed Marks
[2024-04-05T13:28:48.440+0300][124.210s][info][gc,marking  ] GC(42) Concurrent Clear Claimed Marks 0.340ms
[2024-04-05T13:28:48.440+0300][124.210s][info][gc,marking  ] GC(42) Concurrent Scan Root Regions
[2024-04-05T13:28:48.444+0300][124.213s][info][gc,marking  ] GC(42) Concurrent Scan Root Regions 3.542ms
[2024-04-05T13:28:48.444+0300][124.213s][info][gc,marking  ] GC(42) Concurrent Mark
[2024-04-05T13:28:48.444+0300][124.213s][info][gc,marking  ] GC(42) Concurrent Mark From Roots
[2024-04-05T13:28:48.444+0300][124.213s][info][gc,task     ] GC(42) Using 2 workers of 2 for marking
[2024-04-05T13:28:48.559+0300][124.329s][info][gc,marking  ] GC(42) Concurrent Mark From Roots 115.660ms
[2024-04-05T13:28:48.559+0300][124.329s][info][gc,marking  ] GC(42) Concurrent Preclean
[2024-04-05T13:28:48.560+0300][124.329s][info][gc,marking  ] GC(42) Concurrent Preclean 0.366ms
[2024-04-05T13:28:48.560+0300][124.330s][info][gc,start    ] GC(42) Pause Remark
[2024-04-05T13:28:48.571+0300][124.341s][info][gc          ] GC(42) Pause Remark 256M->256M(1024M) 11.175ms
[2024-04-05T13:28:48.571+0300][124.341s][info][gc,cpu      ] GC(42) User=0.04s Sys=0.00s Real=0.01s
[2024-04-05T13:28:48.571+0300][124.341s][info][gc,marking  ] GC(42) Concurrent Mark 127.520ms
[2024-04-05T13:28:48.571+0300][124.341s][info][gc,marking  ] GC(42) Concurrent Rebuild Remembered Sets
[2024-04-05T13:28:48.675+0300][124.444s][info][gc,marking  ] GC(42) Concurrent Rebuild Remembered Sets 103.322ms
[2024-04-05T13:28:48.675+0300][124.445s][info][gc,start    ] GC(42) Pause Cleanup
[2024-04-05T13:28:48.675+0300][124.445s][info][gc          ] GC(42) Pause Cleanup 282M->282M(1024M) 0.268ms
[2024-04-05T13:28:48.675+0300][124.445s][info][gc,cpu      ] GC(42) User=0.00s Sys=0.00s Real=0.00s
[2024-04-05T13:28:48.675+0300][124.445s][info][gc,marking  ] GC(42) Concurrent Cleanup for Next Mark
[2024-04-05T13:28:48.677+0300][124.446s][info][gc,marking  ] GC(42) Concurrent Cleanup for Next Mark 1.155ms
[2024-04-05T13:28:48.677+0300][124.446s][info][gc          ] GC(42) Concurrent Mark Cycle 236.810ms
[2024-04-05T13:28:50.546+0300][126.316s][info][gc,start    ] GC(43) Pause Young (Prepare Mixed) (G1 Evacuation Pause)
[2024-04-05T13:28:50.546+0300][126.316s][info][gc,task     ] GC(43) Using 6 workers of 6 for evacuation
[2024-04-05T13:28:50.560+0300][126.329s][info][gc,phases   ] GC(43)   Pre Evacuate Collection Set: 0.2ms
[2024-04-05T13:28:50.560+0300][126.329s][info][gc,phases   ] GC(43)   Merge Heap Roots: 0.2ms
[2024-04-05T13:28:50.560+0300][126.329s][info][gc,phases   ] GC(43)   Evacuate Collection Set: 11.0ms
[2024-04-05T13:28:50.560+0300][126.329s][info][gc,phases   ] GC(43)   Post Evacuate Collection Set: 2.1ms
[2024-04-05T13:28:50.560+0300][126.329s][info][gc,phases   ] GC(43)   Other: 0.1ms
[2024-04-05T13:28:50.560+0300][126.329s][info][gc,heap     ] GC(43) Eden regions: 574->0(30)
[2024-04-05T13:28:50.560+0300][126.329s][info][gc,heap     ] GC(43) Survivor regions: 9->21(73)
[2024-04-05T13:28:50.560+0300][126.329s][info][gc,heap     ] GC(43) Old regions: 206->206
[2024-04-05T13:28:50.560+0300][126.329s][info][gc,heap     ] GC(43) Archive regions: 2->2
[2024-04-05T13:28:50.560+0300][126.329s][info][gc,heap     ] GC(43) Humongous regions: 23->3
[2024-04-05T13:28:50.560+0300][126.329s][info][gc,metaspace] GC(43) Metaspace: 170689K(173248K)->170689K(173248K) NonClass: 149432K(150656K)->149432K(150656K) Class: 21257K(22592K)->21257K(22592K)
[2024-04-05T13:28:50.560+0300][126.330s][info][gc          ] GC(43) Pause Young (Prepare Mixed) (G1 Evacuation Pause) 812M->230M(1024M) 13.687ms
[2024-04-05T13:28:50.560+0300][126.330s][info][gc,cpu      ] GC(43) User=0.03s Sys=0.01s Real=0.02s
[2024-04-05T13:28:50.621+0300][126.390s][info][gc,start    ] GC(44) Pause Young (Mixed) (G1 Evacuation Pause)
[2024-04-05T13:28:50.621+0300][126.390s][info][gc,task     ] GC(44) Using 6 workers of 6 for evacuation
[2024-04-05T13:28:50.637+0300][126.406s][info][gc,phases   ] GC(44)   Pre Evacuate Collection Set: 0.1ms
[2024-04-05T13:28:50.637+0300][126.406s][info][gc,phases   ] GC(44)   Merge Heap Roots: 0.3ms
[2024-04-05T13:28:50.637+0300][126.406s][info][gc,phases   ] GC(44)   Evacuate Collection Set: 14.4ms
[2024-04-05T13:28:50.637+0300][126.406s][info][gc,phases   ] GC(44)   Post Evacuate Collection Set: 0.8ms
[2024-04-05T13:28:50.637+0300][126.406s][info][gc,phases   ] GC(44)   Other: 0.1ms
[2024-04-05T13:28:50.637+0300][126.406s][info][gc,heap     ] GC(44) Eden regions: 30->0(563)
[2024-04-05T13:28:50.637+0300][126.406s][info][gc,heap     ] GC(44) Survivor regions: 21->2(7)
[2024-04-05T13:28:50.637+0300][126.406s][info][gc,heap     ] GC(44) Old regions: 206->219
[2024-04-05T13:28:50.637+0300][126.406s][info][gc,heap     ] GC(44) Archive regions: 2->2
[2024-04-05T13:28:50.637+0300][126.406s][info][gc,heap     ] GC(44) Humongous regions: 3->3
[2024-04-05T13:28:50.637+0300][126.406s][info][gc,metaspace] GC(44) Metaspace: 170692K(173248K)->170692K(173248K) NonClass: 149434K(150656K)->149434K(150656K) Class: 21257K(22592K)->21257K(22592K)
[2024-04-05T13:28:50.637+0300][126.406s][info][gc          ] GC(44) Pause Young (Mixed) (G1 Evacuation Pause) 260M->223M(1024M) 15.901ms
[2024-04-05T13:28:50.637+0300][126.406s][info][gc,cpu      ] GC(44) User=0.03s Sys=0.02s Real=0.01s
[2024-04-05T13:28:52.365+0300][128.135s][info][gc,start    ] GC(45) Pause Young (Normal) (G1 Evacuation Pause)
[2024-04-05T13:28:52.365+0300][128.135s][info][gc,task     ] GC(45) Using 6 workers of 6 for evacuation
[2024-04-05T13:28:52.372+0300][128.141s][info][gc,phases   ] GC(45)   Pre Evacuate Collection Set: 0.4ms
[2024-04-05T13:28:52.372+0300][128.141s][info][gc,phases   ] GC(45)   Merge Heap Roots: 0.2ms
[2024-04-05T13:28:52.372+0300][128.141s][info][gc,phases   ] GC(45)   Evacuate Collection Set: 4.3ms
[2024-04-05T13:28:52.372+0300][128.141s][info][gc,phases   ] GC(45)   Post Evacuate Collection Set: 1.4ms
[2024-04-05T13:28:52.372+0300][128.141s][info][gc,phases   ] GC(45)   Other: 0.1ms
[2024-04-05T13:28:52.372+0300][128.141s][info][gc,heap     ] GC(45) Eden regions: 563->0(566)
[2024-04-05T13:28:52.372+0300][128.141s][info][gc,heap     ] GC(45) Survivor regions: 2->3(71)
[2024-04-05T13:28:52.372+0300][128.141s][info][gc,heap     ] GC(45) Old regions: 219->219
[2024-04-05T13:28:52.372+0300][128.141s][info][gc,heap     ] GC(45) Archive regions: 2->2
[2024-04-05T13:28:52.372+0300][128.141s][info][gc,heap     ] GC(45) Humongous regions: 3->3
[2024-04-05T13:28:52.372+0300][128.141s][info][gc,metaspace] GC(45) Metaspace: 170815K(173376K)->170815K(173376K) NonClass: 149547K(150784K)->149547K(150784K) Class: 21268K(22592K)->21268K(22592K)
[2024-04-05T13:28:52.372+0300][128.141s][info][gc          ] GC(45) Pause Young (Normal) (G1 Evacuation Pause) 786M->224M(1024M) 6.460ms
[2024-04-05T13:28:52.372+0300][128.142s][info][gc,cpu      ] GC(45) User=0.01s Sys=0.00s Real=0.01s
[2024-04-05T13:28:53.340+0300][129.110s][info][gc,start    ] GC(46) Pause Young (Concurrent Start) (G1 Humongous Allocation)
[2024-04-05T13:28:53.340+0300][129.110s][info][gc,task     ] GC(46) Using 6 workers of 6 for evacuation
[2024-04-05T13:28:53.348+0300][129.118s][info][gc,phases   ] GC(46)   Pre Evacuate Collection Set: 0.5ms
[2024-04-05T13:28:53.348+0300][129.118s][info][gc,phases   ] GC(46)   Merge Heap Roots: 0.1ms
[2024-04-05T13:28:53.348+0300][129.118s][info][gc,phases   ] GC(46)   Evacuate Collection Set: 4.8ms
[2024-04-05T13:28:53.348+0300][129.118s][info][gc,phases   ] GC(46)   Post Evacuate Collection Set: 2.8ms
[2024-04-05T13:28:53.348+0300][129.118s][info][gc,phases   ] GC(46)   Other: 0.1ms
[2024-04-05T13:28:53.348+0300][129.118s][info][gc,heap     ] GC(46) Eden regions: 417->0(558)
[2024-04-05T13:28:53.348+0300][129.118s][info][gc,heap     ] GC(46) Survivor regions: 3->7(72)
[2024-04-05T13:28:53.348+0300][129.118s][info][gc,heap     ] GC(46) Old regions: 219->219
[2024-04-05T13:28:53.348+0300][129.118s][info][gc,heap     ] GC(46) Archive regions: 2->2
[2024-04-05T13:28:53.348+0300][129.118s][info][gc,heap     ] GC(46) Humongous regions: 3->3
[2024-04-05T13:28:53.348+0300][129.118s][info][gc,metaspace] GC(46) Metaspace: 170847K(173376K)->170847K(173376K) NonClass: 149578K(150784K)->149578K(150784K) Class: 21269K(22592K)->21269K(22592K)
[2024-04-05T13:28:53.348+0300][129.118s][info][gc          ] GC(46) Pause Young (Concurrent Start) (G1 Humongous Allocation) 641M->228M(1024M) 8.515ms
[2024-04-05T13:28:53.348+0300][129.118s][info][gc,cpu      ] GC(46) User=0.03s Sys=0.00s Real=0.00s
[2024-04-05T13:28:53.348+0300][129.118s][info][gc          ] GC(47) Concurrent Mark Cycle
[2024-04-05T13:28:53.348+0300][129.118s][info][gc,marking  ] GC(47) Concurrent Clear Claimed Marks
[2024-04-05T13:28:53.349+0300][129.118s][info][gc,marking  ] GC(47) Concurrent Clear Claimed Marks 0.299ms
[2024-04-05T13:28:53.349+0300][129.118s][info][gc,marking  ] GC(47) Concurrent Scan Root Regions
[2024-04-05T13:28:53.352+0300][129.122s][info][gc,marking  ] GC(47) Concurrent Scan Root Regions 3.250ms
[2024-04-05T13:28:53.352+0300][129.122s][info][gc,marking  ] GC(47) Concurrent Mark
[2024-04-05T13:28:53.352+0300][129.122s][info][gc,marking  ] GC(47) Concurrent Mark From Roots
[2024-04-05T13:28:53.352+0300][129.122s][info][gc,task     ] GC(47) Using 2 workers of 2 for marking
[2024-04-05T13:28:53.481+0300][129.251s][info][gc,marking  ] GC(47) Concurrent Mark From Roots 129.215ms
[2024-04-05T13:28:53.481+0300][129.251s][info][gc,marking  ] GC(47) Concurrent Preclean
[2024-04-05T13:28:53.482+0300][129.251s][info][gc,marking  ] GC(47) Concurrent Preclean 0.349ms
[2024-04-05T13:28:53.482+0300][129.252s][info][gc,start    ] GC(47) Pause Remark
[2024-04-05T13:28:53.489+0300][129.259s][info][gc          ] GC(47) Pause Remark 249M->249M(1024M) 7.579ms
[2024-04-05T13:28:53.490+0300][129.259s][info][gc,cpu      ] GC(47) User=0.03s Sys=0.00s Real=0.01s
[2024-04-05T13:28:53.490+0300][129.259s][info][gc,marking  ] GC(47) Concurrent Mark 137.581ms
[2024-04-05T13:28:53.490+0300][129.259s][info][gc,marking  ] GC(47) Concurrent Rebuild Remembered Sets
[2024-04-05T13:28:53.610+0300][129.379s][info][gc,marking  ] GC(47) Concurrent Rebuild Remembered Sets 119.865ms
[2024-04-05T13:28:53.610+0300][129.379s][info][gc,start    ] GC(47) Pause Cleanup
[2024-04-05T13:28:53.610+0300][129.380s][info][gc          ] GC(47) Pause Cleanup 267M->267M(1024M) 0.249ms
[2024-04-05T13:28:53.610+0300][129.380s][info][gc,cpu      ] GC(47) User=0.00s Sys=0.00s Real=0.00s
[2024-04-05T13:28:53.610+0300][129.380s][info][gc,marking  ] GC(47) Concurrent Cleanup for Next Mark
[2024-04-05T13:28:53.611+0300][129.381s][info][gc,marking  ] GC(47) Concurrent Cleanup for Next Mark 1.068ms
[2024-04-05T13:28:53.611+0300][129.381s][info][gc          ] GC(47) Concurrent Mark Cycle 262.767ms
[2024-04-05T13:28:54.636+0300][130.406s][info][gc,start    ] GC(48) Pause Young (Prepare Mixed) (G1 Evacuation Pause)
[2024-04-05T13:28:54.636+0300][130.406s][info][gc,task     ] GC(48) Using 6 workers of 6 for evacuation
[2024-04-05T13:28:54.649+0300][130.419s][info][gc,phases   ] GC(48)   Pre Evacuate Collection Set: 0.2ms
[2024-04-05T13:28:54.649+0300][130.419s][info][gc,phases   ] GC(48)   Merge Heap Roots: 0.1ms
[2024-04-05T13:28:54.649+0300][130.419s][info][gc,phases   ] GC(48)   Evacuate Collection Set: 11.4ms
[2024-04-05T13:28:54.649+0300][130.419s][info][gc,phases   ] GC(48)   Post Evacuate Collection Set: 1.1ms
[2024-04-05T13:28:54.649+0300][130.419s][info][gc,phases   ] GC(48)   Other: 0.1ms
[2024-04-05T13:28:54.649+0300][130.419s][info][gc,heap     ] GC(48) Eden regions: 558->0(20)
[2024-04-05T13:28:54.649+0300][130.419s][info][gc,heap     ] GC(48) Survivor regions: 7->31(71)
[2024-04-05T13:28:54.649+0300][130.419s][info][gc,heap     ] GC(48) Old regions: 219->219
[2024-04-05T13:28:54.649+0300][130.419s][info][gc,heap     ] GC(48) Archive regions: 2->2
[2024-04-05T13:28:54.649+0300][130.419s][info][gc,heap     ] GC(48) Humongous regions: 14->7
[2024-04-05T13:28:54.649+0300][130.419s][info][gc,metaspace] GC(48) Metaspace: 171177K(173696K)->171177K(173696K) NonClass: 149905K(151104K)->149905K(151104K) Class: 21272K(22592K)->21272K(22592K)
[2024-04-05T13:28:54.649+0300][130.419s][info][gc          ] GC(48) Pause Young (Prepare Mixed) (G1 Evacuation Pause) 797M->257M(1024M) 13.073ms
[2024-04-05T13:28:54.649+0300][130.419s][info][gc,cpu      ] GC(48) User=0.07s Sys=0.00s Real=0.01s
[2024-04-05T13:28:54.685+0300][130.455s][info][gc,start    ] GC(49) Pause Young (Mixed) (G1 Evacuation Pause)
[2024-04-05T13:28:54.685+0300][130.455s][info][gc,task     ] GC(49) Using 6 workers of 6 for evacuation
[2024-04-05T13:28:54.706+0300][130.476s][info][gc,phases   ] GC(49)   Pre Evacuate Collection Set: 0.2ms
[2024-04-05T13:28:54.706+0300][130.476s][info][gc,phases   ] GC(49)   Merge Heap Roots: 0.2ms
[2024-04-05T13:28:54.706+0300][130.476s][info][gc,phases   ] GC(49)   Evacuate Collection Set: 18.9ms
[2024-04-05T13:28:54.706+0300][130.476s][info][gc,phases   ] GC(49)   Post Evacuate Collection Set: 1.3ms
[2024-04-05T13:28:54.706+0300][130.476s][info][gc,phases   ] GC(49)   Other: 0.1ms
[2024-04-05T13:28:54.706+0300][130.476s][info][gc,heap     ] GC(49) Eden regions: 20->0(523)
[2024-04-05T13:28:54.706+0300][130.476s][info][gc,heap     ] GC(49) Survivor regions: 31->3(7)
[2024-04-05T13:28:54.706+0300][130.476s][info][gc,heap     ] GC(49) Old regions: 219->241
[2024-04-05T13:28:54.706+0300][130.476s][info][gc,heap     ] GC(49) Archive regions: 2->2
[2024-04-05T13:28:54.706+0300][130.476s][info][gc,heap     ] GC(49) Humongous regions: 7->7
[2024-04-05T13:28:54.706+0300][130.476s][info][gc,metaspace] GC(49) Metaspace: 171186K(173760K)->171186K(173760K) NonClass: 149913K(151168K)->149913K(151168K) Class: 21272K(22592K)->21272K(22592K)
[2024-04-05T13:28:54.706+0300][130.476s][info][gc          ] GC(49) Pause Young (Mixed) (G1 Evacuation Pause) 277M->251M(1024M) 20.799ms
[2024-04-05T13:28:54.706+0300][130.476s][info][gc,cpu      ] GC(49) User=0.07s Sys=0.02s Real=0.02s
[2024-04-05T13:28:58.048+0300][133.817s][info][gc,start    ] GC(50) Pause Young (Normal) (G1 Evacuation Pause)
[2024-04-05T13:28:58.048+0300][133.817s][info][gc,task     ] GC(50) Using 6 workers of 6 for evacuation
[2024-04-05T13:28:58.064+0300][133.834s][info][gc,phases   ] GC(50)   Pre Evacuate Collection Set: 0.2ms
[2024-04-05T13:28:58.064+0300][133.834s][info][gc,phases   ] GC(50)   Merge Heap Roots: 0.2ms
[2024-04-05T13:28:58.064+0300][133.834s][info][gc,phases   ] GC(50)   Evacuate Collection Set: 14.0ms
[2024-04-05T13:28:58.064+0300][133.834s][info][gc,phases   ] GC(50)   Post Evacuate Collection Set: 1.8ms
[2024-04-05T13:28:58.064+0300][133.834s][info][gc,phases   ] GC(50)   Other: 0.1ms
[2024-04-05T13:28:58.064+0300][133.834s][info][gc,heap     ] GC(50) Eden regions: 523->0(475)
[2024-04-05T13:28:58.064+0300][133.834s][info][gc,heap     ] GC(50) Survivor regions: 3->27(66)
[2024-04-05T13:28:58.064+0300][133.834s][info][gc,heap     ] GC(50) Old regions: 241->241
[2024-04-05T13:28:58.064+0300][133.834s][info][gc,heap     ] GC(50) Archive regions: 2->2
[2024-04-05T13:28:58.064+0300][133.834s][info][gc,heap     ] GC(50) Humongous regions: 40->22
[2024-04-05T13:28:58.064+0300][133.834s][info][gc,metaspace] GC(50) Metaspace: 181841K(185024K)->181841K(185024K) NonClass: 159338K(160960K)->159338K(160960K) Class: 22502K(24064K)->22502K(24064K)
[2024-04-05T13:28:58.064+0300][133.834s][info][gc          ] GC(50) Pause Young (Normal) (G1 Evacuation Pause) 807M->290M(1024M) 16.372ms
[2024-04-05T13:28:58.064+0300][133.834s][info][gc,cpu      ] GC(50) User=0.08s Sys=0.00s Real=0.02s
[2024-04-05T13:28:59.736+0300][135.506s][info][gc,start    ] GC(51) Pause Young (Normal) (G1 Evacuation Pause)
[2024-04-05T13:28:59.736+0300][135.506s][info][gc,task     ] GC(51) Using 6 workers of 6 for evacuation
[2024-04-05T13:28:59.761+0300][135.530s][info][gc,phases   ] GC(51)   Pre Evacuate Collection Set: 0.2ms
[2024-04-05T13:28:59.761+0300][135.530s][info][gc,phases   ] GC(51)   Merge Heap Roots: 0.2ms
[2024-04-05T13:28:59.761+0300][135.530s][info][gc,phases   ] GC(51)   Evacuate Collection Set: 21.6ms
[2024-04-05T13:28:59.761+0300][135.530s][info][gc,phases   ] GC(51)   Post Evacuate Collection Set: 2.5ms
[2024-04-05T13:28:59.761+0300][135.530s][info][gc,phases   ] GC(51)   Other: 0.1ms
[2024-04-05T13:28:59.761+0300][135.530s][info][gc,heap     ] GC(51) Eden regions: 475->0(444)
[2024-04-05T13:28:59.761+0300][135.530s][info][gc,heap     ] GC(51) Survivor regions: 27->53(63)
[2024-04-05T13:28:59.761+0300][135.530s][info][gc,heap     ] GC(51) Old regions: 241->241
[2024-04-05T13:28:59.761+0300][135.530s][info][gc,heap     ] GC(51) Archive regions: 2->2
[2024-04-05T13:28:59.761+0300][135.530s][info][gc,heap     ] GC(51) Humongous regions: 22->22
[2024-04-05T13:28:59.761+0300][135.530s][info][gc,metaspace] GC(51) Metaspace: 196215K(200512K)->196215K(200512K) NonClass: 172116K(174400K)->172116K(174400K) Class: 24099K(26112K)->24099K(26112K)
[2024-04-05T13:28:59.761+0300][135.530s][info][gc          ] GC(51) Pause Young (Normal) (G1 Evacuation Pause) 765M->315M(1024M) 24.745ms
[2024-04-05T13:28:59.761+0300][135.530s][info][gc,cpu      ] GC(51) User=0.13s Sys=0.00s Real=0.03s
[2024-04-05T13:29:00.448+0300][136.218s][info][gc,start    ] GC(52) Pause Young (Concurrent Start) (G1 Humongous Allocation)
[2024-04-05T13:29:00.448+0300][136.218s][info][gc,task     ] GC(52) Using 6 workers of 6 for evacuation
[2024-04-05T13:29:00.478+0300][136.247s][info][gc,phases   ] GC(52)   Pre Evacuate Collection Set: 0.6ms
[2024-04-05T13:29:00.478+0300][136.247s][info][gc,phases   ] GC(52)   Merge Heap Roots: 0.2ms
[2024-04-05T13:29:00.478+0300][136.247s][info][gc,phases   ] GC(52)   Evacuate Collection Set: 26.3ms
[2024-04-05T13:29:00.478+0300][136.247s][info][gc,phases   ] GC(52)   Post Evacuate Collection Set: 2.2ms
[2024-04-05T13:29:00.478+0300][136.248s][info][gc,phases   ] GC(52)   Other: 0.1ms
[2024-04-05T13:29:00.478+0300][136.248s][info][gc,heap     ] GC(52) Eden regions: 222->0(427)
[2024-04-05T13:29:00.478+0300][136.248s][info][gc,heap     ] GC(52) Survivor regions: 53->40(63)
[2024-04-05T13:29:00.478+0300][136.248s][info][gc,heap     ] GC(52) Old regions: 241->267
[2024-04-05T13:29:00.478+0300][136.248s][info][gc,heap     ] GC(52) Archive regions: 2->2
[2024-04-05T13:29:00.478+0300][136.248s][info][gc,heap     ] GC(52) Humongous regions: 22->20
[2024-04-05T13:29:00.478+0300][136.248s][info][gc,metaspace] GC(52) Metaspace: 203545K(208384K)->203545K(208384K) NonClass: 178546K(181120K)->178546K(181120K) Class: 24999K(27264K)->24999K(27264K)
[2024-04-05T13:29:00.478+0300][136.248s][info][gc          ] GC(52) Pause Young (Concurrent Start) (G1 Humongous Allocation) 537M->326M(1024M) 29.545ms
[2024-04-05T13:29:00.478+0300][136.248s][info][gc          ] GC(53) Concurrent Mark Cycle
[2024-04-05T13:29:00.478+0300][136.248s][info][gc,marking  ] GC(53) Concurrent Clear Claimed Marks
[2024-04-05T13:29:00.478+0300][136.248s][info][gc,cpu      ] GC(52) User=0.14s Sys=0.01s Real=0.04s
[2024-04-05T13:29:00.479+0300][136.248s][info][gc,marking  ] GC(53) Concurrent Clear Claimed Marks 0.490ms
[2024-04-05T13:29:00.479+0300][136.248s][info][gc,marking  ] GC(53) Concurrent Scan Root Regions
[2024-04-05T13:29:00.547+0300][136.316s][info][gc,marking  ] GC(53) Concurrent Scan Root Regions 68.229ms
[2024-04-05T13:29:00.547+0300][136.316s][info][gc,marking  ] GC(53) Concurrent Mark
[2024-04-05T13:29:00.547+0300][136.316s][info][gc,marking  ] GC(53) Concurrent Mark From Roots
[2024-04-05T13:29:00.547+0300][136.316s][info][gc,task     ] GC(53) Using 2 workers of 2 for marking
[2024-04-05T13:29:00.882+0300][136.651s][info][gc,marking  ] GC(53) Concurrent Mark From Roots 334.729ms
[2024-04-05T13:29:00.882+0300][136.651s][info][gc,marking  ] GC(53) Concurrent Preclean
[2024-04-05T13:29:00.882+0300][136.652s][info][gc,marking  ] GC(53) Concurrent Preclean 0.554ms
[2024-04-05T13:29:00.883+0300][136.652s][info][gc,start    ] GC(53) Pause Remark
[2024-04-05T13:29:00.894+0300][136.664s][info][gc          ] GC(53) Pause Remark 488M->488M(1024M) 11.723ms
[2024-04-05T13:29:00.894+0300][136.664s][info][gc,cpu      ] GC(53) User=0.05s Sys=0.00s Real=0.01s
[2024-04-05T13:29:00.895+0300][136.664s][info][gc,marking  ] GC(53) Concurrent Mark 347.925ms
[2024-04-05T13:29:00.895+0300][136.664s][info][gc,marking  ] GC(53) Concurrent Rebuild Remembered Sets
[2024-04-05T13:29:01.210+0300][136.980s][info][gc,marking  ] GC(53) Concurrent Rebuild Remembered Sets 315.692ms
[2024-04-05T13:29:01.211+0300][136.981s][info][gc,start    ] GC(53) Pause Cleanup
[2024-04-05T13:29:01.212+0300][136.981s][info][gc          ] GC(53) Pause Cleanup 575M->575M(1024M) 0.278ms
[2024-04-05T13:29:01.212+0300][136.981s][info][gc,cpu      ] GC(53) User=0.00s Sys=0.00s Real=0.00s
[2024-04-05T13:29:01.212+0300][136.982s][info][gc,marking  ] GC(53) Concurrent Cleanup for Next Mark
[2024-04-05T13:29:01.219+0300][136.988s][info][gc,marking  ] GC(53) Concurrent Cleanup for Next Mark 6.677ms
[2024-04-05T13:29:01.219+0300][136.988s][info][gc          ] GC(53) Concurrent Mark Cycle 740.705ms
[2024-04-05T13:29:01.739+0300][137.508s][info][gc,start    ] GC(54) Pause Young (Prepare Mixed) (G1 Evacuation Pause)
[2024-04-05T13:29:01.740+0300][137.510s][info][gc,task     ] GC(54) Using 6 workers of 6 for evacuation
[2024-04-05T13:29:01.773+0300][137.543s][info][gc,phases   ] GC(54)   Pre Evacuate Collection Set: 0.2ms
[2024-04-05T13:29:01.773+0300][137.543s][info][gc,phases   ] GC(54)   Merge Heap Roots: 0.3ms
[2024-04-05T13:29:01.773+0300][137.543s][info][gc,phases   ] GC(54)   Evacuate Collection Set: 30.0ms
[2024-04-05T13:29:01.773+0300][137.543s][info][gc,phases   ] GC(54)   Post Evacuate Collection Set: 2.7ms
[2024-04-05T13:29:01.773+0300][137.543s][info][gc,phases   ] GC(54)   Other: 0.1ms
[2024-04-05T13:29:01.773+0300][137.543s][info][gc,heap     ] GC(54) Eden regions: 427->0(6)
[2024-04-05T13:29:01.773+0300][137.543s][info][gc,heap     ] GC(54) Survivor regions: 40->45(59)
[2024-04-05T13:29:01.773+0300][137.543s][info][gc,heap     ] GC(54) Old regions: 267->292
[2024-04-05T13:29:01.773+0300][137.543s][info][gc,heap     ] GC(54) Archive regions: 2->2
[2024-04-05T13:29:01.773+0300][137.543s][info][gc,heap     ] GC(54) Humongous regions: 22->22
[2024-04-05T13:29:01.773+0300][137.543s][info][gc,metaspace] GC(54) Metaspace: 220277K(226176K)->220277K(226176K) NonClass: 193308K(196416K)->193308K(196416K) Class: 26969K(29760K)->26969K(29760K)
[2024-04-05T13:29:01.773+0300][137.543s][info][gc          ] GC(54) Pause Young (Prepare Mixed) (G1 Evacuation Pause) 755M->359M(1024M) 34.671ms
[2024-04-05T13:29:01.773+0300][137.543s][info][gc,cpu      ] GC(54) User=0.16s Sys=0.01s Real=0.03s
[2024-04-05T13:29:01.787+0300][137.556s][info][gc,start    ] GC(55) Pause Young (Mixed) (G1 Evacuation Pause)
[2024-04-05T13:29:01.787+0300][137.556s][info][gc,task     ] GC(55) Using 6 workers of 6 for evacuation
[2024-04-05T13:29:01.809+0300][137.578s][info][gc,phases   ] GC(55)   Pre Evacuate Collection Set: 0.2ms
[2024-04-05T13:29:01.809+0300][137.578s][info][gc,phases   ] GC(55)   Merge Heap Roots: 0.1ms
[2024-04-05T13:29:01.809+0300][137.578s][info][gc,phases   ] GC(55)   Evacuate Collection Set: 20.7ms
[2024-04-05T13:29:01.809+0300][137.578s][info][gc,phases   ] GC(55)   Post Evacuate Collection Set: 0.7ms
[2024-04-05T13:29:01.809+0300][137.578s][info][gc,phases   ] GC(55)   Other: 0.1ms
[2024-04-05T13:29:01.809+0300][137.578s][info][gc,heap     ] GC(55) Eden regions: 6->0(402)
[2024-04-05T13:29:01.809+0300][137.578s][info][gc,heap     ] GC(55) Survivor regions: 45->3(7)
[2024-04-05T13:29:01.809+0300][137.578s][info][gc,heap     ] GC(55) Old regions: 292->326
[2024-04-05T13:29:01.809+0300][137.578s][info][gc,heap     ] GC(55) Archive regions: 2->2
[2024-04-05T13:29:01.809+0300][137.578s][info][gc,heap     ] GC(55) Humongous regions: 22->22
[2024-04-05T13:29:01.809+0300][137.578s][info][gc,metaspace] GC(55) Metaspace: 220348K(226240K)->220348K(226240K) NonClass: 193374K(196480K)->193374K(196480K) Class: 26974K(29760K)->26974K(29760K)
[2024-04-05T13:29:01.809+0300][137.578s][info][gc          ] GC(55) Pause Young (Mixed) (G1 Evacuation Pause) 365M->351M(1024M) 21.932ms
[2024-04-05T13:29:01.809+0300][137.578s][info][gc,cpu      ] GC(55) User=0.10s Sys=0.02s Real=0.02s
[2024-04-05T13:29:03.838+0300][139.608s][info][gc,start    ] GC(56) Pause Young (Normal) (G1 Evacuation Pause)
[2024-04-05T13:29:03.838+0300][139.608s][info][gc,task     ] GC(56) Using 6 workers of 6 for evacuation
[2024-04-05T13:29:03.860+0300][139.630s][info][gc,phases   ] GC(56)   Pre Evacuate Collection Set: 0.2ms
[2024-04-05T13:29:03.860+0300][139.630s][info][gc,phases   ] GC(56)   Merge Heap Roots: 0.2ms
[2024-04-05T13:29:03.860+0300][139.630s][info][gc,phases   ] GC(56)   Evacuate Collection Set: 19.6ms
[2024-04-05T13:29:03.860+0300][139.630s][info][gc,phases   ] GC(56)   Post Evacuate Collection Set: 2.0ms
[2024-04-05T13:29:03.860+0300][139.630s][info][gc,phases   ] GC(56)   Other: 0.1ms
[2024-04-05T13:29:03.860+0300][139.630s][info][gc,heap     ] GC(56) Eden regions: 402->0(389)
[2024-04-05T13:29:03.860+0300][139.630s][info][gc,heap     ] GC(56) Survivor regions: 3->21(51)
[2024-04-05T13:29:03.860+0300][139.630s][info][gc,heap     ] GC(56) Old regions: 326->326
[2024-04-05T13:29:03.860+0300][139.630s][info][gc,heap     ] GC(56) Archive regions: 2->2
[2024-04-05T13:29:03.860+0300][139.630s][info][gc,heap     ] GC(56) Humongous regions: 22->22
[2024-04-05T13:29:03.860+0300][139.630s][info][gc,metaspace] GC(56) Metaspace: 233680K(240448K)->233680K(240448K) NonClass: 205099K(208640K)->205099K(208640K) Class: 28580K(31808K)->28580K(31808K)
[2024-04-05T13:29:03.860+0300][139.630s][info][gc          ] GC(56) Pause Young (Normal) (G1 Evacuation Pause) 753M->369M(1024M) 22.245ms
[2024-04-05T13:29:03.860+0300][139.630s][info][gc,cpu      ] GC(56) User=0.08s Sys=0.01s Real=0.02s
[2024-04-05T13:29:05.376+0300][141.146s][info][gc,start    ] GC(57) Pause Young (Normal) (G1 Evacuation Pause)
[2024-04-05T13:29:05.376+0300][141.146s][info][gc,task     ] GC(57) Using 6 workers of 6 for evacuation
[2024-04-05T13:29:05.397+0300][141.167s][info][gc,phases   ] GC(57)   Pre Evacuate Collection Set: 0.2ms
[2024-04-05T13:29:05.397+0300][141.167s][info][gc,phases   ] GC(57)   Merge Heap Roots: 0.2ms
[2024-04-05T13:29:05.397+0300][141.167s][info][gc,phases   ] GC(57)   Evacuate Collection Set: 18.8ms
[2024-04-05T13:29:05.397+0300][141.167s][info][gc,phases   ] GC(57)   Post Evacuate Collection Set: 2.0ms
[2024-04-05T13:29:05.397+0300][141.167s][info][gc,phases   ] GC(57)   Other: 0.1ms
[2024-04-05T13:29:05.397+0300][141.167s][info][gc,heap     ] GC(57) Eden regions: 389->0(395)
[2024-04-05T13:29:05.397+0300][141.167s][info][gc,heap     ] GC(57) Survivor regions: 21->25(52)
[2024-04-05T13:29:05.397+0300][141.167s][info][gc,heap     ] GC(57) Old regions: 326->326
[2024-04-05T13:29:05.397+0300][141.167s][info][gc,heap     ] GC(57) Archive regions: 2->2
[2024-04-05T13:29:05.397+0300][141.167s][info][gc,heap     ] GC(57) Humongous regions: 22->22
[2024-04-05T13:29:05.397+0300][141.167s][info][gc,metaspace] GC(57) Metaspace: 236031K(242816K)->236031K(242816K) NonClass: 207103K(210624K)->207103K(210624K) Class: 28928K(32192K)->28928K(32192K)
[2024-04-05T13:29:05.397+0300][141.167s][info][gc          ] GC(57) Pause Young (Normal) (G1 Evacuation Pause) 758M->373M(1024M) 21.399ms
[2024-04-05T13:29:05.397+0300][141.167s][info][gc,cpu      ] GC(57) User=0.08s Sys=0.00s Real=0.02s
[2024-04-05T13:29:07.014+0300][142.784s][info][gc,start    ] GC(58) Pause Young (Concurrent Start) (G1 Evacuation Pause)
[2024-04-05T13:29:07.014+0300][142.784s][info][gc,task     ] GC(58) Using 6 workers of 6 for evacuation
[2024-04-05T13:29:07.035+0300][142.804s][info][gc,phases   ] GC(58)   Pre Evacuate Collection Set: 0.9ms
[2024-04-05T13:29:07.035+0300][142.805s][info][gc,phases   ] GC(58)   Merge Heap Roots: 0.2ms
[2024-04-05T13:29:07.035+0300][142.805s][info][gc,phases   ] GC(58)   Evacuate Collection Set: 16.8ms
[2024-04-05T13:29:07.035+0300][142.805s][info][gc,phases   ] GC(58)   Post Evacuate Collection Set: 2.1ms
[2024-04-05T13:29:07.035+0300][142.805s][info][gc,phases   ] GC(58)   Other: 0.3ms
[2024-04-05T13:29:07.035+0300][142.805s][info][gc,heap     ] GC(58) Eden regions: 395->0(401)
[2024-04-05T13:29:07.035+0300][142.805s][info][gc,heap     ] GC(58) Survivor regions: 25->26(53)
[2024-04-05T13:29:07.035+0300][142.805s][info][gc,heap     ] GC(58) Old regions: 326->326
[2024-04-05T13:29:07.035+0300][142.805s][info][gc,heap     ] GC(58) Archive regions: 2->2
[2024-04-05T13:29:07.035+0300][142.805s][info][gc,heap     ] GC(58) Humongous regions: 22->22
[2024-04-05T13:29:07.035+0300][142.805s][info][gc,metaspace] GC(58) Metaspace: 237499K(244480K)->237499K(244480K) NonClass: 208336K(211968K)->208336K(211968K) Class: 29163K(32512K)->29163K(32512K)
[2024-04-05T13:29:07.035+0300][142.805s][info][gc          ] GC(58) Pause Young (Concurrent Start) (G1 Evacuation Pause) 768M->374M(1024M) 20.548ms
[2024-04-05T13:29:07.035+0300][142.805s][info][gc          ] GC(59) Concurrent Mark Cycle
[2024-04-05T13:29:07.035+0300][142.805s][info][gc,marking  ] GC(59) Concurrent Clear Claimed Marks
[2024-04-05T13:29:07.035+0300][142.805s][info][gc,cpu      ] GC(58) User=0.09s Sys=0.00s Real=0.02s
[2024-04-05T13:29:07.036+0300][142.806s][info][gc,marking  ] GC(59) Concurrent Clear Claimed Marks 0.967ms
[2024-04-05T13:29:07.036+0300][142.806s][info][gc,marking  ] GC(59) Concurrent Scan Root Regions
[2024-04-05T13:29:07.051+0300][142.821s][info][gc,marking  ] GC(59) Concurrent Scan Root Regions 14.993ms
[2024-04-05T13:29:07.051+0300][142.821s][info][gc,marking  ] GC(59) Concurrent Mark
[2024-04-05T13:29:07.051+0300][142.821s][info][gc,marking  ] GC(59) Concurrent Mark From Roots
[2024-04-05T13:29:07.051+0300][142.821s][info][gc,task     ] GC(59) Using 2 workers of 2 for marking
[2024-04-05T13:29:07.245+0300][143.014s][info][gc,marking  ] GC(59) Concurrent Mark From Roots 193.499ms
[2024-04-05T13:29:07.245+0300][143.014s][info][gc,marking  ] GC(59) Concurrent Preclean
[2024-04-05T13:29:07.245+0300][143.015s][info][gc,marking  ] GC(59) Concurrent Preclean 0.500ms
[2024-04-05T13:29:07.246+0300][143.015s][info][gc,start    ] GC(59) Pause Remark
[2024-04-05T13:29:07.274+0300][143.044s][info][gc          ] GC(59) Pause Remark 433M->433M(1024M) 28.519ms
[2024-04-05T13:29:07.274+0300][143.044s][info][gc,cpu      ] GC(59) User=0.12s Sys=0.00s Real=0.03s
[2024-04-05T13:29:07.277+0300][143.047s][info][gc,marking  ] GC(59) Concurrent Mark 225.844ms
[2024-04-05T13:29:07.277+0300][143.047s][info][gc,marking  ] GC(59) Concurrent Rebuild Remembered Sets
[2024-04-05T13:29:07.481+0300][143.251s][info][gc,marking  ] GC(59) Concurrent Rebuild Remembered Sets 204.269ms
[2024-04-05T13:29:07.481+0300][143.251s][info][gc,start    ] GC(59) Pause Cleanup
[2024-04-05T13:29:07.482+0300][143.251s][info][gc          ] GC(59) Pause Cleanup 480M->480M(1024M) 0.257ms
[2024-04-05T13:29:07.482+0300][143.251s][info][gc,cpu      ] GC(59) User=0.00s Sys=0.00s Real=0.00s
[2024-04-05T13:29:07.482+0300][143.251s][info][gc,marking  ] GC(59) Concurrent Cleanup for Next Mark
[2024-04-05T13:29:07.483+0300][143.252s][info][gc,marking  ] GC(59) Concurrent Cleanup for Next Mark 1.087ms
[2024-04-05T13:29:07.483+0300][143.252s][info][gc          ] GC(59) Concurrent Mark Cycle 447.841ms
[2024-04-05T13:29:08.538+0300][144.308s][info][gc,start    ] GC(60) Pause Young (Prepare Mixed) (G1 Evacuation Pause)
[2024-04-05T13:29:08.538+0300][144.308s][info][gc,task     ] GC(60) Using 6 workers of 6 for evacuation
[2024-04-05T13:29:08.561+0300][144.331s][info][gc,phases   ] GC(60)   Pre Evacuate Collection Set: 0.2ms
[2024-04-05T13:29:08.561+0300][144.331s][info][gc,phases   ] GC(60)   Merge Heap Roots: 0.3ms
[2024-04-05T13:29:08.561+0300][144.331s][info][gc,phases   ] GC(60)   Evacuate Collection Set: 20.3ms
[2024-04-05T13:29:08.561+0300][144.331s][info][gc,phases   ] GC(60)   Post Evacuate Collection Set: 2.3ms
[2024-04-05T13:29:08.561+0300][144.331s][info][gc,phases   ] GC(60)   Other: 0.1ms
[2024-04-05T13:29:08.561+0300][144.331s][info][gc,heap     ] GC(60) Eden regions: 401->0(20)
[2024-04-05T13:29:08.561+0300][144.331s][info][gc,heap     ] GC(60) Survivor regions: 26->31(54)
[2024-04-05T13:29:08.561+0300][144.331s][info][gc,heap     ] GC(60) Old regions: 326->326
[2024-04-05T13:29:08.561+0300][144.331s][info][gc,heap     ] GC(60) Archive regions: 2->2
[2024-04-05T13:29:08.561+0300][144.331s][info][gc,heap     ] GC(60) Humongous regions: 22->22
[2024-04-05T13:29:08.561+0300][144.331s][info][gc,metaspace] GC(60) Metaspace: 240138K(247168K)->240138K(247168K) NonClass: 210607K(214208K)->210607K(214208K) Class: 29530K(32960K)->29530K(32960K)
[2024-04-05T13:29:08.561+0300][144.331s][info][gc          ] GC(60) Pause Young (Prepare Mixed) (G1 Evacuation Pause) 775M->379M(1024M) 23.332ms
[2024-04-05T13:29:08.561+0300][144.331s][info][gc,cpu      ] GC(60) User=0.13s Sys=0.00s Real=0.02s
[2024-04-05T13:29:08.601+0300][144.371s][info][gc,start    ] GC(61) Pause Young (Mixed) (G1 Evacuation Pause)
[2024-04-05T13:29:08.601+0300][144.371s][info][gc,task     ] GC(61) Using 6 workers of 6 for evacuation
[2024-04-05T13:29:08.623+0300][144.392s][info][gc,phases   ] GC(61)   Pre Evacuate Collection Set: 0.2ms
[2024-04-05T13:29:08.623+0300][144.392s][info][gc,phases   ] GC(61)   Merge Heap Roots: 0.2ms
[2024-04-05T13:29:08.623+0300][144.392s][info][gc,phases   ] GC(61)   Evacuate Collection Set: 20.6ms
[2024-04-05T13:29:08.623+0300][144.392s][info][gc,phases   ] GC(61)   Post Evacuate Collection Set: 0.9ms
[2024-04-05T13:29:08.623+0300][144.392s][info][gc,phases   ] GC(61)   Other: 0.1ms
[2024-04-05T13:29:08.623+0300][144.393s][info][gc,heap     ] GC(61) Eden regions: 20->0(407)
[2024-04-05T13:29:08.623+0300][144.393s][info][gc,heap     ] GC(61) Survivor regions: 31->3(7)
[2024-04-05T13:29:08.623+0300][144.393s][info][gc,heap     ] GC(61) Old regions: 326->348
[2024-04-05T13:29:08.623+0300][144.393s][info][gc,heap     ] GC(61) Archive regions: 2->2
[2024-04-05T13:29:08.623+0300][144.393s][info][gc,heap     ] GC(61) Humongous regions: 22->22
[2024-04-05T13:29:08.623+0300][144.393s][info][gc,metaspace] GC(61) Metaspace: 240155K(247232K)->240155K(247232K) NonClass: 210622K(214272K)->210622K(214272K) Class: 29532K(32960K)->29532K(32960K)
[2024-04-05T13:29:08.623+0300][144.393s][info][gc          ] GC(61) Pause Young (Mixed) (G1 Evacuation Pause) 399M->373M(1024M) 22.028ms
[2024-04-05T13:29:08.623+0300][144.393s][info][gc,cpu      ] GC(61) User=0.10s Sys=0.00s Real=0.02s
[2024-04-05T13:29:10.175+0300][145.944s][info][gc,start    ] GC(62) Pause Young (Normal) (G1 Evacuation Pause)
[2024-04-05T13:29:10.175+0300][145.944s][info][gc,task     ] GC(62) Using 6 workers of 6 for evacuation
[2024-04-05T13:29:10.191+0300][145.961s][info][gc,phases   ] GC(62)   Pre Evacuate Collection Set: 0.2ms
[2024-04-05T13:29:10.191+0300][145.961s][info][gc,phases   ] GC(62)   Merge Heap Roots: 0.4ms
[2024-04-05T13:29:10.191+0300][145.961s][info][gc,phases   ] GC(62)   Evacuate Collection Set: 11.6ms
[2024-04-05T13:29:10.191+0300][145.961s][info][gc,phases   ] GC(62)   Post Evacuate Collection Set: 4.3ms
[2024-04-05T13:29:10.191+0300][145.961s][info][gc,phases   ] GC(62)   Other: 0.1ms
[2024-04-05T13:29:10.191+0300][145.961s][info][gc,heap     ] GC(62) Eden regions: 407->0(405)
[2024-04-05T13:29:10.191+0300][145.961s][info][gc,heap     ] GC(62) Survivor regions: 3->8(52)
[2024-04-05T13:29:10.191+0300][145.961s][info][gc,heap     ] GC(62) Old regions: 348->348
[2024-04-05T13:29:10.191+0300][145.961s][info][gc,heap     ] GC(62) Archive regions: 2->2
[2024-04-05T13:29:10.191+0300][145.961s][info][gc,heap     ] GC(62) Humongous regions: 22->22
[2024-04-05T13:29:10.191+0300][145.961s][info][gc,metaspace] GC(62) Metaspace: 246475K(253632K)->246475K(253632K) NonClass: 216120K(219776K)->216120K(219776K) Class: 30354K(33856K)->30354K(33856K)
[2024-04-05T13:29:10.191+0300][145.961s][info][gc          ] GC(62) Pause Young (Normal) (G1 Evacuation Pause) 780M->378M(1024M) 16.760ms
[2024-04-05T13:29:10.191+0300][145.961s][info][gc,cpu      ] GC(62) User=0.06s Sys=0.01s Real=0.02s
[2024-04-05T13:29:10.450+0300][146.220s][info][gc,start    ] GC(63) Pause Young (Concurrent Start) (G1 Humongous Allocation)
[2024-04-05T13:29:10.450+0300][146.220s][info][gc,task     ] GC(63) Using 6 workers of 6 for evacuation
[2024-04-05T13:29:10.461+0300][146.230s][info][gc,phases   ] GC(63)   Pre Evacuate Collection Set: 0.9ms
[2024-04-05T13:29:10.461+0300][146.230s][info][gc,phases   ] GC(63)   Merge Heap Roots: 0.1ms
[2024-04-05T13:29:10.461+0300][146.230s][info][gc,phases   ] GC(63)   Evacuate Collection Set: 8.1ms
[2024-04-05T13:29:10.461+0300][146.230s][info][gc,phases   ] GC(63)   Post Evacuate Collection Set: 1.5ms
[2024-04-05T13:29:10.461+0300][146.230s][info][gc,phases   ] GC(63)   Other: 0.1ms
[2024-04-05T13:29:10.461+0300][146.230s][info][gc,heap     ] GC(63) Eden regions: 53->0(410)
[2024-04-05T13:29:10.461+0300][146.230s][info][gc,heap     ] GC(63) Survivor regions: 8->9(52)
[2024-04-05T13:29:10.461+0300][146.230s][info][gc,heap     ] GC(63) Old regions: 348->348
[2024-04-05T13:29:10.461+0300][146.230s][info][gc,heap     ] GC(63) Archive regions: 2->2
[2024-04-05T13:29:10.461+0300][146.230s][info][gc,heap     ] GC(63) Humongous regions: 22->20
[2024-04-05T13:29:10.461+0300][146.230s][info][gc,metaspace] GC(63) Metaspace: 248094K(255232K)->248094K(255232K) NonClass: 217423K(221056K)->217423K(221056K) Class: 30670K(34176K)->30670K(34176K)
[2024-04-05T13:29:10.461+0300][146.230s][info][gc          ] GC(63) Pause Young (Concurrent Start) (G1 Humongous Allocation) 431M->377M(1024M) 10.879ms
[2024-04-05T13:29:10.461+0300][146.230s][info][gc,cpu      ] GC(63) User=0.05s Sys=0.00s Real=0.01s
[2024-04-05T13:29:10.461+0300][146.230s][info][gc          ] GC(64) Concurrent Mark Cycle
[2024-04-05T13:29:10.461+0300][146.230s][info][gc,marking  ] GC(64) Concurrent Clear Claimed Marks
[2024-04-05T13:29:10.462+0300][146.231s][info][gc,marking  ] GC(64) Concurrent Clear Claimed Marks 0.785ms
[2024-04-05T13:29:10.462+0300][146.231s][info][gc,marking  ] GC(64) Concurrent Scan Root Regions
[2024-04-05T13:29:10.469+0300][146.239s][info][gc,marking  ] GC(64) Concurrent Scan Root Regions 7.663ms
[2024-04-05T13:29:10.469+0300][146.239s][info][gc,marking  ] GC(64) Concurrent Mark
[2024-04-05T13:29:10.469+0300][146.239s][info][gc,marking  ] GC(64) Concurrent Mark From Roots
[2024-04-05T13:29:10.469+0300][146.239s][info][gc,task     ] GC(64) Using 2 workers of 2 for marking
[2024-04-05T13:29:10.681+0300][146.451s][info][gc,marking  ] GC(64) Concurrent Mark From Roots 212.025ms
[2024-04-05T13:29:10.681+0300][146.451s][info][gc,marking  ] GC(64) Concurrent Preclean
[2024-04-05T13:29:10.682+0300][146.451s][info][gc,marking  ] GC(64) Concurrent Preclean 0.388ms
[2024-04-05T13:29:10.682+0300][146.452s][info][gc,start    ] GC(64) Pause Remark
[2024-04-05T13:29:10.694+0300][146.464s][info][gc          ] GC(64) Pause Remark 417M->416M(1024M) 12.134ms
[2024-04-05T13:29:10.694+0300][146.464s][info][gc,cpu      ] GC(64) User=0.04s Sys=0.00s Real=0.01s
[2024-04-05T13:29:10.695+0300][146.464s][info][gc,marking  ] GC(64) Concurrent Mark 225.287ms
[2024-04-05T13:29:10.695+0300][146.464s][info][gc,marking  ] GC(64) Concurrent Rebuild Remembered Sets
[2024-04-05T13:29:10.896+0300][146.665s][info][gc,marking  ] GC(64) Concurrent Rebuild Remembered Sets 201.077ms
[2024-04-05T13:29:10.896+0300][146.666s][info][gc,start    ] GC(64) Pause Cleanup
[2024-04-05T13:29:10.897+0300][146.666s][info][gc          ] GC(64) Pause Cleanup 457M->457M(1024M) 0.461ms
[2024-04-05T13:29:10.897+0300][146.666s][info][gc,cpu      ] GC(64) User=0.00s Sys=0.00s Real=0.00s
[2024-04-05T13:29:10.897+0300][146.667s][info][gc,marking  ] GC(64) Concurrent Cleanup for Next Mark
[2024-04-05T13:29:10.899+0300][146.668s][info][gc,marking  ] GC(64) Concurrent Cleanup for Next Mark 1.600ms
[2024-04-05T13:29:10.899+0300][146.668s][info][gc          ] GC(64) Concurrent Mark Cycle 437.866ms
[2024-04-05T13:29:12.103+0300][147.872s][info][gc,start    ] GC(65) Pause Young (Prepare Mixed) (G1 Evacuation Pause)
[2024-04-05T13:29:12.103+0300][147.872s][info][gc,task     ] GC(65) Using 6 workers of 6 for evacuation
[2024-04-05T13:29:12.120+0300][147.890s][info][gc,phases   ] GC(65)   Pre Evacuate Collection Set: 0.2ms
[2024-04-05T13:29:12.120+0300][147.890s][info][gc,phases   ] GC(65)   Merge Heap Roots: 0.2ms
[2024-04-05T13:29:12.120+0300][147.890s][info][gc,phases   ] GC(65)   Evacuate Collection Set: 15.3ms
[2024-04-05T13:29:12.120+0300][147.890s][info][gc,phases   ] GC(65)   Post Evacuate Collection Set: 1.7ms
[2024-04-05T13:29:12.120+0300][147.890s][info][gc,phases   ] GC(65)   Other: 0.1ms
[2024-04-05T13:29:12.120+0300][147.890s][info][gc,heap     ] GC(65) Eden regions: 410->0(19)
[2024-04-05T13:29:12.120+0300][147.890s][info][gc,heap     ] GC(65) Survivor regions: 9->32(53)
[2024-04-05T13:29:12.120+0300][147.890s][info][gc,heap     ] GC(65) Old regions: 347->347
[2024-04-05T13:29:12.120+0300][147.890s][info][gc,heap     ] GC(65) Archive regions: 2->2
[2024-04-05T13:29:12.120+0300][147.890s][info][gc,heap     ] GC(65) Humongous regions: 22->22
[2024-04-05T13:29:12.120+0300][147.890s][info][gc,metaspace] GC(65) Metaspace: 255611K(262784K)->255611K(262784K) NonClass: 223994K(227648K)->223994K(227648K) Class: 31616K(35136K)->31616K(35136K)
[2024-04-05T13:29:12.120+0300][147.890s][info][gc          ] GC(65) Pause Young (Prepare Mixed) (G1 Evacuation Pause) 788M->401M(1024M) 17.549ms
[2024-04-05T13:29:12.120+0300][147.890s][info][gc,cpu      ] GC(65) User=0.08s Sys=0.00s Real=0.02s
[2024-04-05T13:29:12.212+0300][147.981s][info][gc,start    ] GC(66) Pause Young (Mixed) (G1 Evacuation Pause)
[2024-04-05T13:29:12.212+0300][147.982s][info][gc,task     ] GC(66) Using 6 workers of 6 for evacuation
[2024-04-05T13:29:12.229+0300][147.998s][info][gc,phases   ] GC(66)   Pre Evacuate Collection Set: 0.1ms
[2024-04-05T13:29:12.229+0300][147.998s][info][gc,phases   ] GC(66)   Merge Heap Roots: 0.2ms
[2024-04-05T13:29:12.229+0300][147.998s][info][gc,phases   ] GC(66)   Evacuate Collection Set: 15.5ms
[2024-04-05T13:29:12.229+0300][147.998s][info][gc,phases   ] GC(66)   Post Evacuate Collection Set: 0.8ms
[2024-04-05T13:29:12.229+0300][147.998s][info][gc,phases   ] GC(66)   Other: 0.1ms
[2024-04-05T13:29:12.229+0300][147.998s][info][gc,heap     ] GC(66) Eden regions: 19->0(390)
[2024-04-05T13:29:12.229+0300][147.998s][info][gc,heap     ] GC(66) Survivor regions: 32->3(7)
[2024-04-05T13:29:12.229+0300][147.998s][info][gc,heap     ] GC(66) Old regions: 347->369
[2024-04-05T13:29:12.229+0300][147.998s][info][gc,heap     ] GC(66) Archive regions: 2->2
[2024-04-05T13:29:12.229+0300][147.998s][info][gc,heap     ] GC(66) Humongous regions: 22->22
[2024-04-05T13:29:12.229+0300][147.998s][info][gc,metaspace] GC(66) Metaspace: 255852K(263040K)->255852K(263040K) NonClass: 224224K(227904K)->224224K(227904K) Class: 31627K(35136K)->31627K(35136K)
[2024-04-05T13:29:12.229+0300][147.998s][info][gc          ] GC(66) Pause Young (Mixed) (G1 Evacuation Pause) 420M->394M(1024M) 16.822ms
[2024-04-05T13:29:12.229+0300][147.998s][info][gc,cpu      ] GC(66) User=0.08s Sys=0.00s Real=0.01s
[2024-04-05T13:29:16.319+0300][152.089s][info][gc,start    ] GC(67) Pause Young (Normal) (G1 Evacuation Pause)
[2024-04-05T13:29:16.319+0300][152.089s][info][gc,task     ] GC(67) Using 6 workers of 6 for evacuation
[2024-04-05T13:29:16.334+0300][152.104s][info][gc,phases   ] GC(67)   Pre Evacuate Collection Set: 0.2ms
[2024-04-05T13:29:16.334+0300][152.104s][info][gc,phases   ] GC(67)   Merge Heap Roots: 0.2ms
[2024-04-05T13:29:16.334+0300][152.104s][info][gc,phases   ] GC(67)   Evacuate Collection Set: 12.2ms
[2024-04-05T13:29:16.334+0300][152.104s][info][gc,phases   ] GC(67)   Post Evacuate Collection Set: 2.2ms
[2024-04-05T13:29:16.334+0300][152.104s][info][gc,phases   ] GC(67)   Other: 0.1ms
[2024-04-05T13:29:16.334+0300][152.104s][info][gc,heap     ] GC(67) Eden regions: 390->0(374)
[2024-04-05T13:29:16.334+0300][152.104s][info][gc,heap     ] GC(67) Survivor regions: 3->15(50)
[2024-04-05T13:29:16.334+0300][152.104s][info][gc,heap     ] GC(67) Old regions: 369->369
[2024-04-05T13:29:16.334+0300][152.104s][info][gc,heap     ] GC(67) Archive regions: 2->2
[2024-04-05T13:29:16.334+0300][152.104s][info][gc,heap     ] GC(67) Humongous regions: 22->22
[2024-04-05T13:29:16.334+0300][152.104s][info][gc,metaspace] GC(67) Metaspace: 264789K(272000K)->264789K(272000K) NonClass: 232173K(235840K)->232173K(235840K) Class: 32615K(36160K)->32615K(36160K)
[2024-04-05T13:29:16.334+0300][152.104s][info][gc          ] GC(67) Pause Young (Normal) (G1 Evacuation Pause) 784M->406M(1024M) 15.130ms
[2024-04-05T13:29:16.334+0300][152.104s][info][gc,cpu      ] GC(67) User=0.07s Sys=0.00s Real=0.01s
[2024-04-05T13:29:17.345+0300][153.115s][info][gc,start    ] GC(68) Pause Young (Concurrent Start) (G1 Humongous Allocation)
[2024-04-05T13:29:17.345+0300][153.115s][info][gc,task     ] GC(68) Using 6 workers of 6 for evacuation
[2024-04-05T13:29:17.361+0300][153.131s][info][gc,phases   ] GC(68)   Pre Evacuate Collection Set: 0.8ms
[2024-04-05T13:29:17.361+0300][153.131s][info][gc,phases   ] GC(68)   Merge Heap Roots: 0.2ms
[2024-04-05T13:29:17.361+0300][153.131s][info][gc,phases   ] GC(68)   Evacuate Collection Set: 13.2ms
[2024-04-05T13:29:17.361+0300][153.131s][info][gc,phases   ] GC(68)   Post Evacuate Collection Set: 1.4ms
[2024-04-05T13:29:17.361+0300][153.131s][info][gc,phases   ] GC(68)   Other: 0.1ms
[2024-04-05T13:29:17.361+0300][153.131s][info][gc,heap     ] GC(68) Eden regions: 281->0(374)
[2024-04-05T13:29:17.361+0300][153.131s][info][gc,heap     ] GC(68) Survivor regions: 15->19(49)
[2024-04-05T13:29:17.361+0300][153.131s][info][gc,heap     ] GC(68) Old regions: 369->369
[2024-04-05T13:29:17.361+0300][153.131s][info][gc,heap     ] GC(68) Archive regions: 2->2
[2024-04-05T13:29:17.361+0300][153.131s][info][gc,heap     ] GC(68) Humongous regions: 22->22
[2024-04-05T13:29:17.361+0300][153.131s][info][gc,metaspace] GC(68) Metaspace: 265766K(273024K)->265766K(273024K) NonClass: 233010K(236736K)->233010K(236736K) Class: 32755K(36288K)->32755K(36288K)
[2024-04-05T13:29:17.361+0300][153.131s][info][gc          ] GC(68) Pause Young (Concurrent Start) (G1 Humongous Allocation) 687M->409M(1024M) 15.932ms
[2024-04-05T13:29:17.361+0300][153.131s][info][gc,cpu      ] GC(68) User=0.05s Sys=0.00s Real=0.02s
[2024-04-05T13:29:17.361+0300][153.131s][info][gc          ] GC(69) Concurrent Mark Cycle
[2024-04-05T13:29:17.361+0300][153.131s][info][gc,marking  ] GC(69) Concurrent Clear Claimed Marks
[2024-04-05T13:29:17.362+0300][153.132s][info][gc,marking  ] GC(69) Concurrent Clear Claimed Marks 0.658ms
[2024-04-05T13:29:17.362+0300][153.132s][info][gc,marking  ] GC(69) Concurrent Scan Root Regions
[2024-04-05T13:29:17.370+0300][153.140s][info][gc,marking  ] GC(69) Concurrent Scan Root Regions 8.143ms
[2024-04-05T13:29:17.370+0300][153.140s][info][gc,marking  ] GC(69) Concurrent Mark
[2024-04-05T13:29:17.370+0300][153.140s][info][gc,marking  ] GC(69) Concurrent Mark From Roots
[2024-04-05T13:29:17.370+0300][153.140s][info][gc,task     ] GC(69) Using 2 workers of 2 for marking
[2024-04-05T13:29:17.645+0300][153.415s][info][gc,marking  ] GC(69) Concurrent Mark From Roots 275.100ms
[2024-04-05T13:29:17.645+0300][153.415s][info][gc,marking  ] GC(69) Concurrent Preclean
[2024-04-05T13:29:17.646+0300][153.416s][info][gc,marking  ] GC(69) Concurrent Preclean 0.554ms
[2024-04-05T13:29:17.647+0300][153.417s][info][gc,start    ] GC(69) Pause Remark
[2024-04-05T13:29:17.661+0300][153.431s][info][gc          ] GC(69) Pause Remark 473M->473M(1024M) 13.975ms
[2024-04-05T13:29:17.661+0300][153.431s][info][gc,cpu      ] GC(69) User=0.05s Sys=0.00s Real=0.02s
[2024-04-05T13:29:17.662+0300][153.431s][info][gc,marking  ] GC(69) Concurrent Mark 291.381ms
[2024-04-05T13:29:17.662+0300][153.431s][info][gc,marking  ] GC(69) Concurrent Rebuild Remembered Sets
[2024-04-05T13:29:17.890+0300][153.660s][info][gc,marking  ] GC(69) Concurrent Rebuild Remembered Sets 228.624ms
[2024-04-05T13:29:17.892+0300][153.662s][info][gc,start    ] GC(69) Pause Cleanup
[2024-04-05T13:29:17.892+0300][153.662s][info][gc          ] GC(69) Pause Cleanup 503M->503M(1024M) 0.353ms
[2024-04-05T13:29:17.892+0300][153.662s][info][gc,cpu      ] GC(69) User=0.00s Sys=0.00s Real=0.00s
[2024-04-05T13:29:17.892+0300][153.662s][info][gc,marking  ] GC(69) Concurrent Cleanup for Next Mark
[2024-04-05T13:29:17.894+0300][153.663s][info][gc,marking  ] GC(69) Concurrent Cleanup for Next Mark 1.351ms
[2024-04-05T13:29:17.894+0300][153.664s][info][gc          ] GC(69) Concurrent Mark Cycle 532.681ms
[2024-04-05T13:29:18.731+0300][154.501s][info][gc,start    ] GC(70) Pause Young (Prepare Mixed) (GCLocker Initiated GC)
[2024-04-05T13:29:18.731+0300][154.501s][info][gc,task     ] GC(70) Using 6 workers of 6 for evacuation
[2024-04-05T13:29:18.752+0300][154.521s][info][gc,phases   ] GC(70)   Pre Evacuate Collection Set: 0.2ms
[2024-04-05T13:29:18.752+0300][154.521s][info][gc,phases   ] GC(70)   Merge Heap Roots: 0.2ms
[2024-04-05T13:29:18.752+0300][154.521s][info][gc,phases   ] GC(70)   Evacuate Collection Set: 17.6ms
[2024-04-05T13:29:18.752+0300][154.521s][info][gc,phases   ] GC(70)   Post Evacuate Collection Set: 2.4ms
[2024-04-05T13:29:18.752+0300][154.521s][info][gc,phases   ] GC(70)   Other: 0.1ms
[2024-04-05T13:29:18.752+0300][154.521s][info][gc,heap     ] GC(70) Eden regions: 375->0(8)
[2024-04-05T13:29:18.752+0300][154.521s][info][gc,heap     ] GC(70) Survivor regions: 19->43(50)
[2024-04-05T13:29:18.752+0300][154.521s][info][gc,heap     ] GC(70) Old regions: 368->368
[2024-04-05T13:29:18.752+0300][154.521s][info][gc,heap     ] GC(70) Archive regions: 2->2
[2024-04-05T13:29:18.752+0300][154.521s][info][gc,heap     ] GC(70) Humongous regions: 28->25
[2024-04-05T13:29:18.752+0300][154.521s][info][gc,metaspace] GC(70) Metaspace: 268021K(275392K)->268021K(275392K) NonClass: 235001K(238784K)->235001K(238784K) Class: 33019K(36608K)->33019K(36608K)
[2024-04-05T13:29:18.752+0300][154.521s][info][gc          ] GC(70) Pause Young (Prepare Mixed) (GCLocker Initiated GC) 790M->436M(1024M) 20.685ms
[2024-04-05T13:29:18.752+0300][154.522s][info][gc,cpu      ] GC(70) User=0.08s Sys=0.00s Real=0.02s
[2024-04-05T13:29:18.771+0300][154.541s][info][gc,start    ] GC(71) Pause Young (Mixed) (GCLocker Initiated GC)
[2024-04-05T13:29:18.771+0300][154.541s][info][gc,task     ] GC(71) Using 6 workers of 6 for evacuation
[2024-04-05T13:29:18.796+0300][154.566s][info][gc,phases   ] GC(71)   Pre Evacuate Collection Set: 0.2ms
[2024-04-05T13:29:18.796+0300][154.566s][info][gc,phases   ] GC(71)   Merge Heap Roots: 0.2ms
[2024-04-05T13:29:18.796+0300][154.566s][info][gc,phases   ] GC(71)   Evacuate Collection Set: 23.1ms
[2024-04-05T13:29:18.796+0300][154.566s][info][gc,phases   ] GC(71)   Post Evacuate Collection Set: 1.0ms
[2024-04-05T13:29:18.796+0300][154.566s][info][gc,phases   ] GC(71)   Other: 0.1ms
[2024-04-05T13:29:18.796+0300][154.566s][info][gc,heap     ] GC(71) Eden regions: 9->0(341)
[2024-04-05T13:29:18.796+0300][154.566s][info][gc,heap     ] GC(71) Survivor regions: 43->3(7)
[2024-04-05T13:29:18.796+0300][154.566s][info][gc,heap     ] GC(71) Old regions: 368->404
[2024-04-05T13:29:18.796+0300][154.566s][info][gc,heap     ] GC(71) Archive regions: 2->2
[2024-04-05T13:29:18.796+0300][154.566s][info][gc,heap     ] GC(71) Humongous regions: 25->25
[2024-04-05T13:29:18.796+0300][154.566s][info][gc,metaspace] GC(71) Metaspace: 268064K(275392K)->268064K(275392K) NonClass: 235040K(238784K)->235040K(238784K) Class: 33024K(36608K)->33024K(36608K)
[2024-04-05T13:29:18.796+0300][154.566s][info][gc          ] GC(71) Pause Young (Mixed) (GCLocker Initiated GC) 445M->432M(1024M) 24.835ms
[2024-04-05T13:29:18.796+0300][154.566s][info][gc,cpu      ] GC(71) User=0.11s Sys=0.00s Real=0.02s
[2024-04-05T13:29:19.811+0300][155.581s][info][gc,start    ] GC(72) Pause Young (Normal) (GCLocker Initiated GC)
[2024-04-05T13:29:19.811+0300][155.581s][info][gc,task     ] GC(72) Using 6 workers of 6 for evacuation
[2024-04-05T13:29:19.826+0300][155.596s][info][gc,phases   ] GC(72)   Pre Evacuate Collection Set: 0.2ms
[2024-04-05T13:29:19.826+0300][155.596s][info][gc,phases   ] GC(72)   Merge Heap Roots: 0.2ms
[2024-04-05T13:29:19.826+0300][155.596s][info][gc,phases   ] GC(72)   Evacuate Collection Set: 11.1ms
[2024-04-05T13:29:19.826+0300][155.596s][info][gc,phases   ] GC(72)   Post Evacuate Collection Set: 3.6ms
[2024-04-05T13:29:19.826+0300][155.596s][info][gc,phases   ] GC(72)   Other: 0.1ms
[2024-04-05T13:29:19.826+0300][155.596s][info][gc,heap     ] GC(72) Eden regions: 341->0(323)
[2024-04-05T13:29:19.826+0300][155.596s][info][gc,heap     ] GC(72) Survivor regions: 3->18(43)
[2024-04-05T13:29:19.826+0300][155.596s][info][gc,heap     ] GC(72) Old regions: 404->404
[2024-04-05T13:29:19.826+0300][155.596s][info][gc,heap     ] GC(72) Archive regions: 2->2
[2024-04-05T13:29:19.826+0300][155.596s][info][gc,heap     ] GC(72) Humongous regions: 27->26
[2024-04-05T13:29:19.826+0300][155.596s][info][gc,metaspace] GC(72) Metaspace: 281727K(289600K)->281727K(289600K) NonClass: 247183K(251264K)->247183K(251264K) Class: 34543K(38336K)->34543K(38336K)
[2024-04-05T13:29:19.826+0300][155.596s][info][gc          ] GC(72) Pause Young (Normal) (GCLocker Initiated GC) 775M->448M(1024M) 15.445ms
[2024-04-05T13:29:19.826+0300][155.596s][info][gc,cpu      ] GC(72) User=0.06s Sys=0.00s Real=0.01s
[2024-04-05T13:29:20.593+0300][156.363s][info][gc,start    ] GC(73) Pause Young (Concurrent Start) (G1 Humongous Allocation)
[2024-04-05T13:29:20.594+0300][156.363s][info][gc,task     ] GC(73) Using 6 workers of 6 for evacuation
[2024-04-05T13:29:20.612+0300][156.382s][info][gc,phases   ] GC(73)   Pre Evacuate Collection Set: 1.3ms
[2024-04-05T13:29:20.612+0300][156.382s][info][gc,phases   ] GC(73)   Merge Heap Roots: 0.2ms
[2024-04-05T13:29:20.612+0300][156.382s][info][gc,phases   ] GC(73)   Evacuate Collection Set: 15.0ms
[2024-04-05T13:29:20.612+0300][156.382s][info][gc,phases   ] GC(73)   Post Evacuate Collection Set: 1.7ms
[2024-04-05T13:29:20.612+0300][156.382s][info][gc,phases   ] GC(73)   Other: 0.1ms
[2024-04-05T13:29:20.612+0300][156.382s][info][gc,heap     ] GC(73) Eden regions: 279->0(317)
[2024-04-05T13:29:20.612+0300][156.382s][info][gc,heap     ] GC(73) Survivor regions: 18->28(43)
[2024-04-05T13:29:20.612+0300][156.382s][info][gc,heap     ] GC(73) Old regions: 404->404
[2024-04-05T13:29:20.612+0300][156.382s][info][gc,heap     ] GC(73) Archive regions: 2->2
[2024-04-05T13:29:20.612+0300][156.382s][info][gc,heap     ] GC(73) Humongous regions: 26->24
[2024-04-05T13:29:20.612+0300][156.382s][info][gc,metaspace] GC(73) Metaspace: 294865K(303168K)->294865K(303168K) NonClass: 258833K(263168K)->258833K(263168K) Class: 36032K(40000K)->36032K(40000K)
[2024-04-05T13:29:20.612+0300][156.382s][info][gc          ] GC(73) Pause Young (Concurrent Start) (G1 Humongous Allocation) 726M->456M(1024M) 18.536ms
[2024-04-05T13:29:20.612+0300][156.382s][info][gc          ] GC(74) Concurrent Mark Cycle
[2024-04-05T13:29:20.612+0300][156.382s][info][gc,marking  ] GC(74) Concurrent Clear Claimed Marks
[2024-04-05T13:29:20.612+0300][156.382s][info][gc,cpu      ] GC(73) User=0.09s Sys=0.00s Real=0.02s
[2024-04-05T13:29:20.613+0300][156.383s][info][gc,marking  ] GC(74) Concurrent Clear Claimed Marks 0.792ms
[2024-04-05T13:29:20.613+0300][156.383s][info][gc,marking  ] GC(74) Concurrent Scan Root Regions
[2024-04-05T13:29:20.633+0300][156.403s][info][gc,marking  ] GC(74) Concurrent Scan Root Regions 20.438ms
[2024-04-05T13:29:20.633+0300][156.403s][info][gc,marking  ] GC(74) Concurrent Mark
[2024-04-05T13:29:20.633+0300][156.403s][info][gc,marking  ] GC(74) Concurrent Mark From Roots
[2024-04-05T13:29:20.633+0300][156.403s][info][gc,task     ] GC(74) Using 2 workers of 2 for marking
[2024-04-05T13:29:21.054+0300][156.823s][info][gc,marking  ] GC(74) Concurrent Mark From Roots 420.127ms
[2024-04-05T13:29:21.054+0300][156.823s][info][gc,marking  ] GC(74) Concurrent Preclean
[2024-04-05T13:29:21.054+0300][156.824s][info][gc,marking  ] GC(74) Concurrent Preclean 0.563ms
[2024-04-05T13:29:21.054+0300][156.824s][info][gc,start    ] GC(74) Pause Remark
[2024-04-05T13:29:21.067+0300][156.837s][info][gc          ] GC(74) Pause Remark 568M->568M(1024M) 12.658ms
[2024-04-05T13:29:21.067+0300][156.837s][info][gc,cpu      ] GC(74) User=0.05s Sys=0.00s Real=0.01s
[2024-04-05T13:29:21.068+0300][156.837s][info][gc,marking  ] GC(74) Concurrent Mark 434.111ms
[2024-04-05T13:29:21.068+0300][156.837s][info][gc,marking  ] GC(74) Concurrent Rebuild Remembered Sets
[2024-04-05T13:29:21.443+0300][157.212s][info][gc,marking  ] GC(74) Concurrent Rebuild Remembered Sets 375.083ms
[2024-04-05T13:29:21.443+0300][157.213s][info][gc,start    ] GC(74) Pause Cleanup
[2024-04-05T13:29:21.444+0300][157.213s][info][gc          ] GC(74) Pause Cleanup 749M->749M(1024M) 0.400ms
[2024-04-05T13:29:21.444+0300][157.213s][info][gc,cpu      ] GC(74) User=0.00s Sys=0.00s Real=0.00s
[2024-04-05T13:29:21.444+0300][157.213s][info][gc,marking  ] GC(74) Concurrent Cleanup for Next Mark
[2024-04-05T13:29:21.446+0300][157.216s][info][gc,marking  ] GC(74) Concurrent Cleanup for Next Mark 2.732ms
[2024-04-05T13:29:21.446+0300][157.216s][info][gc          ] GC(74) Concurrent Mark Cycle 834.430ms
[2024-04-05T13:29:21.570+0300][157.340s][info][gc,start    ] GC(75) Pause Young (Prepare Mixed) (G1 Evacuation Pause)
[2024-04-05T13:29:21.570+0300][157.340s][info][gc,task     ] GC(75) Using 6 workers of 6 for evacuation
[2024-04-05T13:29:21.595+0300][157.364s][info][gc,phases   ] GC(75)   Pre Evacuate Collection Set: 0.2ms
[2024-04-05T13:29:21.595+0300][157.364s][info][gc,phases   ] GC(75)   Merge Heap Roots: 0.9ms
[2024-04-05T13:29:21.595+0300][157.364s][info][gc,phases   ] GC(75)   Evacuate Collection Set: 21.5ms
[2024-04-05T13:29:21.595+0300][157.364s][info][gc,phases   ] GC(75)   Post Evacuate Collection Set: 2.0ms
[2024-04-05T13:29:21.595+0300][157.364s][info][gc,phases   ] GC(75)   Other: 0.1ms
[2024-04-05T13:29:21.595+0300][157.364s][info][gc,heap     ] GC(75) Eden regions: 317->0(10)
[2024-04-05T13:29:21.595+0300][157.364s][info][gc,heap     ] GC(75) Survivor regions: 28->41(44)
[2024-04-05T13:29:21.595+0300][157.364s][info][gc,heap     ] GC(75) Old regions: 404->419
[2024-04-05T13:29:21.595+0300][157.364s][info][gc,heap     ] GC(75) Archive regions: 2->2
[2024-04-05T13:29:21.595+0300][157.364s][info][gc,heap     ] GC(75) Humongous regions: 29->29
[2024-04-05T13:29:21.595+0300][157.364s][info][gc,metaspace] GC(75) Metaspace: 307370K(315904K)->307370K(315904K) NonClass: 269896K(274368K)->269896K(274368K) Class: 37474K(41536K)->37474K(41536K)
[2024-04-05T13:29:21.595+0300][157.364s][info][gc          ] GC(75) Pause Young (Prepare Mixed) (G1 Evacuation Pause) 778M->489M(1024M) 24.939ms
[2024-04-05T13:29:21.595+0300][157.365s][info][gc,cpu      ] GC(75) User=0.10s Sys=0.00s Real=0.02s
[2024-04-05T13:29:21.639+0300][157.409s][info][gc,start    ] GC(76) Pause Young (Mixed) (G1 Evacuation Pause)
[2024-04-05T13:29:21.639+0300][157.409s][info][gc,task     ] GC(76) Using 6 workers of 6 for evacuation
[2024-04-05T13:29:21.659+0300][157.428s][info][gc,phases   ] GC(76)   Pre Evacuate Collection Set: 0.1ms
[2024-04-05T13:29:21.659+0300][157.428s][info][gc,phases   ] GC(76)   Merge Heap Roots: 0.2ms
[2024-04-05T13:29:21.659+0300][157.428s][info][gc,phases   ] GC(76)   Evacuate Collection Set: 17.4ms
[2024-04-05T13:29:21.659+0300][157.428s][info][gc,phases   ] GC(76)   Post Evacuate Collection Set: 1.9ms
[2024-04-05T13:29:21.659+0300][157.428s][info][gc,phases   ] GC(76)   Other: 0.1ms
[2024-04-05T13:29:21.659+0300][157.429s][info][gc,heap     ] GC(76) Eden regions: 10->0(287)
[2024-04-05T13:29:21.659+0300][157.429s][info][gc,heap     ] GC(76) Survivor regions: 41->3(7)
[2024-04-05T13:29:21.659+0300][157.429s][info][gc,heap     ] GC(76) Old regions: 419->448
[2024-04-05T13:29:21.659+0300][157.429s][info][gc,heap     ] GC(76) Archive regions: 2->2
[2024-04-05T13:29:21.659+0300][157.429s][info][gc,heap     ] GC(76) Humongous regions: 29->29
[2024-04-05T13:29:21.659+0300][157.429s][info][gc,metaspace] GC(76) Metaspace: 307777K(316288K)->307777K(316288K) NonClass: 270237K(274688K)->270237K(274688K) Class: 37539K(41600K)->37539K(41600K)
[2024-04-05T13:29:21.659+0300][157.429s][info][gc          ] GC(76) Pause Young (Mixed) (G1 Evacuation Pause) 499M->480M(1024M) 19.921ms
[2024-04-05T13:29:21.659+0300][157.429s][info][gc,cpu      ] GC(76) User=0.10s Sys=0.00s Real=0.02s
[2024-04-05T13:29:22.718+0300][158.488s][info][gc,start    ] GC(77) Pause Young (Normal) (G1 Evacuation Pause)
[2024-04-05T13:29:22.719+0300][158.488s][info][gc,task     ] GC(77) Using 6 workers of 6 for evacuation
[2024-04-05T13:29:22.738+0300][158.508s][info][gc,phases   ] GC(77)   Pre Evacuate Collection Set: 0.3ms
[2024-04-05T13:29:22.738+0300][158.508s][info][gc,phases   ] GC(77)   Merge Heap Roots: 0.2ms
[2024-04-05T13:29:22.738+0300][158.508s][info][gc,phases   ] GC(77)   Evacuate Collection Set: 15.0ms
[2024-04-05T13:29:22.738+0300][158.508s][info][gc,phases   ] GC(77)   Post Evacuate Collection Set: 4.1ms
[2024-04-05T13:29:22.738+0300][158.508s][info][gc,phases   ] GC(77)   Other: 0.1ms
[2024-04-05T13:29:22.738+0300][158.508s][info][gc,heap     ] GC(77) Eden regions: 287->0(279)
[2024-04-05T13:29:22.738+0300][158.508s][info][gc,heap     ] GC(77) Survivor regions: 3->16(37)
[2024-04-05T13:29:22.738+0300][158.508s][info][gc,heap     ] GC(77) Old regions: 448->448
[2024-04-05T13:29:22.738+0300][158.508s][info][gc,heap     ] GC(77) Archive regions: 2->2
[2024-04-05T13:29:22.738+0300][158.508s][info][gc,heap     ] GC(77) Humongous regions: 31->29
[2024-04-05T13:29:22.738+0300][158.508s][info][gc,metaspace] GC(77) Metaspace: 325026K(333952K)->325026K(333952K) NonClass: 285684K(290304K)->285684K(290304K) Class: 39341K(43648K)->39341K(43648K)
[2024-04-05T13:29:22.738+0300][158.508s][info][gc          ] GC(77) Pause Young (Normal) (G1 Evacuation Pause) 769M->493M(1024M) 19.914ms
[2024-04-05T13:29:22.738+0300][158.508s][info][gc,cpu      ] GC(77) User=0.07s Sys=0.00s Real=0.02s
[2024-04-05T13:29:23.009+0300][158.779s][info][gc,start    ] GC(78) Pause Young (Normal) (G1 Evacuation Pause)
[2024-04-05T13:29:23.009+0300][158.779s][info][gc,task     ] GC(78) Using 6 workers of 6 for evacuation
[2024-04-05T13:29:23.023+0300][158.793s][info][gc,phases   ] GC(78)   Pre Evacuate Collection Set: 0.2ms
[2024-04-05T13:29:23.023+0300][158.793s][info][gc,phases   ] GC(78)   Merge Heap Roots: 0.2ms
[2024-04-05T13:29:23.023+0300][158.793s][info][gc,phases   ] GC(78)   Evacuate Collection Set: 11.0ms
[2024-04-05T13:29:23.023+0300][158.793s][info][gc,phases   ] GC(78)   Post Evacuate Collection Set: 2.0ms
[2024-04-05T13:29:23.023+0300][158.793s][info][gc,phases   ] GC(78)   Other: 0.2ms
[2024-04-05T13:29:23.023+0300][158.793s][info][gc,heap     ] GC(78) Eden regions: 279->0(279)
[2024-04-05T13:29:23.023+0300][158.793s][info][gc,heap     ] GC(78) Survivor regions: 16->22(37)
[2024-04-05T13:29:23.023+0300][158.793s][info][gc,heap     ] GC(78) Old regions: 448->448
[2024-04-05T13:29:23.023+0300][158.793s][info][gc,heap     ] GC(78) Archive regions: 2->2
[2024-04-05T13:29:23.023+0300][158.793s][info][gc,heap     ] GC(78) Humongous regions: 29->29
[2024-04-05T13:29:23.023+0300][158.793s][info][gc,metaspace] GC(78) Metaspace: 327315K(336256K)->327315K(336256K) NonClass: 287699K(292352K)->287699K(292352K) Class: 39615K(43904K)->39615K(43904K)
[2024-04-05T13:29:23.023+0300][158.793s][info][gc          ] GC(78) Pause Young (Normal) (G1 Evacuation Pause) 772M->499M(1024M) 13.778ms
[2024-04-05T13:29:23.023+0300][158.793s][info][gc,cpu      ] GC(78) User=0.07s Sys=0.00s Real=0.02s
[2024-04-05T13:29:23.216+0300][158.985s][info][gc,start    ] GC(79) Pause Young (Concurrent Start) (G1 Humongous Allocation)
[2024-04-05T13:29:23.216+0300][158.985s][info][gc,task     ] GC(79) Using 6 workers of 6 for evacuation
[2024-04-05T13:29:23.231+0300][159.001s][info][gc,phases   ] GC(79)   Pre Evacuate Collection Set: 3.0ms
[2024-04-05T13:29:23.232+0300][159.001s][info][gc,phases   ] GC(79)   Merge Heap Roots: 0.2ms
[2024-04-05T13:29:23.232+0300][159.001s][info][gc,phases   ] GC(79)   Evacuate Collection Set: 11.4ms
[2024-04-05T13:29:23.232+0300][159.001s][info][gc,phases   ] GC(79)   Post Evacuate Collection Set: 1.1ms
[2024-04-05T13:29:23.232+0300][159.001s][info][gc,phases   ] GC(79)   Other: 0.1ms
[2024-04-05T13:29:23.232+0300][159.001s][info][gc,heap     ] GC(79) Eden regions: 201->0(268)
[2024-04-05T13:29:23.232+0300][159.001s][info][gc,heap     ] GC(79) Survivor regions: 22->10(38)
[2024-04-05T13:29:23.232+0300][159.001s][info][gc,heap     ] GC(79) Old regions: 448->463
[2024-04-05T13:29:23.232+0300][159.001s][info][gc,heap     ] GC(79) Archive regions: 2->2
[2024-04-05T13:29:23.232+0300][159.001s][info][gc,heap     ] GC(79) Humongous regions: 29->29
[2024-04-05T13:29:23.232+0300][159.001s][info][gc,metaspace] GC(79) Metaspace: 331152K(340032K)->331152K(340032K) NonClass: 291216K(295808K)->291216K(295808K) Class: 39936K(44224K)->39936K(44224K)
[2024-04-05T13:29:23.232+0300][159.001s][info][gc          ] GC(79) Pause Young (Concurrent Start) (G1 Humongous Allocation) 699M->502M(1024M) 15.833ms
[2024-04-05T13:29:23.232+0300][159.001s][info][gc,cpu      ] GC(79) User=0.07s Sys=0.00s Real=0.02s
[2024-04-05T13:29:23.232+0300][159.001s][info][gc          ] GC(80) Concurrent Mark Cycle
[2024-04-05T13:29:23.232+0300][159.001s][info][gc,marking  ] GC(80) Concurrent Clear Claimed Marks
[2024-04-05T13:29:23.233+0300][159.003s][info][gc,marking  ] GC(80) Concurrent Clear Claimed Marks 1.096ms
[2024-04-05T13:29:23.233+0300][159.003s][info][gc,marking  ] GC(80) Concurrent Scan Root Regions
[2024-04-05T13:29:23.249+0300][159.018s][info][gc,marking  ] GC(80) Concurrent Scan Root Regions 15.600ms
[2024-04-05T13:29:23.249+0300][159.018s][info][gc,marking  ] GC(80) Concurrent Mark
[2024-04-05T13:29:23.249+0300][159.018s][info][gc,marking  ] GC(80) Concurrent Mark From Roots
[2024-04-05T13:29:23.249+0300][159.018s][info][gc,task     ] GC(80) Using 2 workers of 2 for marking
[2024-04-05T13:29:23.736+0300][159.506s][info][gc,marking  ] GC(80) Concurrent Mark From Roots 487.628ms
[2024-04-05T13:29:23.736+0300][159.506s][info][gc,marking  ] GC(80) Concurrent Preclean
[2024-04-05T13:29:23.737+0300][159.507s][info][gc,marking  ] GC(80) Concurrent Preclean 0.918ms
[2024-04-05T13:29:23.737+0300][159.507s][info][gc,start    ] GC(80) Pause Remark
[2024-04-05T13:29:23.754+0300][159.523s][info][gc          ] GC(80) Pause Remark 574M->574M(1024M) 16.009ms
[2024-04-05T13:29:23.754+0300][159.523s][info][gc,cpu      ] GC(80) User=0.06s Sys=0.00s Real=0.01s
[2024-04-05T13:29:23.755+0300][159.524s][info][gc,marking  ] GC(80) Concurrent Mark 506.062ms
[2024-04-05T13:29:23.755+0300][159.524s][info][gc,marking  ] GC(80) Concurrent Rebuild Remembered Sets
[2024-04-05T13:29:24.158+0300][159.928s][info][gc,marking  ] GC(80) Concurrent Rebuild Remembered Sets 403.425ms
[2024-04-05T13:29:24.159+0300][159.929s][info][gc,start    ] GC(80) Pause Cleanup
[2024-04-05T13:29:24.160+0300][159.930s][info][gc          ] GC(80) Pause Cleanup 614M->614M(1024M) 0.937ms
[2024-04-05T13:29:24.160+0300][159.930s][info][gc,cpu      ] GC(80) User=0.00s Sys=0.00s Real=0.00s
[2024-04-05T13:29:24.161+0300][159.930s][info][gc,marking  ] GC(80) Concurrent Cleanup for Next Mark
[2024-04-05T13:29:24.162+0300][159.932s][info][gc,marking  ] GC(80) Concurrent Cleanup for Next Mark 1.753ms
[2024-04-05T13:29:24.162+0300][159.932s][info][gc          ] GC(80) Concurrent Mark Cycle 930.620ms
[2024-04-05T13:29:24.732+0300][160.502s][info][gc,start    ] GC(81) Pause Young (Prepare Mixed) (G1 Evacuation Pause)
[2024-04-05T13:29:24.733+0300][160.502s][info][gc,task     ] GC(81) Using 6 workers of 6 for evacuation
[2024-04-05T13:29:24.757+0300][160.526s][info][gc,phases   ] GC(81)   Pre Evacuate Collection Set: 0.3ms
[2024-04-05T13:29:24.757+0300][160.526s][info][gc,phases   ] GC(81)   Merge Heap Roots: 0.4ms
[2024-04-05T13:29:24.757+0300][160.526s][info][gc,phases   ] GC(81)   Evacuate Collection Set: 19.6ms
[2024-04-05T13:29:24.757+0300][160.526s][info][gc,phases   ] GC(81)   Post Evacuate Collection Set: 3.6ms
[2024-04-05T13:29:24.757+0300][160.526s][info][gc,phases   ] GC(81)   Other: 0.2ms
[2024-04-05T13:29:24.757+0300][160.526s][info][gc,heap     ] GC(81) Eden regions: 268->0(30)
[2024-04-05T13:29:24.757+0300][160.526s][info][gc,heap     ] GC(81) Survivor regions: 10->21(35)
[2024-04-05T13:29:24.757+0300][160.526s][info][gc,heap     ] GC(81) Old regions: 463->463
[2024-04-05T13:29:24.757+0300][160.526s][info][gc,heap     ] GC(81) Archive regions: 2->2
[2024-04-05T13:29:24.757+0300][160.526s][info][gc,heap     ] GC(81) Humongous regions: 31->29
[2024-04-05T13:29:24.757+0300][160.526s][info][gc,metaspace] GC(81) Metaspace: 348098K(357120K)->348098K(357120K) NonClass: 306053K(310656K)->306053K(310656K) Class: 42045K(46464K)->42045K(46464K)
[2024-04-05T13:29:24.757+0300][160.526s][info][gc          ] GC(81) Pause Young (Prepare Mixed) (G1 Evacuation Pause) 772M->513M(1024M) 24.228ms
[2024-04-05T13:29:24.757+0300][160.526s][info][gc,cpu      ] GC(81) User=0.07s Sys=0.00s Real=0.02s
[2024-04-05T13:29:24.844+0300][160.613s][info][gc,start    ] GC(82) Pause Young (Mixed) (G1 Evacuation Pause)
[2024-04-05T13:29:24.844+0300][160.613s][info][gc,task     ] GC(82) Using 6 workers of 6 for evacuation
[2024-04-05T13:29:24.867+0300][160.637s][info][gc,phases   ] GC(82)   Pre Evacuate Collection Set: 0.3ms
[2024-04-05T13:29:24.868+0300][160.637s][info][gc,phases   ] GC(82)   Merge Heap Roots: 0.4ms
[2024-04-05T13:29:24.868+0300][160.637s][info][gc,phases   ] GC(82)   Evacuate Collection Set: 21.8ms
[2024-04-05T13:29:24.868+0300][160.637s][info][gc,phases   ] GC(82)   Post Evacuate Collection Set: 1.2ms
[2024-04-05T13:29:24.868+0300][160.637s][info][gc,phases   ] GC(82)   Other: 0.1ms
[2024-04-05T13:29:24.868+0300][160.637s][info][gc,heap     ] GC(82) Eden regions: 30->0(266)
[2024-04-05T13:29:24.868+0300][160.637s][info][gc,heap     ] GC(82) Survivor regions: 21->3(7)
[2024-04-05T13:29:24.868+0300][160.637s][info][gc,heap     ] GC(82) Old regions: 463->475
[2024-04-05T13:29:24.868+0300][160.637s][info][gc,heap     ] GC(82) Archive regions: 2->2
[2024-04-05T13:29:24.868+0300][160.637s][info][gc,heap     ] GC(82) Humongous regions: 29->29
[2024-04-05T13:29:24.868+0300][160.637s][info][gc,metaspace] GC(82) Metaspace: 348594K(357632K)->348594K(357632K) NonClass: 306488K(311104K)->306488K(311104K) Class: 42106K(46528K)->42106K(46528K)
[2024-04-05T13:29:24.868+0300][160.637s][info][gc          ] GC(82) Pause Young (Mixed) (G1 Evacuation Pause) 543M->507M(1024M) 24.003ms
[2024-04-05T13:29:24.868+0300][160.637s][info][gc,cpu      ] GC(82) User=0.10s Sys=0.00s Real=0.02s
[2024-04-05T13:29:27.104+0300][162.874s][info][gc,start    ] GC(83) Pause Young (Normal) (G1 Evacuation Pause)
[2024-04-05T13:29:27.104+0300][162.874s][info][gc,task     ] GC(83) Using 6 workers of 6 for evacuation
[2024-04-05T13:29:27.110+0300][162.880s][info][gc,phases   ] GC(83)   Pre Evacuate Collection Set: 0.3ms
[2024-04-05T13:29:27.110+0300][162.880s][info][gc,phases   ] GC(83)   Merge Heap Roots: 0.3ms
[2024-04-05T13:29:27.110+0300][162.880s][info][gc,phases   ] GC(83)   Evacuate Collection Set: 4.4ms
[2024-04-05T13:29:27.110+0300][162.880s][info][gc,phases   ] GC(83)   Post Evacuate Collection Set: 1.0ms
[2024-04-05T13:29:27.110+0300][162.880s][info][gc,phases   ] GC(83)   Other: 0.1ms
[2024-04-05T13:29:27.110+0300][162.880s][info][gc,heap     ] GC(83) Eden regions: 266->0(271)
[2024-04-05T13:29:27.110+0300][162.880s][info][gc,heap     ] GC(83) Survivor regions: 3->4(34)
[2024-04-05T13:29:27.110+0300][162.880s][info][gc,heap     ] GC(83) Old regions: 475->475
[2024-04-05T13:29:27.110+0300][162.880s][info][gc,heap     ] GC(83) Archive regions: 2->2
[2024-04-05T13:29:27.110+0300][162.880s][info][gc,heap     ] GC(83) Humongous regions: 29->29
[2024-04-05T13:29:27.110+0300][162.880s][info][gc,metaspace] GC(83) Metaspace: 351373K(360448K)->351373K(360448K) NonClass: 309018K(313664K)->309018K(313664K) Class: 42354K(46784K)->42354K(46784K)
[2024-04-05T13:29:27.110+0300][162.880s][info][gc          ] GC(83) Pause Young (Normal) (G1 Evacuation Pause) 773M->508M(1024M) 6.238ms
[2024-04-05T13:29:27.110+0300][162.880s][info][gc,cpu      ] GC(83) User=0.03s Sys=0.00s Real=0.01s
[2024-04-05T13:29:30.806+0300][166.576s][info][gc,start    ] GC(84) Pause Young (Concurrent Start) (G1 Humongous Allocation)
[2024-04-05T13:29:30.806+0300][166.576s][info][gc,task     ] GC(84) Using 6 workers of 6 for evacuation
[2024-04-05T13:29:30.822+0300][166.592s][info][gc,phases   ] GC(84)   Pre Evacuate Collection Set: 1.3ms
[2024-04-05T13:29:30.822+0300][166.592s][info][gc,phases   ] GC(84)   Merge Heap Roots: 0.3ms
[2024-04-05T13:29:30.822+0300][166.592s][info][gc,phases   ] GC(84)   Evacuate Collection Set: 11.5ms
[2024-04-05T13:29:30.822+0300][166.592s][info][gc,phases   ] GC(84)   Post Evacuate Collection Set: 2.7ms
[2024-04-05T13:29:30.822+0300][166.592s][info][gc,phases   ] GC(84)   Other: 0.2ms
[2024-04-05T13:29:30.822+0300][166.592s][info][gc,heap     ] GC(84) Eden regions: 199->0(267)
[2024-04-05T13:29:30.822+0300][166.592s][info][gc,heap     ] GC(84) Survivor regions: 4->12(35)
[2024-04-05T13:29:30.822+0300][166.592s][info][gc,heap     ] GC(84) Old regions: 475->475
[2024-04-05T13:29:30.822+0300][166.592s][info][gc,heap     ] GC(84) Archive regions: 2->2
[2024-04-05T13:29:30.822+0300][166.592s][info][gc,heap     ] GC(84) Humongous regions: 29->27
[2024-04-05T13:29:30.822+0300][166.592s][info][gc,metaspace] GC(84) Metaspace: 374652K(384256K)->374652K(384256K) NonClass: 329027K(333888K)->329027K(333888K) Class: 45625K(50368K)->45625K(50368K)
[2024-04-05T13:29:30.822+0300][166.592s][info][gc          ] GC(84) Pause Young (Concurrent Start) (G1 Humongous Allocation) 707M->514M(1024M) 16.207ms
[2024-04-05T13:29:30.823+0300][166.592s][info][gc,cpu      ] GC(84) User=0.07s Sys=0.00s Real=0.02s
[2024-04-05T13:29:30.823+0300][166.592s][info][gc          ] GC(85) Concurrent Mark Cycle
[2024-04-05T13:29:30.823+0300][166.592s][info][gc,marking  ] GC(85) Concurrent Clear Claimed Marks
[2024-04-05T13:29:30.824+0300][166.594s][info][gc,marking  ] GC(85) Concurrent Clear Claimed Marks 1.298ms
[2024-04-05T13:29:30.824+0300][166.594s][info][gc,marking  ] GC(85) Concurrent Scan Root Regions
[2024-04-05T13:29:30.841+0300][166.610s][info][gc,marking  ] GC(85) Concurrent Scan Root Regions 16.740ms
[2024-04-05T13:29:30.841+0300][166.610s][info][gc,marking  ] GC(85) Concurrent Mark
[2024-04-05T13:29:30.841+0300][166.610s][info][gc,marking  ] GC(85) Concurrent Mark From Roots
[2024-04-05T13:29:30.841+0300][166.610s][info][gc,task     ] GC(85) Using 2 workers of 2 for marking
[2024-04-05T13:29:31.234+0300][167.004s][info][gc,marking  ] GC(85) Concurrent Mark From Roots 393.234ms
[2024-04-05T13:29:31.234+0300][167.004s][info][gc,marking  ] GC(85) Concurrent Preclean
[2024-04-05T13:29:31.235+0300][167.004s][info][gc,marking  ] GC(85) Concurrent Preclean 0.658ms
[2024-04-05T13:29:31.236+0300][167.006s][info][gc,start    ] GC(85) Pause Remark
[2024-04-05T13:29:31.253+0300][167.023s][info][gc          ] GC(85) Pause Remark 576M->576M(1024M) 17.023ms
[2024-04-05T13:29:31.253+0300][167.023s][info][gc,cpu      ] GC(85) User=0.07s Sys=0.00s Real=0.02s
[2024-04-05T13:29:31.253+0300][167.023s][info][gc,marking  ] GC(85) Concurrent Mark 412.487ms
[2024-04-05T13:29:31.253+0300][167.023s][info][gc,marking  ] GC(85) Concurrent Rebuild Remembered Sets
[2024-04-05T13:29:31.546+0300][167.315s][info][gc,marking  ] GC(85) Concurrent Rebuild Remembered Sets 292.280ms
[2024-04-05T13:29:31.548+0300][167.318s][info][gc,start    ] GC(85) Pause Cleanup
[2024-04-05T13:29:31.548+0300][167.318s][info][gc          ] GC(85) Pause Cleanup 618M->618M(1024M) 0.259ms
[2024-04-05T13:29:31.548+0300][167.318s][info][gc,cpu      ] GC(85) User=0.00s Sys=0.00s Real=0.00s
[2024-04-05T13:29:31.548+0300][167.318s][info][gc,marking  ] GC(85) Concurrent Cleanup for Next Mark
[2024-04-05T13:29:31.550+0300][167.320s][info][gc,marking  ] GC(85) Concurrent Cleanup for Next Mark 1.599ms
[2024-04-05T13:29:31.550+0300][167.320s][info][gc          ] GC(85) Concurrent Mark Cycle 727.337ms
[2024-04-05T13:29:32.109+0300][167.879s][info][gc,start    ] GC(86) Pause Young (Prepare Mixed) (G1 Evacuation Pause)
[2024-04-05T13:29:32.109+0300][167.879s][info][gc,task     ] GC(86) Using 6 workers of 6 for evacuation
[2024-04-05T13:29:32.122+0300][167.892s][info][gc,phases   ] GC(86)   Pre Evacuate Collection Set: 0.2ms
[2024-04-05T13:29:32.122+0300][167.892s][info][gc,phases   ] GC(86)   Merge Heap Roots: 0.3ms
[2024-04-05T13:29:32.122+0300][167.892s][info][gc,phases   ] GC(86)   Evacuate Collection Set: 10.2ms
[2024-04-05T13:29:32.122+0300][167.892s][info][gc,phases   ] GC(86)   Post Evacuate Collection Set: 2.2ms
[2024-04-05T13:29:32.122+0300][167.892s][info][gc,phases   ] GC(86)   Other: 0.1ms
[2024-04-05T13:29:32.122+0300][167.892s][info][gc,heap     ] GC(86) Eden regions: 267->0(24)
[2024-04-05T13:29:32.122+0300][167.892s][info][gc,heap     ] GC(86) Survivor regions: 12->27(35)
[2024-04-05T13:29:32.122+0300][167.892s][info][gc,heap     ] GC(86) Old regions: 475->475
[2024-04-05T13:29:32.122+0300][167.892s][info][gc,heap     ] GC(86) Archive regions: 2->2
[2024-04-05T13:29:32.122+0300][167.892s][info][gc,heap     ] GC(86) Humongous regions: 29->29
[2024-04-05T13:29:32.122+0300][167.892s][info][gc,metaspace] GC(86) Metaspace: 377675K(387456K)->377675K(387456K) NonClass: 331642K(336640K)->331642K(336640K) Class: 46032K(50816K)->46032K(50816K)
[2024-04-05T13:29:32.122+0300][167.892s][info][gc          ] GC(86) Pause Young (Prepare Mixed) (G1 Evacuation Pause) 783M->530M(1024M) 13.161ms
[2024-04-05T13:29:32.122+0300][167.892s][info][gc,cpu      ] GC(86) User=0.06s Sys=0.00s Real=0.02s
[2024-04-05T13:29:32.195+0300][167.965s][info][gc,start    ] GC(87) Pause Young (Mixed) (G1 Evacuation Pause)
[2024-04-05T13:29:32.195+0300][167.965s][info][gc,task     ] GC(87) Using 6 workers of 6 for evacuation
[2024-04-05T13:29:32.210+0300][167.980s][info][gc,phases   ] GC(87)   Pre Evacuate Collection Set: 0.1ms
[2024-04-05T13:29:32.210+0300][167.980s][info][gc,phases   ] GC(87)   Merge Heap Roots: 0.2ms
[2024-04-05T13:29:32.210+0300][167.980s][info][gc,phases   ] GC(87)   Evacuate Collection Set: 13.4ms
[2024-04-05T13:29:32.210+0300][167.980s][info][gc,phases   ] GC(87)   Post Evacuate Collection Set: 1.0ms
[2024-04-05T13:29:32.210+0300][167.980s][info][gc,phases   ] GC(87)   Other: 0.1ms
[2024-04-05T13:29:32.210+0300][167.980s][info][gc,heap     ] GC(87) Eden regions: 24->0(259)
[2024-04-05T13:29:32.210+0300][167.980s][info][gc,heap     ] GC(87) Survivor regions: 27->3(7)
[2024-04-05T13:29:32.210+0300][167.980s][info][gc,heap     ] GC(87) Old regions: 475->491
[2024-04-05T13:29:32.210+0300][167.980s][info][gc,heap     ] GC(87) Archive regions: 2->2
[2024-04-05T13:29:32.210+0300][167.980s][info][gc,heap     ] GC(87) Humongous regions: 29->29
[2024-04-05T13:29:32.210+0300][167.980s][info][gc,metaspace] GC(87) Metaspace: 377796K(387648K)->377796K(387648K) NonClass: 331746K(336768K)->331746K(336768K) Class: 46050K(50880K)->46050K(50880K)
[2024-04-05T13:29:32.210+0300][167.980s][info][gc          ] GC(87) Pause Young (Mixed) (G1 Evacuation Pause) 554M->523M(1024M) 15.022ms
[2024-04-05T13:29:32.210+0300][167.980s][info][gc,cpu      ] GC(87) User=0.07s Sys=0.00s Real=0.02s
[2024-04-05T13:29:33.005+0300][168.775s][info][gc,start    ] GC(88) Pause Young (Normal) (G1 Evacuation Pause)
[2024-04-05T13:29:33.005+0300][168.775s][info][gc,task     ] GC(88) Using 6 workers of 6 for evacuation
[2024-04-05T13:29:33.010+0300][168.780s][info][gc,phases   ] GC(88)   Pre Evacuate Collection Set: 0.3ms
[2024-04-05T13:29:33.011+0300][168.780s][info][gc,phases   ] GC(88)   Merge Heap Roots: 0.1ms
[2024-04-05T13:29:33.011+0300][168.780s][info][gc,phases   ] GC(88)   Evacuate Collection Set: 3.6ms
[2024-04-05T13:29:33.011+0300][168.780s][info][gc,phases   ] GC(88)   Post Evacuate Collection Set: 1.1ms
[2024-04-05T13:29:33.011+0300][168.780s][info][gc,phases   ] GC(88)   Other: 0.1ms
[2024-04-05T13:29:33.011+0300][168.780s][info][gc,heap     ] GC(88) Eden regions: 259->0(262)
[2024-04-05T13:29:33.011+0300][168.780s][info][gc,heap     ] GC(88) Survivor regions: 3->3(33)
[2024-04-05T13:29:33.011+0300][168.780s][info][gc,heap     ] GC(88) Old regions: 491->491
[2024-04-05T13:29:33.011+0300][168.780s][info][gc,heap     ] GC(88) Archive regions: 2->2
[2024-04-05T13:29:33.011+0300][168.780s][info][gc,heap     ] GC(88) Humongous regions: 29->29
[2024-04-05T13:29:33.011+0300][168.780s][info][gc,metaspace] GC(88) Metaspace: 381917K(391744K)->381917K(391744K) NonClass: 335343K(340352K)->335343K(340352K) Class: 46573K(51392K)->46573K(51392K)
[2024-04-05T13:29:33.011+0300][168.780s][info][gc          ] GC(88) Pause Young (Normal) (G1 Evacuation Pause) 782M->523M(1024M) 5.473ms
[2024-04-05T13:29:33.011+0300][168.780s][info][gc,cpu      ] GC(88) User=0.02s Sys=0.00s Real=0.01s
[2024-04-05T13:29:33.594+0300][169.363s][info][gc,start    ] GC(89) Pause Young (Normal) (G1 Evacuation Pause)
[2024-04-05T13:29:33.594+0300][169.363s][info][gc,task     ] GC(89) Using 6 workers of 6 for evacuation
[2024-04-05T13:29:33.599+0300][169.369s][info][gc,phases   ] GC(89)   Pre Evacuate Collection Set: 0.3ms
[2024-04-05T13:29:33.599+0300][169.369s][info][gc,phases   ] GC(89)   Merge Heap Roots: 0.2ms
[2024-04-05T13:29:33.599+0300][169.369s][info][gc,phases   ] GC(89)   Evacuate Collection Set: 4.0ms
[2024-04-05T13:29:33.599+0300][169.369s][info][gc,phases   ] GC(89)   Post Evacuate Collection Set: 0.9ms
[2024-04-05T13:29:33.599+0300][169.369s][info][gc,phases   ] GC(89)   Other: 0.1ms
[2024-04-05T13:29:33.599+0300][169.369s][info][gc,heap     ] GC(89) Eden regions: 262->0(264)
[2024-04-05T13:29:33.599+0300][169.369s][info][gc,heap     ] GC(89) Survivor regions: 3->5(34)
[2024-04-05T13:29:33.599+0300][169.369s][info][gc,heap     ] GC(89) Old regions: 491->491
[2024-04-05T13:29:33.599+0300][169.369s][info][gc,heap     ] GC(89) Archive regions: 2->2
[2024-04-05T13:29:33.599+0300][169.369s][info][gc,heap     ] GC(89) Humongous regions: 29->29
[2024-04-05T13:29:33.599+0300][169.369s][info][gc,metaspace] GC(89) Metaspace: 382434K(392256K)->382434K(392256K) NonClass: 335781K(340800K)->335781K(340800K) Class: 46653K(51456K)->46653K(51456K)
[2024-04-05T13:29:33.599+0300][169.369s][info][gc          ] GC(89) Pause Young (Normal) (G1 Evacuation Pause) 785M->525M(1024M) 5.728ms
[2024-04-05T13:29:33.599+0300][169.369s][info][gc,cpu      ] GC(89) User=0.03s Sys=0.00s Real=0.01s
[2024-04-05T13:29:34.582+0300][170.352s][info][gc,start    ] GC(90) Pause Young (Concurrent Start) (G1 Evacuation Pause)
[2024-04-05T13:29:34.582+0300][170.352s][info][gc,task     ] GC(90) Using 6 workers of 6 for evacuation
[2024-04-05T13:29:34.593+0300][170.362s][info][gc,phases   ] GC(90)   Pre Evacuate Collection Set: 1.3ms
[2024-04-05T13:29:34.593+0300][170.362s][info][gc,phases   ] GC(90)   Merge Heap Roots: 0.2ms
[2024-04-05T13:29:34.593+0300][170.362s][info][gc,phases   ] GC(90)   Evacuate Collection Set: 6.2ms
[2024-04-05T13:29:34.593+0300][170.362s][info][gc,phases   ] GC(90)   Post Evacuate Collection Set: 2.7ms
[2024-04-05T13:29:34.593+0300][170.362s][info][gc,phases   ] GC(90)   Other: 0.1ms
[2024-04-05T13:29:34.593+0300][170.362s][info][gc,heap     ] GC(90) Eden regions: 264->0(266)
[2024-04-05T13:29:34.593+0300][170.362s][info][gc,heap     ] GC(90) Survivor regions: 5->6(34)
[2024-04-05T13:29:34.593+0300][170.362s][info][gc,heap     ] GC(90) Old regions: 491->491
[2024-04-05T13:29:34.593+0300][170.362s][info][gc,heap     ] GC(90) Archive regions: 2->2
[2024-04-05T13:29:34.593+0300][170.362s][info][gc,heap     ] GC(90) Humongous regions: 29->29
[2024-04-05T13:29:34.593+0300][170.362s][info][gc,metaspace] GC(90) Metaspace: 383381K(393216K)->383381K(393216K) NonClass: 336633K(341632K)->336633K(341632K) Class: 46747K(51584K)->46747K(51584K)
[2024-04-05T13:29:34.593+0300][170.362s][info][gc          ] GC(90) Pause Young (Concurrent Start) (G1 Evacuation Pause) 789M->525M(1024M) 10.754ms
[2024-04-05T13:29:34.593+0300][170.362s][info][gc,cpu      ] GC(90) User=0.05s Sys=0.00s Real=0.01s
[2024-04-05T13:29:34.593+0300][170.363s][info][gc          ] GC(91) Concurrent Mark Cycle
[2024-04-05T13:29:34.593+0300][170.363s][info][gc,marking  ] GC(91) Concurrent Clear Claimed Marks
[2024-04-05T13:29:34.595+0300][170.364s][info][gc,marking  ] GC(91) Concurrent Clear Claimed Marks 1.639ms
[2024-04-05T13:29:34.595+0300][170.364s][info][gc,marking  ] GC(91) Concurrent Scan Root Regions
[2024-04-05T13:29:34.600+0300][170.370s][info][gc,marking  ] GC(91) Concurrent Scan Root Regions 5.555ms
[2024-04-05T13:29:34.600+0300][170.370s][info][gc,marking  ] GC(91) Concurrent Mark
[2024-04-05T13:29:34.600+0300][170.370s][info][gc,marking  ] GC(91) Concurrent Mark From Roots
[2024-04-05T13:29:34.600+0300][170.370s][info][gc,task     ] GC(91) Using 2 workers of 2 for marking
[2024-04-05T13:29:34.918+0300][170.688s][info][gc,marking  ] GC(91) Concurrent Mark From Roots 317.688ms
[2024-04-05T13:29:34.918+0300][170.688s][info][gc,marking  ] GC(91) Concurrent Preclean
[2024-04-05T13:29:34.919+0300][170.688s][info][gc,marking  ] GC(91) Concurrent Preclean 0.650ms
[2024-04-05T13:29:34.919+0300][170.688s][info][gc,start    ] GC(91) Pause Remark
[2024-04-05T13:29:34.932+0300][170.702s][info][gc          ] GC(91) Pause Remark 644M->644M(1024M) 13.384ms
[2024-04-05T13:29:34.932+0300][170.702s][info][gc,cpu      ] GC(91) User=0.07s Sys=0.00s Real=0.01s
[2024-04-05T13:29:34.932+0300][170.702s][info][gc,marking  ] GC(91) Concurrent Mark 332.100ms
[2024-04-05T13:29:34.932+0300][170.702s][info][gc,marking  ] GC(91) Concurrent Rebuild Remembered Sets
[2024-04-05T13:29:35.201+0300][170.971s][info][gc,marking  ] GC(91) Concurrent Rebuild Remembered Sets 268.857ms
[2024-04-05T13:29:35.202+0300][170.971s][info][gc,start    ] GC(91) Pause Cleanup
[2024-04-05T13:29:35.202+0300][170.972s][info][gc          ] GC(91) Pause Cleanup 750M->750M(1024M) 0.348ms
[2024-04-05T13:29:35.202+0300][170.972s][info][gc,cpu      ] GC(91) User=0.00s Sys=0.00s Real=0.00s
[2024-04-05T13:29:35.202+0300][170.972s][info][gc,marking  ] GC(91) Concurrent Cleanup for Next Mark
[2024-04-05T13:29:35.203+0300][170.973s][info][gc,marking  ] GC(91) Concurrent Cleanup for Next Mark 1.088ms
[2024-04-05T13:29:35.203+0300][170.973s][info][gc          ] GC(91) Concurrent Mark Cycle 610.262ms
[2024-04-05T13:29:35.317+0300][171.086s][info][gc,start    ] GC(92) Pause Young (Prepare Mixed) (G1 Evacuation Pause)
[2024-04-05T13:29:35.317+0300][171.086s][info][gc,task     ] GC(92) Using 6 workers of 6 for evacuation
[2024-04-05T13:29:35.336+0300][171.106s][info][gc,phases   ] GC(92)   Pre Evacuate Collection Set: 0.7ms
[2024-04-05T13:29:35.336+0300][171.106s][info][gc,phases   ] GC(92)   Merge Heap Roots: 0.5ms
[2024-04-05T13:29:35.336+0300][171.106s][info][gc,phases   ] GC(92)   Evacuate Collection Set: 14.6ms
[2024-04-05T13:29:35.336+0300][171.106s][info][gc,phases   ] GC(92)   Post Evacuate Collection Set: 3.8ms
[2024-04-05T13:29:35.336+0300][171.106s][info][gc,phases   ] GC(92)   Other: 0.1ms
[2024-04-05T13:29:35.336+0300][171.106s][info][gc,heap     ] GC(92) Eden regions: 266->0(43)
[2024-04-05T13:29:35.337+0300][171.106s][info][gc,heap     ] GC(92) Survivor regions: 6->8(34)
[2024-04-05T13:29:35.337+0300][171.106s][info][gc,heap     ] GC(92) Old regions: 491->491
[2024-04-05T13:29:35.337+0300][171.106s][info][gc,heap     ] GC(92) Archive regions: 2->2
[2024-04-05T13:29:35.337+0300][171.106s][info][gc,heap     ] GC(92) Humongous regions: 29->29
[2024-04-05T13:29:35.337+0300][171.106s][info][gc,metaspace] GC(92) Metaspace: 383381K(393216K)->383381K(393216K) NonClass: 336633K(341632K)->336633K(341632K) Class: 46747K(51584K)->46747K(51584K)
[2024-04-05T13:29:35.337+0300][171.106s][info][gc          ] GC(92) Pause Young (Prepare Mixed) (G1 Evacuation Pause) 791M->528M(1024M) 20.139ms
[2024-04-05T13:29:35.337+0300][171.106s][info][gc,cpu      ] GC(92) User=0.06s Sys=0.00s Real=0.02s
[2024-04-05T13:29:35.799+0300][171.568s][info][gc,start    ] GC(93) Pause Young (Mixed) (G1 Evacuation Pause)
[2024-04-05T13:29:35.799+0300][171.568s][info][gc,task     ] GC(93) Using 6 workers of 6 for evacuation
[2024-04-05T13:29:35.820+0300][171.590s][info][gc,phases   ] GC(93)   Pre Evacuate Collection Set: 0.2ms
[2024-04-05T13:29:35.820+0300][171.590s][info][gc,phases   ] GC(93)   Merge Heap Roots: 0.2ms
[2024-04-05T13:29:35.820+0300][171.590s][info][gc,phases   ] GC(93)   Evacuate Collection Set: 19.4ms
[2024-04-05T13:29:35.820+0300][171.590s][info][gc,phases   ] GC(93)   Post Evacuate Collection Set: 1.6ms
[2024-04-05T13:29:35.820+0300][171.590s][info][gc,phases   ] GC(93)   Other: 0.1ms
[2024-04-05T13:29:35.820+0300][171.590s][info][gc,heap     ] GC(93) Eden regions: 43->0(270)
[2024-04-05T13:29:35.820+0300][171.590s][info][gc,heap     ] GC(93) Survivor regions: 8->4(7)
[2024-04-05T13:29:35.820+0300][171.590s][info][gc,heap     ] GC(93) Old regions: 491->489
[2024-04-05T13:29:35.820+0300][171.590s][info][gc,heap     ] GC(93) Archive regions: 2->2
[2024-04-05T13:29:35.820+0300][171.590s][info][gc,heap     ] GC(93) Humongous regions: 29->29
[2024-04-05T13:29:35.820+0300][171.590s][info][gc,metaspace] GC(93) Metaspace: 385358K(395200K)->385358K(395200K) NonClass: 338329K(343360K)->338329K(343360K) Class: 47029K(51840K)->47029K(51840K)
[2024-04-05T13:29:35.820+0300][171.590s][info][gc          ] GC(93) Pause Young (Mixed) (G1 Evacuation Pause) 571M->521M(1024M) 21.659ms
[2024-04-05T13:29:35.820+0300][171.590s][info][gc,cpu      ] GC(93) User=0.07s Sys=0.00s Real=0.02s
[2024-04-05T13:29:36.687+0300][172.456s][info][gc,start    ] GC(94) Pause Young (Normal) (G1 Evacuation Pause)
[2024-04-05T13:29:36.687+0300][172.457s][info][gc,task     ] GC(94) Using 6 workers of 6 for evacuation
[2024-04-05T13:29:36.699+0300][172.468s][info][gc,phases   ] GC(94)   Pre Evacuate Collection Set: 0.3ms
[2024-04-05T13:29:36.699+0300][172.468s][info][gc,phases   ] GC(94)   Merge Heap Roots: 0.2ms
[2024-04-05T13:29:36.699+0300][172.468s][info][gc,phases   ] GC(94)   Evacuate Collection Set: 9.1ms
[2024-04-05T13:29:36.699+0300][172.468s][info][gc,phases   ] GC(94)   Post Evacuate Collection Set: 2.2ms
[2024-04-05T13:29:36.699+0300][172.468s][info][gc,phases   ] GC(94)   Other: 0.1ms
[2024-04-05T13:29:36.699+0300][172.469s][info][gc,heap     ] GC(94) Eden regions: 270->0(263)
[2024-04-05T13:29:36.699+0300][172.469s][info][gc,heap     ] GC(94) Survivor regions: 4->11(35)
[2024-04-05T13:29:36.699+0300][172.469s][info][gc,heap     ] GC(94) Old regions: 489->489
[2024-04-05T13:29:36.699+0300][172.469s][info][gc,heap     ] GC(94) Archive regions: 2->2
[2024-04-05T13:29:36.699+0300][172.469s][info][gc,heap     ] GC(94) Humongous regions: 29->29
[2024-04-05T13:29:36.699+0300][172.469s][info][gc,metaspace] GC(94) Metaspace: 391373K(401344K)->391373K(401344K) NonClass: 343463K(348544K)->343463K(348544K) Class: 47910K(52800K)->47910K(52800K)
[2024-04-05T13:29:36.699+0300][172.469s][info][gc          ] GC(94) Pause Young (Normal) (G1 Evacuation Pause) 791M->529M(1024M) 12.097ms
[2024-04-05T13:29:36.699+0300][172.469s][info][gc,cpu      ] GC(94) User=0.05s Sys=0.00s Real=0.02s
[2024-04-05T13:29:37.310+0300][173.080s][info][gc,start    ] GC(95) Pause Young (Normal) (G1 Evacuation Pause)
[2024-04-05T13:29:37.310+0300][173.080s][info][gc,task     ] GC(95) Using 6 workers of 6 for evacuation
[2024-04-05T13:29:37.334+0300][173.104s][info][gc,phases   ] GC(95)   Pre Evacuate Collection Set: 0.3ms
[2024-04-05T13:29:37.334+0300][173.104s][info][gc,phases   ] GC(95)   Merge Heap Roots: 0.3ms
[2024-04-05T13:29:37.334+0300][173.104s][info][gc,phases   ] GC(95)   Evacuate Collection Set: 19.2ms
[2024-04-05T13:29:37.334+0300][173.104s][info][gc,phases   ] GC(95)   Post Evacuate Collection Set: 3.8ms
[2024-04-05T13:29:37.334+0300][173.104s][info][gc,phases   ] GC(95)   Other: 0.2ms
[2024-04-05T13:29:37.334+0300][173.104s][info][gc,heap     ] GC(95) Eden regions: 263->0(260)
[2024-04-05T13:29:37.334+0300][173.104s][info][gc,heap     ] GC(95) Survivor regions: 11->16(35)
[2024-04-05T13:29:37.334+0300][173.104s][info][gc,heap     ] GC(95) Old regions: 489->489
[2024-04-05T13:29:37.334+0300][173.104s][info][gc,heap     ] GC(95) Archive regions: 2->2
[2024-04-05T13:29:37.334+0300][173.104s][info][gc,heap     ] GC(95) Humongous regions: 29->29
[2024-04-05T13:29:37.334+0300][173.104s][info][gc,metaspace] GC(95) Metaspace: 391811K(401792K)->391811K(401792K) NonClass: 343877K(348992K)->343877K(348992K) Class: 47934K(52800K)->47934K(52800K)
[2024-04-05T13:29:37.334+0300][173.104s][info][gc          ] GC(95) Pause Young (Normal) (G1 Evacuation Pause) 792M->534M(1024M) 24.096ms
[2024-04-05T13:29:37.334+0300][173.104s][info][gc,cpu      ] GC(95) User=0.06s Sys=0.02s Real=0.02s
[2024-04-05T13:29:40.358+0300][176.127s][info][gc,start    ] GC(96) Pause Young (Concurrent Start) (G1 Evacuation Pause)
[2024-04-05T13:29:40.358+0300][176.127s][info][gc,task     ] GC(96) Using 6 workers of 6 for evacuation
[2024-04-05T13:29:40.372+0300][176.142s][info][gc,phases   ] GC(96)   Pre Evacuate Collection Set: 1.1ms
[2024-04-05T13:29:40.372+0300][176.142s][info][gc,phases   ] GC(96)   Merge Heap Roots: 0.2ms
[2024-04-05T13:29:40.372+0300][176.142s][info][gc,phases   ] GC(96)   Evacuate Collection Set: 11.6ms
[2024-04-05T13:29:40.372+0300][176.142s][info][gc,phases   ] GC(96)   Post Evacuate Collection Set: 1.5ms
[2024-04-05T13:29:40.372+0300][176.142s][info][gc,phases   ] GC(96)   Other: 0.1ms
[2024-04-05T13:29:40.372+0300][176.142s][info][gc,heap     ] GC(96) Eden regions: 260->0(263)
[2024-04-05T13:29:40.372+0300][176.142s][info][gc,heap     ] GC(96) Survivor regions: 16->17(35)
[2024-04-05T13:29:40.372+0300][176.142s][info][gc,heap     ] GC(96) Old regions: 489->489
[2024-04-05T13:29:40.372+0300][176.142s][info][gc,heap     ] GC(96) Archive regions: 2->2
[2024-04-05T13:29:40.372+0300][176.142s][info][gc,heap     ] GC(96) Humongous regions: 29->29
[2024-04-05T13:29:40.372+0300][176.142s][info][gc,metaspace] GC(96) Metaspace: 392039K(402048K)->392039K(402048K) NonClass: 344100K(349248K)->344100K(349248K) Class: 47938K(52800K)->47938K(52800K)
[2024-04-05T13:29:40.372+0300][176.142s][info][gc          ] GC(96) Pause Young (Concurrent Start) (G1 Evacuation Pause) 794M->535M(1024M) 14.735ms
[2024-04-05T13:29:40.372+0300][176.142s][info][gc,cpu      ] GC(96) User=0.05s Sys=0.00s Real=0.01s
[2024-04-05T13:29:40.372+0300][176.142s][info][gc          ] GC(97) Concurrent Mark Cycle
[2024-04-05T13:29:40.372+0300][176.142s][info][gc,marking  ] GC(97) Concurrent Clear Claimed Marks
[2024-04-05T13:29:40.373+0300][176.143s][info][gc,marking  ] GC(97) Concurrent Clear Claimed Marks 0.880ms
[2024-04-05T13:29:40.373+0300][176.143s][info][gc,marking  ] GC(97) Concurrent Scan Root Regions
[2024-04-05T13:29:40.382+0300][176.152s][info][gc,marking  ] GC(97) Concurrent Scan Root Regions 8.632ms
[2024-04-05T13:29:40.382+0300][176.152s][info][gc,marking  ] GC(97) Concurrent Mark
[2024-04-05T13:29:40.382+0300][176.152s][info][gc,marking  ] GC(97) Concurrent Mark From Roots
[2024-04-05T13:29:40.382+0300][176.152s][info][gc,task     ] GC(97) Using 2 workers of 2 for marking
[2024-04-05T13:29:40.664+0300][176.433s][info][gc,marking  ] GC(97) Concurrent Mark From Roots 281.826ms
[2024-04-05T13:29:40.664+0300][176.433s][info][gc,marking  ] GC(97) Concurrent Preclean
[2024-04-05T13:29:40.665+0300][176.435s][info][gc,marking  ] GC(97) Concurrent Preclean 1.165ms
[2024-04-05T13:29:40.665+0300][176.435s][info][gc,start    ] GC(97) Pause Remark
[2024-04-05T13:29:40.681+0300][176.450s][info][gc          ] GC(97) Pause Remark 542M->542M(1024M) 15.262ms
[2024-04-05T13:29:40.681+0300][176.450s][info][gc,cpu      ] GC(97) User=0.05s Sys=0.00s Real=0.02s
[2024-04-05T13:29:40.681+0300][176.451s][info][gc,marking  ] GC(97) Concurrent Mark 298.966ms
[2024-04-05T13:29:40.681+0300][176.451s][info][gc,marking  ] GC(97) Concurrent Rebuild Remembered Sets
[2024-04-05T13:29:40.968+0300][176.737s][info][gc,marking  ] GC(97) Concurrent Rebuild Remembered Sets 286.627ms
[2024-04-05T13:29:40.968+0300][176.737s][info][gc,start    ] GC(97) Pause Cleanup
[2024-04-05T13:29:40.968+0300][176.738s][info][gc          ] GC(97) Pause Cleanup 552M->552M(1024M) 0.367ms
[2024-04-05T13:29:40.968+0300][176.738s][info][gc,cpu      ] GC(97) User=0.00s Sys=0.00s Real=0.00s
[2024-04-05T13:29:40.968+0300][176.738s][info][gc,marking  ] GC(97) Concurrent Cleanup for Next Mark
[2024-04-05T13:29:40.970+0300][176.739s][info][gc,marking  ] GC(97) Concurrent Cleanup for Next Mark 1.294ms
[2024-04-05T13:29:40.970+0300][176.739s][info][gc          ] GC(97) Concurrent Mark Cycle 597.218ms
[2024-04-05T13:29:48.887+0300][184.657s][info][gc,start    ] GC(98) Pause Young (Prepare Mixed) (G1 Evacuation Pause)
[2024-04-05T13:29:48.887+0300][184.657s][info][gc,task     ] GC(98) Using 6 workers of 6 for evacuation
[2024-04-05T13:29:48.908+0300][184.678s][info][gc,phases   ] GC(98)   Pre Evacuate Collection Set: 0.2ms
[2024-04-05T13:29:48.908+0300][184.678s][info][gc,phases   ] GC(98)   Merge Heap Roots: 0.3ms
[2024-04-05T13:29:48.908+0300][184.678s][info][gc,phases   ] GC(98)   Evacuate Collection Set: 17.7ms
[2024-04-05T13:29:48.908+0300][184.678s][info][gc,phases   ] GC(98)   Post Evacuate Collection Set: 2.7ms
[2024-04-05T13:29:48.908+0300][184.678s][info][gc,phases   ] GC(98)   Other: 0.1ms
[2024-04-05T13:29:48.908+0300][184.678s][info][gc,heap     ] GC(98) Eden regions: 263->0(19)
[2024-04-05T13:29:48.908+0300][184.678s][info][gc,heap     ] GC(98) Survivor regions: 17->32(35)
[2024-04-05T13:29:48.908+0300][184.678s][info][gc,heap     ] GC(98) Old regions: 489->489
[2024-04-05T13:29:48.908+0300][184.678s][info][gc,heap     ] GC(98) Archive regions: 2->2
[2024-04-05T13:29:48.908+0300][184.678s][info][gc,heap     ] GC(98) Humongous regions: 32->29
[2024-04-05T13:29:48.908+0300][184.678s][info][gc,metaspace] GC(98) Metaspace: 399416K(409600K)->399416K(409600K) NonClass: 350765K(355968K)->350765K(355968K) Class: 48651K(53632K)->48651K(53632K)
[2024-04-05T13:29:48.908+0300][184.678s][info][gc          ] GC(98) Pause Young (Prepare Mixed) (G1 Evacuation Pause) 801M->550M(1024M) 21.120ms
[2024-04-05T13:29:48.908+0300][184.678s][info][gc,cpu      ] GC(98) User=0.08s Sys=0.00s Real=0.02s
[2024-04-05T13:29:48.937+0300][184.706s][info][gc,start    ] GC(99) Pause Young (Mixed) (G1 Evacuation Pause)
[2024-04-05T13:29:48.937+0300][184.706s][info][gc,task     ] GC(99) Using 6 workers of 6 for evacuation
[2024-04-05T13:29:48.966+0300][184.736s][info][gc,phases   ] GC(99)   Pre Evacuate Collection Set: 0.2ms
[2024-04-05T13:29:48.966+0300][184.736s][info][gc,phases   ] GC(99)   Merge Heap Roots: 0.6ms
[2024-04-05T13:29:48.966+0300][184.736s][info][gc,phases   ] GC(99)   Evacuate Collection Set: 27.3ms
[2024-04-05T13:29:48.966+0300][184.736s][info][gc,phases   ] GC(99)   Post Evacuate Collection Set: 1.3ms
[2024-04-05T13:29:48.966+0300][184.736s][info][gc,phases   ] GC(99)   Other: 0.1ms
[2024-04-05T13:29:48.966+0300][184.736s][info][gc,heap     ] GC(99) Eden regions: 19->0(243)
[2024-04-05T13:29:48.966+0300][184.736s][info][gc,heap     ] GC(99) Survivor regions: 32->3(7)
[2024-04-05T13:29:48.966+0300][184.736s][info][gc,heap     ] GC(99) Old regions: 489->512
[2024-04-05T13:29:48.966+0300][184.736s][info][gc,heap     ] GC(99) Archive regions: 2->2
[2024-04-05T13:29:48.966+0300][184.736s][info][gc,heap     ] GC(99) Humongous regions: 29->29
[2024-04-05T13:29:48.966+0300][184.736s][info][gc,metaspace] GC(99) Metaspace: 399507K(409664K)->399507K(409664K) NonClass: 350842K(356032K)->350842K(356032K) Class: 48664K(53632K)->48664K(53632K)
[2024-04-05T13:29:48.966+0300][184.736s][info][gc          ] GC(99) Pause Young (Mixed) (G1 Evacuation Pause) 569M->544M(1024M) 29.601ms
[2024-04-05T13:29:48.966+0300][184.736s][info][gc,cpu      ] GC(99) User=0.14s Sys=0.00s Real=0.03s
[2024-04-05T13:29:49.249+0300][185.019s][info][gc,start    ] GC(100) Pause Young (Normal) (G1 Evacuation Pause)
[2024-04-05T13:29:49.249+0300][185.019s][info][gc,task     ] GC(100) Using 6 workers of 6 for evacuation
[2024-04-05T13:29:49.256+0300][185.025s][info][gc,phases   ] GC(100)   Pre Evacuate Collection Set: 0.1ms
[2024-04-05T13:29:49.256+0300][185.025s][info][gc,phases   ] GC(100)   Merge Heap Roots: 0.1ms
[2024-04-05T13:29:49.256+0300][185.025s][info][gc,phases   ] GC(100)   Evacuate Collection Set: 4.8ms
[2024-04-05T13:29:49.256+0300][185.025s][info][gc,phases   ] GC(100)   Post Evacuate Collection Set: 1.4ms
[2024-04-05T13:29:49.256+0300][185.025s][info][gc,phases   ] GC(100)   Other: 0.1ms
[2024-04-05T13:29:49.256+0300][185.025s][info][gc,heap     ] GC(100) Eden regions: 243->0(241)
[2024-04-05T13:29:49.256+0300][185.025s][info][gc,heap     ] GC(100) Survivor regions: 3->8(31)
[2024-04-05T13:29:49.256+0300][185.025s][info][gc,heap     ] GC(100) Old regions: 512->512
[2024-04-05T13:29:49.256+0300][185.025s][info][gc,heap     ] GC(100) Archive regions: 2->2
[2024-04-05T13:29:49.256+0300][185.025s][info][gc,heap     ] GC(100) Humongous regions: 29->29
[2024-04-05T13:29:49.256+0300][185.025s][info][gc,metaspace] GC(100) Metaspace: 400309K(410496K)->400309K(410496K) NonClass: 351523K(356736K)->351523K(356736K) Class: 48786K(53760K)->48786K(53760K)
[2024-04-05T13:29:49.256+0300][185.025s][info][gc          ] GC(100) Pause Young (Normal) (G1 Evacuation Pause) 787M->549M(1024M) 6.685ms
[2024-04-05T13:29:49.256+0300][185.026s][info][gc,cpu      ] GC(100) User=0.03s Sys=0.00s Real=0.01s
[2024-04-05T13:29:49.276+0300][185.046s][info][gc,start    ] GC(101) Pause Young (Concurrent Start) (G1 Humongous Allocation)
[2024-04-05T13:29:49.276+0300][185.046s][info][gc,task     ] GC(101) Using 6 workers of 6 for evacuation
[2024-04-05T13:29:49.284+0300][185.054s][info][gc,phases   ] GC(101)   Pre Evacuate Collection Set: 1.3ms
[2024-04-05T13:29:49.284+0300][185.054s][info][gc,phases   ] GC(101)   Merge Heap Roots: 0.1ms
[2024-04-05T13:29:49.284+0300][185.054s][info][gc,phases   ] GC(101)   Evacuate Collection Set: 5.3ms
[2024-04-05T13:29:49.284+0300][185.054s][info][gc,phases   ] GC(101)   Post Evacuate Collection Set: 0.8ms
[2024-04-05T13:29:49.284+0300][185.054s][info][gc,phases   ] GC(101)   Other: 0.1ms
[2024-04-05T13:29:49.284+0300][185.054s][info][gc,heap     ] GC(101) Eden regions: 12->0(229)
[2024-04-05T13:29:49.284+0300][185.054s][info][gc,heap     ] GC(101) Survivor regions: 8->7(32)
[2024-04-05T13:29:49.284+0300][185.054s][info][gc,heap     ] GC(101) Old regions: 512->512
[2024-04-05T13:29:49.284+0300][185.054s][info][gc,heap     ] GC(101) Archive regions: 2->2
[2024-04-05T13:29:49.284+0300][185.054s][info][gc,heap     ] GC(101) Humongous regions: 29->29
[2024-04-05T13:29:49.284+0300][185.054s][info][gc,metaspace] GC(101) Metaspace: 400487K(410624K)->400487K(410624K) NonClass: 351677K(356864K)->351677K(356864K) Class: 48810K(53760K)->48810K(53760K)
[2024-04-05T13:29:49.284+0300][185.054s][info][gc          ] GC(101) Pause Young (Concurrent Start) (G1 Humongous Allocation) 561M->547M(1024M) 7.858ms
[2024-04-05T13:29:49.284+0300][185.054s][info][gc          ] GC(102) Concurrent Mark Cycle
[2024-04-05T13:29:49.284+0300][185.054s][info][gc,marking  ] GC(102) Concurrent Clear Claimed Marks
[2024-04-05T13:29:49.284+0300][185.054s][info][gc,cpu      ] GC(101) User=0.02s Sys=0.00s Real=0.01s
[2024-04-05T13:29:49.285+0300][185.055s][info][gc,marking  ] GC(102) Concurrent Clear Claimed Marks 0.838ms
[2024-04-05T13:29:49.285+0300][185.055s][info][gc,marking  ] GC(102) Concurrent Scan Root Regions
[2024-04-05T13:29:49.292+0300][185.061s][info][gc,marking  ] GC(102) Concurrent Scan Root Regions 6.418ms
[2024-04-05T13:29:49.292+0300][185.061s][info][gc,marking  ] GC(102) Concurrent Mark
[2024-04-05T13:29:49.292+0300][185.061s][info][gc,marking  ] GC(102) Concurrent Mark From Roots
[2024-04-05T13:29:49.292+0300][185.061s][info][gc,task     ] GC(102) Using 2 workers of 2 for marking
[2024-04-05T13:29:49.647+0300][185.416s][info][gc,marking  ] GC(102) Concurrent Mark From Roots 355.081ms
[2024-04-05T13:29:49.647+0300][185.416s][info][gc,marking  ] GC(102) Concurrent Preclean
[2024-04-05T13:29:49.648+0300][185.417s][info][gc,marking  ] GC(102) Concurrent Preclean 0.888ms
[2024-04-05T13:29:49.648+0300][185.418s][info][gc,start    ] GC(102) Pause Remark
[2024-04-05T13:29:49.668+0300][185.437s][info][gc          ] GC(102) Pause Remark 706M->706M(1024M) 19.823ms
[2024-04-05T13:29:49.668+0300][185.437s][info][gc,cpu      ] GC(102) User=0.07s Sys=0.00s Real=0.02s
[2024-04-05T13:29:49.668+0300][185.437s][info][gc,marking  ] GC(102) Concurrent Mark 376.241ms
[2024-04-05T13:29:49.668+0300][185.437s][info][gc,marking  ] GC(102) Concurrent Rebuild Remembered Sets
[2024-04-05T13:29:50.149+0300][185.918s][info][gc,marking  ] GC(102) Concurrent Rebuild Remembered Sets 480.825ms
[2024-04-05T13:29:50.149+0300][185.919s][info][gc,start    ] GC(102) Pause Cleanup
[2024-04-05T13:29:50.149+0300][185.919s][info][gc          ] GC(102) Pause Cleanup 773M->773M(1024M) 0.375ms
[2024-04-05T13:29:50.149+0300][185.919s][info][gc,cpu      ] GC(102) User=0.00s Sys=0.00s Real=0.00s
[2024-04-05T13:29:50.149+0300][185.919s][info][gc,marking  ] GC(102) Concurrent Cleanup for Next Mark
[2024-04-05T13:29:50.151+0300][185.921s][info][gc,marking  ] GC(102) Concurrent Cleanup for Next Mark 2.146ms
[2024-04-05T13:29:50.152+0300][185.921s][info][gc          ] GC(102) Concurrent Mark Cycle 867.242ms
[2024-04-05T13:29:50.306+0300][186.075s][info][gc,start    ] GC(103) Pause Young (Prepare Mixed) (G1 Evacuation Pause)
[2024-04-05T13:29:50.306+0300][186.075s][info][gc,task     ] GC(103) Using 6 workers of 6 for evacuation
[2024-04-05T13:29:50.319+0300][186.089s][info][gc,phases   ] GC(103)   Pre Evacuate Collection Set: 0.2ms
[2024-04-05T13:29:50.319+0300][186.089s][info][gc,phases   ] GC(103)   Merge Heap Roots: 0.4ms
[2024-04-05T13:29:50.319+0300][186.089s][info][gc,phases   ] GC(103)   Evacuate Collection Set: 10.5ms
[2024-04-05T13:29:50.319+0300][186.089s][info][gc,phases   ] GC(103)   Post Evacuate Collection Set: 2.4ms
[2024-04-05T13:29:50.319+0300][186.089s][info][gc,phases   ] GC(103)   Other: 0.1ms
[2024-04-05T13:29:50.319+0300][186.089s][info][gc,heap     ] GC(103) Eden regions: 229->0(36)
[2024-04-05T13:29:50.319+0300][186.089s][info][gc,heap     ] GC(103) Survivor regions: 7->15(30)
[2024-04-05T13:29:50.319+0300][186.089s][info][gc,heap     ] GC(103) Old regions: 512->512
[2024-04-05T13:29:50.319+0300][186.089s][info][gc,heap     ] GC(103) Archive regions: 2->2
[2024-04-05T13:29:50.319+0300][186.089s][info][gc,heap     ] GC(103) Humongous regions: 31->31
[2024-04-05T13:29:50.319+0300][186.089s][info][gc,metaspace] GC(103) Metaspace: 402625K(412800K)->402625K(412800K) NonClass: 353671K(358912K)->353671K(358912K) Class: 48953K(53888K)->48953K(53888K)
[2024-04-05T13:29:50.319+0300][186.089s][info][gc          ] GC(103) Pause Young (Prepare Mixed) (G1 Evacuation Pause) 778M->558M(1024M) 13.758ms
[2024-04-05T13:29:50.319+0300][186.089s][info][gc,cpu      ] GC(103) User=0.05s Sys=0.00s Real=0.02s
[2024-04-05T13:29:50.653+0300][186.423s][info][gc,start    ] GC(104) Pause Young (Mixed) (G1 Evacuation Pause)
[2024-04-05T13:29:50.653+0300][186.423s][info][gc,task     ] GC(104) Using 6 workers of 6 for evacuation
[2024-04-05T13:29:50.670+0300][186.440s][info][gc,phases   ] GC(104)   Pre Evacuate Collection Set: 0.1ms
[2024-04-05T13:29:50.670+0300][186.440s][info][gc,phases   ] GC(104)   Merge Heap Roots: 0.2ms
[2024-04-05T13:29:50.670+0300][186.440s][info][gc,phases   ] GC(104)   Evacuate Collection Set: 14.0ms
[2024-04-05T13:29:50.670+0300][186.440s][info][gc,phases   ] GC(104)   Post Evacuate Collection Set: 2.2ms
[2024-04-05T13:29:50.670+0300][186.440s][info][gc,phases   ] GC(104)   Other: 0.1ms
[2024-04-05T13:29:50.670+0300][186.440s][info][gc,heap     ] GC(104) Eden regions: 36->0(214)
[2024-04-05T13:29:50.670+0300][186.440s][info][gc,heap     ] GC(104) Survivor regions: 15->7(7)
[2024-04-05T13:29:50.670+0300][186.440s][info][gc,heap     ] GC(104) Old regions: 512->520
[2024-04-05T13:29:50.670+0300][186.440s][info][gc,heap     ] GC(104) Archive regions: 2->2
[2024-04-05T13:29:50.670+0300][186.440s][info][gc,heap     ] GC(104) Humongous regions: 33->31
[2024-04-05T13:29:50.670+0300][186.440s][info][gc,metaspace] GC(104) Metaspace: 403413K(413568K)->403413K(413568K) NonClass: 354387K(359616K)->354387K(359616K) Class: 49026K(53952K)->49026K(53952K)
[2024-04-05T13:29:50.670+0300][186.440s][info][gc          ] GC(104) Pause Young (Mixed) (G1 Evacuation Pause) 596M->558M(1024M) 16.756ms
[2024-04-05T13:29:50.670+0300][186.440s][info][gc,cpu      ] GC(104) User=0.07s Sys=0.00s Real=0.02s
[2024-04-05T13:31:24.181+0300][279.951s][info][gc,start    ] GC(105) Pause Young (Normal) (G1 Evacuation Pause)
[2024-04-05T13:31:24.181+0300][279.951s][info][gc,task     ] GC(105) Using 6 workers of 6 for evacuation
[2024-04-05T13:31:24.190+0300][279.959s][info][gc,phases   ] GC(105)   Pre Evacuate Collection Set: 0.2ms
[2024-04-05T13:31:24.190+0300][279.959s][info][gc,phases   ] GC(105)   Merge Heap Roots: 0.2ms
[2024-04-05T13:31:24.190+0300][279.959s][info][gc,phases   ] GC(105)   Evacuate Collection Set: 5.9ms
[2024-04-05T13:31:24.190+0300][279.959s][info][gc,phases   ] GC(105)   Post Evacuate Collection Set: 1.9ms
[2024-04-05T13:31:24.190+0300][279.959s][info][gc,phases   ] GC(105)   Other: 0.1ms
[2024-04-05T13:31:24.190+0300][279.959s][info][gc,heap     ] GC(105) Eden regions: 214->0(200)
[2024-04-05T13:31:24.190+0300][279.959s][info][gc,heap     ] GC(105) Survivor regions: 7->18(28)
[2024-04-05T13:31:24.190+0300][279.959s][info][gc,heap     ] GC(105) Old regions: 520->520
[2024-04-05T13:31:24.190+0300][279.959s][info][gc,heap     ] GC(105) Archive regions: 2->2
[2024-04-05T13:31:24.190+0300][279.959s][info][gc,heap     ] GC(105) Humongous regions: 38->31
[2024-04-05T13:31:24.190+0300][279.959s][info][gc,metaspace] GC(105) Metaspace: 406461K(416768K)->406461K(416768K) NonClass: 357001K(362304K)->357001K(362304K) Class: 49460K(54464K)->49460K(54464K)
[2024-04-05T13:31:24.190+0300][279.959s][info][gc          ] GC(105) Pause Young (Normal) (G1 Evacuation Pause) 779M->569M(1024M) 8.511ms
[2024-04-05T13:31:24.190+0300][279.960s][info][gc,cpu      ] GC(105) User=0.03s Sys=0.00s Real=0.01s
[2024-04-05T13:31:25.635+0300][281.405s][info][gc,start    ] GC(106) Pause Young (Normal) (G1 Evacuation Pause)
[2024-04-05T13:31:25.635+0300][281.405s][info][gc,task     ] GC(106) Using 6 workers of 6 for evacuation
[2024-04-05T13:31:25.654+0300][281.423s][info][gc,phases   ] GC(106)   Pre Evacuate Collection Set: 0.5ms
[2024-04-05T13:31:25.654+0300][281.423s][info][gc,phases   ] GC(106)   Merge Heap Roots: 0.2ms
[2024-04-05T13:31:25.654+0300][281.423s][info][gc,phases   ] GC(106)   Evacuate Collection Set: 15.0ms
[2024-04-05T13:31:25.654+0300][281.423s][info][gc,phases   ] GC(106)   Post Evacuate Collection Set: 2.4ms
[2024-04-05T13:31:25.654+0300][281.423s][info][gc,phases   ] GC(106)   Other: 0.1ms
[2024-04-05T13:31:25.654+0300][281.423s][info][gc,heap     ] GC(106) Eden regions: 200->0(196)
[2024-04-05T13:31:25.654+0300][281.423s][info][gc,heap     ] GC(106) Survivor regions: 18->9(28)
[2024-04-05T13:31:25.654+0300][281.423s][info][gc,heap     ] GC(106) Old regions: 520->538
[2024-04-05T13:31:25.654+0300][281.423s][info][gc,heap     ] GC(106) Archive regions: 2->2
[2024-04-05T13:31:25.654+0300][281.423s][info][gc,heap     ] GC(106) Humongous regions: 31->31
[2024-04-05T13:31:25.654+0300][281.423s][info][gc,metaspace] GC(106) Metaspace: 411175K(421568K)->411175K(421568K) NonClass: 361070K(366400K)->361070K(366400K) Class: 50104K(55168K)->50104K(55168K)
[2024-04-05T13:31:25.654+0300][281.423s][info][gc          ] GC(106) Pause Young (Normal) (G1 Evacuation Pause) 769M->578M(1024M) 18.275ms
[2024-04-05T13:31:25.654+0300][281.423s][info][gc,cpu      ] GC(106) User=0.06s Sys=0.01s Real=0.02s
[2024-04-05T13:31:27.043+0300][282.812s][info][gc,start    ] GC(107) Pause Young (Concurrent Start) (G1 Evacuation Pause)
[2024-04-05T13:31:27.043+0300][282.812s][info][gc,task     ] GC(107) Using 6 workers of 6 for evacuation
[2024-04-05T13:31:27.056+0300][282.826s][info][gc,phases   ] GC(107)   Pre Evacuate Collection Set: 1.3ms
[2024-04-05T13:31:27.056+0300][282.826s][info][gc,phases   ] GC(107)   Merge Heap Roots: 0.2ms
[2024-04-05T13:31:27.056+0300][282.826s][info][gc,phases   ] GC(107)   Evacuate Collection Set: 9.5ms
[2024-04-05T13:31:27.056+0300][282.826s][info][gc,phases   ] GC(107)   Post Evacuate Collection Set: 2.3ms
[2024-04-05T13:31:27.056+0300][282.826s][info][gc,phases   ] GC(107)   Other: 0.1ms
[2024-04-05T13:31:27.056+0300][282.826s][info][gc,heap     ] GC(107) Eden regions: 196->0(188)
[2024-04-05T13:31:27.056+0300][282.826s][info][gc,heap     ] GC(107) Survivor regions: 9->19(26)
[2024-04-05T13:31:27.056+0300][282.826s][info][gc,heap     ] GC(107) Old regions: 538->538
[2024-04-05T13:31:27.056+0300][282.826s][info][gc,heap     ] GC(107) Archive regions: 2->2
[2024-04-05T13:31:27.056+0300][282.826s][info][gc,heap     ] GC(107) Humongous regions: 31->31
[2024-04-05T13:31:27.056+0300][282.826s][info][gc,metaspace] GC(107) Metaspace: 412508K(422848K)->412508K(422848K) NonClass: 362265K(367552K)->362265K(367552K) Class: 50243K(55296K)->50243K(55296K)
[2024-04-05T13:31:27.056+0300][282.826s][info][gc          ] GC(107) Pause Young (Concurrent Start) (G1 Evacuation Pause) 774M->587M(1024M) 13.607ms
[2024-04-05T13:31:27.056+0300][282.826s][info][gc          ] GC(108) Concurrent Mark Cycle
[2024-04-05T13:31:27.056+0300][282.826s][info][gc,marking  ] GC(108) Concurrent Clear Claimed Marks
[2024-04-05T13:31:27.056+0300][282.826s][info][gc,cpu      ] GC(107) User=0.05s Sys=0.00s Real=0.01s
[2024-04-05T13:31:27.057+0300][282.827s][info][gc,marking  ] GC(108) Concurrent Clear Claimed Marks 1.026ms
[2024-04-05T13:31:27.057+0300][282.827s][info][gc,marking  ] GC(108) Concurrent Scan Root Regions
[2024-04-05T13:31:27.064+0300][282.834s][info][gc,marking  ] GC(108) Concurrent Scan Root Regions 6.770ms
[2024-04-05T13:31:27.064+0300][282.834s][info][gc,marking  ] GC(108) Concurrent Mark
[2024-04-05T13:31:27.064+0300][282.834s][info][gc,marking  ] GC(108) Concurrent Mark From Roots
[2024-04-05T13:31:27.064+0300][282.834s][info][gc,task     ] GC(108) Using 2 workers of 2 for marking
[2024-04-05T13:31:27.783+0300][283.552s][info][gc,marking  ] GC(108) Concurrent Mark From Roots 718.492ms
[2024-04-05T13:31:27.783+0300][283.552s][info][gc,marking  ] GC(108) Concurrent Preclean
[2024-04-05T13:31:27.784+0300][283.554s][info][gc,marking  ] GC(108) Concurrent Preclean 1.268ms
[2024-04-05T13:31:27.796+0300][283.566s][info][gc,start    ] GC(108) Pause Remark
[2024-04-05T13:31:27.826+0300][283.595s][info][gc          ] GC(108) Pause Remark 665M->665M(1024M) 29.564ms
[2024-04-05T13:31:27.826+0300][283.596s][info][gc,cpu      ] GC(108) User=0.07s Sys=0.00s Real=0.03s
[2024-04-05T13:31:27.838+0300][283.608s][info][gc,marking  ] GC(108) Concurrent Mark 773.787ms
[2024-04-05T13:31:27.838+0300][283.608s][info][gc,marking  ] GC(108) Concurrent Rebuild Remembered Sets
[2024-04-05T13:31:28.468+0300][284.238s][info][gc,marking  ] GC(108) Concurrent Rebuild Remembered Sets 630.230ms
[2024-04-05T13:31:28.485+0300][284.254s][info][gc,start    ] GC(108) Pause Cleanup
[2024-04-05T13:31:28.485+0300][284.255s][info][gc          ] GC(108) Pause Cleanup 713M->713M(1024M) 0.465ms
[2024-04-05T13:31:28.485+0300][284.255s][info][gc,cpu      ] GC(108) User=0.00s Sys=0.00s Real=0.00s
[2024-04-05T13:31:28.486+0300][284.255s][info][gc,marking  ] GC(108) Concurrent Cleanup for Next Mark
[2024-04-05T13:31:28.488+0300][284.257s][info][gc,marking  ] GC(108) Concurrent Cleanup for Next Mark 2.306ms
[2024-04-05T13:31:28.488+0300][284.258s][info][gc          ] GC(108) Concurrent Mark Cycle 1431.559ms
[2024-04-05T13:31:28.874+0300][284.643s][info][gc,start    ] GC(109) Pause Young (Prepare Mixed) (G1 Evacuation Pause)
[2024-04-05T13:31:28.874+0300][284.643s][info][gc,task     ] GC(109) Using 6 workers of 6 for evacuation
[2024-04-05T13:31:28.896+0300][284.666s][info][gc,phases   ] GC(109)   Pre Evacuate Collection Set: 0.3ms
[2024-04-05T13:31:28.896+0300][284.666s][info][gc,phases   ] GC(109)   Merge Heap Roots: 2.6ms
[2024-04-05T13:31:28.896+0300][284.666s][info][gc,phases   ] GC(109)   Evacuate Collection Set: 16.4ms
[2024-04-05T13:31:28.896+0300][284.666s][info][gc,phases   ] GC(109)   Post Evacuate Collection Set: 2.9ms
[2024-04-05T13:31:28.896+0300][284.666s][info][gc,phases   ] GC(109)   Other: 0.1ms
[2024-04-05T13:31:28.896+0300][284.666s][info][gc,heap     ] GC(109) Eden regions: 188->0(34)
[2024-04-05T13:31:28.896+0300][284.666s][info][gc,heap     ] GC(109) Survivor regions: 19->17(26)
[2024-04-05T13:31:28.896+0300][284.666s][info][gc,heap     ] GC(109) Old regions: 538->542
[2024-04-05T13:31:28.896+0300][284.666s][info][gc,heap     ] GC(109) Archive regions: 2->2
[2024-04-05T13:31:28.896+0300][284.666s][info][gc,heap     ] GC(109) Humongous regions: 31->31
[2024-04-05T13:31:28.896+0300][284.666s][info][gc,metaspace] GC(109) Metaspace: 415869K(426240K)->415869K(426240K) NonClass: 365199K(370496K)->365199K(370496K) Class: 50670K(55744K)->50670K(55744K)
[2024-04-05T13:31:28.896+0300][284.666s][info][gc          ] GC(109) Pause Young (Prepare Mixed) (G1 Evacuation Pause) 775M->590M(1024M) 22.367ms
[2024-04-05T13:31:28.896+0300][284.666s][info][gc,cpu      ] GC(109) User=0.07s Sys=0.01s Real=0.02s
[2024-04-05T13:31:29.125+0300][284.895s][info][gc,start    ] GC(110) Pause Young (Mixed) (G1 Evacuation Pause)
[2024-04-05T13:31:29.125+0300][284.895s][info][gc,task     ] GC(110) Using 6 workers of 6 for evacuation
[2024-04-05T13:31:29.143+0300][284.913s][info][gc,phases   ] GC(110)   Pre Evacuate Collection Set: 0.5ms
[2024-04-05T13:31:29.143+0300][284.913s][info][gc,phases   ] GC(110)   Merge Heap Roots: 0.2ms
[2024-04-05T13:31:29.143+0300][284.913s][info][gc,phases   ] GC(110)   Evacuate Collection Set: 12.9ms
[2024-04-05T13:31:29.143+0300][284.913s][info][gc,phases   ] GC(110)   Post Evacuate Collection Set: 3.9ms
[2024-04-05T13:31:29.143+0300][284.913s][info][gc,phases   ] GC(110)   Other: 0.1ms
[2024-04-05T13:31:29.143+0300][284.913s][info][gc,heap     ] GC(110) Eden regions: 34->0(199)
[2024-04-05T13:31:29.143+0300][284.913s][info][gc,heap     ] GC(110) Survivor regions: 17->3(7)
[2024-04-05T13:31:29.143+0300][284.913s][info][gc,heap     ] GC(110) Old regions: 542->542
[2024-04-05T13:31:29.143+0300][284.913s][info][gc,heap     ] GC(110) Archive regions: 2->2
[2024-04-05T13:31:29.143+0300][284.913s][info][gc,heap     ] GC(110) Humongous regions: 31->31
[2024-04-05T13:31:29.143+0300][284.913s][info][gc,metaspace] GC(110) Metaspace: 415959K(426304K)->415959K(426304K) NonClass: 365275K(370560K)->365275K(370560K) Class: 50683K(55744K)->50683K(55744K)
[2024-04-05T13:31:29.143+0300][284.913s][info][gc          ] GC(110) Pause Young (Mixed) (G1 Evacuation Pause) 624M->576M(1024M) 17.827ms
[2024-04-05T13:31:29.143+0300][284.913s][info][gc,cpu      ] GC(110) User=0.06s Sys=0.01s Real=0.02s
[2024-04-05T13:31:30.415+0300][286.185s][info][gc,start    ] GC(111) Pause Young (Normal) (G1 Evacuation Pause)
[2024-04-05T13:31:30.415+0300][286.185s][info][gc,task     ] GC(111) Using 6 workers of 6 for evacuation
[2024-04-05T13:31:30.430+0300][286.200s][info][gc,phases   ] GC(111)   Pre Evacuate Collection Set: 0.2ms
[2024-04-05T13:31:30.430+0300][286.200s][info][gc,phases   ] GC(111)   Merge Heap Roots: 0.4ms
[2024-04-05T13:31:30.430+0300][286.200s][info][gc,phases   ] GC(111)   Evacuate Collection Set: 8.8ms
[2024-04-05T13:31:30.430+0300][286.200s][info][gc,phases   ] GC(111)   Post Evacuate Collection Set: 5.3ms
[2024-04-05T13:31:30.430+0300][286.200s][info][gc,phases   ] GC(111)   Other: 0.1ms
[2024-04-05T13:31:30.430+0300][286.200s][info][gc,heap     ] GC(111) Eden regions: 199->0(195)
[2024-04-05T13:31:30.430+0300][286.200s][info][gc,heap     ] GC(111) Survivor regions: 3->9(26)
[2024-04-05T13:31:30.430+0300][286.200s][info][gc,heap     ] GC(111) Old regions: 542->542
[2024-04-05T13:31:30.430+0300][286.200s][info][gc,heap     ] GC(111) Archive regions: 2->2
[2024-04-05T13:31:30.430+0300][286.200s][info][gc,heap     ] GC(111) Humongous regions: 31->31
[2024-04-05T13:31:30.430+0300][286.200s][info][gc,metaspace] GC(111) Metaspace: 416571K(426880K)->416571K(426880K) NonClass: 365807K(371072K)->365807K(371072K) Class: 50764K(55808K)->50764K(55808K)
[2024-04-05T13:31:30.430+0300][286.200s][info][gc          ] GC(111) Pause Young (Normal) (G1 Evacuation Pause) 775M->582M(1024M) 14.976ms
[2024-04-05T13:31:30.430+0300][286.200s][info][gc,cpu      ] GC(111) User=0.04s Sys=0.01s Real=0.02s
[2024-04-05T13:31:30.790+0300][286.560s][info][gc,start    ] GC(112) Pause Young (Concurrent Start) (G1 Humongous Allocation)
[2024-04-05T13:31:30.790+0300][286.560s][info][gc,task     ] GC(112) Using 6 workers of 6 for evacuation
[2024-04-05T13:31:30.805+0300][286.575s][info][gc,phases   ] GC(112)   Pre Evacuate Collection Set: 1.3ms
[2024-04-05T13:31:30.805+0300][286.575s][info][gc,phases   ] GC(112)   Merge Heap Roots: 0.2ms
[2024-04-05T13:31:30.805+0300][286.575s][info][gc,phases   ] GC(112)   Evacuate Collection Set: 12.0ms
[2024-04-05T13:31:30.805+0300][286.575s][info][gc,phases   ] GC(112)   Post Evacuate Collection Set: 1.5ms
[2024-04-05T13:31:30.805+0300][286.575s][info][gc,phases   ] GC(112)   Other: 0.1ms
[2024-04-05T13:31:30.805+0300][286.575s][info][gc,heap     ] GC(112) Eden regions: 43->0(200)
[2024-04-05T13:31:30.805+0300][286.575s][info][gc,heap     ] GC(112) Survivor regions: 9->11(26)
[2024-04-05T13:31:30.805+0300][286.575s][info][gc,heap     ] GC(112) Old regions: 542->542
[2024-04-05T13:31:30.805+0300][286.575s][info][gc,heap     ] GC(112) Archive regions: 2->2
[2024-04-05T13:31:30.805+0300][286.575s][info][gc,heap     ] GC(112) Humongous regions: 31->29
[2024-04-05T13:31:30.805+0300][286.575s][info][gc,metaspace] GC(112) Metaspace: 416629K(427008K)->416629K(427008K) NonClass: 365856K(371136K)->365856K(371136K) Class: 50772K(55872K)->50772K(55872K)
[2024-04-05T13:31:30.805+0300][286.575s][info][gc          ] GC(112) Pause Young (Concurrent Start) (G1 Humongous Allocation) 625M->581M(1024M) 15.233ms
[2024-04-05T13:31:30.805+0300][286.575s][info][gc,cpu      ] GC(112) User=0.04s Sys=0.00s Real=0.01s
[2024-04-05T13:31:30.805+0300][286.575s][info][gc          ] GC(113) Concurrent Mark Cycle
[2024-04-05T13:31:30.805+0300][286.575s][info][gc,marking  ] GC(113) Concurrent Clear Claimed Marks
[2024-04-05T13:31:30.807+0300][286.577s][info][gc,marking  ] GC(113) Concurrent Clear Claimed Marks 1.653ms
[2024-04-05T13:31:30.807+0300][286.577s][info][gc,marking  ] GC(113) Concurrent Scan Root Regions
[2024-04-05T13:31:30.819+0300][286.589s][info][gc,marking  ] GC(113) Concurrent Scan Root Regions 12.032ms
[2024-04-05T13:31:30.819+0300][286.589s][info][gc,marking  ] GC(113) Concurrent Mark
[2024-04-05T13:31:30.819+0300][286.589s][info][gc,marking  ] GC(113) Concurrent Mark From Roots
[2024-04-05T13:31:30.819+0300][286.589s][info][gc,task     ] GC(113) Using 2 workers of 2 for marking
[2024-04-05T13:31:31.352+0300][287.122s][info][gc,marking  ] GC(113) Concurrent Mark From Roots 533.238ms
[2024-04-05T13:31:31.352+0300][287.122s][info][gc,marking  ] GC(113) Concurrent Preclean
[2024-04-05T13:31:31.353+0300][287.123s][info][gc,marking  ] GC(113) Concurrent Preclean 1.074ms
[2024-04-05T13:31:31.354+0300][287.124s][info][gc,start    ] GC(113) Pause Remark
[2024-04-05T13:31:31.424+0300][287.194s][info][gc          ] GC(113) Pause Remark 599M->597M(1024M) 69.927ms
[2024-04-05T13:31:31.424+0300][287.194s][info][gc,cpu      ] GC(113) User=0.19s Sys=0.00s Real=0.07s
[2024-04-05T13:31:31.428+0300][287.197s][info][gc,marking  ] GC(113) Concurrent Mark 608.437ms
[2024-04-05T13:31:31.428+0300][287.197s][info][gc,marking  ] GC(113) Concurrent Rebuild Remembered Sets
[2024-04-05T13:31:32.032+0300][287.802s][info][gc,marking  ] GC(113) Concurrent Rebuild Remembered Sets 604.872ms
[2024-04-05T13:31:32.033+0300][287.802s][info][gc,start    ] GC(113) Pause Cleanup
[2024-04-05T13:31:32.033+0300][287.803s][info][gc          ] GC(113) Pause Cleanup 613M->613M(1024M) 0.588ms
[2024-04-05T13:31:32.033+0300][287.803s][info][gc,cpu      ] GC(113) User=0.00s Sys=0.00s Real=0.00s
[2024-04-05T13:31:32.034+0300][287.804s][info][gc,marking  ] GC(113) Concurrent Cleanup for Next Mark
[2024-04-05T13:31:32.036+0300][287.806s][info][gc,marking  ] GC(113) Concurrent Cleanup for Next Mark 2.422ms
[2024-04-05T13:31:32.037+0300][287.806s][info][gc          ] GC(113) Concurrent Mark Cycle 1231.214ms
[2024-04-05T13:31:33.312+0300][289.082s][info][gc,start    ] GC(114) Pause Young (Prepare Mixed) (G1 Evacuation Pause)
[2024-04-05T13:31:33.312+0300][289.082s][info][gc,task     ] GC(114) Using 6 workers of 6 for evacuation
[2024-04-05T13:31:33.341+0300][289.110s][info][gc,phases   ] GC(114)   Pre Evacuate Collection Set: 0.3ms
[2024-04-05T13:31:33.341+0300][289.110s][info][gc,phases   ] GC(114)   Merge Heap Roots: 0.3ms
[2024-04-05T13:31:33.341+0300][289.110s][info][gc,phases   ] GC(114)   Evacuate Collection Set: 25.9ms
[2024-04-05T13:31:33.341+0300][289.110s][info][gc,phases   ] GC(114)   Post Evacuate Collection Set: 1.9ms
[2024-04-05T13:31:33.341+0300][289.110s][info][gc,phases   ] GC(114)   Other: 0.1ms
[2024-04-05T13:31:33.341+0300][289.111s][info][gc,heap     ] GC(114) Eden regions: 200->0(26)
[2024-04-05T13:31:33.341+0300][289.111s][info][gc,heap     ] GC(114) Survivor regions: 11->25(27)
[2024-04-05T13:31:33.341+0300][289.111s][info][gc,heap     ] GC(114) Old regions: 540->540
[2024-04-05T13:31:33.341+0300][289.111s][info][gc,heap     ] GC(114) Archive regions: 2->2
[2024-04-05T13:31:33.341+0300][289.111s][info][gc,heap     ] GC(114) Humongous regions: 31->31
[2024-04-05T13:31:33.341+0300][289.111s][info][gc,metaspace] GC(114) Metaspace: 416829K(427200K)->416829K(427200K) NonClass: 366048K(371328K)->366048K(371328K) Class: 50780K(55872K)->50780K(55872K)
[2024-04-05T13:31:33.341+0300][289.111s][info][gc          ] GC(114) Pause Young (Prepare Mixed) (G1 Evacuation Pause) 781M->596M(1024M) 28.665ms
[2024-04-05T13:31:33.341+0300][289.111s][info][gc,cpu      ] GC(114) User=0.08s Sys=0.00s Real=0.03s
[2024-04-05T13:31:33.446+0300][289.215s][info][gc,start    ] GC(115) Pause Young (Mixed) (G1 Evacuation Pause)
[2024-04-05T13:31:33.446+0300][289.215s][info][gc,task     ] GC(115) Using 6 workers of 6 for evacuation
[2024-04-05T13:31:33.464+0300][289.233s][info][gc,phases   ] GC(115)   Pre Evacuate Collection Set: 0.2ms
[2024-04-05T13:31:33.464+0300][289.233s][info][gc,phases   ] GC(115)   Merge Heap Roots: 0.2ms
[2024-04-05T13:31:33.464+0300][289.233s][info][gc,phases   ] GC(115)   Evacuate Collection Set: 16.3ms
[2024-04-05T13:31:33.464+0300][289.233s][info][gc,phases   ] GC(115)   Post Evacuate Collection Set: 1.1ms
[2024-04-05T13:31:33.464+0300][289.233s][info][gc,phases   ] GC(115)   Other: 0.1ms
[2024-04-05T13:31:33.464+0300][289.233s][info][gc,heap     ] GC(115) Eden regions: 26->0(193)
[2024-04-05T13:31:33.464+0300][289.233s][info][gc,heap     ] GC(115) Survivor regions: 25->3(7)
[2024-04-05T13:31:33.464+0300][289.233s][info][gc,heap     ] GC(115) Old regions: 540->549
[2024-04-05T13:31:33.464+0300][289.233s][info][gc,heap     ] GC(115) Archive regions: 2->2
[2024-04-05T13:31:33.464+0300][289.233s][info][gc,heap     ] GC(115) Humongous regions: 31->31
[2024-04-05T13:31:33.464+0300][289.233s][info][gc,metaspace] GC(115) Metaspace: 416829K(427200K)->416829K(427200K) NonClass: 366048K(371328K)->366048K(371328K) Class: 50780K(55872K)->50780K(55872K)
[2024-04-05T13:31:33.464+0300][289.233s][info][gc          ] GC(115) Pause Young (Mixed) (G1 Evacuation Pause) 622M->583M(1024M) 18.179ms
[2024-04-05T13:31:33.464+0300][289.233s][info][gc,cpu      ] GC(115) User=0.07s Sys=0.00s Real=0.02s
[2024-04-05T13:31:34.375+0300][290.144s][info][gc,start    ] GC(116) Pause Young (Normal) (G1 Evacuation Pause)
[2024-04-05T13:31:34.375+0300][290.144s][info][gc,task     ] GC(116) Using 6 workers of 6 for evacuation
[2024-04-05T13:31:34.385+0300][290.155s][info][gc,phases   ] GC(116)   Pre Evacuate Collection Set: 0.2ms
[2024-04-05T13:31:34.385+0300][290.155s][info][gc,phases   ] GC(116)   Merge Heap Roots: 0.1ms
[2024-04-05T13:31:34.385+0300][290.155s][info][gc,phases   ] GC(116)   Evacuate Collection Set: 7.7ms
[2024-04-05T13:31:34.385+0300][290.155s][info][gc,phases   ] GC(116)   Post Evacuate Collection Set: 2.5ms
[2024-04-05T13:31:34.385+0300][290.155s][info][gc,phases   ] GC(116)   Other: 0.1ms
[2024-04-05T13:31:34.385+0300][290.155s][info][gc,heap     ] GC(116) Eden regions: 193->0(185)
[2024-04-05T13:31:34.385+0300][290.155s][info][gc,heap     ] GC(116) Survivor regions: 3->12(25)
[2024-04-05T13:31:34.385+0300][290.155s][info][gc,heap     ] GC(116) Old regions: 549->549
[2024-04-05T13:31:34.385+0300][290.155s][info][gc,heap     ] GC(116) Archive regions: 2->2
[2024-04-05T13:31:34.385+0300][290.155s][info][gc,heap     ] GC(116) Humongous regions: 31->31
[2024-04-05T13:31:34.385+0300][290.155s][info][gc,metaspace] GC(116) Metaspace: 416832K(427200K)->416832K(427200K) NonClass: 366052K(371328K)->366052K(371328K) Class: 50780K(55872K)->50780K(55872K)
[2024-04-05T13:31:34.385+0300][290.155s][info][gc          ] GC(116) Pause Young (Normal) (G1 Evacuation Pause) 776M->592M(1024M) 10.744ms
[2024-04-05T13:31:34.385+0300][290.155s][info][gc,cpu      ] GC(116) User=0.04s Sys=0.00s Real=0.01s
[2024-04-05T13:31:35.181+0300][290.951s][info][gc,start    ] GC(117) Pause Young (Normal) (G1 Evacuation Pause)
[2024-04-05T13:31:35.181+0300][290.951s][info][gc,task     ] GC(117) Using 6 workers of 6 for evacuation
[2024-04-05T13:31:35.197+0300][290.966s][info][gc,phases   ] GC(117)   Pre Evacuate Collection Set: 0.4ms
[2024-04-05T13:31:35.197+0300][290.966s][info][gc,phases   ] GC(117)   Merge Heap Roots: 0.1ms
[2024-04-05T13:31:35.197+0300][290.966s][info][gc,phases   ] GC(117)   Evacuate Collection Set: 12.6ms
[2024-04-05T13:31:35.197+0300][290.966s][info][gc,phases   ] GC(117)   Post Evacuate Collection Set: 2.0ms
[2024-04-05T13:31:35.197+0300][290.966s][info][gc,phases   ] GC(117)   Other: 0.1ms
[2024-04-05T13:31:35.197+0300][290.966s][info][gc,heap     ] GC(117) Eden regions: 185->0(180)
[2024-04-05T13:31:35.197+0300][290.966s][info][gc,heap     ] GC(117) Survivor regions: 12->19(25)
[2024-04-05T13:31:35.197+0300][290.966s][info][gc,heap     ] GC(117) Old regions: 549->549
[2024-04-05T13:31:35.197+0300][290.966s][info][gc,heap     ] GC(117) Archive regions: 2->2
[2024-04-05T13:31:35.197+0300][290.966s][info][gc,heap     ] GC(117) Humongous regions: 31->31
[2024-04-05T13:31:35.197+0300][290.966s][info][gc,metaspace] GC(117) Metaspace: 416856K(427264K)->416856K(427264K) NonClass: 366071K(371392K)->366071K(371392K) Class: 50784K(55872K)->50784K(55872K)
[2024-04-05T13:31:35.197+0300][290.966s][info][gc          ] GC(117) Pause Young (Normal) (G1 Evacuation Pause) 777M->599M(1024M) 15.338ms
[2024-04-05T13:31:35.197+0300][290.966s][info][gc,cpu      ] GC(117) User=0.05s Sys=0.00s Real=0.01s
[2024-04-05T13:31:36.569+0300][292.339s][info][gc,start    ] GC(118) Pause Young (Concurrent Start) (G1 Evacuation Pause)
[2024-04-05T13:31:36.569+0300][292.339s][info][gc,task     ] GC(118) Using 6 workers of 6 for evacuation
[2024-04-05T13:31:36.587+0300][292.356s][info][gc,phases   ] GC(118)   Pre Evacuate Collection Set: 1.9ms
[2024-04-05T13:31:36.587+0300][292.356s][info][gc,phases   ] GC(118)   Merge Heap Roots: 0.2ms
[2024-04-05T13:31:36.587+0300][292.356s][info][gc,phases   ] GC(118)   Evacuate Collection Set: 13.9ms
[2024-04-05T13:31:36.587+0300][292.356s][info][gc,phases   ] GC(118)   Post Evacuate Collection Set: 1.5ms
[2024-04-05T13:31:36.587+0300][292.356s][info][gc,phases   ] GC(118)   Other: 0.1ms
[2024-04-05T13:31:36.587+0300][292.356s][info][gc,heap     ] GC(118) Eden regions: 180->0(181)
[2024-04-05T13:31:36.587+0300][292.356s][info][gc,heap     ] GC(118) Survivor regions: 19->11(25)
[2024-04-05T13:31:36.587+0300][292.356s][info][gc,heap     ] GC(118) Old regions: 549->559
[2024-04-05T13:31:36.587+0300][292.356s][info][gc,heap     ] GC(118) Archive regions: 2->2
[2024-04-05T13:31:36.587+0300][292.356s][info][gc,heap     ] GC(118) Humongous regions: 31->31
[2024-04-05T13:31:36.587+0300][292.356s][info][gc,metaspace] GC(118) Metaspace: 417993K(428544K)->417993K(428544K) NonClass: 367088K(372480K)->367088K(372480K) Class: 50905K(56064K)->50905K(56064K)
[2024-04-05T13:31:36.587+0300][292.356s][info][gc          ] GC(118) Pause Young (Concurrent Start) (G1 Evacuation Pause) 779M->601M(1024M) 17.843ms
[2024-04-05T13:31:36.587+0300][292.357s][info][gc,cpu      ] GC(118) User=0.06s Sys=0.01s Real=0.02s
[2024-04-05T13:31:36.588+0300][292.358s][info][gc          ] GC(119) Concurrent Mark Cycle
[2024-04-05T13:31:36.588+0300][292.358s][info][gc,marking  ] GC(119) Concurrent Clear Claimed Marks
[2024-04-05T13:31:36.590+0300][292.360s][info][gc,marking  ] GC(119) Concurrent Clear Claimed Marks 1.452ms
[2024-04-05T13:31:36.590+0300][292.360s][info][gc,marking  ] GC(119) Concurrent Scan Root Regions
[2024-04-05T13:31:36.607+0300][292.377s][info][gc,marking  ] GC(119) Concurrent Scan Root Regions 17.403ms
[2024-04-05T13:31:36.607+0300][292.377s][info][gc,marking  ] GC(119) Concurrent Mark
[2024-04-05T13:31:36.607+0300][292.377s][info][gc,marking  ] GC(119) Concurrent Mark From Roots
[2024-04-05T13:31:36.607+0300][292.377s][info][gc,task     ] GC(119) Using 2 workers of 2 for marking
[2024-04-05T13:31:37.071+0300][292.840s][info][gc,marking  ] GC(119) Concurrent Mark From Roots 463.097ms
[2024-04-05T13:31:37.071+0300][292.840s][info][gc,marking  ] GC(119) Concurrent Preclean
[2024-04-05T13:31:37.072+0300][292.841s][info][gc,marking  ] GC(119) Concurrent Preclean 0.971ms
[2024-04-05T13:31:37.072+0300][292.842s][info][gc,start    ] GC(119) Pause Remark
[2024-04-05T13:31:37.124+0300][292.893s][info][gc          ] GC(119) Pause Remark 712M->712M(1024M) 51.552ms
[2024-04-05T13:31:37.124+0300][292.893s][info][gc,cpu      ] GC(119) User=0.21s Sys=0.00s Real=0.05s
[2024-04-05T13:31:37.126+0300][292.895s][info][gc,marking  ] GC(119) Concurrent Mark 518.267ms
[2024-04-05T13:31:37.126+0300][292.895s][info][gc,marking  ] GC(119) Concurrent Rebuild Remembered Sets
[2024-04-05T13:31:37.402+0300][293.172s][info][gc,start    ] GC(120) Pause Young (Normal) (G1 Evacuation Pause)
[2024-04-05T13:31:37.402+0300][293.172s][info][gc,task     ] GC(120) Using 6 workers of 6 for evacuation
[2024-04-05T13:31:37.416+0300][293.186s][info][gc,phases   ] GC(120)   Pre Evacuate Collection Set: 0.2ms
[2024-04-05T13:31:37.416+0300][293.186s][info][gc,phases   ] GC(120)   Merge Heap Roots: 0.2ms
[2024-04-05T13:31:37.417+0300][293.186s][info][gc,phases   ] GC(120)   Evacuate Collection Set: 12.1ms
[2024-04-05T13:31:37.417+0300][293.186s][info][gc,phases   ] GC(120)   Post Evacuate Collection Set: 1.6ms
[2024-04-05T13:31:37.417+0300][293.186s][info][gc,phases   ] GC(120)   Other: 0.1ms
[2024-04-05T13:31:37.417+0300][293.186s][info][gc,heap     ] GC(120) Eden regions: 181->0(172)
[2024-04-05T13:31:37.417+0300][293.186s][info][gc,heap     ] GC(120) Survivor regions: 11->21(24)
[2024-04-05T13:31:37.417+0300][293.186s][info][gc,heap     ] GC(120) Old regions: 559->559
[2024-04-05T13:31:37.417+0300][293.186s][info][gc,heap     ] GC(120) Archive regions: 2->2
[2024-04-05T13:31:37.417+0300][293.186s][info][gc,heap     ] GC(120) Humongous regions: 31->31
[2024-04-05T13:31:37.417+0300][293.186s][info][gc,metaspace] GC(120) Metaspace: 418405K(428992K)->418405K(428992K) NonClass: 367447K(372864K)->367447K(372864K) Class: 50957K(56128K)->50957K(56128K)
[2024-04-05T13:31:37.417+0300][293.186s][info][gc          ] GC(120) Pause Young (Normal) (G1 Evacuation Pause) 782M->610M(1024M) 14.508ms
[2024-04-05T13:31:37.417+0300][293.186s][info][gc,cpu      ] GC(120) User=0.08s Sys=0.00s Real=0.01s
[2024-04-05T13:31:37.647+0300][293.417s][info][gc,marking  ] GC(119) Concurrent Rebuild Remembered Sets 521.790ms
[2024-04-05T13:31:37.648+0300][293.417s][info][gc,start    ] GC(119) Pause Cleanup
[2024-04-05T13:31:37.648+0300][293.418s][info][gc          ] GC(119) Pause Cleanup 640M->640M(1024M) 0.502ms
[2024-04-05T13:31:37.648+0300][293.418s][info][gc,cpu      ] GC(119) User=0.00s Sys=0.00s Real=0.00s
[2024-04-05T13:31:37.648+0300][293.418s][info][gc,marking  ] GC(119) Concurrent Cleanup for Next Mark
[2024-04-05T13:31:37.650+0300][293.420s][info][gc,marking  ] GC(119) Concurrent Cleanup for Next Mark 1.918ms
[2024-04-05T13:31:37.650+0300][293.420s][info][gc          ] GC(119) Concurrent Mark Cycle 1061.826ms
[2024-04-05T13:31:38.019+0300][293.788s][info][gc,start    ] GC(121) Pause Young (Prepare Mixed) (GCLocker Initiated GC)
[2024-04-05T13:31:38.019+0300][293.788s][info][gc,task     ] GC(121) Using 6 workers of 6 for evacuation
[2024-04-05T13:31:38.035+0300][293.804s][info][gc,phases   ] GC(121)   Pre Evacuate Collection Set: 0.1ms
[2024-04-05T13:31:38.035+0300][293.804s][info][gc,phases   ] GC(121)   Merge Heap Roots: 0.2ms
[2024-04-05T13:31:38.035+0300][293.804s][info][gc,phases   ] GC(121)   Evacuate Collection Set: 13.2ms
[2024-04-05T13:31:38.035+0300][293.804s][info][gc,phases   ] GC(121)   Post Evacuate Collection Set: 2.3ms
[2024-04-05T13:31:38.035+0300][293.804s][info][gc,phases   ] GC(121)   Other: 0.1ms
[2024-04-05T13:31:38.035+0300][293.804s][info][gc,heap     ] GC(121) Eden regions: 172->0(37)
[2024-04-05T13:31:38.035+0300][293.804s][info][gc,heap     ] GC(121) Survivor regions: 21->14(25)
[2024-04-05T13:31:38.035+0300][293.804s][info][gc,heap     ] GC(121) Old regions: 559->567
[2024-04-05T13:31:38.035+0300][293.804s][info][gc,heap     ] GC(121) Archive regions: 2->2
[2024-04-05T13:31:38.035+0300][293.804s][info][gc,heap     ] GC(121) Humongous regions: 31->31
[2024-04-05T13:31:38.035+0300][293.804s][info][gc,metaspace] GC(121) Metaspace: 418673K(429312K)->418673K(429312K) NonClass: 367670K(373120K)->367670K(373120K) Class: 51003K(56192K)->51003K(56192K)
[2024-04-05T13:31:38.035+0300][293.804s][info][gc          ] GC(121) Pause Young (Prepare Mixed) (GCLocker Initiated GC) 782M->612M(1024M) 15.997ms
[2024-04-05T13:31:38.035+0300][293.804s][info][gc,cpu      ] GC(121) User=0.07s Sys=0.00s Real=0.01s
[2024-04-05T13:31:38.111+0300][293.880s][info][gc,start    ] GC(122) Pause Young (Mixed) (G1 Evacuation Pause)
[2024-04-05T13:31:38.111+0300][293.880s][info][gc,task     ] GC(122) Using 6 workers of 6 for evacuation
[2024-04-05T13:31:38.133+0300][293.902s][info][gc,phases   ] GC(122)   Pre Evacuate Collection Set: 0.1ms
[2024-04-05T13:31:38.133+0300][293.902s][info][gc,phases   ] GC(122)   Merge Heap Roots: 1.0ms
[2024-04-05T13:31:38.133+0300][293.902s][info][gc,phases   ] GC(122)   Evacuate Collection Set: 19.3ms
[2024-04-05T13:31:38.133+0300][293.902s][info][gc,phases   ] GC(122)   Post Evacuate Collection Set: 1.7ms
[2024-04-05T13:31:38.133+0300][293.902s][info][gc,phases   ] GC(122)   Other: 0.1ms
[2024-04-05T13:31:38.133+0300][293.902s][info][gc,heap     ] GC(122) Eden regions: 37->0(178)
[2024-04-05T13:31:38.133+0300][293.902s][info][gc,heap     ] GC(122) Survivor regions: 14->4(7)
[2024-04-05T13:31:38.133+0300][293.902s][info][gc,heap     ] GC(122) Old regions: 567->569
[2024-04-05T13:31:38.133+0300][293.902s][info][gc,heap     ] GC(122) Archive regions: 2->2
[2024-04-05T13:31:38.133+0300][293.902s][info][gc,heap     ] GC(122) Humongous regions: 31->31
[2024-04-05T13:31:38.133+0300][293.902s][info][gc,metaspace] GC(122) Metaspace: 418719K(429312K)->418719K(429312K) NonClass: 367702K(373120K)->367702K(373120K) Class: 51017K(56192K)->51017K(56192K)
[2024-04-05T13:31:38.133+0300][293.902s][info][gc          ] GC(122) Pause Young (Mixed) (G1 Evacuation Pause) 649M->604M(1024M) 22.256ms
[2024-04-05T13:31:38.133+0300][293.902s][info][gc,cpu      ] GC(122) User=0.08s Sys=0.01s Real=0.02s
[2024-04-05T13:31:38.821+0300][294.590s][info][gc,start    ] GC(123) Pause Young (Normal) (G1 Evacuation Pause)
[2024-04-05T13:31:38.821+0300][294.590s][info][gc,task     ] GC(123) Using 6 workers of 6 for evacuation
[2024-04-05T13:31:38.830+0300][294.600s][info][gc,phases   ] GC(123)   Pre Evacuate Collection Set: 0.2ms
[2024-04-05T13:31:38.830+0300][294.600s][info][gc,phases   ] GC(123)   Merge Heap Roots: 0.1ms
[2024-04-05T13:31:38.830+0300][294.600s][info][gc,phases   ] GC(123)   Evacuate Collection Set: 6.9ms
[2024-04-05T13:31:38.830+0300][294.600s][info][gc,phases   ] GC(123)   Post Evacuate Collection Set: 1.9ms
[2024-04-05T13:31:38.830+0300][294.600s][info][gc,phases   ] GC(123)   Other: 0.1ms
[2024-04-05T13:31:38.830+0300][294.600s][info][gc,heap     ] GC(123) Eden regions: 178->0(174)
[2024-04-05T13:31:38.830+0300][294.600s][info][gc,heap     ] GC(123) Survivor regions: 4->10(23)
[2024-04-05T13:31:38.830+0300][294.600s][info][gc,heap     ] GC(123) Old regions: 569->569
[2024-04-05T13:31:38.830+0300][294.600s][info][gc,heap     ] GC(123) Archive regions: 2->2
[2024-04-05T13:31:38.830+0300][294.600s][info][gc,heap     ] GC(123) Humongous regions: 31->31
[2024-04-05T13:31:38.830+0300][294.600s][info][gc,metaspace] GC(123) Metaspace: 418885K(429504K)->418885K(429504K) NonClass: 367837K(373248K)->367837K(373248K) Class: 51048K(56256K)->51048K(56256K)
[2024-04-05T13:31:38.830+0300][294.600s][info][gc          ] GC(123) Pause Young (Normal) (G1 Evacuation Pause) 782M->610M(1024M) 9.395ms
[2024-04-05T13:31:38.830+0300][294.600s][info][gc,cpu      ] GC(123) User=0.03s Sys=0.01s Real=0.01s
[2024-04-05T13:31:39.502+0300][295.272s][info][gc,start    ] GC(124) Pause Young (Normal) (G1 Evacuation Pause)
[2024-04-05T13:31:39.502+0300][295.272s][info][gc,task     ] GC(124) Using 6 workers of 6 for evacuation
[2024-04-05T13:31:39.516+0300][295.285s][info][gc,phases   ] GC(124)   Pre Evacuate Collection Set: 0.2ms
[2024-04-05T13:31:39.516+0300][295.285s][info][gc,phases   ] GC(124)   Merge Heap Roots: 0.1ms
[2024-04-05T13:31:39.516+0300][295.285s][info][gc,phases   ] GC(124)   Evacuate Collection Set: 12.0ms
[2024-04-05T13:31:39.516+0300][295.285s][info][gc,phases   ] GC(124)   Post Evacuate Collection Set: 1.4ms
[2024-04-05T13:31:39.516+0300][295.285s][info][gc,phases   ] GC(124)   Other: 0.1ms
[2024-04-05T13:31:39.516+0300][295.286s][info][gc,heap     ] GC(124) Eden regions: 174->0(164)
[2024-04-05T13:31:39.516+0300][295.286s][info][gc,heap     ] GC(124) Survivor regions: 10->18(23)
[2024-04-05T13:31:39.516+0300][295.286s][info][gc,heap     ] GC(124) Old regions: 569->569
[2024-04-05T13:31:39.516+0300][295.286s][info][gc,heap     ] GC(124) Archive regions: 2->2
[2024-04-05T13:31:39.516+0300][295.286s][info][gc,heap     ] GC(124) Humongous regions: 31->31
[2024-04-05T13:31:39.516+0300][295.286s][info][gc,metaspace] GC(124) Metaspace: 418887K(429568K)->418887K(429568K) NonClass: 367839K(373312K)->367839K(373312K) Class: 51048K(56256K)->51048K(56256K)
[2024-04-05T13:31:39.516+0300][295.286s][info][gc          ] GC(124) Pause Young (Normal) (G1 Evacuation Pause) 784M->618M(1024M) 14.017ms
[2024-04-05T13:31:39.516+0300][295.286s][info][gc,cpu      ] GC(124) User=0.05s Sys=0.00s Real=0.01s
[2024-04-05T13:31:40.052+0300][295.821s][info][gc,start    ] GC(125) Pause Young (Concurrent Start) (G1 Evacuation Pause)
[2024-04-05T13:31:40.052+0300][295.821s][info][gc,task     ] GC(125) Using 6 workers of 6 for evacuation
[2024-04-05T13:31:40.067+0300][295.836s][info][gc,phases   ] GC(125)   Pre Evacuate Collection Set: 1.2ms
[2024-04-05T13:31:40.067+0300][295.836s][info][gc,phases   ] GC(125)   Merge Heap Roots: 0.1ms
[2024-04-05T13:31:40.067+0300][295.836s][info][gc,phases   ] GC(125)   Evacuate Collection Set: 10.5ms
[2024-04-05T13:31:40.067+0300][295.836s][info][gc,phases   ] GC(125)   Post Evacuate Collection Set: 2.8ms
[2024-04-05T13:31:40.067+0300][295.836s][info][gc,phases   ] GC(125)   Other: 0.0ms
[2024-04-05T13:31:40.067+0300][295.836s][info][gc,heap     ] GC(125) Eden regions: 164->0(160)
[2024-04-05T13:31:40.067+0300][295.836s][info][gc,heap     ] GC(125) Survivor regions: 18->11(23)
[2024-04-05T13:31:40.067+0300][295.836s][info][gc,heap     ] GC(125) Old regions: 569->580
[2024-04-05T13:31:40.067+0300][295.836s][info][gc,heap     ] GC(125) Archive regions: 2->2
[2024-04-05T13:31:40.067+0300][295.836s][info][gc,heap     ] GC(125) Humongous regions: 31->31
[2024-04-05T13:31:40.067+0300][295.836s][info][gc,metaspace] GC(125) Metaspace: 418894K(429568K)->418894K(429568K) NonClass: 367846K(373312K)->367846K(373312K) Class: 51048K(56256K)->51048K(56256K)
[2024-04-05T13:31:40.067+0300][295.836s][info][gc          ] GC(125) Pause Young (Concurrent Start) (G1 Evacuation Pause) 782M->622M(1024M) 14.855ms
[2024-04-05T13:31:40.067+0300][295.836s][info][gc,cpu      ] GC(125) User=0.06s Sys=0.00s Real=0.01s
[2024-04-05T13:31:40.067+0300][295.836s][info][gc          ] GC(126) Concurrent Mark Cycle
[2024-04-05T13:31:40.067+0300][295.836s][info][gc,marking  ] GC(126) Concurrent Clear Claimed Marks
[2024-04-05T13:31:40.068+0300][295.837s][info][gc,marking  ] GC(126) Concurrent Clear Claimed Marks 0.937ms
[2024-04-05T13:31:40.068+0300][295.837s][info][gc,marking  ] GC(126) Concurrent Scan Root Regions
[2024-04-05T13:31:40.078+0300][295.847s][info][gc,marking  ] GC(126) Concurrent Scan Root Regions 10.005ms
[2024-04-05T13:31:40.078+0300][295.847s][info][gc,marking  ] GC(126) Concurrent Mark
[2024-04-05T13:31:40.078+0300][295.847s][info][gc,marking  ] GC(126) Concurrent Mark From Roots
[2024-04-05T13:31:40.078+0300][295.847s][info][gc,task     ] GC(126) Using 2 workers of 2 for marking
[2024-04-05T13:31:40.453+0300][296.223s][info][gc,marking  ] GC(126) Concurrent Mark From Roots 375.602ms
[2024-04-05T13:31:40.453+0300][296.223s][info][gc,marking  ] GC(126) Concurrent Preclean
[2024-04-05T13:31:40.454+0300][296.224s][info][gc,marking  ] GC(126) Concurrent Preclean 0.812ms
[2024-04-05T13:31:40.454+0300][296.224s][info][gc,start    ] GC(126) Pause Remark
[2024-04-05T13:31:40.468+0300][296.238s][info][gc          ] GC(126) Pause Remark 718M->717M(1024M) 13.875ms
[2024-04-05T13:31:40.468+0300][296.238s][info][gc,cpu      ] GC(126) User=0.03s Sys=0.00s Real=0.01s
[2024-04-05T13:31:40.468+0300][296.238s][info][gc,marking  ] GC(126) Concurrent Mark 390.749ms
[2024-04-05T13:31:40.468+0300][296.238s][info][gc,marking  ] GC(126) Concurrent Rebuild Remembered Sets
[2024-04-05T13:31:40.840+0300][296.610s][info][gc,marking  ] GC(126) Concurrent Rebuild Remembered Sets 371.519ms
[2024-04-05T13:31:40.840+0300][296.610s][info][gc,start    ] GC(126) Pause Cleanup
[2024-04-05T13:31:40.841+0300][296.610s][info][gc          ] GC(126) Pause Cleanup 782M->782M(1024M) 0.319ms
[2024-04-05T13:31:40.841+0300][296.610s][info][gc,cpu      ] GC(126) User=0.00s Sys=0.00s Real=0.00s
[2024-04-05T13:31:40.841+0300][296.610s][info][gc,marking  ] GC(126) Concurrent Cleanup for Next Mark
[2024-04-05T13:31:40.842+0300][296.612s][info][gc,marking  ] GC(126) Concurrent Cleanup for Next Mark 1.498ms
[2024-04-05T13:31:40.842+0300][296.612s][info][gc          ] GC(126) Concurrent Mark Cycle 775.486ms
[2024-04-05T13:31:40.851+0300][296.621s][info][gc,start    ] GC(127) Pause Young (Prepare Mixed) (G1 Evacuation Pause)
[2024-04-05T13:31:40.851+0300][296.621s][info][gc,task     ] GC(127) Using 6 workers of 6 for evacuation
[2024-04-05T13:31:40.863+0300][296.633s][info][gc,phases   ] GC(127)   Pre Evacuate Collection Set: 0.1ms
[2024-04-05T13:31:40.863+0300][296.633s][info][gc,phases   ] GC(127)   Merge Heap Roots: 0.2ms
[2024-04-05T13:31:40.863+0300][296.633s][info][gc,phases   ] GC(127)   Evacuate Collection Set: 8.2ms
[2024-04-05T13:31:40.863+0300][296.633s][info][gc,phases   ] GC(127)   Post Evacuate Collection Set: 3.1ms
[2024-04-05T13:31:40.863+0300][296.633s][info][gc,phases   ] GC(127)   Other: 0.1ms
[2024-04-05T13:31:40.863+0300][296.633s][info][gc,heap     ] GC(127) Eden regions: 160->0(39)
[2024-04-05T13:31:40.863+0300][296.633s][info][gc,heap     ] GC(127) Survivor regions: 11->12(22)
[2024-04-05T13:31:40.863+0300][296.633s][info][gc,heap     ] GC(127) Old regions: 579->579
[2024-04-05T13:31:40.863+0300][296.633s][info][gc,heap     ] GC(127) Archive regions: 2->2
[2024-04-05T13:31:40.863+0300][296.633s][info][gc,heap     ] GC(127) Humongous regions: 32->32
[2024-04-05T13:31:40.863+0300][296.633s][info][gc,metaspace] GC(127) Metaspace: 418895K(429568K)->418895K(429568K) NonClass: 367847K(373312K)->367847K(373312K) Class: 51048K(56256K)->51048K(56256K)
[2024-04-05T13:31:40.863+0300][296.633s][info][gc          ] GC(127) Pause Young (Prepare Mixed) (G1 Evacuation Pause) 782M->622M(1024M) 11.770ms
[2024-04-05T13:31:40.863+0300][296.633s][info][gc,cpu      ] GC(127) User=0.04s Sys=0.00s Real=0.01s
[2024-04-05T13:31:41.404+0300][297.173s][info][gc,start    ] GC(128) Pause Young (Mixed) (G1 Evacuation Pause)
[2024-04-05T13:31:41.404+0300][297.173s][info][gc,task     ] GC(128) Using 6 workers of 6 for evacuation
[2024-04-05T13:31:41.426+0300][297.196s][info][gc,phases   ] GC(128)   Pre Evacuate Collection Set: 0.2ms
[2024-04-05T13:31:41.427+0300][297.196s][info][gc,phases   ] GC(128)   Merge Heap Roots: 0.2ms
[2024-04-05T13:31:41.427+0300][297.196s][info][gc,phases   ] GC(128)   Evacuate Collection Set: 18.6ms
[2024-04-05T13:31:41.427+0300][297.196s][info][gc,phases   ] GC(128)   Post Evacuate Collection Set: 3.6ms
[2024-04-05T13:31:41.427+0300][297.196s][info][gc,phases   ] GC(128)   Other: 0.2ms
[2024-04-05T13:31:41.427+0300][297.196s][info][gc,heap     ] GC(128) Eden regions: 39->0(153)
[2024-04-05T13:31:41.427+0300][297.196s][info][gc,heap     ] GC(128) Survivor regions: 12->7(7)
[2024-04-05T13:31:41.427+0300][297.196s][info][gc,heap     ] GC(128) Old regions: 579->584
[2024-04-05T13:31:41.427+0300][297.196s][info][gc,heap     ] GC(128) Archive regions: 2->2
[2024-04-05T13:31:41.427+0300][297.196s][info][gc,heap     ] GC(128) Humongous regions: 33->33
[2024-04-05T13:31:41.427+0300][297.196s][info][gc,metaspace] GC(128) Metaspace: 418903K(429568K)->418903K(429568K) NonClass: 367853K(373312K)->367853K(373312K) Class: 51050K(56256K)->51050K(56256K)
[2024-04-05T13:31:41.427+0300][297.196s][info][gc          ] GC(128) Pause Young (Mixed) (G1 Evacuation Pause) 662M->624M(1024M) 23.037ms
[2024-04-05T13:31:41.427+0300][297.196s][info][gc,cpu      ] GC(128) User=0.11s Sys=0.00s Real=0.02s
[2024-04-05T13:31:42.005+0300][297.774s][info][gc,start    ] GC(129) Pause Young (Normal) (G1 Evacuation Pause)
[2024-04-05T13:31:42.005+0300][297.774s][info][gc,task     ] GC(129) Using 6 workers of 6 for evacuation
[2024-04-05T13:31:42.016+0300][297.786s][info][gc,phases   ] GC(129)   Pre Evacuate Collection Set: 0.3ms
[2024-04-05T13:31:42.016+0300][297.786s][info][gc,phases   ] GC(129)   Merge Heap Roots: 0.3ms
[2024-04-05T13:31:42.016+0300][297.786s][info][gc,phases   ] GC(129)   Evacuate Collection Set: 9.2ms
[2024-04-05T13:31:42.016+0300][297.786s][info][gc,phases   ] GC(129)   Post Evacuate Collection Set: 1.6ms
[2024-04-05T13:31:42.016+0300][297.786s][info][gc,phases   ] GC(129)   Other: 0.1ms
[2024-04-05T13:31:42.016+0300][297.786s][info][gc,heap     ] GC(129) Eden regions: 153->0(141)
[2024-04-05T13:31:42.016+0300][297.786s][info][gc,heap     ] GC(129) Survivor regions: 7->18(20)
[2024-04-05T13:31:42.016+0300][297.786s][info][gc,heap     ] GC(129) Old regions: 584->584
[2024-04-05T13:31:42.016+0300][297.786s][info][gc,heap     ] GC(129) Archive regions: 2->2
[2024-04-05T13:31:42.016+0300][297.786s][info][gc,heap     ] GC(129) Humongous regions: 33->33
[2024-04-05T13:31:42.016+0300][297.786s][info][gc,metaspace] GC(129) Metaspace: 418903K(429568K)->418903K(429568K) NonClass: 367853K(373312K)->367853K(373312K) Class: 51050K(56256K)->51050K(56256K)
[2024-04-05T13:31:42.016+0300][297.786s][info][gc          ] GC(129) Pause Young (Normal) (G1 Evacuation Pause) 777M->635M(1024M) 11.723ms
[2024-04-05T13:31:42.016+0300][297.786s][info][gc,cpu      ] GC(129) User=0.04s Sys=0.01s Real=0.01s
[2024-04-05T13:31:42.488+0300][298.258s][info][gc,start    ] GC(130) Pause Young (Normal) (G1 Evacuation Pause)
[2024-04-05T13:31:42.488+0300][298.258s][info][gc,task     ] GC(130) Using 6 workers of 6 for evacuation
[2024-04-05T13:31:42.500+0300][298.270s][info][gc,phases   ] GC(130)   Pre Evacuate Collection Set: 0.2ms
[2024-04-05T13:31:42.500+0300][298.270s][info][gc,phases   ] GC(130)   Merge Heap Roots: 0.1ms
[2024-04-05T13:31:42.500+0300][298.270s][info][gc,phases   ] GC(130)   Evacuate Collection Set: 8.1ms
[2024-04-05T13:31:42.500+0300][298.270s][info][gc,phases   ] GC(130)   Post Evacuate Collection Set: 3.7ms
[2024-04-05T13:31:42.500+0300][298.270s][info][gc,phases   ] GC(130)   Other: 0.1ms
[2024-04-05T13:31:42.500+0300][298.270s][info][gc,heap     ] GC(130) Eden regions: 141->0(142)
[2024-04-05T13:31:42.500+0300][298.270s][info][gc,heap     ] GC(130) Survivor regions: 18->7(20)
[2024-04-05T13:31:42.500+0300][298.270s][info][gc,heap     ] GC(130) Old regions: 584->599
[2024-04-05T13:31:42.500+0300][298.270s][info][gc,heap     ] GC(130) Archive regions: 2->2
[2024-04-05T13:31:42.500+0300][298.270s][info][gc,heap     ] GC(130) Humongous regions: 33->33
[2024-04-05T13:31:42.500+0300][298.270s][info][gc,metaspace] GC(130) Metaspace: 418903K(429568K)->418903K(429568K) NonClass: 367853K(373312K)->367853K(373312K) Class: 51050K(56256K)->51050K(56256K)
[2024-04-05T13:31:42.500+0300][298.270s][info][gc          ] GC(130) Pause Young (Normal) (G1 Evacuation Pause) 776M->638M(1024M) 12.271ms
[2024-04-05T13:31:42.500+0300][298.270s][info][gc,cpu      ] GC(130) User=0.05s Sys=0.00s Real=0.02s
[2024-04-05T13:31:42.809+0300][298.578s][info][gc,start    ] GC(131) Pause Young (Concurrent Start) (G1 Evacuation Pause)
[2024-04-05T13:31:42.809+0300][298.578s][info][gc,task     ] GC(131) Using 6 workers of 6 for evacuation
[2024-04-05T13:31:42.816+0300][298.586s][info][gc,phases   ] GC(131)   Pre Evacuate Collection Set: 1.3ms
[2024-04-05T13:31:42.816+0300][298.586s][info][gc,phases   ] GC(131)   Merge Heap Roots: 0.1ms
[2024-04-05T13:31:42.816+0300][298.586s][info][gc,phases   ] GC(131)   Evacuate Collection Set: 4.9ms
[2024-04-05T13:31:42.816+0300][298.586s][info][gc,phases   ] GC(131)   Post Evacuate Collection Set: 1.4ms
[2024-04-05T13:31:42.816+0300][298.586s][info][gc,phases   ] GC(131)   Other: 0.0ms
[2024-04-05T13:31:42.816+0300][298.586s][info][gc,heap     ] GC(131) Eden regions: 142->0(141)
[2024-04-05T13:31:42.816+0300][298.586s][info][gc,heap     ] GC(131) Survivor regions: 7->10(19)
[2024-04-05T13:31:42.816+0300][298.586s][info][gc,heap     ] GC(131) Old regions: 599->599
[2024-04-05T13:31:42.816+0300][298.586s][info][gc,heap     ] GC(131) Archive regions: 2->2
[2024-04-05T13:31:42.816+0300][298.586s][info][gc,heap     ] GC(131) Humongous regions: 33->33
[2024-04-05T13:31:42.816+0300][298.586s][info][gc,metaspace] GC(131) Metaspace: 418903K(429568K)->418903K(429568K) NonClass: 367853K(373312K)->367853K(373312K) Class: 51050K(56256K)->51050K(56256K)
[2024-04-05T13:31:42.817+0300][298.586s][info][gc          ] GC(131) Pause Young (Concurrent Start) (G1 Evacuation Pause) 780M->641M(1024M) 7.896ms
[2024-04-05T13:31:42.817+0300][298.586s][info][gc,cpu      ] GC(131) User=0.04s Sys=0.00s Real=0.01s
[2024-04-05T13:31:42.817+0300][298.586s][info][gc          ] GC(132) Concurrent Mark Cycle
[2024-04-05T13:31:42.817+0300][298.586s][info][gc,marking  ] GC(132) Concurrent Clear Claimed Marks
[2024-04-05T13:31:42.818+0300][298.588s][info][gc,marking  ] GC(132) Concurrent Clear Claimed Marks 1.219ms
[2024-04-05T13:31:42.818+0300][298.588s][info][gc,marking  ] GC(132) Concurrent Scan Root Regions
[2024-04-05T13:31:42.826+0300][298.595s][info][gc,marking  ] GC(132) Concurrent Scan Root Regions 7.873ms
[2024-04-05T13:31:42.826+0300][298.596s][info][gc,marking  ] GC(132) Concurrent Mark
[2024-04-05T13:31:42.826+0300][298.596s][info][gc,marking  ] GC(132) Concurrent Mark From Roots
[2024-04-05T13:31:42.826+0300][298.596s][info][gc,task     ] GC(132) Using 2 workers of 2 for marking
[2024-04-05T13:31:43.186+0300][298.956s][info][gc,marking  ] GC(132) Concurrent Mark From Roots 360.462ms
[2024-04-05T13:31:43.186+0300][298.956s][info][gc,marking  ] GC(132) Concurrent Preclean
[2024-04-05T13:31:43.187+0300][298.957s][info][gc,marking  ] GC(132) Concurrent Preclean 0.796ms
[2024-04-05T13:31:43.188+0300][298.957s][info][gc,start    ] GC(132) Pause Remark
[2024-04-05T13:31:43.202+0300][298.972s][info][gc          ] GC(132) Pause Remark 699M->696M(1024M) 14.907ms
[2024-04-05T13:31:43.203+0300][298.972s][info][gc,cpu      ] GC(132) User=0.04s Sys=0.00s Real=0.02s
[2024-04-05T13:31:43.203+0300][298.973s][info][gc,marking  ] GC(132) Concurrent Mark 376.960ms
[2024-04-05T13:31:43.203+0300][298.973s][info][gc,marking  ] GC(132) Concurrent Rebuild Remembered Sets
[2024-04-05T13:31:43.395+0300][299.164s][info][gc,start    ] GC(133) Pause Young (Normal) (G1 Evacuation Pause)
[2024-04-05T13:31:43.395+0300][299.164s][info][gc,task     ] GC(133) Using 6 workers of 6 for evacuation
[2024-04-05T13:31:43.406+0300][299.176s][info][gc,phases   ] GC(133)   Pre Evacuate Collection Set: 0.2ms
[2024-04-05T13:31:43.406+0300][299.176s][info][gc,phases   ] GC(133)   Merge Heap Roots: 0.2ms
[2024-04-05T13:31:43.406+0300][299.176s][info][gc,phases   ] GC(133)   Evacuate Collection Set: 9.4ms
[2024-04-05T13:31:43.406+0300][299.176s][info][gc,phases   ] GC(133)   Post Evacuate Collection Set: 1.5ms
[2024-04-05T13:31:43.406+0300][299.176s][info][gc,phases   ] GC(133)   Other: 0.1ms
[2024-04-05T13:31:43.406+0300][299.176s][info][gc,heap     ] GC(133) Eden regions: 141->0(137)
[2024-04-05T13:31:43.406+0300][299.176s][info][gc,heap     ] GC(133) Survivor regions: 10->16(19)
[2024-04-05T13:31:43.406+0300][299.176s][info][gc,heap     ] GC(133) Old regions: 598->598
[2024-04-05T13:31:43.406+0300][299.176s][info][gc,heap     ] GC(133) Archive regions: 2->2
[2024-04-05T13:31:43.406+0300][299.176s][info][gc,heap     ] GC(133) Humongous regions: 31->31
[2024-04-05T13:31:43.406+0300][299.176s][info][gc,metaspace] GC(133) Metaspace: 418910K(429568K)->418910K(429568K) NonClass: 367859K(373312K)->367859K(373312K) Class: 51050K(56256K)->51050K(56256K)
[2024-04-05T13:31:43.406+0300][299.176s][info][gc          ] GC(133) Pause Young (Normal) (G1 Evacuation Pause) 779M->645M(1024M) 11.590ms
[2024-04-05T13:31:43.406+0300][299.176s][info][gc,cpu      ] GC(133) User=0.04s Sys=0.00s Real=0.01s
[2024-04-05T13:31:43.576+0300][299.346s][info][gc,marking  ] GC(132) Concurrent Rebuild Remembered Sets 373.060ms
[2024-04-05T13:31:43.576+0300][299.346s][info][gc,start    ] GC(132) Pause Cleanup
[2024-04-05T13:31:43.576+0300][299.346s][info][gc          ] GC(132) Pause Cleanup 720M->720M(1024M) 0.326ms
[2024-04-05T13:31:43.577+0300][299.346s][info][gc,cpu      ] GC(132) User=0.00s Sys=0.00s Real=0.00s
[2024-04-05T13:31:43.577+0300][299.346s][info][gc,marking  ] GC(132) Concurrent Cleanup for Next Mark
[2024-04-05T13:31:43.578+0300][299.347s][info][gc,marking  ] GC(132) Concurrent Cleanup for Next Mark 1.185ms
[2024-04-05T13:31:43.578+0300][299.347s][info][gc          ] GC(132) Concurrent Mark Cycle 761.088ms
[2024-04-05T13:31:43.882+0300][299.651s][info][gc,start    ] GC(134) Pause Young (Prepare Mixed) (G1 Evacuation Pause)
[2024-04-05T13:31:43.882+0300][299.651s][info][gc,task     ] GC(134) Using 6 workers of 6 for evacuation
[2024-04-05T13:31:43.892+0300][299.662s][info][gc,phases   ] GC(134)   Pre Evacuate Collection Set: 0.2ms
[2024-04-05T13:31:43.892+0300][299.662s][info][gc,phases   ] GC(134)   Merge Heap Roots: 0.2ms
[2024-04-05T13:31:43.892+0300][299.662s][info][gc,phases   ] GC(134)   Evacuate Collection Set: 8.3ms
[2024-04-05T13:31:43.892+0300][299.662s][info][gc,phases   ] GC(134)   Post Evacuate Collection Set: 2.0ms
[2024-04-05T13:31:43.892+0300][299.662s][info][gc,phases   ] GC(134)   Other: 0.1ms
[2024-04-05T13:31:43.892+0300][299.662s][info][gc,heap     ] GC(134) Eden regions: 137->0(45)
[2024-04-05T13:31:43.892+0300][299.662s][info][gc,heap     ] GC(134) Survivor regions: 16->6(20)
[2024-04-05T13:31:43.892+0300][299.662s][info][gc,heap     ] GC(134) Old regions: 598->608
[2024-04-05T13:31:43.892+0300][299.662s][info][gc,heap     ] GC(134) Archive regions: 2->2
[2024-04-05T13:31:43.892+0300][299.662s][info][gc,heap     ] GC(134) Humongous regions: 31->31
[2024-04-05T13:31:43.892+0300][299.662s][info][gc,metaspace] GC(134) Metaspace: 418913K(429568K)->418913K(429568K) NonClass: 367862K(373312K)->367862K(373312K) Class: 51050K(56256K)->51050K(56256K)
[2024-04-05T13:31:43.893+0300][299.662s][info][gc          ] GC(134) Pause Young (Prepare Mixed) (G1 Evacuation Pause) 782M->645M(1024M) 10.986ms
[2024-04-05T13:31:43.893+0300][299.662s][info][gc,cpu      ] GC(134) User=0.06s Sys=0.00s Real=0.01s
[2024-04-05T13:31:44.011+0300][299.780s][info][gc,start    ] GC(135) Pause Young (Mixed) (G1 Evacuation Pause)
[2024-04-05T13:31:44.011+0300][299.780s][info][gc,task     ] GC(135) Using 6 workers of 6 for evacuation
[2024-04-05T13:31:44.024+0300][299.793s][info][gc,phases   ] GC(135)   Pre Evacuate Collection Set: 0.3ms
[2024-04-05T13:31:44.024+0300][299.793s][info][gc,phases   ] GC(135)   Merge Heap Roots: 0.2ms
[2024-04-05T13:31:44.024+0300][299.793s][info][gc,phases   ] GC(135)   Evacuate Collection Set: 8.8ms
[2024-04-05T13:31:44.024+0300][299.793s][info][gc,phases   ] GC(135)   Post Evacuate Collection Set: 3.6ms
[2024-04-05T13:31:44.024+0300][299.793s][info][gc,phases   ] GC(135)   Other: 0.1ms
[2024-04-05T13:31:44.024+0300][299.793s][info][gc,heap     ] GC(135) Eden regions: 45->0(151)
[2024-04-05T13:31:44.024+0300][299.793s][info][gc,heap     ] GC(135) Survivor regions: 6->6(7)
[2024-04-05T13:31:44.024+0300][299.793s][info][gc,heap     ] GC(135) Old regions: 608->596
[2024-04-05T13:31:44.024+0300][299.793s][info][gc,heap     ] GC(135) Archive regions: 2->2
[2024-04-05T13:31:44.024+0300][299.793s][info][gc,heap     ] GC(135) Humongous regions: 31->31
[2024-04-05T13:31:44.024+0300][299.793s][info][gc,metaspace] GC(135) Metaspace: 418913K(429568K)->418913K(429568K) NonClass: 367862K(373312K)->367862K(373312K) Class: 51050K(56256K)->51050K(56256K)
[2024-04-05T13:31:44.024+0300][299.793s][info][gc          ] GC(135) Pause Young (Mixed) (G1 Evacuation Pause) 690M->632M(1024M) 13.208ms
[2024-04-05T13:31:44.024+0300][299.793s][info][gc,cpu      ] GC(135) User=0.05s Sys=0.00s Real=0.01s
[2024-04-05T13:31:44.585+0300][300.355s][info][gc,start    ] GC(136) Pause Young (Normal) (G1 Evacuation Pause)
[2024-04-05T13:31:44.585+0300][300.355s][info][gc,task     ] GC(136) Using 6 workers of 6 for evacuation
[2024-04-05T13:31:44.595+0300][300.364s][info][gc,phases   ] GC(136)   Pre Evacuate Collection Set: 0.2ms
[2024-04-05T13:31:44.595+0300][300.364s][info][gc,phases   ] GC(136)   Merge Heap Roots: 0.2ms
[2024-04-05T13:31:44.595+0300][300.364s][info][gc,phases   ] GC(136)   Evacuate Collection Set: 7.5ms
[2024-04-05T13:31:44.595+0300][300.364s][info][gc,phases   ] GC(136)   Post Evacuate Collection Set: 1.6ms
[2024-04-05T13:31:44.595+0300][300.364s][info][gc,phases   ] GC(136)   Other: 0.1ms
[2024-04-05T13:31:44.595+0300][300.364s][info][gc,heap     ] GC(136) Eden regions: 151->0(147)
[2024-04-05T13:31:44.595+0300][300.364s][info][gc,heap     ] GC(136) Survivor regions: 6->12(20)
[2024-04-05T13:31:44.595+0300][300.364s][info][gc,heap     ] GC(136) Old regions: 596->596
[2024-04-05T13:31:44.595+0300][300.364s][info][gc,heap     ] GC(136) Archive regions: 2->2
[2024-04-05T13:31:44.595+0300][300.364s][info][gc,heap     ] GC(136) Humongous regions: 31->31
[2024-04-05T13:31:44.595+0300][300.364s][info][gc,metaspace] GC(136) Metaspace: 418913K(429568K)->418913K(429568K) NonClass: 367862K(373312K)->367862K(373312K) Class: 51050K(56256K)->51050K(56256K)
[2024-04-05T13:31:44.595+0300][300.364s][info][gc          ] GC(136) Pause Young (Normal) (G1 Evacuation Pause) 783M->639M(1024M) 9.650ms
[2024-04-05T13:31:44.595+0300][300.364s][info][gc,cpu      ] GC(136) User=0.04s Sys=0.00s Real=0.01s
[2024-04-05T13:31:45.181+0300][300.950s][info][gc,start    ] GC(137) Pause Young (Normal) (G1 Evacuation Pause)
[2024-04-05T13:31:45.181+0300][300.950s][info][gc,task     ] GC(137) Using 6 workers of 6 for evacuation
[2024-04-05T13:31:45.193+0300][300.962s][info][gc,phases   ] GC(137)   Pre Evacuate Collection Set: 1.1ms
[2024-04-05T13:31:45.193+0300][300.962s][info][gc,phases   ] GC(137)   Merge Heap Roots: 0.3ms
[2024-04-05T13:31:45.193+0300][300.962s][info][gc,phases   ] GC(137)   Evacuate Collection Set: 8.1ms
[2024-04-05T13:31:45.193+0300][300.962s][info][gc,phases   ] GC(137)   Post Evacuate Collection Set: 2.5ms
[2024-04-05T13:31:45.193+0300][300.962s][info][gc,phases   ] GC(137)   Other: 0.1ms
[2024-04-05T13:31:45.193+0300][300.962s][info][gc,heap     ] GC(137) Eden regions: 147->0(146)
[2024-04-05T13:31:45.193+0300][300.962s][info][gc,heap     ] GC(137) Survivor regions: 12->10(20)
[2024-04-05T13:31:45.193+0300][300.962s][info][gc,heap     ] GC(137) Old regions: 596->601
[2024-04-05T13:31:45.193+0300][300.962s][info][gc,heap     ] GC(137) Archive regions: 2->2
[2024-04-05T13:31:45.193+0300][300.962s][info][gc,heap     ] GC(137) Humongous regions: 31->31
[2024-04-05T13:31:45.193+0300][300.962s][info][gc,metaspace] GC(137) Metaspace: 418922K(429568K)->418922K(429568K) NonClass: 367872K(373312K)->367872K(373312K) Class: 51050K(56256K)->51050K(56256K)
[2024-04-05T13:31:45.193+0300][300.962s][info][gc          ] GC(137) Pause Young (Normal) (G1 Evacuation Pause) 786M->642M(1024M) 12.149ms
[2024-04-05T13:31:45.193+0300][300.962s][info][gc,cpu      ] GC(137) User=0.05s Sys=0.00s Real=0.01s
[2024-04-05T13:31:45.515+0300][301.284s][info][gc,start    ] GC(138) Pause Young (Concurrent Start) (G1 Evacuation Pause)
[2024-04-05T13:31:45.515+0300][301.285s][info][gc,task     ] GC(138) Using 6 workers of 6 for evacuation
[2024-04-05T13:31:45.528+0300][301.298s][info][gc,phases   ] GC(138)   Pre Evacuate Collection Set: 1.1ms
[2024-04-05T13:31:45.528+0300][301.298s][info][gc,phases   ] GC(138)   Merge Heap Roots: 0.2ms
[2024-04-05T13:31:45.528+0300][301.298s][info][gc,phases   ] GC(138)   Evacuate Collection Set: 10.0ms
[2024-04-05T13:31:45.528+0300][301.298s][info][gc,phases   ] GC(138)   Post Evacuate Collection Set: 1.7ms
[2024-04-05T13:31:45.528+0300][301.298s][info][gc,phases   ] GC(138)   Other: 0.2ms
[2024-04-05T13:31:45.528+0300][301.298s][info][gc,heap     ] GC(138) Eden regions: 146->0(137)
[2024-04-05T13:31:45.528+0300][301.298s][info][gc,heap     ] GC(138) Survivor regions: 10->19(20)
[2024-04-05T13:31:45.528+0300][301.298s][info][gc,heap     ] GC(138) Old regions: 601->601
[2024-04-05T13:31:45.528+0300][301.298s][info][gc,heap     ] GC(138) Archive regions: 2->2
[2024-04-05T13:31:45.528+0300][301.298s][info][gc,heap     ] GC(138) Humongous regions: 31->31
[2024-04-05T13:31:45.528+0300][301.298s][info][gc,metaspace] GC(138) Metaspace: 418922K(429568K)->418922K(429568K) NonClass: 367872K(373312K)->367872K(373312K) Class: 51050K(56256K)->51050K(56256K)
[2024-04-05T13:31:45.528+0300][301.298s][info][gc          ] GC(138) Pause Young (Concurrent Start) (G1 Evacuation Pause) 788M->650M(1024M) 13.337ms
[2024-04-05T13:31:45.528+0300][301.298s][info][gc          ] GC(139) Concurrent Mark Cycle
[2024-04-05T13:31:45.528+0300][301.298s][info][gc,marking  ] GC(139) Concurrent Clear Claimed Marks
[2024-04-05T13:31:45.528+0300][301.298s][info][gc,cpu      ] GC(138) User=0.04s Sys=0.01s Real=0.01s
[2024-04-05T13:31:45.529+0300][301.299s][info][gc,marking  ] GC(139) Concurrent Clear Claimed Marks 0.987ms
[2024-04-05T13:31:45.529+0300][301.299s][info][gc,marking  ] GC(139) Concurrent Scan Root Regions
[2024-04-05T13:31:45.536+0300][301.305s][info][gc,marking  ] GC(139) Concurrent Scan Root Regions 6.349ms
[2024-04-05T13:31:45.536+0300][301.305s][info][gc,marking  ] GC(139) Concurrent Mark
[2024-04-05T13:31:45.536+0300][301.305s][info][gc,marking  ] GC(139) Concurrent Mark From Roots
[2024-04-05T13:31:45.536+0300][301.305s][info][gc,task     ] GC(139) Using 2 workers of 2 for marking
[2024-04-05T13:31:45.902+0300][301.672s][info][gc,marking  ] GC(139) Concurrent Mark From Roots 366.291ms
[2024-04-05T13:31:45.902+0300][301.672s][info][gc,marking  ] GC(139) Concurrent Preclean
[2024-04-05T13:31:45.903+0300][301.673s][info][gc,marking  ] GC(139) Concurrent Preclean 1.349ms
[2024-04-05T13:31:45.904+0300][301.673s][info][gc,start    ] GC(139) Pause Remark
[2024-04-05T13:31:45.919+0300][301.689s][info][gc          ] GC(139) Pause Remark 722M->722M(1024M) 15.599ms
[2024-04-05T13:31:45.919+0300][301.689s][info][gc,cpu      ] GC(139) User=0.04s Sys=0.00s Real=0.02s
[2024-04-05T13:31:45.920+0300][301.689s][info][gc,marking  ] GC(139) Concurrent Mark 383.920ms
[2024-04-05T13:31:45.920+0300][301.689s][info][gc,marking  ] GC(139) Concurrent Rebuild Remembered Sets
[2024-04-05T13:31:46.102+0300][301.872s][info][gc,start    ] GC(140) Pause Young (Normal) (G1 Evacuation Pause)
[2024-04-05T13:31:46.102+0300][301.872s][info][gc,task     ] GC(140) Using 6 workers of 6 for evacuation
[2024-04-05T13:31:46.116+0300][301.886s][info][gc,phases   ] GC(140)   Pre Evacuate Collection Set: 0.2ms
[2024-04-05T13:31:46.116+0300][301.886s][info][gc,phases   ] GC(140)   Merge Heap Roots: 0.3ms
[2024-04-05T13:31:46.116+0300][301.886s][info][gc,phases   ] GC(140)   Evacuate Collection Set: 11.2ms
[2024-04-05T13:31:46.116+0300][301.886s][info][gc,phases   ] GC(140)   Post Evacuate Collection Set: 2.3ms
[2024-04-05T13:31:46.116+0300][301.886s][info][gc,phases   ] GC(140)   Other: 0.1ms
[2024-04-05T13:31:46.116+0300][301.886s][info][gc,heap     ] GC(140) Eden regions: 137->0(131)
[2024-04-05T13:31:46.116+0300][301.886s][info][gc,heap     ] GC(140) Survivor regions: 19->14(20)
[2024-04-05T13:31:46.116+0300][301.886s][info][gc,heap     ] GC(140) Old regions: 601->609
[2024-04-05T13:31:46.116+0300][301.886s][info][gc,heap     ] GC(140) Archive regions: 2->2
[2024-04-05T13:31:46.116+0300][301.886s][info][gc,heap     ] GC(140) Humongous regions: 31->31
[2024-04-05T13:31:46.116+0300][301.886s][info][gc,metaspace] GC(140) Metaspace: 418922K(429568K)->418922K(429568K) NonClass: 367872K(373312K)->367872K(373312K) Class: 51050K(56256K)->51050K(56256K)
[2024-04-05T13:31:46.116+0300][301.886s][info][gc          ] GC(140) Pause Young (Normal) (G1 Evacuation Pause) 787M->654M(1024M) 14.264ms
[2024-04-05T13:31:46.116+0300][301.886s][info][gc,cpu      ] GC(140) User=0.06s Sys=0.01s Real=0.01s
[2024-04-05T13:31:46.348+0300][302.118s][info][gc,marking  ] GC(139) Concurrent Rebuild Remembered Sets 428.659ms
[2024-04-05T13:31:46.348+0300][302.118s][info][gc,start    ] GC(139) Pause Cleanup
[2024-04-05T13:31:46.349+0300][302.119s][info][gc          ] GC(139) Pause Cleanup 734M->734M(1024M) 0.382ms
[2024-04-05T13:31:46.349+0300][302.119s][info][gc,cpu      ] GC(139) User=0.00s Sys=0.00s Real=0.00s
[2024-04-05T13:31:46.349+0300][302.119s][info][gc,marking  ] GC(139) Concurrent Cleanup for Next Mark
[2024-04-05T13:31:46.350+0300][302.120s][info][gc,marking  ] GC(139) Concurrent Cleanup for Next Mark 1.111ms
[2024-04-05T13:31:46.350+0300][302.120s][info][gc          ] GC(139) Concurrent Mark Cycle 821.925ms
[2024-04-05T13:31:46.617+0300][302.387s][info][gc,start    ] GC(141) Pause Young (Prepare Mixed) (G1 Evacuation Pause)
[2024-04-05T13:31:46.617+0300][302.387s][info][gc,task     ] GC(141) Using 6 workers of 6 for evacuation
[2024-04-05T13:31:46.631+0300][302.401s][info][gc,phases   ] GC(141)   Pre Evacuate Collection Set: 0.4ms
[2024-04-05T13:31:46.631+0300][302.401s][info][gc,phases   ] GC(141)   Merge Heap Roots: 0.4ms
[2024-04-05T13:31:46.631+0300][302.401s][info][gc,phases   ] GC(141)   Evacuate Collection Set: 10.7ms
[2024-04-05T13:31:46.631+0300][302.401s][info][gc,phases   ] GC(141)   Post Evacuate Collection Set: 2.2ms
[2024-04-05T13:31:46.631+0300][302.401s][info][gc,phases   ] GC(141)   Other: 0.1ms
[2024-04-05T13:31:46.631+0300][302.401s][info][gc,heap     ] GC(141) Eden regions: 131->0(45)
[2024-04-05T13:31:46.631+0300][302.401s][info][gc,heap     ] GC(141) Survivor regions: 14->6(19)
[2024-04-05T13:31:46.631+0300][302.401s][info][gc,heap     ] GC(141) Old regions: 609->615
[2024-04-05T13:31:46.631+0300][302.401s][info][gc,heap     ] GC(141) Archive regions: 2->2
[2024-04-05T13:31:46.631+0300][302.401s][info][gc,heap     ] GC(141) Humongous regions: 31->31
[2024-04-05T13:31:46.631+0300][302.401s][info][gc,metaspace] GC(141) Metaspace: 418927K(429568K)->418927K(429568K) NonClass: 367876K(373312K)->367876K(373312K) Class: 51050K(56256K)->51050K(56256K)
[2024-04-05T13:31:46.631+0300][302.401s][info][gc          ] GC(141) Pause Young (Prepare Mixed) (G1 Evacuation Pause) 785M->652M(1024M) 13.886ms
[2024-04-05T13:31:46.631+0300][302.401s][info][gc,cpu      ] GC(141) User=0.05s Sys=0.00s Real=0.02s
[2024-04-05T13:31:46.784+0300][302.553s][info][gc,start    ] GC(142) Pause Young (Mixed) (G1 Evacuation Pause)
[2024-04-05T13:31:46.784+0300][302.553s][info][gc,task     ] GC(142) Using 6 workers of 6 for evacuation
[2024-04-05T13:31:46.801+0300][302.571s][info][gc,phases   ] GC(142)   Pre Evacuate Collection Set: 0.1ms
[2024-04-05T13:31:46.801+0300][302.571s][info][gc,phases   ] GC(142)   Merge Heap Roots: 0.2ms
[2024-04-05T13:31:46.801+0300][302.571s][info][gc,phases   ] GC(142)   Evacuate Collection Set: 14.5ms
[2024-04-05T13:31:46.801+0300][302.571s][info][gc,phases   ] GC(142)   Post Evacuate Collection Set: 2.7ms
[2024-04-05T13:31:46.801+0300][302.571s][info][gc,phases   ] GC(142)   Other: 0.1ms
[2024-04-05T13:31:46.801+0300][302.571s][info][gc,heap     ] GC(142) Eden regions: 45->0(138)
[2024-04-05T13:31:46.801+0300][302.571s][info][gc,heap     ] GC(142) Survivor regions: 6->5(7)
[2024-04-05T13:31:46.801+0300][302.571s][info][gc,heap     ] GC(142) Old regions: 615->612
[2024-04-05T13:31:46.801+0300][302.571s][info][gc,heap     ] GC(142) Archive regions: 2->2
[2024-04-05T13:31:46.801+0300][302.571s][info][gc,heap     ] GC(142) Humongous regions: 31->31
[2024-04-05T13:31:46.801+0300][302.571s][info][gc,metaspace] GC(142) Metaspace: 418927K(429568K)->418927K(429568K) NonClass: 367876K(373312K)->367876K(373312K) Class: 51050K(56256K)->51050K(56256K)
[2024-04-05T13:31:46.801+0300][302.571s][info][gc          ] GC(142) Pause Young (Mixed) (G1 Evacuation Pause) 697M->648M(1024M) 17.743ms
[2024-04-05T13:31:46.801+0300][302.571s][info][gc,cpu      ] GC(142) User=0.08s Sys=0.00s Real=0.02s
[2024-04-05T13:31:47.264+0300][303.034s][info][gc,start    ] GC(143) Pause Young (Normal) (G1 Evacuation Pause)
[2024-04-05T13:31:47.264+0300][303.034s][info][gc,task     ] GC(143) Using 6 workers of 6 for evacuation
[2024-04-05T13:31:47.273+0300][303.043s][info][gc,phases   ] GC(143)   Pre Evacuate Collection Set: 0.4ms
[2024-04-05T13:31:47.273+0300][303.043s][info][gc,phases   ] GC(143)   Merge Heap Roots: 0.3ms
[2024-04-05T13:31:47.273+0300][303.043s][info][gc,phases   ] GC(143)   Evacuate Collection Set: 6.4ms
[2024-04-05T13:31:47.273+0300][303.043s][info][gc,phases   ] GC(143)   Post Evacuate Collection Set: 1.7ms
[2024-04-05T13:31:47.273+0300][303.043s][info][gc,phases   ] GC(143)   Other: 0.1ms
[2024-04-05T13:31:47.273+0300][303.043s][info][gc,heap     ] GC(143) Eden regions: 138->0(132)
[2024-04-05T13:31:47.273+0300][303.043s][info][gc,heap     ] GC(143) Survivor regions: 5->12(18)
[2024-04-05T13:31:47.273+0300][303.043s][info][gc,heap     ] GC(143) Old regions: 612->612
[2024-04-05T13:31:47.273+0300][303.043s][info][gc,heap     ] GC(143) Archive regions: 2->2
[2024-04-05T13:31:47.273+0300][303.043s][info][gc,heap     ] GC(143) Humongous regions: 31->31
[2024-04-05T13:31:47.273+0300][303.043s][info][gc,metaspace] GC(143) Metaspace: 418927K(429568K)->418927K(429568K) NonClass: 367876K(373312K)->367876K(373312K) Class: 51050K(56256K)->51050K(56256K)
[2024-04-05T13:31:47.273+0300][303.043s][info][gc          ] GC(143) Pause Young (Normal) (G1 Evacuation Pause) 786M->654M(1024M) 8.946ms
[2024-04-05T13:31:47.273+0300][303.043s][info][gc,cpu      ] GC(143) User=0.04s Sys=0.00s Real=0.01s
[2024-04-05T13:31:47.590+0300][303.360s][info][gc,start    ] GC(144) Pause Young (Normal) (G1 Evacuation Pause)
[2024-04-05T13:31:47.590+0300][303.360s][info][gc,task     ] GC(144) Using 6 workers of 6 for evacuation
[2024-04-05T13:31:47.601+0300][303.371s][info][gc,phases   ] GC(144)   Pre Evacuate Collection Set: 0.3ms
[2024-04-05T13:31:47.601+0300][303.371s][info][gc,phases   ] GC(144)   Merge Heap Roots: 0.2ms
[2024-04-05T13:31:47.601+0300][303.371s][info][gc,phases   ] GC(144)   Evacuate Collection Set: 7.8ms
[2024-04-05T13:31:47.601+0300][303.371s][info][gc,phases   ] GC(144)   Post Evacuate Collection Set: 2.4ms
[2024-04-05T13:31:47.601+0300][303.371s][info][gc,phases   ] GC(144)   Other: 0.1ms
[2024-04-05T13:31:47.601+0300][303.371s][info][gc,heap     ] GC(144) Eden regions: 132->0(126)
[2024-04-05T13:31:47.601+0300][303.371s][info][gc,heap     ] GC(144) Survivor regions: 12->16(18)
[2024-04-05T13:31:47.601+0300][303.371s][info][gc,heap     ] GC(144) Old regions: 612->616
[2024-04-05T13:31:47.601+0300][303.371s][info][gc,heap     ] GC(144) Archive regions: 2->2
[2024-04-05T13:31:47.601+0300][303.371s][info][gc,heap     ] GC(144) Humongous regions: 31->31
[2024-04-05T13:31:47.601+0300][303.371s][info][gc,metaspace] GC(144) Metaspace: 418927K(429568K)->418927K(429568K) NonClass: 367876K(373312K)->367876K(373312K) Class: 51050K(56256K)->51050K(56256K)
[2024-04-05T13:31:47.601+0300][303.371s][info][gc          ] GC(144) Pause Young (Normal) (G1 Evacuation Pause) 786M->663M(1024M) 10.904ms
[2024-04-05T13:31:47.601+0300][303.371s][info][gc,cpu      ] GC(144) User=0.04s Sys=0.00s Real=0.01s
[2024-04-05T13:31:48.071+0300][303.840s][info][gc,start    ] GC(145) Pause Young (Concurrent Start) (G1 Evacuation Pause)
[2024-04-05T13:31:48.071+0300][303.840s][info][gc,task     ] GC(145) Using 6 workers of 6 for evacuation
[2024-04-05T13:31:48.085+0300][303.855s][info][gc,phases   ] GC(145)   Pre Evacuate Collection Set: 1.8ms
[2024-04-05T13:31:48.085+0300][303.855s][info][gc,phases   ] GC(145)   Merge Heap Roots: 0.2ms
[2024-04-05T13:31:48.085+0300][303.855s][info][gc,phases   ] GC(145)   Evacuate Collection Set: 10.2ms
[2024-04-05T13:31:48.085+0300][303.855s][info][gc,phases   ] GC(145)   Post Evacuate Collection Set: 2.1ms
[2024-04-05T13:31:48.085+0300][303.855s][info][gc,phases   ] GC(145)   Other: 0.3ms
[2024-04-05T13:31:48.085+0300][303.855s][info][gc,heap     ] GC(145) Eden regions: 126->0(123)
[2024-04-05T13:31:48.085+0300][303.855s][info][gc,heap     ] GC(145) Survivor regions: 16->12(18)
[2024-04-05T13:31:48.085+0300][303.855s][info][gc,heap     ] GC(145) Old regions: 616->622
[2024-04-05T13:31:48.085+0300][303.855s][info][gc,heap     ] GC(145) Archive regions: 2->2
[2024-04-05T13:31:48.085+0300][303.855s][info][gc,heap     ] GC(145) Humongous regions: 31->31
[2024-04-05T13:31:48.085+0300][303.855s][info][gc,metaspace] GC(145) Metaspace: 418927K(429568K)->418927K(429568K) NonClass: 367876K(373312K)->367876K(373312K) Class: 51050K(56256K)->51050K(56256K)
[2024-04-05T13:31:48.085+0300][303.855s][info][gc          ] GC(145) Pause Young (Concurrent Start) (G1 Evacuation Pause) 789M->665M(1024M) 14.798ms
[2024-04-05T13:31:48.085+0300][303.855s][info][gc,cpu      ] GC(145) User=0.06s Sys=0.00s Real=0.01s
[2024-04-05T13:31:48.085+0300][303.855s][info][gc          ] GC(146) Concurrent Mark Cycle
[2024-04-05T13:31:48.086+0300][303.855s][info][gc,marking  ] GC(146) Concurrent Clear Claimed Marks
[2024-04-05T13:31:48.087+0300][303.857s][info][gc,marking  ] GC(146) Concurrent Clear Claimed Marks 1.486ms
[2024-04-05T13:31:48.087+0300][303.857s][info][gc,marking  ] GC(146) Concurrent Scan Root Regions
[2024-04-05T13:31:48.094+0300][303.864s][info][gc,marking  ] GC(146) Concurrent Scan Root Regions 7.301ms
[2024-04-05T13:31:48.094+0300][303.864s][info][gc,marking  ] GC(146) Concurrent Mark
[2024-04-05T13:31:48.094+0300][303.864s][info][gc,marking  ] GC(146) Concurrent Mark From Roots
[2024-04-05T13:31:48.094+0300][303.864s][info][gc,task     ] GC(146) Using 2 workers of 2 for marking
[2024-04-05T13:31:48.504+0300][304.274s][info][gc,marking  ] GC(146) Concurrent Mark From Roots 409.847ms
[2024-04-05T13:31:48.504+0300][304.274s][info][gc,marking  ] GC(146) Concurrent Preclean
[2024-04-05T13:31:48.505+0300][304.275s][info][gc,marking  ] GC(146) Concurrent Preclean 1.203ms
[2024-04-05T13:31:48.507+0300][304.277s][info][gc,start    ] GC(146) Pause Remark
[2024-04-05T13:31:48.522+0300][304.292s][info][gc          ] GC(146) Pause Remark 754M->754M(1024M) 14.764ms
[2024-04-05T13:31:48.522+0300][304.292s][info][gc,cpu      ] GC(146) User=0.03s Sys=0.00s Real=0.02s
[2024-04-05T13:31:48.522+0300][304.292s][info][gc,marking  ] GC(146) Concurrent Mark 427.746ms
[2024-04-05T13:31:48.522+0300][304.292s][info][gc,marking  ] GC(146) Concurrent Rebuild Remembered Sets
[2024-04-05T13:31:48.697+0300][304.466s][info][gc,start    ] GC(147) Pause Young (Normal) (G1 Evacuation Pause)
[2024-04-05T13:31:48.697+0300][304.466s][info][gc,task     ] GC(147) Using 6 workers of 6 for evacuation
[2024-04-05T13:31:48.707+0300][304.476s][info][gc,phases   ] GC(147)   Pre Evacuate Collection Set: 0.2ms
[2024-04-05T13:31:48.707+0300][304.476s][info][gc,phases   ] GC(147)   Merge Heap Roots: 0.2ms
[2024-04-05T13:31:48.707+0300][304.476s][info][gc,phases   ] GC(147)   Evacuate Collection Set: 7.5ms
[2024-04-05T13:31:48.707+0300][304.476s][info][gc,phases   ] GC(147)   Post Evacuate Collection Set: 1.9ms
[2024-04-05T13:31:48.707+0300][304.476s][info][gc,phases   ] GC(147)   Other: 0.1ms
[2024-04-05T13:31:48.707+0300][304.476s][info][gc,heap     ] GC(147) Eden regions: 123->0(124)
[2024-04-05T13:31:48.707+0300][304.476s][info][gc,heap     ] GC(147) Survivor regions: 12->5(17)
[2024-04-05T13:31:48.707+0300][304.476s][info][gc,heap     ] GC(147) Old regions: 622->627
[2024-04-05T13:31:48.707+0300][304.476s][info][gc,heap     ] GC(147) Archive regions: 2->2
[2024-04-05T13:31:48.707+0300][304.476s][info][gc,heap     ] GC(147) Humongous regions: 35->35
[2024-04-05T13:31:48.707+0300][304.476s][info][gc,metaspace] GC(147) Metaspace: 419047K(429696K)->419047K(429696K) NonClass: 367977K(373440K)->367977K(373440K) Class: 51070K(56256K)->51070K(56256K)
[2024-04-05T13:31:48.707+0300][304.476s][info][gc          ] GC(147) Pause Young (Normal) (G1 Evacuation Pause) 792M->667M(1024M) 10.003ms
[2024-04-05T13:31:48.707+0300][304.476s][info][gc,cpu      ] GC(147) User=0.05s Sys=0.00s Real=0.01s
[2024-04-05T13:31:48.934+0300][304.704s][info][gc,marking  ] GC(146) Concurrent Rebuild Remembered Sets 411.905ms
[2024-04-05T13:31:48.934+0300][304.704s][info][gc,start    ] GC(146) Pause Cleanup
[2024-04-05T13:31:48.935+0300][304.704s][info][gc          ] GC(146) Pause Cleanup 668M->668M(1024M) 0.431ms
[2024-04-05T13:31:48.935+0300][304.704s][info][gc,cpu      ] GC(146) User=0.00s Sys=0.00s Real=0.00s
[2024-04-05T13:31:48.935+0300][304.705s][info][gc,marking  ] GC(146) Concurrent Cleanup for Next Mark
[2024-04-05T13:31:48.936+0300][304.706s][info][gc,marking  ] GC(146) Concurrent Cleanup for Next Mark 1.367ms
[2024-04-05T13:31:48.936+0300][304.706s][info][gc          ] GC(146) Concurrent Mark Cycle 850.821ms
[2024-04-05T13:32:18.191+0300][333.961s][info][gc,start    ] GC(148) Pause Young (Prepare Mixed) (G1 Evacuation Pause)
[2024-04-05T13:32:18.191+0300][333.961s][info][gc,task     ] GC(148) Using 6 workers of 6 for evacuation
[2024-04-05T13:32:18.209+0300][333.979s][info][gc,phases   ] GC(148)   Pre Evacuate Collection Set: 0.2ms
[2024-04-05T13:32:18.209+0300][333.979s][info][gc,phases   ] GC(148)   Merge Heap Roots: 0.3ms
[2024-04-05T13:32:18.209+0300][333.979s][info][gc,phases   ] GC(148)   Evacuate Collection Set: 11.3ms
[2024-04-05T13:32:18.209+0300][333.979s][info][gc,phases   ] GC(148)   Post Evacuate Collection Set: 5.8ms
[2024-04-05T13:32:18.209+0300][333.979s][info][gc,phases   ] GC(148)   Other: 0.1ms
[2024-04-05T13:32:18.209+0300][333.979s][info][gc,heap     ] GC(148) Eden regions: 124->0(35)
[2024-04-05T13:32:18.209+0300][333.979s][info][gc,heap     ] GC(148) Survivor regions: 5->16(17)
[2024-04-05T13:32:18.209+0300][333.979s][info][gc,heap     ] GC(148) Old regions: 627->627
[2024-04-05T13:32:18.209+0300][333.979s][info][gc,heap     ] GC(148) Archive regions: 2->2
[2024-04-05T13:32:18.209+0300][333.979s][info][gc,heap     ] GC(148) Humongous regions: 40->40
[2024-04-05T13:32:18.209+0300][333.979s][info][gc,metaspace] GC(148) Metaspace: 420022K(430592K)->420022K(430592K) NonClass: 368798K(374208K)->368798K(374208K) Class: 51224K(56384K)->51224K(56384K)
[2024-04-05T13:32:18.209+0300][333.979s][info][gc          ] GC(148) Pause Young (Prepare Mixed) (G1 Evacuation Pause) 796M->683M(1024M) 18.050ms
[2024-04-05T13:32:18.209+0300][333.979s][info][gc,cpu      ] GC(148) User=0.03s Sys=0.01s Real=0.01s
[2024-04-05T13:32:18.440+0300][334.210s][info][gc,start    ] GC(149) Pause Young (Mixed) (G1 Evacuation Pause)
[2024-04-05T13:32:18.441+0300][334.210s][info][gc,task     ] GC(149) Using 6 workers of 6 for evacuation
[2024-04-05T13:32:18.458+0300][334.228s][info][gc,phases   ] GC(149)   Pre Evacuate Collection Set: 0.2ms
[2024-04-05T13:32:18.458+0300][334.228s][info][gc,phases   ] GC(149)   Merge Heap Roots: 0.5ms
[2024-04-05T13:32:18.458+0300][334.228s][info][gc,phases   ] GC(149)   Evacuate Collection Set: 14.5ms
[2024-04-05T13:32:18.458+0300][334.228s][info][gc,phases   ] GC(149)   Post Evacuate Collection Set: 2.2ms
[2024-04-05T13:32:18.458+0300][334.228s][info][gc,phases   ] GC(149)   Other: 0.1ms
[2024-04-05T13:32:18.458+0300][334.228s][info][gc,heap     ] GC(149) Eden regions: 35->0(113)
[2024-04-05T13:32:18.458+0300][334.228s][info][gc,heap     ] GC(149) Survivor regions: 16->2(7)
[2024-04-05T13:32:18.458+0300][334.228s][info][gc,heap     ] GC(149) Old regions: 627->633
[2024-04-05T13:32:18.458+0300][334.228s][info][gc,heap     ] GC(149) Archive regions: 2->2
[2024-04-05T13:32:18.458+0300][334.228s][info][gc,heap     ] GC(149) Humongous regions: 40->40
[2024-04-05T13:32:18.458+0300][334.228s][info][gc,metaspace] GC(149) Metaspace: 420139K(430720K)->420139K(430720K) NonClass: 368888K(374272K)->368888K(374272K) Class: 51250K(56448K)->51250K(56448K)
[2024-04-05T13:32:18.458+0300][334.228s][info][gc          ] GC(149) Pause Young (Mixed) (G1 Evacuation Pause) 718M->675M(1024M) 17.706ms
[2024-04-05T13:32:18.458+0300][334.228s][info][gc,cpu      ] GC(149) User=0.08s Sys=0.00s Real=0.02s
[2024-04-05T13:32:18.975+0300][334.744s][info][gc,start    ] GC(150) Pause Young (Normal) (G1 Evacuation Pause)
[2024-04-05T13:32:18.975+0300][334.744s][info][gc,task     ] GC(150) Using 6 workers of 6 for evacuation
[2024-04-05T13:32:18.981+0300][334.751s][info][gc,phases   ] GC(150)   Pre Evacuate Collection Set: 0.2ms
[2024-04-05T13:32:18.981+0300][334.751s][info][gc,phases   ] GC(150)   Merge Heap Roots: 0.4ms
[2024-04-05T13:32:18.981+0300][334.751s][info][gc,phases   ] GC(150)   Evacuate Collection Set: 4.4ms
[2024-04-05T13:32:18.981+0300][334.751s][info][gc,phases   ] GC(150)   Post Evacuate Collection Set: 1.3ms
[2024-04-05T13:32:18.981+0300][334.751s][info][gc,phases   ] GC(150)   Other: 0.1ms
[2024-04-05T13:32:18.981+0300][334.751s][info][gc,heap     ] GC(150) Eden regions: 113->0(113)
[2024-04-05T13:32:18.981+0300][334.751s][info][gc,heap     ] GC(150) Survivor regions: 2->5(15)
[2024-04-05T13:32:18.981+0300][334.751s][info][gc,heap     ] GC(150) Old regions: 633->633
[2024-04-05T13:32:18.981+0300][334.751s][info][gc,heap     ] GC(150) Archive regions: 2->2
[2024-04-05T13:32:18.981+0300][334.751s][info][gc,heap     ] GC(150) Humongous regions: 40->40
[2024-04-05T13:32:18.981+0300][334.751s][info][gc,metaspace] GC(150) Metaspace: 420573K(431232K)->420573K(431232K) NonClass: 369266K(374720K)->369266K(374720K) Class: 51307K(56512K)->51307K(56512K)
[2024-04-05T13:32:18.982+0300][334.751s][info][gc          ] GC(150) Pause Young (Normal) (G1 Evacuation Pause) 788M->677M(1024M) 6.744ms
[2024-04-05T13:32:18.982+0300][334.751s][info][gc,cpu      ] GC(150) User=0.04s Sys=0.00s Real=0.01s
[2024-04-05T13:32:19.639+0300][335.409s][info][gc,start    ] GC(151) Pause Young (Concurrent Start) (G1 Humongous Allocation)
[2024-04-05T13:32:19.639+0300][335.409s][info][gc,task     ] GC(151) Using 6 workers of 6 for evacuation
[2024-04-05T13:32:19.650+0300][335.420s][info][gc,phases   ] GC(151)   Pre Evacuate Collection Set: 1.5ms
[2024-04-05T13:32:19.650+0300][335.420s][info][gc,phases   ] GC(151)   Merge Heap Roots: 0.2ms
[2024-04-05T13:32:19.650+0300][335.420s][info][gc,phases   ] GC(151)   Evacuate Collection Set: 7.2ms
[2024-04-05T13:32:19.650+0300][335.420s][info][gc,phases   ] GC(151)   Post Evacuate Collection Set: 1.5ms
[2024-04-05T13:32:19.650+0300][335.420s][info][gc,phases   ] GC(151)   Other: 0.1ms
[2024-04-05T13:32:19.650+0300][335.420s][info][gc,heap     ] GC(151) Eden regions: 87->0(112)
[2024-04-05T13:32:19.650+0300][335.420s][info][gc,heap     ] GC(151) Survivor regions: 5->9(15)
[2024-04-05T13:32:19.650+0300][335.420s][info][gc,heap     ] GC(151) Old regions: 633->633
[2024-04-05T13:32:19.650+0300][335.420s][info][gc,heap     ] GC(151) Archive regions: 2->2
[2024-04-05T13:32:19.650+0300][335.420s][info][gc,heap     ] GC(151) Humongous regions: 40->40
[2024-04-05T13:32:19.650+0300][335.420s][info][gc,metaspace] GC(151) Metaspace: 425540K(436224K)->425540K(436224K) NonClass: 373709K(379200K)->373709K(379200K) Class: 51830K(57024K)->51830K(57024K)
[2024-04-05T13:32:19.650+0300][335.420s][info][gc          ] GC(151) Pause Young (Concurrent Start) (G1 Humongous Allocation) 764M->682M(1024M) 10.649ms
[2024-04-05T13:32:19.650+0300][335.420s][info][gc          ] GC(152) Concurrent Mark Cycle
[2024-04-05T13:32:19.650+0300][335.420s][info][gc,marking  ] GC(152) Concurrent Clear Claimed Marks
[2024-04-05T13:32:19.650+0300][335.420s][info][gc,cpu      ] GC(151) User=0.04s Sys=0.00s Real=0.01s
[2024-04-05T13:32:19.651+0300][335.421s][info][gc,marking  ] GC(152) Concurrent Clear Claimed Marks 1.152ms
[2024-04-05T13:32:19.651+0300][335.421s][info][gc,marking  ] GC(152) Concurrent Scan Root Regions
[2024-04-05T13:32:19.658+0300][335.427s][info][gc,marking  ] GC(152) Concurrent Scan Root Regions 6.354ms
[2024-04-05T13:32:19.658+0300][335.427s][info][gc,marking  ] GC(152) Concurrent Mark
[2024-04-05T13:32:19.658+0300][335.427s][info][gc,marking  ] GC(152) Concurrent Mark From Roots
[2024-04-05T13:32:19.658+0300][335.427s][info][gc,task     ] GC(152) Using 2 workers of 2 for marking
[2024-04-05T13:32:19.993+0300][335.763s][info][gc,start    ] GC(153) Pause Young (Normal) (G1 Evacuation Pause)
[2024-04-05T13:32:19.993+0300][335.763s][info][gc,task     ] GC(153) Using 6 workers of 6 for evacuation
[2024-04-05T13:32:20.007+0300][335.777s][info][gc,phases   ] GC(153)   Pre Evacuate Collection Set: 0.3ms
[2024-04-05T13:32:20.007+0300][335.777s][info][gc,phases   ] GC(153)   Merge Heap Roots: 0.2ms
[2024-04-05T13:32:20.007+0300][335.777s][info][gc,phases   ] GC(153)   Evacuate Collection Set: 10.1ms
[2024-04-05T13:32:20.007+0300][335.777s][info][gc,phases   ] GC(153)   Post Evacuate Collection Set: 3.3ms
[2024-04-05T13:32:20.007+0300][335.777s][info][gc,phases   ] GC(153)   Other: 0.1ms
[2024-04-05T13:32:20.007+0300][335.777s][info][gc,heap     ] GC(153) Eden regions: 112->0(103)
[2024-04-05T13:32:20.007+0300][335.777s][info][gc,heap     ] GC(153) Survivor regions: 9->14(16)
[2024-04-05T13:32:20.007+0300][335.777s][info][gc,heap     ] GC(153) Old regions: 633->634
[2024-04-05T13:32:20.007+0300][335.777s][info][gc,heap     ] GC(153) Archive regions: 2->2
[2024-04-05T13:32:20.007+0300][335.777s][info][gc,heap     ] GC(153) Humongous regions: 44->44
[2024-04-05T13:32:20.007+0300][335.777s][info][gc,metaspace] GC(153) Metaspace: 426706K(437376K)->426706K(437376K) NonClass: 374747K(380224K)->374747K(380224K) Class: 51958K(57152K)->51958K(57152K)
[2024-04-05T13:32:20.007+0300][335.777s][info][gc          ] GC(153) Pause Young (Normal) (G1 Evacuation Pause) 798M->691M(1024M) 14.182ms
[2024-04-05T13:32:20.007+0300][335.777s][info][gc,cpu      ] GC(153) User=0.05s Sys=0.00s Real=0.01s
[2024-04-05T13:32:20.280+0300][336.050s][info][gc,marking  ] GC(152) Concurrent Mark From Roots 622.177ms
[2024-04-05T13:32:20.280+0300][336.050s][info][gc,marking  ] GC(152) Concurrent Preclean
[2024-04-05T13:32:20.281+0300][336.051s][info][gc,marking  ] GC(152) Concurrent Preclean 0.985ms
[2024-04-05T13:32:20.281+0300][336.051s][info][gc,start    ] GC(152) Pause Remark
[2024-04-05T13:32:20.303+0300][336.073s][info][gc          ] GC(152) Pause Remark 753M->744M(1024M) 21.996ms
[2024-04-05T13:32:20.304+0300][336.073s][info][gc,cpu      ] GC(152) User=0.05s Sys=0.00s Real=0.02s
[2024-04-05T13:32:20.304+0300][336.073s][info][gc,marking  ] GC(152) Concurrent Mark 646.128ms
[2024-04-05T13:32:20.304+0300][336.073s][info][gc,marking  ] GC(152) Concurrent Rebuild Remembered Sets
[2024-04-05T13:32:20.621+0300][336.390s][info][gc,start    ] GC(154) Pause Young (Normal) (G1 Evacuation Pause)
[2024-04-05T13:32:20.621+0300][336.390s][info][gc,task     ] GC(154) Using 6 workers of 6 for evacuation
[2024-04-05T13:32:20.631+0300][336.401s][info][gc,phases   ] GC(154)   Pre Evacuate Collection Set: 0.2ms
[2024-04-05T13:32:20.631+0300][336.401s][info][gc,phases   ] GC(154)   Merge Heap Roots: 0.1ms
[2024-04-05T13:32:20.631+0300][336.401s][info][gc,phases   ] GC(154)   Evacuate Collection Set: 8.6ms
[2024-04-05T13:32:20.631+0300][336.401s][info][gc,phases   ] GC(154)   Post Evacuate Collection Set: 1.7ms
[2024-04-05T13:32:20.631+0300][336.401s][info][gc,phases   ] GC(154)   Other: 0.1ms
[2024-04-05T13:32:20.631+0300][336.401s][info][gc,heap     ] GC(154) Eden regions: 103->0(115)
[2024-04-05T13:32:20.631+0300][336.401s][info][gc,heap     ] GC(154) Survivor regions: 14->4(15)
[2024-04-05T13:32:20.631+0300][336.401s][info][gc,heap     ] GC(154) Old regions: 634->641
[2024-04-05T13:32:20.631+0300][336.401s][info][gc,heap     ] GC(154) Archive regions: 2->2
[2024-04-05T13:32:20.631+0300][336.401s][info][gc,heap     ] GC(154) Humongous regions: 37->37
[2024-04-05T13:32:20.631+0300][336.401s][info][gc,metaspace] GC(154) Metaspace: 429087K(439872K)->429087K(439872K) NonClass: 377064K(382592K)->377064K(382592K) Class: 52022K(57280K)->52022K(57280K)
[2024-04-05T13:32:20.631+0300][336.401s][info][gc          ] GC(154) Pause Young (Normal) (G1 Evacuation Pause) 787M->681M(1024M) 10.826ms
[2024-04-05T13:32:20.631+0300][336.401s][info][gc,cpu      ] GC(154) User=0.05s Sys=0.00s Real=0.01s
[2024-04-05T13:32:20.769+0300][336.538s][info][gc,marking  ] GC(152) Concurrent Rebuild Remembered Sets 464.796ms
[2024-04-05T13:32:20.769+0300][336.539s][info][gc,start    ] GC(152) Pause Cleanup
[2024-04-05T13:32:20.770+0300][336.539s][info][gc          ] GC(152) Pause Cleanup 716M->716M(1024M) 0.407ms
[2024-04-05T13:32:20.770+0300][336.540s][info][gc,cpu      ] GC(152) User=0.00s Sys=0.00s Real=0.00s
[2024-04-05T13:32:20.770+0300][336.540s][info][gc,marking  ] GC(152) Concurrent Cleanup for Next Mark
[2024-04-05T13:32:20.771+0300][336.541s][info][gc,marking  ] GC(152) Concurrent Cleanup for Next Mark 1.142ms
[2024-04-05T13:32:20.771+0300][336.541s][info][gc          ] GC(152) Concurrent Mark Cycle 1121.041ms
[2024-04-05T13:32:21.301+0300][337.071s][info][gc,start    ] GC(155) Pause Young (Prepare Mixed) (G1 Evacuation Pause)
[2024-04-05T13:32:21.301+0300][337.071s][info][gc,task     ] GC(155) Using 6 workers of 6 for evacuation
[2024-04-05T13:32:21.315+0300][337.084s][info][gc,phases   ] GC(155)   Pre Evacuate Collection Set: 1.6ms
[2024-04-05T13:32:21.315+0300][337.084s][info][gc,phases   ] GC(155)   Merge Heap Roots: 1.2ms
[2024-04-05T13:32:21.315+0300][337.084s][info][gc,phases   ] GC(155)   Evacuate Collection Set: 8.7ms
[2024-04-05T13:32:21.315+0300][337.084s][info][gc,phases   ] GC(155)   Post Evacuate Collection Set: 1.7ms
[2024-04-05T13:32:21.315+0300][337.084s][info][gc,phases   ] GC(155)   Other: 0.1ms
[2024-04-05T13:32:21.315+0300][337.084s][info][gc,heap     ] GC(155) Eden regions: 115->0(36)
[2024-04-05T13:32:21.315+0300][337.084s][info][gc,heap     ] GC(155) Survivor regions: 4->15(15)
[2024-04-05T13:32:21.315+0300][337.084s][info][gc,heap     ] GC(155) Old regions: 641->641
[2024-04-05T13:32:21.315+0300][337.084s][info][gc,heap     ] GC(155) Archive regions: 2->2
[2024-04-05T13:32:21.315+0300][337.084s][info][gc,heap     ] GC(155) Humongous regions: 39->39
[2024-04-05T13:32:21.315+0300][337.084s][info][gc,metaspace] GC(155) Metaspace: 430776K(441600K)->430776K(441600K) NonClass: 378692K(384256K)->378692K(384256K) Class: 52083K(57344K)->52083K(57344K)
[2024-04-05T13:32:21.315+0300][337.084s][info][gc          ] GC(155) Pause Young (Prepare Mixed) (G1 Evacuation Pause) 798M->694M(1024M) 13.385ms
[2024-04-05T13:32:21.315+0300][337.084s][info][gc,cpu      ] GC(155) User=0.04s Sys=0.00s Real=0.01s
[2024-04-05T13:32:21.439+0300][337.208s][info][gc,start    ] GC(156) Pause Young (Mixed) (G1 Evacuation Pause)
[2024-04-05T13:32:21.439+0300][337.208s][info][gc,task     ] GC(156) Using 6 workers of 6 for evacuation
[2024-04-05T13:32:21.454+0300][337.223s][info][gc,phases   ] GC(156)   Pre Evacuate Collection Set: 0.3ms
[2024-04-05T13:32:21.454+0300][337.224s][info][gc,phases   ] GC(156)   Merge Heap Roots: 0.4ms
[2024-04-05T13:32:21.454+0300][337.224s][info][gc,phases   ] GC(156)   Evacuate Collection Set: 11.4ms
[2024-04-05T13:32:21.454+0300][337.224s][info][gc,phases   ] GC(156)   Post Evacuate Collection Set: 3.1ms
[2024-04-05T13:32:21.454+0300][337.224s][info][gc,phases   ] GC(156)   Other: 0.1ms
[2024-04-05T13:32:21.454+0300][337.224s][info][gc,heap     ] GC(156) Eden regions: 36->0(112)
[2024-04-05T13:32:21.454+0300][337.224s][info][gc,heap     ] GC(156) Survivor regions: 15->2(7)
[2024-04-05T13:32:21.454+0300][337.224s][info][gc,heap     ] GC(156) Old regions: 641->639
[2024-04-05T13:32:21.454+0300][337.224s][info][gc,heap     ] GC(156) Archive regions: 2->2
[2024-04-05T13:32:21.454+0300][337.224s][info][gc,heap     ] GC(156) Humongous regions: 39->39
[2024-04-05T13:32:21.454+0300][337.224s][info][gc,metaspace] GC(156) Metaspace: 431105K(441856K)->431105K(441856K) NonClass: 378971K(384512K)->378971K(384512K) Class: 52133K(57344K)->52133K(57344K)
[2024-04-05T13:32:21.454+0300][337.224s][info][gc          ] GC(156) Pause Young (Mixed) (G1 Evacuation Pause) 730M->679M(1024M) 15.561ms
[2024-04-05T13:32:21.454+0300][337.224s][info][gc,cpu      ] GC(156) User=0.06s Sys=0.00s Real=0.01s
[2024-04-05T13:32:21.582+0300][337.351s][info][gc,start    ] GC(157) Pause Young (Concurrent Start) (G1 Evacuation Pause)
[2024-04-05T13:32:21.582+0300][337.351s][info][gc,task     ] GC(157) Using 6 workers of 6 for evacuation
[2024-04-05T13:32:21.589+0300][337.359s][info][gc,phases   ] GC(157)   Pre Evacuate Collection Set: 1.3ms
[2024-04-05T13:32:21.589+0300][337.359s][info][gc,phases   ] GC(157)   Merge Heap Roots: 0.1ms
[2024-04-05T13:32:21.589+0300][337.359s][info][gc,phases   ] GC(157)   Evacuate Collection Set: 3.5ms
[2024-04-05T13:32:21.589+0300][337.359s][info][gc,phases   ] GC(157)   Post Evacuate Collection Set: 2.7ms
[2024-04-05T13:32:21.589+0300][337.359s][info][gc,phases   ] GC(157)   Other: 0.1ms
[2024-04-05T13:32:21.589+0300][337.359s][info][gc,heap     ] GC(157) Eden regions: 112->0(116)
[2024-04-05T13:32:21.589+0300][337.359s][info][gc,heap     ] GC(157) Survivor regions: 2->1(15)
[2024-04-05T13:32:21.589+0300][337.359s][info][gc,heap     ] GC(157) Old regions: 639->639
[2024-04-05T13:32:21.589+0300][337.359s][info][gc,heap     ] GC(157) Archive regions: 2->2
[2024-04-05T13:32:21.589+0300][337.359s][info][gc,heap     ] GC(157) Humongous regions: 39->39
[2024-04-05T13:32:21.589+0300][337.359s][info][gc,metaspace] GC(157) Metaspace: 431220K(441984K)->431220K(441984K) NonClass: 379078K(384640K)->379078K(384640K) Class: 52142K(57344K)->52142K(57344K)
[2024-04-05T13:32:21.590+0300][337.359s][info][gc          ] GC(157) Pause Young (Concurrent Start) (G1 Evacuation Pause) 791M->678M(1024M) 7.975ms
[2024-04-05T13:32:21.590+0300][337.359s][info][gc          ] GC(158) Concurrent Mark Cycle
[2024-04-05T13:32:21.590+0300][337.359s][info][gc,marking  ] GC(158) Concurrent Clear Claimed Marks
[2024-04-05T13:32:21.590+0300][337.359s][info][gc,cpu      ] GC(157) User=0.01s Sys=0.00s Real=0.01s
[2024-04-05T13:32:21.591+0300][337.360s][info][gc,marking  ] GC(158) Concurrent Clear Claimed Marks 1.212ms
[2024-04-05T13:32:21.591+0300][337.360s][info][gc,marking  ] GC(158) Concurrent Scan Root Regions
[2024-04-05T13:32:21.595+0300][337.364s][info][gc,marking  ] GC(158) Concurrent Scan Root Regions 3.777ms
[2024-04-05T13:32:21.595+0300][337.364s][info][gc,marking  ] GC(158) Concurrent Mark
[2024-04-05T13:32:21.595+0300][337.364s][info][gc,marking  ] GC(158) Concurrent Mark From Roots
[2024-04-05T13:32:21.595+0300][337.364s][info][gc,task     ] GC(158) Using 2 workers of 2 for marking
[2024-04-05T13:32:21.923+0300][337.692s][info][gc,start    ] GC(159) Pause Young (Normal) (G1 Evacuation Pause)
[2024-04-05T13:32:21.923+0300][337.692s][info][gc,task     ] GC(159) Using 6 workers of 6 for evacuation
[2024-04-05T13:32:21.929+0300][337.698s][info][gc,phases   ] GC(159)   Pre Evacuate Collection Set: 0.2ms
[2024-04-05T13:32:21.929+0300][337.698s][info][gc,phases   ] GC(159)   Merge Heap Roots: 0.1ms
[2024-04-05T13:32:21.929+0300][337.698s][info][gc,phases   ] GC(159)   Evacuate Collection Set: 3.3ms
[2024-04-05T13:32:21.929+0300][337.698s][info][gc,phases   ] GC(159)   Post Evacuate Collection Set: 2.2ms
[2024-04-05T13:32:21.929+0300][337.698s][info][gc,phases   ] GC(159)   Other: 0.1ms
[2024-04-05T13:32:21.929+0300][337.698s][info][gc,heap     ] GC(159) Eden regions: 116->0(117)
[2024-04-05T13:32:21.929+0300][337.698s][info][gc,heap     ] GC(159) Survivor regions: 1->3(15)
[2024-04-05T13:32:21.929+0300][337.698s][info][gc,heap     ] GC(159) Old regions: 639->639
[2024-04-05T13:32:21.929+0300][337.698s][info][gc,heap     ] GC(159) Archive regions: 2->2
[2024-04-05T13:32:21.929+0300][337.698s][info][gc,heap     ] GC(159) Humongous regions: 39->39
[2024-04-05T13:32:21.929+0300][337.698s][info][gc,metaspace] GC(159) Metaspace: 432276K(443072K)->432276K(443072K) NonClass: 379967K(385536K)->379967K(385536K) Class: 52309K(57536K)->52309K(57536K)
[2024-04-05T13:32:21.929+0300][337.698s][info][gc          ] GC(159) Pause Young (Normal) (G1 Evacuation Pause) 794M->680M(1024M) 6.059ms
[2024-04-05T13:32:21.929+0300][337.698s][info][gc,cpu      ] GC(159) User=0.03s Sys=0.00s Real=0.00s
[2024-04-05T13:32:22.271+0300][338.040s][info][gc,start    ] GC(160) Pause Young (Normal) (G1 Evacuation Pause)
[2024-04-05T13:32:22.271+0300][338.040s][info][gc,task     ] GC(160) Using 6 workers of 6 for evacuation
[2024-04-05T13:32:22.277+0300][338.047s][info][gc,phases   ] GC(160)   Pre Evacuate Collection Set: 0.2ms
[2024-04-05T13:32:22.277+0300][338.047s][info][gc,phases   ] GC(160)   Merge Heap Roots: 0.1ms
[2024-04-05T13:32:22.277+0300][338.047s][info][gc,phases   ] GC(160)   Evacuate Collection Set: 4.4ms
[2024-04-05T13:32:22.277+0300][338.047s][info][gc,phases   ] GC(160)   Post Evacuate Collection Set: 1.8ms
[2024-04-05T13:32:22.277+0300][338.047s][info][gc,phases   ] GC(160)   Other: 0.1ms
[2024-04-05T13:32:22.277+0300][338.047s][info][gc,heap     ] GC(160) Eden regions: 117->0(117)
[2024-04-05T13:32:22.277+0300][338.047s][info][gc,heap     ] GC(160) Survivor regions: 3->5(15)
[2024-04-05T13:32:22.277+0300][338.047s][info][gc,heap     ] GC(160) Old regions: 639->639
[2024-04-05T13:32:22.277+0300][338.047s][info][gc,heap     ] GC(160) Archive regions: 2->2
[2024-04-05T13:32:22.277+0300][338.047s][info][gc,heap     ] GC(160) Humongous regions: 39->39
[2024-04-05T13:32:22.277+0300][338.047s][info][gc,metaspace] GC(160) Metaspace: 433087K(443904K)->433087K(443904K) NonClass: 380638K(386176K)->380638K(386176K) Class: 52448K(57728K)->52448K(57728K)
[2024-04-05T13:32:22.277+0300][338.047s][info][gc          ] GC(160) Pause Young (Normal) (G1 Evacuation Pause) 797M->682M(1024M) 6.796ms
[2024-04-05T13:32:22.277+0300][338.047s][info][gc,cpu      ] GC(160) User=0.03s Sys=0.00s Real=0.01s
[2024-04-05T13:32:22.293+0300][338.062s][info][gc,marking  ] GC(158) Concurrent Mark From Roots 697.801ms
[2024-04-05T13:32:22.293+0300][338.062s][info][gc,marking  ] GC(158) Concurrent Preclean
[2024-04-05T13:32:22.294+0300][338.064s][info][gc,marking  ] GC(158) Concurrent Preclean 1.419ms
[2024-04-05T13:32:22.294+0300][338.064s][info][gc,start    ] GC(158) Pause Remark
[2024-04-05T13:32:22.339+0300][338.108s][info][gc          ] GC(158) Pause Remark 687M->678M(1024M) 44.009ms
[2024-04-05T13:32:22.339+0300][338.108s][info][gc,cpu      ] GC(158) User=0.19s Sys=0.00s Real=0.05s
[2024-04-05T13:32:22.340+0300][338.109s][info][gc,marking  ] GC(158) Concurrent Mark 744.943ms
[2024-04-05T13:32:22.340+0300][338.110s][info][gc,marking  ] GC(158) Concurrent Rebuild Remembered Sets
[2024-04-05T13:32:22.791+0300][338.561s][info][gc,start    ] GC(161) Pause Young (Normal) (G1 Evacuation Pause)
[2024-04-05T13:32:22.791+0300][338.561s][info][gc,task     ] GC(161) Using 6 workers of 6 for evacuation
[2024-04-05T13:32:22.798+0300][338.568s][info][gc,phases   ] GC(161)   Pre Evacuate Collection Set: 0.2ms
[2024-04-05T13:32:22.798+0300][338.568s][info][gc,phases   ] GC(161)   Merge Heap Roots: 0.2ms
[2024-04-05T13:32:22.798+0300][338.568s][info][gc,phases   ] GC(161)   Evacuate Collection Set: 4.9ms
[2024-04-05T13:32:22.798+0300][338.568s][info][gc,phases   ] GC(161)   Post Evacuate Collection Set: 2.0ms
[2024-04-05T13:32:22.798+0300][338.568s][info][gc,phases   ] GC(161)   Other: 0.1ms
[2024-04-05T13:32:22.798+0300][338.568s][info][gc,heap     ] GC(161) Eden regions: 117->0(120)
[2024-04-05T13:32:22.798+0300][338.568s][info][gc,heap     ] GC(161) Survivor regions: 5->9(16)
[2024-04-05T13:32:22.798+0300][338.568s][info][gc,heap     ] GC(161) Old regions: 638->638
[2024-04-05T13:32:22.798+0300][338.568s][info][gc,heap     ] GC(161) Archive regions: 2->2
[2024-04-05T13:32:22.798+0300][338.568s][info][gc,heap     ] GC(161) Humongous regions: 31->31
[2024-04-05T13:32:22.798+0300][338.568s][info][gc,metaspace] GC(161) Metaspace: 433586K(444416K)->433586K(444416K) NonClass: 381063K(386624K)->381063K(386624K) Class: 52522K(57792K)->52522K(57792K)
[2024-04-05T13:32:22.798+0300][338.568s][info][gc          ] GC(161) Pause Young (Normal) (G1 Evacuation Pause) 790M->678M(1024M) 7.492ms
[2024-04-05T13:32:22.798+0300][338.568s][info][gc,cpu      ] GC(161) User=0.04s Sys=0.00s Real=0.01s
[2024-04-05T13:32:22.851+0300][338.620s][info][gc,marking  ] GC(158) Concurrent Rebuild Remembered Sets 510.651ms
[2024-04-05T13:32:22.851+0300][338.621s][info][gc,start    ] GC(158) Pause Cleanup
[2024-04-05T13:32:22.851+0300][338.621s][info][gc          ] GC(158) Pause Cleanup 704M->704M(1024M) 0.317ms
[2024-04-05T13:32:22.851+0300][338.621s][info][gc,cpu      ] GC(158) User=0.00s Sys=0.00s Real=0.00s
[2024-04-05T13:32:22.851+0300][338.621s][info][gc,marking  ] GC(158) Concurrent Cleanup for Next Mark
[2024-04-05T13:32:22.853+0300][338.622s][info][gc,marking  ] GC(158) Concurrent Cleanup for Next Mark 1.483ms
[2024-04-05T13:32:22.853+0300][338.622s][info][gc          ] GC(158) Concurrent Mark Cycle 1263.256ms
[2024-04-05T13:32:23.305+0300][339.075s][info][gc,start    ] GC(162) Pause Young (Prepare Mixed) (G1 Evacuation Pause)
[2024-04-05T13:32:23.305+0300][339.075s][info][gc,task     ] GC(162) Using 6 workers of 6 for evacuation
[2024-04-05T13:32:23.314+0300][339.084s][info][gc,phases   ] GC(162)   Pre Evacuate Collection Set: 0.2ms
[2024-04-05T13:32:23.314+0300][339.084s][info][gc,phases   ] GC(162)   Merge Heap Roots: 0.2ms
[2024-04-05T13:32:23.314+0300][339.084s][info][gc,phases   ] GC(162)   Evacuate Collection Set: 7.1ms
[2024-04-05T13:32:23.314+0300][339.084s][info][gc,phases   ] GC(162)   Post Evacuate Collection Set: 1.5ms
[2024-04-05T13:32:23.314+0300][339.084s][info][gc,phases   ] GC(162)   Other: 0.1ms
[2024-04-05T13:32:23.314+0300][339.084s][info][gc,heap     ] GC(162) Eden regions: 120->0(38)
[2024-04-05T13:32:23.314+0300][339.084s][info][gc,heap     ] GC(162) Survivor regions: 9->13(17)
[2024-04-05T13:32:23.314+0300][339.084s][info][gc,heap     ] GC(162) Old regions: 638->638
[2024-04-05T13:32:23.314+0300][339.084s][info][gc,heap     ] GC(162) Archive regions: 2->2
[2024-04-05T13:32:23.314+0300][339.084s][info][gc,heap     ] GC(162) Humongous regions: 31->31
[2024-04-05T13:32:23.314+0300][339.084s][info][gc,metaspace] GC(162) Metaspace: 434951K(445824K)->434951K(445824K) NonClass: 382251K(387840K)->382251K(387840K) Class: 52699K(57984K)->52699K(57984K)
[2024-04-05T13:32:23.314+0300][339.084s][info][gc          ] GC(162) Pause Young (Prepare Mixed) (G1 Evacuation Pause) 798M->682M(1024M) 9.240ms
[2024-04-05T13:32:23.314+0300][339.084s][info][gc,cpu      ] GC(162) User=0.05s Sys=0.00s Real=0.01s
[2024-04-05T13:32:23.391+0300][339.160s][info][gc,start    ] GC(163) Pause Young (Mixed) (G1 Evacuation Pause)
[2024-04-05T13:32:23.391+0300][339.160s][info][gc,task     ] GC(163) Using 6 workers of 6 for evacuation
[2024-04-05T13:32:23.405+0300][339.175s][info][gc,phases   ] GC(163)   Pre Evacuate Collection Set: 0.1ms
[2024-04-05T13:32:23.405+0300][339.175s][info][gc,phases   ] GC(163)   Merge Heap Roots: 0.2ms
[2024-04-05T13:32:23.405+0300][339.175s][info][gc,phases   ] GC(163)   Evacuate Collection Set: 12.3ms
[2024-04-05T13:32:23.405+0300][339.175s][info][gc,phases   ] GC(163)   Post Evacuate Collection Set: 1.8ms
[2024-04-05T13:32:23.405+0300][339.175s][info][gc,phases   ] GC(163)   Other: 0.1ms
[2024-04-05T13:32:23.405+0300][339.175s][info][gc,heap     ] GC(163) Eden regions: 38->0(125)
[2024-04-05T13:32:23.405+0300][339.175s][info][gc,heap     ] GC(163) Survivor regions: 13->3(7)
[2024-04-05T13:32:23.405+0300][339.175s][info][gc,heap     ] GC(163) Old regions: 638->637
[2024-04-05T13:32:23.405+0300][339.175s][info][gc,heap     ] GC(163) Archive regions: 2->2
[2024-04-05T13:32:23.405+0300][339.175s][info][gc,heap     ] GC(163) Humongous regions: 31->31
[2024-04-05T13:32:23.405+0300][339.175s][info][gc,metaspace] GC(163) Metaspace: 434962K(445824K)->434962K(445824K) NonClass: 382261K(387840K)->382261K(387840K) Class: 52700K(57984K)->52700K(57984K)
[2024-04-05T13:32:23.405+0300][339.175s][info][gc          ] GC(163) Pause Young (Mixed) (G1 Evacuation Pause) 720M->671M(1024M) 14.544ms
[2024-04-05T13:32:23.405+0300][339.175s][info][gc,cpu      ] GC(163) User=0.08s Sys=0.00s Real=0.01s
[2024-04-05T13:32:23.825+0300][339.594s][info][gc,start    ] GC(164) Pause Young (Concurrent Start) (G1 Humongous Allocation)
[2024-04-05T13:32:23.825+0300][339.594s][info][gc,task     ] GC(164) Using 6 workers of 6 for evacuation
[2024-04-05T13:32:23.832+0300][339.602s][info][gc,phases   ] GC(164)   Pre Evacuate Collection Set: 1.3ms
[2024-04-05T13:32:23.832+0300][339.602s][info][gc,phases   ] GC(164)   Merge Heap Roots: 0.2ms
[2024-04-05T13:32:23.832+0300][339.602s][info][gc,phases   ] GC(164)   Evacuate Collection Set: 4.5ms
[2024-04-05T13:32:23.832+0300][339.602s][info][gc,phases   ] GC(164)   Post Evacuate Collection Set: 1.4ms
[2024-04-05T13:32:23.832+0300][339.602s][info][gc,phases   ] GC(164)   Other: 0.1ms
[2024-04-05T13:32:23.832+0300][339.602s][info][gc,heap     ] GC(164) Eden regions: 117->0(102)
[2024-04-05T13:32:23.832+0300][339.602s][info][gc,heap     ] GC(164) Survivor regions: 3->7(16)
[2024-04-05T13:32:23.832+0300][339.602s][info][gc,heap     ] GC(164) Old regions: 637->637
[2024-04-05T13:32:23.832+0300][339.602s][info][gc,heap     ] GC(164) Archive regions: 2->2
[2024-04-05T13:32:23.832+0300][339.602s][info][gc,heap     ] GC(164) Humongous regions: 57->57
[2024-04-05T13:32:23.832+0300][339.602s][info][gc,metaspace] GC(164) Metaspace: 435121K(445952K)->435121K(445952K) NonClass: 382412K(387968K)->382412K(387968K) Class: 52709K(57984K)->52709K(57984K)
[2024-04-05T13:32:23.832+0300][339.602s][info][gc          ] GC(164) Pause Young (Concurrent Start) (G1 Humongous Allocation) 814M->701M(1024M) 7.576ms
[2024-04-05T13:32:23.832+0300][339.602s][info][gc          ] GC(165) Concurrent Undo Cycle
[2024-04-05T13:32:23.832+0300][339.602s][info][gc,cpu      ] GC(164) User=0.03s Sys=0.00s Real=0.01s
[2024-04-05T13:32:23.832+0300][339.602s][info][gc,marking  ] GC(165) Concurrent Cleanup for Next Mark
[2024-04-05T13:32:23.833+0300][339.602s][info][gc,marking  ] GC(165) Concurrent Cleanup for Next Mark 0.375ms
[2024-04-05T13:32:23.833+0300][339.602s][info][gc          ] GC(165) Concurrent Undo Cycle 0.456ms
[2024-04-05T13:32:23.834+0300][339.604s][info][gc,start    ] GC(166) Pause Young (Concurrent Start) (G1 Humongous Allocation)
[2024-04-05T13:32:23.834+0300][339.604s][info][gc,task     ] GC(166) Using 6 workers of 6 for evacuation
[2024-04-05T13:32:23.841+0300][339.611s][info][gc,phases   ] GC(166)   Pre Evacuate Collection Set: 1.1ms
[2024-04-05T13:32:23.841+0300][339.611s][info][gc,phases   ] GC(166)   Merge Heap Roots: 0.1ms
[2024-04-05T13:32:23.841+0300][339.611s][info][gc,phases   ] GC(166)   Evacuate Collection Set: 4.1ms
[2024-04-05T13:32:23.841+0300][339.611s][info][gc,phases   ] GC(166)   Post Evacuate Collection Set: 1.4ms
[2024-04-05T13:32:23.841+0300][339.611s][info][gc,phases   ] GC(166)   Other: 0.0ms
[2024-04-05T13:32:23.841+0300][339.611s][info][gc,heap     ] GC(166) Eden regions: 1->0(104)
[2024-04-05T13:32:23.841+0300][339.611s][info][gc,heap     ] GC(166) Survivor regions: 7->6(14)
[2024-04-05T13:32:23.841+0300][339.611s][info][gc,heap     ] GC(166) Old regions: 637->637
[2024-04-05T13:32:23.841+0300][339.611s][info][gc,heap     ] GC(166) Archive regions: 2->2
[2024-04-05T13:32:23.841+0300][339.611s][info][gc,heap     ] GC(166) Humongous regions: 58->58
[2024-04-05T13:32:23.841+0300][339.611s][info][gc,metaspace] GC(166) Metaspace: 435121K(445952K)->435121K(445952K) NonClass: 382412K(387968K)->382412K(387968K) Class: 52709K(57984K)->52709K(57984K)
[2024-04-05T13:32:23.841+0300][339.611s][info][gc          ] GC(166) Pause Young (Concurrent Start) (G1 Humongous Allocation) 702M->701M(1024M) 7.013ms
[2024-04-05T13:32:23.841+0300][339.611s][info][gc,cpu      ] GC(166) User=0.03s Sys=0.00s Real=0.01s
[2024-04-05T13:32:23.841+0300][339.611s][info][gc          ] GC(167) Concurrent Mark Cycle
[2024-04-05T13:32:23.841+0300][339.611s][info][gc,marking  ] GC(167) Concurrent Clear Claimed Marks
[2024-04-05T13:32:23.842+0300][339.612s][info][gc,marking  ] GC(167) Concurrent Clear Claimed Marks 1.068ms
[2024-04-05T13:32:23.842+0300][339.612s][info][gc,marking  ] GC(167) Concurrent Scan Root Regions
[2024-04-05T13:32:23.846+0300][339.615s][info][gc,marking  ] GC(167) Concurrent Scan Root Regions 3.485ms
[2024-04-05T13:32:23.846+0300][339.615s][info][gc,marking  ] GC(167) Concurrent Mark
[2024-04-05T13:32:23.846+0300][339.615s][info][gc,marking  ] GC(167) Concurrent Mark From Roots
[2024-04-05T13:32:23.846+0300][339.615s][info][gc,task     ] GC(167) Using 2 workers of 2 for marking
[2024-04-05T13:32:24.251+0300][340.021s][info][gc,marking  ] GC(167) Concurrent Mark From Roots 405.564ms
[2024-04-05T13:32:24.251+0300][340.021s][info][gc,marking  ] GC(167) Concurrent Preclean
[2024-04-05T13:32:24.253+0300][340.022s][info][gc,marking  ] GC(167) Concurrent Preclean 1.479ms
[2024-04-05T13:32:24.254+0300][340.024s][info][gc,start    ] GC(167) Pause Remark
[2024-04-05T13:32:24.298+0300][340.068s][info][gc          ] GC(167) Pause Remark 779M->757M(1024M) 44.158ms
[2024-04-05T13:32:24.298+0300][340.068s][info][gc,cpu      ] GC(167) User=0.20s Sys=0.00s Real=0.05s
[2024-04-05T13:32:24.299+0300][340.068s][info][gc,marking  ] GC(167) Concurrent Mark 452.801ms
[2024-04-05T13:32:24.299+0300][340.068s][info][gc,marking  ] GC(167) Concurrent Rebuild Remembered Sets
[2024-04-05T13:32:24.623+0300][340.393s][info][gc,start    ] GC(168) Pause Young (Normal) (G1 Evacuation Pause)
[2024-04-05T13:32:24.623+0300][340.393s][info][gc,task     ] GC(168) Using 6 workers of 6 for evacuation
[2024-04-05T13:32:24.631+0300][340.400s][info][gc,phases   ] GC(168)   Pre Evacuate Collection Set: 0.2ms
[2024-04-05T13:32:24.631+0300][340.400s][info][gc,phases   ] GC(168)   Merge Heap Roots: 0.2ms
[2024-04-05T13:32:24.631+0300][340.400s][info][gc,phases   ] GC(168)   Evacuate Collection Set: 5.8ms
[2024-04-05T13:32:24.631+0300][340.400s][info][gc,phases   ] GC(168)   Post Evacuate Collection Set: 1.6ms
[2024-04-05T13:32:24.631+0300][340.400s][info][gc,phases   ] GC(168)   Other: 0.1ms
[2024-04-05T13:32:24.631+0300][340.400s][info][gc,heap     ] GC(168) Eden regions: 104->0(73)
[2024-04-05T13:32:24.631+0300][340.400s][info][gc,heap     ] GC(168) Survivor regions: 6->11(14)
[2024-04-05T13:32:24.631+0300][340.400s][info][gc,heap     ] GC(168) Old regions: 637->637
[2024-04-05T13:32:24.631+0300][340.400s][info][gc,heap     ] GC(168) Archive regions: 2->2
[2024-04-05T13:32:24.631+0300][340.400s][info][gc,heap     ] GC(168) Humongous regions: 85->85
[2024-04-05T13:32:24.631+0300][340.400s][info][gc,metaspace] GC(168) Metaspace: 435048K(446016K)->435048K(446016K) NonClass: 382368K(388032K)->382368K(388032K) Class: 52679K(57984K)->52679K(57984K)
[2024-04-05T13:32:24.631+0300][340.400s][info][gc          ] GC(168) Pause Young (Normal) (G1 Evacuation Pause) 832M->733M(1024M) 7.982ms
[2024-04-05T13:32:24.631+0300][340.401s][info][gc,cpu      ] GC(168) User=0.04s Sys=0.00s Real=0.01s
[2024-04-05T13:32:24.765+0300][340.534s][info][gc,marking  ] GC(167) Concurrent Rebuild Remembered Sets 466.179ms
[2024-04-05T13:32:24.766+0300][340.535s][info][gc,start    ] GC(167) Pause Cleanup
[2024-04-05T13:32:24.766+0300][340.536s][info][gc          ] GC(167) Pause Cleanup 765M->765M(1024M) 0.409ms
[2024-04-05T13:32:24.766+0300][340.536s][info][gc,cpu      ] GC(167) User=0.00s Sys=0.00s Real=0.00s
[2024-04-05T13:32:24.766+0300][340.536s][info][gc,marking  ] GC(167) Concurrent Cleanup for Next Mark
[2024-04-05T13:32:24.767+0300][340.537s][info][gc,marking  ] GC(167) Concurrent Cleanup for Next Mark 1.114ms
[2024-04-05T13:32:24.767+0300][340.537s][info][gc          ] GC(167) Concurrent Mark Cycle 926.338ms
[2024-04-05T13:32:25.439+0300][341.209s][info][gc,start    ] GC(169) Pause Young (Prepare Mixed) (G1 Evacuation Pause)
[2024-04-05T13:32:25.439+0300][341.209s][info][gc,task     ] GC(169) Using 6 workers of 6 for evacuation
[2024-04-05T13:32:25.451+0300][341.220s][info][gc,phases   ] GC(169)   Pre Evacuate Collection Set: 0.2ms
[2024-04-05T13:32:25.451+0300][341.221s][info][gc,phases   ] GC(169)   Merge Heap Roots: 0.2ms
[2024-04-05T13:32:25.451+0300][341.221s][info][gc,phases   ] GC(169)   Evacuate Collection Set: 8.8ms
[2024-04-05T13:32:25.451+0300][341.221s][info][gc,phases   ] GC(169)   Post Evacuate Collection Set: 2.0ms
[2024-04-05T13:32:25.451+0300][341.221s][info][gc,phases   ] GC(169)   Other: 0.1ms
[2024-04-05T13:32:25.451+0300][341.221s][info][gc,heap     ] GC(169) Eden regions: 73->0(48)
[2024-04-05T13:32:25.451+0300][341.221s][info][gc,heap     ] GC(169) Survivor regions: 11->3(11)
[2024-04-05T13:32:25.451+0300][341.221s][info][gc,heap     ] GC(169) Old regions: 637->647
[2024-04-05T13:32:25.451+0300][341.221s][info][gc,heap     ] GC(169) Archive regions: 2->2
[2024-04-05T13:32:25.451+0300][341.221s][info][gc,heap     ] GC(169) Humongous regions: 101->101
[2024-04-05T13:32:25.451+0300][341.221s][info][gc,metaspace] GC(169) Metaspace: 435504K(446272K)->435504K(446272K) NonClass: 382754K(388288K)->382754K(388288K) Class: 52749K(57984K)->52749K(57984K)
[2024-04-05T13:32:25.451+0300][341.221s][info][gc          ] GC(169) Pause Young (Prepare Mixed) (G1 Evacuation Pause) 822M->750M(1024M) 11.521ms
[2024-04-05T13:32:25.451+0300][341.221s][info][gc,cpu      ] GC(169) User=0.05s Sys=0.00s Real=0.01s
[2024-04-05T13:32:25.577+0300][341.347s][info][gc,start    ] GC(170) Pause Young (Mixed) (G1 Evacuation Pause)
[2024-04-05T13:32:25.577+0300][341.347s][info][gc,task     ] GC(170) Using 6 workers of 6 for evacuation
[2024-04-05T13:32:25.595+0300][341.365s][info][gc,phases   ] GC(170)   Pre Evacuate Collection Set: 0.5ms
[2024-04-05T13:32:25.595+0300][341.365s][info][gc,phases   ] GC(170)   Merge Heap Roots: 0.3ms
[2024-04-05T13:32:25.595+0300][341.365s][info][gc,phases   ] GC(170)   Evacuate Collection Set: 15.3ms
[2024-04-05T13:32:25.595+0300][341.365s][info][gc,phases   ] GC(170)   Post Evacuate Collection Set: 1.9ms
[2024-04-05T13:32:25.595+0300][341.365s][info][gc,phases   ] GC(170)   Other: 0.1ms
[2024-04-05T13:32:25.595+0300][341.365s][info][gc,heap     ] GC(170) Eden regions: 48->0(64)
[2024-04-05T13:32:25.595+0300][341.365s][info][gc,heap     ] GC(170) Survivor regions: 3->3(7)
[2024-04-05T13:32:25.595+0300][341.365s][info][gc,heap     ] GC(170) Old regions: 647->642
[2024-04-05T13:32:25.595+0300][341.365s][info][gc,heap     ] GC(170) Archive regions: 2->2
[2024-04-05T13:32:25.595+0300][341.365s][info][gc,heap     ] GC(170) Humongous regions: 101->101
[2024-04-05T13:32:25.595+0300][341.365s][info][gc,metaspace] GC(170) Metaspace: 435828K(446592K)->435828K(446592K) NonClass: 383037K(388544K)->383037K(388544K) Class: 52791K(58048K)->52791K(58048K)
[2024-04-05T13:32:25.595+0300][341.365s][info][gc          ] GC(170) Pause Young (Mixed) (G1 Evacuation Pause) 798M->746M(1024M) 18.150ms
[2024-04-05T13:32:25.595+0300][341.365s][info][gc,cpu      ] GC(170) User=0.07s Sys=0.01s Real=0.02s
[2024-04-05T13:32:25.716+0300][341.486s][info][gc,start    ] GC(171) Pause Young (Concurrent Start) (G1 Evacuation Pause)
[2024-04-05T13:32:25.716+0300][341.486s][info][gc,task     ] GC(171) Using 6 workers of 6 for evacuation
[2024-04-05T13:32:25.725+0300][341.494s][info][gc,phases   ] GC(171)   Pre Evacuate Collection Set: 1.3ms
[2024-04-05T13:32:25.725+0300][341.494s][info][gc,phases   ] GC(171)   Merge Heap Roots: 0.1ms
[2024-04-05T13:32:25.725+0300][341.494s][info][gc,phases   ] GC(171)   Evacuate Collection Set: 4.1ms
[2024-04-05T13:32:25.725+0300][341.494s][info][gc,phases   ] GC(171)   Post Evacuate Collection Set: 1.6ms
[2024-04-05T13:32:25.725+0300][341.494s][info][gc,phases   ] GC(171)   Other: 1.2ms
[2024-04-05T13:32:25.725+0300][341.494s][info][gc,heap     ] GC(171) Eden regions: 64->0(62)
[2024-04-05T13:32:25.725+0300][341.494s][info][gc,heap     ] GC(171) Survivor regions: 3->5(9)
[2024-04-05T13:32:25.725+0300][341.494s][info][gc,heap     ] GC(171) Old regions: 642->642
[2024-04-05T13:32:25.725+0300][341.494s][info][gc,heap     ] GC(171) Archive regions: 2->2
[2024-04-05T13:32:25.725+0300][341.494s][info][gc,heap     ] GC(171) Humongous regions: 101->101
[2024-04-05T13:32:25.725+0300][341.494s][info][gc,metaspace] GC(171) Metaspace: 436466K(447232K)->436466K(447232K) NonClass: 383571K(389056K)->383571K(389056K) Class: 52894K(58176K)->52894K(58176K)
[2024-04-05T13:32:25.725+0300][341.494s][info][gc          ] GC(171) Pause Young (Concurrent Start) (G1 Evacuation Pause) 810M->748M(1024M) 8.479ms
[2024-04-05T13:32:25.725+0300][341.494s][info][gc,cpu      ] GC(171) User=0.03s Sys=0.00s Real=0.01s
[2024-04-05T13:32:25.725+0300][341.494s][info][gc          ] GC(172) Concurrent Mark Cycle
[2024-04-05T13:32:25.725+0300][341.495s][info][gc,marking  ] GC(172) Concurrent Clear Claimed Marks
[2024-04-05T13:32:25.726+0300][341.496s][info][gc,marking  ] GC(172) Concurrent Clear Claimed Marks 1.077ms
[2024-04-05T13:32:25.726+0300][341.496s][info][gc,marking  ] GC(172) Concurrent Scan Root Regions
[2024-04-05T13:32:25.730+0300][341.499s][info][gc,marking  ] GC(172) Concurrent Scan Root Regions 3.833ms
[2024-04-05T13:32:25.730+0300][341.499s][info][gc,marking  ] GC(172) Concurrent Mark
[2024-04-05T13:32:25.730+0300][341.500s][info][gc,marking  ] GC(172) Concurrent Mark From Roots
[2024-04-05T13:32:25.730+0300][341.500s][info][gc,task     ] GC(172) Using 2 workers of 2 for marking
[2024-04-05T13:32:25.898+0300][341.667s][info][gc,start    ] GC(173) Pause Young (Normal) (G1 Evacuation Pause)
[2024-04-05T13:32:25.898+0300][341.667s][info][gc,task     ] GC(173) Using 6 workers of 6 for evacuation
[2024-04-05T13:32:25.905+0300][341.675s][info][gc,phases   ] GC(173)   Pre Evacuate Collection Set: 0.1ms
[2024-04-05T13:32:25.905+0300][341.675s][info][gc,phases   ] GC(173)   Merge Heap Roots: 0.2ms
[2024-04-05T13:32:25.905+0300][341.675s][info][gc,phases   ] GC(173)   Evacuate Collection Set: 5.2ms
[2024-04-05T13:32:25.905+0300][341.675s][info][gc,phases   ] GC(173)   Post Evacuate Collection Set: 1.9ms
[2024-04-05T13:32:25.905+0300][341.675s][info][gc,phases   ] GC(173)   Other: 0.1ms
[2024-04-05T13:32:25.905+0300][341.675s][info][gc,heap     ] GC(173) Eden regions: 62->0(60)
[2024-04-05T13:32:25.905+0300][341.675s][info][gc,heap     ] GC(173) Survivor regions: 5->6(9)
[2024-04-05T13:32:25.905+0300][341.675s][info][gc,heap     ] GC(173) Old regions: 642->642
[2024-04-05T13:32:25.905+0300][341.675s][info][gc,heap     ] GC(173) Archive regions: 2->2
[2024-04-05T13:32:25.905+0300][341.675s][info][gc,heap     ] GC(173) Humongous regions: 102->102
[2024-04-05T13:32:25.905+0300][341.675s][info][gc,metaspace] GC(173) Metaspace: 437555K(448384K)->437555K(448384K) NonClass: 384490K(390016K)->384490K(390016K) Class: 53064K(58368K)->53064K(58368K)
[2024-04-05T13:32:25.905+0300][341.675s][info][gc          ] GC(173) Pause Young (Normal) (G1 Evacuation Pause) 811M->750M(1024M) 7.671ms
[2024-04-05T13:32:25.905+0300][341.675s][info][gc,cpu      ] GC(173) User=0.03s Sys=0.00s Real=0.00s
[2024-04-05T13:32:26.037+0300][341.807s][info][gc,start    ] GC(174) Pause Young (Normal) (G1 Evacuation Pause)
[2024-04-05T13:32:26.037+0300][341.807s][info][gc,task     ] GC(174) Using 6 workers of 6 for evacuation
[2024-04-05T13:32:26.045+0300][341.814s][info][gc,phases   ] GC(174)   Pre Evacuate Collection Set: 0.3ms
[2024-04-05T13:32:26.045+0300][341.814s][info][gc,phases   ] GC(174)   Merge Heap Roots: 0.1ms
[2024-04-05T13:32:26.045+0300][341.814s][info][gc,phases   ] GC(174)   Evacuate Collection Set: 5.1ms
[2024-04-05T13:32:26.045+0300][341.814s][info][gc,phases   ] GC(174)   Post Evacuate Collection Set: 1.9ms
[2024-04-05T13:32:26.045+0300][341.814s][info][gc,phases   ] GC(174)   Other: 0.1ms
[2024-04-05T13:32:26.045+0300][341.814s][info][gc,heap     ] GC(174) Eden regions: 60->0(60)
[2024-04-05T13:32:26.045+0300][341.815s][info][gc,heap     ] GC(174) Survivor regions: 6->6(9)
[2024-04-05T13:32:26.045+0300][341.815s][info][gc,heap     ] GC(174) Old regions: 642->643
[2024-04-05T13:32:26.045+0300][341.815s][info][gc,heap     ] GC(174) Archive regions: 2->2
[2024-04-05T13:32:26.045+0300][341.815s][info][gc,heap     ] GC(174) Humongous regions: 102->102
[2024-04-05T13:32:26.045+0300][341.815s][info][gc,metaspace] GC(174) Metaspace: 437967K(448768K)->437967K(448768K) NonClass: 384828K(390336K)->384828K(390336K) Class: 53138K(58432K)->53138K(58432K)
[2024-04-05T13:32:26.045+0300][341.815s][info][gc          ] GC(174) Pause Young (Normal) (G1 Evacuation Pause) 810M->751M(1024M) 7.622ms
[2024-04-05T13:32:26.045+0300][341.815s][info][gc,cpu      ] GC(174) User=0.04s Sys=0.00s Real=0.01s
[2024-04-05T13:32:26.368+0300][342.137s][info][gc,start    ] GC(175) Pause Young (Normal) (G1 Evacuation Pause)
[2024-04-05T13:32:26.368+0300][342.138s][info][gc,task     ] GC(175) Using 6 workers of 6 for evacuation
[2024-04-05T13:32:26.381+0300][342.151s][info][gc,phases   ] GC(175)   Pre Evacuate Collection Set: 0.1ms
[2024-04-05T13:32:26.381+0300][342.151s][info][gc,phases   ] GC(175)   Merge Heap Roots: 0.2ms
[2024-04-05T13:32:26.381+0300][342.151s][info][gc,phases   ] GC(175)   Evacuate Collection Set: 9.6ms
[2024-04-05T13:32:26.381+0300][342.151s][info][gc,phases   ] GC(175)   Post Evacuate Collection Set: 3.3ms
[2024-04-05T13:32:26.381+0300][342.151s][info][gc,phases   ] GC(175)   Other: 0.1ms
[2024-04-05T13:32:26.381+0300][342.151s][info][gc,heap     ] GC(175) Eden regions: 60->0(58)
[2024-04-05T13:32:26.381+0300][342.151s][info][gc,heap     ] GC(175) Survivor regions: 6->6(9)
[2024-04-05T13:32:26.381+0300][342.151s][info][gc,heap     ] GC(175) Old regions: 643->645
[2024-04-05T13:32:26.381+0300][342.151s][info][gc,heap     ] GC(175) Archive regions: 2->2
[2024-04-05T13:32:26.381+0300][342.151s][info][gc,heap     ] GC(175) Humongous regions: 102->102
[2024-04-05T13:32:26.381+0300][342.151s][info][gc,metaspace] GC(175) Metaspace: 438112K(448896K)->438112K(448896K) NonClass: 384959K(390464K)->384959K(390464K) Class: 53153K(58432K)->53153K(58432K)
[2024-04-05T13:32:26.381+0300][342.151s][info][gc          ] GC(175) Pause Young (Normal) (G1 Evacuation Pause) 811M->752M(1024M) 13.510ms
[2024-04-05T13:32:26.381+0300][342.151s][info][gc,cpu      ] GC(175) User=0.03s Sys=0.01s Real=0.02s
[2024-04-05T13:32:26.584+0300][342.354s][info][gc,marking  ] GC(172) Concurrent Mark From Roots 854.525ms
[2024-04-05T13:32:26.584+0300][342.354s][info][gc,marking  ] GC(172) Concurrent Preclean
[2024-04-05T13:32:26.585+0300][342.355s][info][gc,marking  ] GC(172) Concurrent Preclean 0.826ms
[2024-04-05T13:32:26.586+0300][342.355s][info][gc,start    ] GC(172) Pause Remark
[2024-04-05T13:32:26.632+0300][342.401s][info][gc          ] GC(172) Pause Remark 806M->736M(1024M) 46.183ms
[2024-04-05T13:32:26.632+0300][342.401s][info][gc,cpu      ] GC(172) User=0.21s Sys=0.00s Real=0.05s
[2024-04-05T13:32:26.634+0300][342.404s][info][gc,marking  ] GC(172) Concurrent Mark 904.148ms
[2024-04-05T13:32:26.634+0300][342.404s][info][gc,marking  ] GC(172) Concurrent Rebuild Remembered Sets
[2024-04-05T13:32:26.650+0300][342.420s][info][gc,start    ] GC(176) Pause Young (Normal) (G1 Evacuation Pause)
[2024-04-05T13:32:26.650+0300][342.420s][info][gc,task     ] GC(176) Using 6 workers of 6 for evacuation
[2024-04-05T13:32:26.660+0300][342.430s][info][gc,phases   ] GC(176)   Pre Evacuate Collection Set: 0.2ms
[2024-04-05T13:32:26.660+0300][342.430s][info][gc,phases   ] GC(176)   Merge Heap Roots: 0.2ms
[2024-04-05T13:32:26.660+0300][342.430s][info][gc,phases   ] GC(176)   Evacuate Collection Set: 6.9ms
[2024-04-05T13:32:26.660+0300][342.430s][info][gc,phases   ] GC(176)   Post Evacuate Collection Set: 2.8ms
[2024-04-05T13:32:26.660+0300][342.430s][info][gc,phases   ] GC(176)   Other: 0.1ms
[2024-04-05T13:32:26.660+0300][342.430s][info][gc,heap     ] GC(176) Eden regions: 58->0(120)
[2024-04-05T13:32:26.660+0300][342.430s][info][gc,heap     ] GC(176) Survivor regions: 6->5(8)
[2024-04-05T13:32:26.660+0300][342.430s][info][gc,heap     ] GC(176) Old regions: 645->646
[2024-04-05T13:32:26.660+0300][342.430s][info][gc,heap     ] GC(176) Archive regions: 2->2
[2024-04-05T13:32:26.660+0300][342.430s][info][gc,heap     ] GC(176) Humongous regions: 32->32
[2024-04-05T13:32:26.660+0300][342.430s][info][gc,metaspace] GC(176) Metaspace: 438156K(449024K)->438156K(449024K) NonClass: 384998K(390528K)->384998K(390528K) Class: 53157K(58496K)->53157K(58496K)
[2024-04-05T13:32:26.660+0300][342.430s][info][gc          ] GC(176) Pause Young (Normal) (G1 Evacuation Pause) 740M->683M(1024M) 10.372ms
[2024-04-05T13:32:26.660+0300][342.430s][info][gc,cpu      ] GC(176) User=0.04s Sys=0.00s Real=0.01s
[2024-04-05T13:32:27.103+0300][342.873s][info][gc,marking  ] GC(172) Concurrent Rebuild Remembered Sets 469.204ms
[2024-04-05T13:32:27.103+0300][342.873s][info][gc,start    ] GC(172) Pause Cleanup
[2024-04-05T13:32:27.104+0300][342.873s][info][gc          ] GC(172) Pause Cleanup 784M->784M(1024M) 0.336ms
[2024-04-05T13:32:27.104+0300][342.873s][info][gc,cpu      ] GC(172) User=0.00s Sys=0.00s Real=0.00s
[2024-04-05T13:32:27.104+0300][342.874s][info][gc,marking  ] GC(172) Concurrent Cleanup for Next Mark
[2024-04-05T13:32:27.105+0300][342.875s][info][gc,marking  ] GC(172) Concurrent Cleanup for Next Mark 1.195ms
[2024-04-05T13:32:27.105+0300][342.875s][info][gc          ] GC(172) Concurrent Mark Cycle 1380.356ms
[2024-04-05T13:32:27.214+0300][342.984s][info][gc,start    ] GC(177) Pause Young (Prepare Mixed) (G1 Evacuation Pause)
[2024-04-05T13:32:27.214+0300][342.984s][info][gc,task     ] GC(177) Using 6 workers of 6 for evacuation
[2024-04-05T13:32:27.223+0300][342.993s][info][gc,phases   ] GC(177)   Pre Evacuate Collection Set: 0.2ms
[2024-04-05T13:32:27.223+0300][342.993s][info][gc,phases   ] GC(177)   Merge Heap Roots: 0.2ms
[2024-04-05T13:32:27.223+0300][342.993s][info][gc,phases   ] GC(177)   Evacuate Collection Set: 6.5ms
[2024-04-05T13:32:27.223+0300][342.993s][info][gc,phases   ] GC(177)   Post Evacuate Collection Set: 1.6ms
[2024-04-05T13:32:27.223+0300][342.993s][info][gc,phases   ] GC(177)   Other: 0.1ms
[2024-04-05T13:32:27.223+0300][342.993s][info][gc,heap     ] GC(177) Eden regions: 120->0(45)
[2024-04-05T13:32:27.223+0300][342.993s][info][gc,heap     ] GC(177) Survivor regions: 5->6(16)
[2024-04-05T13:32:27.223+0300][342.993s][info][gc,heap     ] GC(177) Old regions: 646->646
[2024-04-05T13:32:27.223+0300][342.993s][info][gc,heap     ] GC(177) Archive regions: 2->2
[2024-04-05T13:32:27.223+0300][342.993s][info][gc,heap     ] GC(177) Humongous regions: 32->32
[2024-04-05T13:32:27.223+0300][342.993s][info][gc,metaspace] GC(177) Metaspace: 438454K(449216K)->438454K(449216K) NonClass: 385265K(390720K)->385265K(390720K) Class: 53189K(58496K)->53189K(58496K)
[2024-04-05T13:32:27.223+0300][342.993s][info][gc          ] GC(177) Pause Young (Prepare Mixed) (G1 Evacuation Pause) 803M->683M(1024M) 8.703ms
[2024-04-05T13:32:27.223+0300][342.993s][info][gc,cpu      ] GC(177) User=0.03s Sys=0.00s Real=0.01s
[2024-04-05T13:32:38.436+0300][354.205s][info][gc,start    ] GC(178) Pause Young (Mixed) (G1 Evacuation Pause)
[2024-04-05T13:32:38.436+0300][354.206s][info][gc,task     ] GC(178) Using 6 workers of 6 for evacuation
[2024-04-05T13:32:38.494+0300][354.263s][info][gc,phases   ] GC(178)   Pre Evacuate Collection Set: 0.4ms
[2024-04-05T13:32:38.494+0300][354.263s][info][gc,phases   ] GC(178)   Merge Heap Roots: 0.7ms
[2024-04-05T13:32:38.494+0300][354.263s][info][gc,phases   ] GC(178)   Evacuate Collection Set: 51.2ms
[2024-04-05T13:32:38.494+0300][354.263s][info][gc,phases   ] GC(178)   Post Evacuate Collection Set: 5.3ms
[2024-04-05T13:32:38.494+0300][354.263s][info][gc,phases   ] GC(178)   Other: 0.2ms
[2024-04-05T13:32:38.494+0300][354.263s][info][gc,heap     ] GC(178) Eden regions: 45->0(103)
[2024-04-05T13:32:38.494+0300][354.263s][info][gc,heap     ] GC(178) Survivor regions: 6->7(7)
[2024-04-05T13:32:38.494+0300][354.263s][info][gc,heap     ] GC(178) Old regions: 646->649
[2024-04-05T13:32:38.494+0300][354.263s][info][gc,heap     ] GC(178) Archive regions: 2->2
[2024-04-05T13:32:38.494+0300][354.263s][info][gc,heap     ] GC(178) Humongous regions: 34->34
[2024-04-05T13:32:38.494+0300][354.263s][info][gc,metaspace] GC(178) Metaspace: 439708K(450496K)->439708K(450496K) NonClass: 386349K(391872K)->386349K(391872K) Class: 53358K(58624K)->53358K(58624K)
[2024-04-05T13:32:38.494+0300][354.264s][info][gc          ] GC(178) Pause Young (Mixed) (G1 Evacuation Pause) 730M->690M(1024M) 58.078ms
[2024-04-05T13:32:38.494+0300][354.264s][info][gc,cpu      ] GC(178) User=0.24s Sys=0.01s Real=0.06s
[2024-04-05T13:32:51.216+0300][366.986s][info][gc,start    ] GC(179) Pause Young (Concurrent Start) (G1 Humongous Allocation)
[2024-04-05T13:32:51.216+0300][366.986s][info][gc,task     ] GC(179) Using 6 workers of 6 for evacuation
[2024-04-05T13:32:51.237+0300][367.007s][info][gc,phases   ] GC(179)   Pre Evacuate Collection Set: 2.5ms
[2024-04-05T13:32:51.238+0300][367.007s][info][gc,phases   ] GC(179)   Merge Heap Roots: 0.3ms
[2024-04-05T13:32:51.238+0300][367.007s][info][gc,phases   ] GC(179)   Evacuate Collection Set: 13.6ms
[2024-04-05T13:32:51.238+0300][367.007s][info][gc,phases   ] GC(179)   Post Evacuate Collection Set: 4.6ms
[2024-04-05T13:32:51.238+0300][367.007s][info][gc,phases   ] GC(179)   Other: 0.2ms
[2024-04-05T13:32:51.238+0300][367.007s][info][gc,heap     ] GC(179) Eden regions: 10->0(107)
[2024-04-05T13:32:51.238+0300][367.007s][info][gc,heap     ] GC(179) Survivor regions: 7->5(14)
[2024-04-05T13:32:51.238+0300][367.008s][info][gc,heap     ] GC(179) Old regions: 649->649
[2024-04-05T13:32:51.238+0300][367.008s][info][gc,heap     ] GC(179) Archive regions: 2->2
[2024-04-05T13:32:51.238+0300][367.008s][info][gc,heap     ] GC(179) Humongous regions: 34->34
[2024-04-05T13:32:51.238+0300][367.008s][info][gc,metaspace] GC(179) Metaspace: 439883K(450688K)->439883K(450688K) NonClass: 386492K(392000K)->386492K(392000K) Class: 53390K(58688K)->53390K(58688K)
[2024-04-05T13:32:51.238+0300][367.008s][info][gc          ] GC(179) Pause Young (Concurrent Start) (G1 Humongous Allocation) 699M->688M(1024M) 21.910ms
[2024-04-05T13:32:51.238+0300][367.008s][info][gc          ] GC(180) Concurrent Mark Cycle
[2024-04-05T13:32:51.238+0300][367.008s][info][gc,marking  ] GC(180) Concurrent Clear Claimed Marks
[2024-04-05T13:32:51.238+0300][367.008s][info][gc,cpu      ] GC(179) User=0.06s Sys=0.01s Real=0.03s
[2024-04-05T13:32:51.241+0300][367.010s][info][gc,marking  ] GC(180) Concurrent Clear Claimed Marks 2.367ms
[2024-04-05T13:32:51.241+0300][367.010s][info][gc,marking  ] GC(180) Concurrent Scan Root Regions
[2024-04-05T13:32:51.275+0300][367.045s][info][gc,marking  ] GC(180) Concurrent Scan Root Regions 34.491ms
[2024-04-05T13:32:51.275+0300][367.045s][info][gc,marking  ] GC(180) Concurrent Mark
[2024-04-05T13:32:51.275+0300][367.045s][info][gc,marking  ] GC(180) Concurrent Mark From Roots
[2024-04-05T13:32:51.275+0300][367.045s][info][gc,task     ] GC(180) Using 2 workers of 2 for marking
[2024-04-05T13:32:52.122+0300][367.892s][info][gc,marking  ] GC(180) Concurrent Mark From Roots 847.099ms
[2024-04-05T13:32:52.122+0300][367.892s][info][gc,marking  ] GC(180) Concurrent Preclean
[2024-04-05T13:32:52.124+0300][367.893s][info][gc,marking  ] GC(180) Concurrent Preclean 1.137ms
[2024-04-05T13:32:52.124+0300][367.894s][info][gc,start    ] GC(180) Pause Remark
[2024-04-05T13:32:52.194+0300][367.963s][info][gc          ] GC(180) Pause Remark 736M->732M(1024M) 69.307ms
[2024-04-05T13:32:52.194+0300][367.963s][info][gc,cpu      ] GC(180) User=0.30s Sys=0.00s Real=0.07s
[2024-04-05T13:32:52.194+0300][367.964s][info][gc,marking  ] GC(180) Concurrent Mark 918.777ms
[2024-04-05T13:32:52.194+0300][367.964s][info][gc,marking  ] GC(180) Concurrent Rebuild Remembered Sets
[2024-04-05T13:32:53.140+0300][368.909s][info][gc,marking  ] GC(180) Concurrent Rebuild Remembered Sets 945.457ms
[2024-04-05T13:32:53.140+0300][368.910s][info][gc,start    ] GC(180) Pause Cleanup
[2024-04-05T13:32:53.141+0300][368.910s][info][gc          ] GC(180) Pause Cleanup 732M->732M(1024M) 0.807ms
[2024-04-05T13:32:53.141+0300][368.910s][info][gc,cpu      ] GC(180) User=0.00s Sys=0.00s Real=0.00s
[2024-04-05T13:32:53.141+0300][368.911s][info][gc,marking  ] GC(180) Concurrent Cleanup for Next Mark
[2024-04-05T13:32:53.143+0300][368.912s][info][gc,marking  ] GC(180) Concurrent Cleanup for Next Mark 1.797ms
[2024-04-05T13:32:53.143+0300][368.912s][info][gc          ] GC(180) Concurrent Mark Cycle 1904.632ms
[2024-04-05T13:34:26.581+0300][462.351s][info][gc,start    ] GC(181) Pause Young (Prepare Mixed) (G1 Evacuation Pause)
[2024-04-05T13:34:26.581+0300][462.351s][info][gc,task     ] GC(181) Using 6 workers of 6 for evacuation
[2024-04-05T13:34:26.614+0300][462.383s][info][gc,phases   ] GC(181)   Pre Evacuate Collection Set: 0.7ms
[2024-04-05T13:34:26.614+0300][462.383s][info][gc,phases   ] GC(181)   Merge Heap Roots: 1.2ms
[2024-04-05T13:34:26.614+0300][462.383s][info][gc,phases   ] GC(181)   Evacuate Collection Set: 22.6ms
[2024-04-05T13:34:26.614+0300][462.383s][info][gc,phases   ] GC(181)   Post Evacuate Collection Set: 7.9ms
[2024-04-05T13:34:26.614+0300][462.383s][info][gc,phases   ] GC(181)   Other: 0.2ms
[2024-04-05T13:34:26.614+0300][462.383s][info][gc,heap     ] GC(181) Eden regions: 107->0(45)
[2024-04-05T13:34:26.614+0300][462.383s][info][gc,heap     ] GC(181) Survivor regions: 5->6(14)
[2024-04-05T13:34:26.614+0300][462.383s][info][gc,heap     ] GC(181) Old regions: 649->649
[2024-04-05T13:34:26.614+0300][462.383s][info][gc,heap     ] GC(181) Archive regions: 2->2
[2024-04-05T13:34:26.614+0300][462.383s][info][gc,heap     ] GC(181) Humongous regions: 38->38
[2024-04-05T13:34:26.614+0300][462.383s][info][gc,metaspace] GC(181) Metaspace: 440426K(451264K)->440426K(451264K) NonClass: 387006K(392512K)->387006K(392512K) Class: 53420K(58752K)->53420K(58752K)
[2024-04-05T13:34:26.614+0300][462.383s][info][gc          ] GC(181) Pause Young (Prepare Mixed) (G1 Evacuation Pause) 799M->692M(1024M) 32.973ms
[2024-04-05T13:34:26.614+0300][462.384s][info][gc,cpu      ] GC(181) User=0.09s Sys=0.01s Real=0.03s
[2024-04-05T13:35:37.977+0300][533.747s][info][gc,start    ] GC(182) Pause Young (Mixed) (G1 Evacuation Pause)
[2024-04-05T13:35:37.977+0300][533.747s][info][gc,task     ] GC(182) Using 6 workers of 6 for evacuation
[2024-04-05T13:35:37.999+0300][533.769s][info][gc,phases   ] GC(182)   Pre Evacuate Collection Set: 0.3ms
[2024-04-05T13:35:37.999+0300][533.769s][info][gc,phases   ] GC(182)   Merge Heap Roots: 0.4ms
[2024-04-05T13:35:37.999+0300][533.769s][info][gc,phases   ] GC(182)   Evacuate Collection Set: 17.0ms
[2024-04-05T13:35:37.999+0300][533.769s][info][gc,phases   ] GC(182)   Post Evacuate Collection Set: 3.5ms
[2024-04-05T13:35:37.999+0300][533.769s][info][gc,phases   ] GC(182)   Other: 0.3ms
[2024-04-05T13:35:37.999+0300][533.769s][info][gc,heap     ] GC(182) Eden regions: 45->0(117)
[2024-04-05T13:35:37.999+0300][533.769s][info][gc,heap     ] GC(182) Survivor regions: 6->4(7)
[2024-04-05T13:35:37.999+0300][533.769s][info][gc,heap     ] GC(182) Old regions: 649->636
[2024-04-05T13:35:37.999+0300][533.769s][info][gc,heap     ] GC(182) Archive regions: 2->2
[2024-04-05T13:35:37.999+0300][533.769s][info][gc,heap     ] GC(182) Humongous regions: 43->43
[2024-04-05T13:35:37.999+0300][533.769s][info][gc,metaspace] GC(182) Metaspace: 440765K(451584K)->440765K(451584K) NonClass: 387318K(392832K)->387318K(392832K) Class: 53446K(58752K)->53446K(58752K)
[2024-04-05T13:35:37.999+0300][533.769s][info][gc          ] GC(182) Pause Young (Mixed) (G1 Evacuation Pause) 742M->682M(1024M) 21.877ms
[2024-04-05T13:35:37.999+0300][533.769s][info][gc,cpu      ] GC(182) User=0.07s Sys=0.00s Real=0.03s
[2024-04-05T13:36:07.907+0300][563.676s][info][gc,start    ] GC(183) Pause Young (Concurrent Start) (G1 Humongous Allocation)
[2024-04-05T13:36:07.907+0300][563.677s][info][gc,task     ] GC(183) Using 6 workers of 6 for evacuation
[2024-04-05T13:36:07.927+0300][563.697s][info][gc,phases   ] GC(183)   Pre Evacuate Collection Set: 2.4ms
[2024-04-05T13:36:07.927+0300][563.697s][info][gc,phases   ] GC(183)   Merge Heap Roots: 0.5ms
[2024-04-05T13:36:07.927+0300][563.697s][info][gc,phases   ] GC(183)   Evacuate Collection Set: 13.1ms
[2024-04-05T13:36:07.927+0300][563.697s][info][gc,phases   ] GC(183)   Post Evacuate Collection Set: 3.7ms
[2024-04-05T13:36:07.927+0300][563.697s][info][gc,phases   ] GC(183)   Other: 0.3ms
[2024-04-05T13:36:07.927+0300][563.697s][info][gc,heap     ] GC(183) Eden regions: 11->0(120)
[2024-04-05T13:36:07.927+0300][563.697s][info][gc,heap     ] GC(183) Survivor regions: 4->3(16)
[2024-04-05T13:36:07.927+0300][563.697s][info][gc,heap     ] GC(183) Old regions: 636->636
[2024-04-05T13:36:07.927+0300][563.697s][info][gc,heap     ] GC(183) Archive regions: 2->2
[2024-04-05T13:36:07.927+0300][563.697s][info][gc,heap     ] GC(183) Humongous regions: 43->43
[2024-04-05T13:36:07.927+0300][563.697s][info][gc,metaspace] GC(183) Metaspace: 440846K(451648K)->440846K(451648K) NonClass: 387396K(392896K)->387396K(392896K) Class: 53449K(58752K)->53449K(58752K)
[2024-04-05T13:36:07.927+0300][563.697s][info][gc          ] GC(183) Pause Young (Concurrent Start) (G1 Humongous Allocation) 693M->681M(1024M) 20.321ms
[2024-04-05T13:36:07.927+0300][563.697s][info][gc,cpu      ] GC(183) User=0.05s Sys=0.00s Real=0.02s
[2024-04-05T13:36:07.927+0300][563.697s][info][gc          ] GC(184) Concurrent Mark Cycle
[2024-04-05T13:36:07.927+0300][563.697s][info][gc,marking  ] GC(184) Concurrent Clear Claimed Marks
[2024-04-05T13:36:07.929+0300][563.699s][info][gc,marking  ] GC(184) Concurrent Clear Claimed Marks 2.006ms
[2024-04-05T13:36:07.929+0300][563.699s][info][gc,marking  ] GC(184) Concurrent Scan Root Regions
[2024-04-05T13:36:07.940+0300][563.710s][info][gc,marking  ] GC(184) Concurrent Scan Root Regions 10.814ms
[2024-04-05T13:36:07.940+0300][563.710s][info][gc,marking  ] GC(184) Concurrent Mark
[2024-04-05T13:36:07.940+0300][563.710s][info][gc,marking  ] GC(184) Concurrent Mark From Roots
[2024-04-05T13:36:07.940+0300][563.710s][info][gc,task     ] GC(184) Using 2 workers of 2 for marking
[2024-04-05T13:36:08.767+0300][564.537s][info][gc,marking  ] GC(184) Concurrent Mark From Roots 827.005ms
[2024-04-05T13:36:08.767+0300][564.537s][info][gc,marking  ] GC(184) Concurrent Preclean
[2024-04-05T13:36:08.778+0300][564.547s][info][gc,marking  ] GC(184) Concurrent Preclean 10.341ms
[2024-04-05T13:36:08.778+0300][564.548s][info][gc,start    ] GC(184) Pause Remark
[2024-04-05T13:36:08.886+0300][564.656s][info][gc          ] GC(184) Pause Remark 684M->668M(1024M) 108.059ms
[2024-04-05T13:36:08.886+0300][564.656s][info][gc,cpu      ] GC(184) User=0.36s Sys=0.00s Real=0.10s
[2024-04-05T13:36:08.887+0300][564.656s][info][gc,marking  ] GC(184) Concurrent Mark 946.368ms
[2024-04-05T13:36:08.887+0300][564.656s][info][gc,marking  ] GC(184) Concurrent Rebuild Remembered Sets
[2024-04-05T13:36:09.841+0300][565.611s][info][gc,marking  ] GC(184) Concurrent Rebuild Remembered Sets 954.552ms
[2024-04-05T13:36:09.842+0300][565.611s][info][gc,start    ] GC(184) Pause Cleanup
[2024-04-05T13:36:09.843+0300][565.612s][info][gc          ] GC(184) Pause Cleanup 668M->668M(1024M) 0.858ms
[2024-04-05T13:36:09.843+0300][565.612s][info][gc,cpu      ] GC(184) User=0.00s Sys=0.00s Real=0.00s
[2024-04-05T13:36:09.843+0300][565.613s][info][gc,marking  ] GC(184) Concurrent Cleanup for Next Mark
[2024-04-05T13:36:09.844+0300][565.614s][info][gc,marking  ] GC(184) Concurrent Cleanup for Next Mark 1.523ms
[2024-04-05T13:36:09.845+0300][565.614s][info][gc          ] GC(184) Concurrent Mark Cycle 1917.196ms
[2024-04-05T13:41:00.087+0300][855.857s][info][gc,start    ] GC(185) Pause Young (Prepare Mixed) (G1 Evacuation Pause)
[2024-04-05T13:41:00.087+0300][855.857s][info][gc,task     ] GC(185) Using 6 workers of 6 for evacuation
[2024-04-05T13:41:00.110+0300][855.880s][info][gc,phases   ] GC(185)   Pre Evacuate Collection Set: 0.4ms
[2024-04-05T13:41:00.110+0300][855.880s][info][gc,phases   ] GC(185)   Merge Heap Roots: 0.4ms
[2024-04-05T13:41:00.110+0300][855.880s][info][gc,phases   ] GC(185)   Evacuate Collection Set: 14.7ms
[2024-04-05T13:41:00.110+0300][855.880s][info][gc,phases   ] GC(185)   Post Evacuate Collection Set: 7.1ms
[2024-04-05T13:41:00.110+0300][855.880s][info][gc,phases   ] GC(185)   Other: 0.2ms
[2024-04-05T13:41:00.110+0300][855.880s][info][gc,heap     ] GC(185) Eden regions: 120->0(42)
[2024-04-05T13:41:00.110+0300][855.880s][info][gc,heap     ] GC(185) Survivor regions: 3->9(16)
[2024-04-05T13:41:00.110+0300][855.880s][info][gc,heap     ] GC(185) Old regions: 636->636
[2024-04-05T13:41:00.110+0300][855.880s][info][gc,heap     ] GC(185) Archive regions: 2->2
[2024-04-05T13:41:00.110+0300][855.880s][info][gc,heap     ] GC(185) Humongous regions: 40->39
[2024-04-05T13:41:00.110+0300][855.880s][info][gc,metaspace] GC(185) Metaspace: 434040K(451648K)->434040K(451648K) NonClass: 382193K(392896K)->382193K(392896K) Class: 51846K(58752K)->51846K(58752K)
[2024-04-05T13:41:00.111+0300][855.880s][info][gc          ] GC(185) Pause Young (Prepare Mixed) (G1 Evacuation Pause) 798M->684M(1024M) 23.110ms
[2024-04-05T13:41:00.111+0300][855.880s][info][gc,cpu      ] GC(185) User=0.08s Sys=0.00s Real=0.03s
[2024-04-05T13:41:35.724+0300][891.494s][info][gc,start    ] GC(186) Pause Young (Mixed) (G1 Evacuation Pause)
[2024-04-05T13:41:35.724+0300][891.494s][info][gc,task     ] GC(186) Using 6 workers of 6 for evacuation
[2024-04-05T13:41:35.819+0300][891.589s][info][gc,phases   ] GC(186)   Pre Evacuate Collection Set: 0.4ms
[2024-04-05T13:41:35.820+0300][891.589s][info][gc,phases   ] GC(186)   Merge Heap Roots: 2.0ms
[2024-04-05T13:41:35.820+0300][891.589s][info][gc,phases   ] GC(186)   Evacuate Collection Set: 87.6ms
[2024-04-05T13:41:35.820+0300][891.589s][info][gc,phases   ] GC(186)   Post Evacuate Collection Set: 5.0ms
[2024-04-05T13:41:35.820+0300][891.589s][info][gc,phases   ] GC(186)   Other: 0.2ms
[2024-04-05T13:41:35.820+0300][891.589s][info][gc,heap     ] GC(186) Eden regions: 42->0(130)
[2024-04-05T13:41:35.820+0300][891.589s][info][gc,heap     ] GC(186) Survivor regions: 9->7(7)
[2024-04-05T13:41:35.820+0300][891.589s][info][gc,heap     ] GC(186) Old regions: 636->610
[2024-04-05T13:41:35.820+0300][891.589s][info][gc,heap     ] GC(186) Archive regions: 2->2
[2024-04-05T13:41:35.820+0300][891.589s][info][gc,heap     ] GC(186) Humongous regions: 43->43
[2024-04-05T13:41:35.820+0300][891.589s][info][gc,metaspace] GC(186) Metaspace: 434103K(451648K)->434103K(451648K) NonClass: 382254K(392896K)->382254K(392896K) Class: 51849K(58752K)->51849K(58752K)
[2024-04-05T13:41:35.820+0300][891.589s][info][gc          ] GC(186) Pause Young (Mixed) (G1 Evacuation Pause) 730M->660M(1024M) 95.762ms
[2024-04-05T13:41:35.820+0300][891.589s][info][gc,cpu      ] GC(186) User=0.40s Sys=0.01s Real=0.10s
[2024-04-05T13:41:37.957+0300][893.727s][info][gc,start    ] GC(187) Pause Young (Concurrent Start) (G1 Evacuation Pause)
[2024-04-05T13:41:37.957+0300][893.727s][info][gc,task     ] GC(187) Using 6 workers of 6 for evacuation
[2024-04-05T13:41:37.978+0300][893.747s][info][gc,phases   ] GC(187)   Pre Evacuate Collection Set: 1.8ms
[2024-04-05T13:41:37.978+0300][893.747s][info][gc,phases   ] GC(187)   Merge Heap Roots: 0.3ms
[2024-04-05T13:41:37.978+0300][893.747s][info][gc,phases   ] GC(187)   Evacuate Collection Set: 10.6ms
[2024-04-05T13:41:37.978+0300][893.748s][info][gc,phases   ] GC(187)   Post Evacuate Collection Set: 7.5ms
[2024-04-05T13:41:37.978+0300][893.748s][info][gc,phases   ] GC(187)   Other: 0.5ms
[2024-04-05T13:41:37.978+0300][893.748s][info][gc,heap     ] GC(187) Eden regions: 130->0(130)
[2024-04-05T13:41:37.978+0300][893.748s][info][gc,heap     ] GC(187) Survivor regions: 7->11(18)
[2024-04-05T13:41:37.978+0300][893.748s][info][gc,heap     ] GC(187) Old regions: 610->610
[2024-04-05T13:41:37.978+0300][893.748s][info][gc,heap     ] GC(187) Archive regions: 2->2
[2024-04-05T13:41:37.978+0300][893.748s][info][gc,heap     ] GC(187) Humongous regions: 43->43
[2024-04-05T13:41:37.978+0300][893.748s][info][gc,metaspace] GC(187) Metaspace: 434602K(451648K)->434602K(451648K) NonClass: 382703K(392896K)->382703K(392896K) Class: 51899K(58752K)->51899K(58752K)
[2024-04-05T13:41:37.978+0300][893.748s][info][gc          ] GC(187) Pause Young (Concurrent Start) (G1 Evacuation Pause) 790M->663M(1024M) 21.129ms
[2024-04-05T13:41:37.978+0300][893.748s][info][gc          ] GC(188) Concurrent Mark Cycle
[2024-04-05T13:41:37.978+0300][893.748s][info][gc,marking  ] GC(188) Concurrent Clear Claimed Marks
[2024-04-05T13:41:37.978+0300][893.748s][info][gc,cpu      ] GC(187) User=0.07s Sys=0.00s Real=0.03s
[2024-04-05T13:41:37.980+0300][893.749s][info][gc,marking  ] GC(188) Concurrent Clear Claimed Marks 1.342ms
[2024-04-05T13:41:37.980+0300][893.749s][info][gc,marking  ] GC(188) Concurrent Scan Root Regions
[2024-04-05T13:41:38.002+0300][893.772s][info][gc,marking  ] GC(188) Concurrent Scan Root Regions 22.566ms
[2024-04-05T13:41:38.002+0300][893.772s][info][gc,marking  ] GC(188) Concurrent Mark
[2024-04-05T13:41:38.002+0300][893.772s][info][gc,marking  ] GC(188) Concurrent Mark From Roots
[2024-04-05T13:41:38.002+0300][893.772s][info][gc,task     ] GC(188) Using 2 workers of 2 for marking
[2024-04-05T13:41:38.461+0300][894.231s][info][gc,start    ] GC(189) Pause Young (Normal) (G1 Evacuation Pause)
[2024-04-05T13:41:38.461+0300][894.231s][info][gc,task     ] GC(189) Using 6 workers of 6 for evacuation
[2024-04-05T13:41:38.482+0300][894.251s][info][gc,phases   ] GC(189)   Pre Evacuate Collection Set: 0.5ms
[2024-04-05T13:41:38.482+0300][894.251s][info][gc,phases   ] GC(189)   Merge Heap Roots: 0.3ms
[2024-04-05T13:41:38.482+0300][894.251s][info][gc,phases   ] GC(189)   Evacuate Collection Set: 12.5ms
[2024-04-05T13:41:38.482+0300][894.251s][info][gc,phases   ] GC(189)   Post Evacuate Collection Set: 7.0ms
[2024-04-05T13:41:38.482+0300][894.251s][info][gc,phases   ] GC(189)   Other: 0.2ms
[2024-04-05T13:41:38.482+0300][894.252s][info][gc,heap     ] GC(189) Eden regions: 130->0(124)
[2024-04-05T13:41:38.482+0300][894.252s][info][gc,heap     ] GC(189) Survivor regions: 11->10(18)
[2024-04-05T13:41:38.482+0300][894.252s][info][gc,heap     ] GC(189) Old regions: 610->617
[2024-04-05T13:41:38.482+0300][894.252s][info][gc,heap     ] GC(189) Archive regions: 2->2
[2024-04-05T13:41:38.482+0300][894.252s][info][gc,heap     ] GC(189) Humongous regions: 43->43
[2024-04-05T13:41:38.482+0300][894.252s][info][gc,metaspace] GC(189) Metaspace: 434614K(451648K)->434614K(451648K) NonClass: 382713K(392896K)->382713K(392896K) Class: 51900K(58752K)->51900K(58752K)
[2024-04-05T13:41:38.482+0300][894.252s][info][gc          ] GC(189) Pause Young (Normal) (G1 Evacuation Pause) 793M->670M(1024M) 20.856ms
[2024-04-05T13:41:38.482+0300][894.252s][info][gc,cpu      ] GC(189) User=0.08s Sys=0.00s Real=0.02s
[2024-04-05T13:41:38.820+0300][894.590s][info][gc,marking  ] GC(188) Concurrent Mark From Roots 817.834ms
[2024-04-05T13:41:38.820+0300][894.590s][info][gc,marking  ] GC(188) Concurrent Preclean
[2024-04-05T13:41:38.832+0300][894.601s][info][gc,marking  ] GC(188) Concurrent Preclean 11.291ms
[2024-04-05T13:41:38.832+0300][894.602s][info][gc,start    ] GC(188) Pause Remark
[2024-04-05T13:41:38.915+0300][894.685s][info][gc          ] GC(188) Pause Remark 732M->696M(1024M) 83.099ms
[2024-04-05T13:41:38.915+0300][894.685s][info][gc,cpu      ] GC(188) User=0.31s Sys=0.00s Real=0.08s
[2024-04-05T13:41:38.916+0300][894.685s][info][gc,marking  ] GC(188) Concurrent Mark 913.241ms
[2024-04-05T13:41:38.916+0300][894.685s][info][gc,marking  ] GC(188) Concurrent Rebuild Remembered Sets
[2024-04-05T13:41:39.506+0300][895.276s][info][gc,start    ] GC(190) Pause Young (Normal) (G1 Evacuation Pause)
[2024-04-05T13:41:39.506+0300][895.276s][info][gc,task     ] GC(190) Using 6 workers of 6 for evacuation
[2024-04-05T13:41:39.520+0300][895.290s][info][gc,phases   ] GC(190)   Pre Evacuate Collection Set: 0.4ms
[2024-04-05T13:41:39.520+0300][895.290s][info][gc,phases   ] GC(190)   Merge Heap Roots: 0.4ms
[2024-04-05T13:41:39.520+0300][895.290s][info][gc,phases   ] GC(190)   Evacuate Collection Set: 10.4ms
[2024-04-05T13:41:39.520+0300][895.290s][info][gc,phases   ] GC(190)   Post Evacuate Collection Set: 2.4ms
[2024-04-05T13:41:39.520+0300][895.290s][info][gc,phases   ] GC(190)   Other: 0.2ms
[2024-04-05T13:41:39.520+0300][895.290s][info][gc,heap     ] GC(190) Eden regions: 124->0(165)
[2024-04-05T13:41:39.520+0300][895.290s][info][gc,heap     ] GC(190) Survivor regions: 10->3(17)
[2024-04-05T13:41:39.520+0300][895.290s][info][gc,heap     ] GC(190) Old regions: 595->597
[2024-04-05T13:41:39.520+0300][895.290s][info][gc,heap     ] GC(190) Archive regions: 2->2
[2024-04-05T13:41:39.520+0300][895.290s][info][gc,heap     ] GC(190) Humongous regions: 29->29
[2024-04-05T13:41:39.520+0300][895.290s][info][gc,metaspace] GC(190) Metaspace: 434078K(451648K)->434078K(451648K) NonClass: 382311K(392896K)->382311K(392896K) Class: 51766K(58752K)->51766K(58752K)
[2024-04-05T13:41:39.520+0300][895.290s][info][gc          ] GC(190) Pause Young (Normal) (G1 Evacuation Pause) 758M->629M(1024M) 14.089ms
[2024-04-05T13:41:39.520+0300][895.290s][info][gc,cpu      ] GC(190) User=0.06s Sys=0.00s Real=0.02s
[2024-04-05T13:41:40.187+0300][895.956s][info][gc,marking  ] GC(188) Concurrent Rebuild Remembered Sets 1270.916ms
[2024-04-05T13:41:40.187+0300][895.957s][info][gc,start    ] GC(188) Pause Cleanup
[2024-04-05T13:41:40.188+0300][895.958s][info][gc          ] GC(188) Pause Cleanup 648M->648M(1024M) 1.020ms
[2024-04-05T13:41:40.188+0300][895.958s][info][gc,cpu      ] GC(188) User=0.01s Sys=0.00s Real=0.00s
[2024-04-05T13:41:40.189+0300][895.958s][info][gc,marking  ] GC(188) Concurrent Cleanup for Next Mark
[2024-04-05T13:41:40.191+0300][895.961s][info][gc,marking  ] GC(188) Concurrent Cleanup for Next Mark 2.543ms
[2024-04-05T13:41:40.191+0300][895.961s][info][gc          ] GC(188) Concurrent Mark Cycle 2212.983ms
[2024-04-05T13:41:42.511+0300][898.281s][info][gc,start    ] GC(191) Pause Young (Prepare Mixed) (G1 Evacuation Pause)
[2024-04-05T13:41:42.512+0300][898.281s][info][gc,task     ] GC(191) Using 6 workers of 6 for evacuation
[2024-04-05T13:41:42.541+0300][898.310s][info][gc,phases   ] GC(191)   Pre Evacuate Collection Set: 0.4ms
[2024-04-05T13:41:42.541+0300][898.310s][info][gc,phases   ] GC(191)   Merge Heap Roots: 0.5ms
[2024-04-05T13:41:42.541+0300][898.310s][info][gc,phases   ] GC(191)   Evacuate Collection Set: 22.8ms
[2024-04-05T13:41:42.541+0300][898.310s][info][gc,phases   ] GC(191)   Post Evacuate Collection Set: 5.3ms
[2024-04-05T13:41:42.541+0300][898.310s][info][gc,phases   ] GC(191)   Other: 0.2ms
[2024-04-05T13:41:42.541+0300][898.310s][info][gc,heap     ] GC(191) Eden regions: 165->0(33)
[2024-04-05T13:41:42.541+0300][898.310s][info][gc,heap     ] GC(191) Survivor regions: 3->18(21)
[2024-04-05T13:41:42.541+0300][898.310s][info][gc,heap     ] GC(191) Old regions: 597->597
[2024-04-05T13:41:42.541+0300][898.310s][info][gc,heap     ] GC(191) Archive regions: 2->2
[2024-04-05T13:41:42.541+0300][898.310s][info][gc,heap     ] GC(191) Humongous regions: 31->31
[2024-04-05T13:41:42.541+0300][898.310s][info][gc,metaspace] GC(191) Metaspace: 435268K(451648K)->435268K(451648K) NonClass: 383318K(392896K)->383318K(392896K) Class: 51950K(58752K)->51950K(58752K)
[2024-04-05T13:41:42.541+0300][898.311s][info][gc          ] GC(191) Pause Young (Prepare Mixed) (G1 Evacuation Pause) 796M->646M(1024M) 29.397ms
[2024-04-05T13:41:42.541+0300][898.311s][info][gc,cpu      ] GC(191) User=0.09s Sys=0.00s Real=0.03s
[2024-04-05T13:41:42.808+0300][898.578s][info][gc,start    ] GC(192) Pause Young (Mixed) (G1 Evacuation Pause)
[2024-04-05T13:41:42.808+0300][898.578s][info][gc,task     ] GC(192) Using 6 workers of 6 for evacuation
[2024-04-05T13:41:42.869+0300][898.639s][info][gc,phases   ] GC(192)   Pre Evacuate Collection Set: 0.5ms
[2024-04-05T13:41:42.869+0300][898.639s][info][gc,phases   ] GC(192)   Merge Heap Roots: 1.6ms
[2024-04-05T13:41:42.869+0300][898.639s][info][gc,phases   ] GC(192)   Evacuate Collection Set: 56.0ms
[2024-04-05T13:41:42.869+0300][898.639s][info][gc,phases   ] GC(192)   Post Evacuate Collection Set: 2.6ms
[2024-04-05T13:41:42.869+0300][898.639s][info][gc,phases   ] GC(192)   Other: 0.2ms
[2024-04-05T13:41:42.869+0300][898.639s][info][gc,heap     ] GC(192) Eden regions: 33->0(50)
[2024-04-05T13:41:42.869+0300][898.639s][info][gc,heap     ] GC(192) Survivor regions: 18->1(7)
[2024-04-05T13:41:42.869+0300][898.639s][info][gc,heap     ] GC(192) Old regions: 597->545
[2024-04-05T13:41:42.869+0300][898.639s][info][gc,heap     ] GC(192) Archive regions: 2->2
[2024-04-05T13:41:42.869+0300][898.639s][info][gc,heap     ] GC(192) Humongous regions: 31->31
[2024-04-05T13:41:42.869+0300][898.639s][info][gc,metaspace] GC(192) Metaspace: 435271K(451648K)->435271K(451648K) NonClass: 383321K(392896K)->383321K(392896K) Class: 51950K(58752K)->51950K(58752K)
[2024-04-05T13:41:42.869+0300][898.639s][info][gc          ] GC(192) Pause Young (Mixed) (G1 Evacuation Pause) 679M->576M(1024M) 61.282ms
[2024-04-05T13:41:42.869+0300][898.639s][info][gc,cpu      ] GC(192) User=0.26s Sys=0.00s Real=0.06s
[2024-04-05T13:41:43.303+0300][899.072s][info][gc,start    ] GC(193) Pause Young (Mixed) (G1 Evacuation Pause)
[2024-04-05T13:41:43.303+0300][899.072s][info][gc,task     ] GC(193) Using 6 workers of 6 for evacuation
[2024-04-05T13:41:43.344+0300][899.114s][info][gc,phases   ] GC(193)   Pre Evacuate Collection Set: 0.6ms
[2024-04-05T13:41:43.344+0300][899.114s][info][gc,phases   ] GC(193)   Merge Heap Roots: 1.3ms
[2024-04-05T13:41:43.344+0300][899.114s][info][gc,phases   ] GC(193)   Evacuate Collection Set: 34.0ms
[2024-04-05T13:41:43.344+0300][899.114s][info][gc,phases   ] GC(193)   Post Evacuate Collection Set: 5.0ms
[2024-04-05T13:41:43.344+0300][899.114s][info][gc,phases   ] GC(193)   Other: 0.3ms
[2024-04-05T13:41:43.344+0300][899.114s][info][gc,heap     ] GC(193) Eden regions: 50->0(213)
[2024-04-05T13:41:43.344+0300][899.114s][info][gc,heap     ] GC(193) Survivor regions: 1->1(7)
[2024-04-05T13:41:43.344+0300][899.114s][info][gc,heap     ] GC(193) Old regions: 545->541
[2024-04-05T13:41:43.344+0300][899.114s][info][gc,heap     ] GC(193) Archive regions: 2->2
[2024-04-05T13:41:43.344+0300][899.114s][info][gc,heap     ] GC(193) Humongous regions: 31->31
[2024-04-05T13:41:43.344+0300][899.114s][info][gc,metaspace] GC(193) Metaspace: 435271K(451648K)->435271K(451648K) NonClass: 383321K(392896K)->383321K(392896K) Class: 51950K(58752K)->51950K(58752K)
[2024-04-05T13:41:43.344+0300][899.114s][info][gc          ] GC(193) Pause Young (Mixed) (G1 Evacuation Pause) 626M->573M(1024M) 41.694ms
[2024-04-05T13:41:43.344+0300][899.114s][info][gc,cpu      ] GC(193) User=0.14s Sys=0.01s Real=0.04s
[2024-04-05T13:41:45.161+0300][900.931s][info][gc,start    ] GC(194) Pause Young (Concurrent Start) (G1 Evacuation Pause)
[2024-04-05T13:41:45.161+0300][900.931s][info][gc,task     ] GC(194) Using 6 workers of 6 for evacuation
[2024-04-05T13:41:45.180+0300][900.949s][info][gc,phases   ] GC(194)   Pre Evacuate Collection Set: 2.0ms
[2024-04-05T13:41:45.180+0300][900.950s][info][gc,phases   ] GC(194)   Merge Heap Roots: 0.3ms
[2024-04-05T13:41:45.180+0300][900.950s][info][gc,phases   ] GC(194)   Evacuate Collection Set: 11.5ms
[2024-04-05T13:41:45.180+0300][900.950s][info][gc,phases   ] GC(194)   Post Evacuate Collection Set: 4.6ms
[2024-04-05T13:41:45.180+0300][900.950s][info][gc,phases   ] GC(194)   Other: 0.4ms
[2024-04-05T13:41:45.180+0300][900.950s][info][gc,heap     ] GC(194) Eden regions: 213->0(208)
[2024-04-05T13:41:45.180+0300][900.950s][info][gc,heap     ] GC(194) Survivor regions: 1->8(27)
[2024-04-05T13:41:45.180+0300][900.950s][info][gc,heap     ] GC(194) Old regions: 541->541
[2024-04-05T13:41:45.180+0300][900.950s][info][gc,heap     ] GC(194) Archive regions: 2->2
[2024-04-05T13:41:45.180+0300][900.950s][info][gc,heap     ] GC(194) Humongous regions: 31->31
[2024-04-05T13:41:45.180+0300][900.950s][info][gc,metaspace] GC(194) Metaspace: 435276K(451648K)->435276K(451648K) NonClass: 383326K(392896K)->383326K(392896K) Class: 51950K(58752K)->51950K(58752K)
[2024-04-05T13:41:45.180+0300][900.950s][info][gc          ] GC(194) Pause Young (Concurrent Start) (G1 Evacuation Pause) 786M->580M(1024M) 19.182ms
[2024-04-05T13:41:45.180+0300][900.950s][info][gc,cpu      ] GC(194) User=0.06s Sys=0.00s Real=0.02s
[2024-04-05T13:41:45.180+0300][900.950s][info][gc          ] GC(195) Concurrent Mark Cycle
[2024-04-05T13:41:45.180+0300][900.950s][info][gc,marking  ] GC(195) Concurrent Clear Claimed Marks
[2024-04-05T13:41:45.182+0300][900.952s][info][gc,marking  ] GC(195) Concurrent Clear Claimed Marks 1.661ms
[2024-04-05T13:41:45.182+0300][900.952s][info][gc,marking  ] GC(195) Concurrent Scan Root Regions
[2024-04-05T13:41:45.189+0300][900.959s][info][gc,marking  ] GC(195) Concurrent Scan Root Regions 6.978ms
[2024-04-05T13:41:45.189+0300][900.959s][info][gc,marking  ] GC(195) Concurrent Mark
[2024-04-05T13:41:45.189+0300][900.959s][info][gc,marking  ] GC(195) Concurrent Mark From Roots
[2024-04-05T13:41:45.189+0300][900.959s][info][gc,task     ] GC(195) Using 2 workers of 2 for marking
[2024-04-05T13:41:45.888+0300][901.658s][info][gc,marking  ] GC(195) Concurrent Mark From Roots 698.880ms
[2024-04-05T13:41:45.888+0300][901.658s][info][gc,marking  ] GC(195) Concurrent Preclean
[2024-04-05T13:41:45.891+0300][901.660s][info][gc,marking  ] GC(195) Concurrent Preclean 2.598ms
[2024-04-05T13:41:45.891+0300][901.661s][info][gc,start    ] GC(195) Pause Remark
[2024-04-05T13:41:46.031+0300][901.800s][info][gc          ] GC(195) Pause Remark 630M->625M(1024M) 139.517ms
[2024-04-05T13:41:46.031+0300][901.801s][info][gc,cpu      ] GC(195) User=0.43s Sys=0.02s Real=0.14s
[2024-04-05T13:41:46.031+0300][901.801s][info][gc,marking  ] GC(195) Concurrent Mark 842.082ms
[2024-04-05T13:41:46.031+0300][901.801s][info][gc,marking  ] GC(195) Concurrent Rebuild Remembered Sets
[2024-04-05T13:41:47.170+0300][902.940s][info][gc,marking  ] GC(195) Concurrent Rebuild Remembered Sets 1138.977ms
[2024-04-05T13:41:47.172+0300][902.942s][info][gc,start    ] GC(195) Pause Cleanup
[2024-04-05T13:41:47.173+0300][902.943s][info][gc          ] GC(195) Pause Cleanup 659M->659M(1024M) 1.181ms
[2024-04-05T13:41:47.173+0300][902.943s][info][gc,cpu      ] GC(195) User=0.00s Sys=0.00s Real=0.00s
[2024-04-05T13:41:47.174+0300][902.943s][info][gc,marking  ] GC(195) Concurrent Cleanup for Next Mark
[2024-04-05T13:41:47.176+0300][902.945s][info][gc,marking  ] GC(195) Concurrent Cleanup for Next Mark 1.828ms
[2024-04-05T13:41:47.176+0300][902.945s][info][gc          ] GC(195) Concurrent Mark Cycle 1995.465ms
[2024-04-05T13:41:49.186+0300][904.956s][info][gc,start    ] GC(196) Pause Young (Prepare Mixed) (GCLocker Initiated GC)
[2024-04-05T13:41:49.186+0300][904.956s][info][gc,task     ] GC(196) Using 6 workers of 6 for evacuation
[2024-04-05T13:41:49.212+0300][904.981s][info][gc,phases   ] GC(196)   Pre Evacuate Collection Set: 0.4ms
[2024-04-05T13:41:49.212+0300][904.982s][info][gc,phases   ] GC(196)   Merge Heap Roots: 0.9ms
[2024-04-05T13:41:49.212+0300][904.982s][info][gc,phases   ] GC(196)   Evacuate Collection Set: 21.7ms
[2024-04-05T13:41:49.212+0300][904.982s][info][gc,phases   ] GC(196)   Post Evacuate Collection Set: 2.6ms
[2024-04-05T13:41:49.212+0300][904.982s][info][gc,phases   ] GC(196)   Other: 0.2ms
[2024-04-05T13:41:49.212+0300][904.982s][info][gc,heap     ] GC(196) Eden regions: 211->0(34)
[2024-04-05T13:41:49.212+0300][904.982s][info][gc,heap     ] GC(196) Survivor regions: 8->17(27)
[2024-04-05T13:41:49.212+0300][904.982s][info][gc,heap     ] GC(196) Old regions: 538->538
[2024-04-05T13:41:49.212+0300][904.982s][info][gc,heap     ] GC(196) Archive regions: 2->2
[2024-04-05T13:41:49.212+0300][904.982s][info][gc,heap     ] GC(196) Humongous regions: 29->29
[2024-04-05T13:41:49.212+0300][904.982s][info][gc,metaspace] GC(196) Metaspace: 423485K(443712K)->423485K(443712K) NonClass: 373031K(385728K)->373031K(385728K) Class: 50453K(57984K)->50453K(57984K)
[2024-04-05T13:41:49.212+0300][904.982s][info][gc          ] GC(196) Pause Young (Prepare Mixed) (GCLocker Initiated GC) 785M->584M(1024M) 26.189ms
[2024-04-05T13:41:49.212+0300][904.982s][info][gc,cpu      ] GC(196) User=0.09s Sys=0.00s Real=0.03s
[2024-04-05T13:41:49.385+0300][905.155s][info][gc,start    ] GC(197) Pause Young (Mixed) (G1 Evacuation Pause)
[2024-04-05T13:41:49.385+0300][905.155s][info][gc,task     ] GC(197) Using 6 workers of 6 for evacuation
[2024-04-05T13:41:49.444+0300][905.214s][info][gc,phases   ] GC(197)   Pre Evacuate Collection Set: 0.5ms
[2024-04-05T13:41:49.444+0300][905.214s][info][gc,phases   ] GC(197)   Merge Heap Roots: 1.0ms
[2024-04-05T13:41:49.444+0300][905.214s][info][gc,phases   ] GC(197)   Evacuate Collection Set: 54.9ms
[2024-04-05T13:41:49.444+0300][905.214s][info][gc,phases   ] GC(197)   Post Evacuate Collection Set: 2.9ms
[2024-04-05T13:41:49.444+0300][905.214s][info][gc,phases   ] GC(197)   Other: 0.2ms
[2024-04-05T13:41:49.444+0300][905.214s][info][gc,heap     ] GC(197) Eden regions: 34->0(223)
[2024-04-05T13:41:49.445+0300][905.214s][info][gc,heap     ] GC(197) Survivor regions: 17->3(7)
[2024-04-05T13:41:49.445+0300][905.214s][info][gc,heap     ] GC(197) Old regions: 538->531
[2024-04-05T13:41:49.445+0300][905.214s][info][gc,heap     ] GC(197) Archive regions: 2->2
[2024-04-05T13:41:49.445+0300][905.214s][info][gc,heap     ] GC(197) Humongous regions: 29->29
[2024-04-05T13:41:49.445+0300][905.214s][info][gc,metaspace] GC(197) Metaspace: 423718K(443712K)->423718K(443712K) NonClass: 373229K(385728K)->373229K(385728K) Class: 50489K(57984K)->50489K(57984K)
[2024-04-05T13:41:49.445+0300][905.214s][info][gc          ] GC(197) Pause Young (Mixed) (G1 Evacuation Pause) 618M->563M(1024M) 59.795ms
[2024-04-05T13:41:49.445+0300][905.214s][info][gc,cpu      ] GC(197) User=0.27s Sys=0.00s Real=0.06s
[2024-04-05T13:41:49.615+0300][905.385s][info][gc,start    ] GC(198) Pause Young (Concurrent Start) (G1 Humongous Allocation)
[2024-04-05T13:41:49.615+0300][905.385s][info][gc,task     ] GC(198) Using 6 workers of 6 for evacuation
[2024-04-05T13:41:49.627+0300][905.397s][info][gc,phases   ] GC(198)   Pre Evacuate Collection Set: 1.5ms
[2024-04-05T13:41:49.627+0300][905.397s][info][gc,phases   ] GC(198)   Merge Heap Roots: 0.4ms
[2024-04-05T13:41:49.627+0300][905.397s][info][gc,phases   ] GC(198)   Evacuate Collection Set: 7.5ms
[2024-04-05T13:41:49.627+0300][905.397s][info][gc,phases   ] GC(198)   Post Evacuate Collection Set: 2.1ms
[2024-04-05T13:41:49.627+0300][905.397s][info][gc,phases   ] GC(198)   Other: 0.6ms
[2024-04-05T13:41:49.627+0300][905.397s][info][gc,heap     ] GC(198) Eden regions: 37->0(227)
[2024-04-05T13:41:49.627+0300][905.397s][info][gc,heap     ] GC(198) Survivor regions: 3->3(29)
[2024-04-05T13:41:49.627+0300][905.397s][info][gc,heap     ] GC(198) Old regions: 531->531
[2024-04-05T13:41:49.627+0300][905.397s][info][gc,heap     ] GC(198) Archive regions: 2->2
[2024-04-05T13:41:49.627+0300][905.397s][info][gc,heap     ] GC(198) Humongous regions: 29->29
[2024-04-05T13:41:49.627+0300][905.397s][info][gc,metaspace] GC(198) Metaspace: 423759K(443712K)->423759K(443712K) NonClass: 373264K(385728K)->373264K(385728K) Class: 50494K(57984K)->50494K(57984K)
[2024-04-05T13:41:49.628+0300][905.397s][info][gc          ] GC(198) Pause Young (Concurrent Start) (G1 Humongous Allocation) 600M->563M(1024M) 12.403ms
[2024-04-05T13:41:49.628+0300][905.397s][info][gc,cpu      ] GC(198) User=0.02s Sys=0.00s Real=0.01s
[2024-04-05T13:41:49.629+0300][905.399s][info][gc          ] GC(199) Concurrent Mark Cycle
[2024-04-05T13:41:49.629+0300][905.399s][info][gc,marking  ] GC(199) Concurrent Clear Claimed Marks
[2024-04-05T13:41:49.630+0300][905.400s][info][gc,marking  ] GC(199) Concurrent Clear Claimed Marks 1.158ms
[2024-04-05T13:41:49.630+0300][905.400s][info][gc,marking  ] GC(199) Concurrent Scan Root Regions
[2024-04-05T13:41:49.640+0300][905.410s][info][gc,marking  ] GC(199) Concurrent Scan Root Regions 9.705ms
[2024-04-05T13:41:49.640+0300][905.410s][info][gc,marking  ] GC(199) Concurrent Mark
[2024-04-05T13:41:49.640+0300][905.410s][info][gc,marking  ] GC(199) Concurrent Mark From Roots
[2024-04-05T13:41:49.640+0300][905.410s][info][gc,task     ] GC(199) Using 2 workers of 2 for marking
[2024-04-05T13:41:51.208+0300][906.977s][info][gc,marking  ] GC(199) Concurrent Mark From Roots 1567.582ms
[2024-04-05T13:41:51.208+0300][906.977s][info][gc,marking  ] GC(199) Concurrent Preclean
[2024-04-05T13:41:51.211+0300][906.980s][info][gc,marking  ] GC(199) Concurrent Preclean 2.971ms
[2024-04-05T13:41:51.211+0300][906.981s][info][gc,start    ] GC(199) Pause Remark
[2024-04-05T13:41:51.308+0300][907.078s][info][gc          ] GC(199) Pause Remark 711M->710M(1024M) 96.980ms
[2024-04-05T13:41:51.309+0300][907.078s][info][gc,cpu      ] GC(199) User=0.28s Sys=0.00s Real=0.09s
[2024-04-05T13:41:51.323+0300][907.092s][info][gc,marking  ] GC(199) Concurrent Mark 1682.595ms
[2024-04-05T13:41:51.323+0300][907.092s][info][gc,marking  ] GC(199) Concurrent Rebuild Remembered Sets
[2024-04-05T13:41:52.574+0300][908.344s][info][gc,start    ] GC(200) Pause Young (Normal) (G1 Evacuation Pause)
[2024-04-05T13:41:52.574+0300][908.344s][info][gc,task     ] GC(200) Using 6 workers of 6 for evacuation
[2024-04-05T13:41:52.606+0300][908.376s][info][gc,phases   ] GC(200)   Pre Evacuate Collection Set: 0.3ms
[2024-04-05T13:41:52.606+0300][908.376s][info][gc,phases   ] GC(200)   Merge Heap Roots: 2.0ms
[2024-04-05T13:41:52.606+0300][908.376s][info][gc,phases   ] GC(200)   Evacuate Collection Set: 24.1ms
[2024-04-05T13:41:52.606+0300][908.376s][info][gc,phases   ] GC(200)   Post Evacuate Collection Set: 5.3ms
[2024-04-05T13:41:52.606+0300][908.376s][info][gc,phases   ] GC(200)   Other: 0.2ms
[2024-04-05T13:41:52.606+0300][908.376s][info][gc,heap     ] GC(200) Eden regions: 227->0(182)
[2024-04-05T13:41:52.606+0300][908.376s][info][gc,heap     ] GC(200) Survivor regions: 3->27(29)
[2024-04-05T13:41:52.606+0300][908.376s][info][gc,heap     ] GC(200) Old regions: 530->530
[2024-04-05T13:41:52.606+0300][908.376s][info][gc,heap     ] GC(200) Archive regions: 2->2
[2024-04-05T13:41:52.606+0300][908.376s][info][gc,heap     ] GC(200) Humongous regions: 37->36
[2024-04-05T13:41:52.606+0300][908.376s][info][gc,metaspace] GC(200) Metaspace: 424652K(443712K)->424652K(443712K) NonClass: 374056K(385728K)->374056K(385728K) Class: 50596K(57984K)->50596K(57984K)
[2024-04-05T13:41:52.606+0300][908.376s][info][gc          ] GC(200) Pause Young (Normal) (G1 Evacuation Pause) 797M->592M(1024M) 32.397ms
[2024-04-05T13:41:52.607+0300][908.376s][info][gc,cpu      ] GC(200) User=0.11s Sys=0.00s Real=0.03s
[2024-04-05T13:41:53.021+0300][908.791s][info][gc,marking  ] GC(199) Concurrent Rebuild Remembered Sets 1698.564ms
[2024-04-05T13:41:53.027+0300][908.796s][info][gc,start    ] GC(199) Pause Cleanup
[2024-04-05T13:41:53.029+0300][908.799s][info][gc          ] GC(199) Pause Cleanup 621M->621M(1024M) 2.444ms
[2024-04-05T13:41:53.029+0300][908.799s][info][gc,cpu      ] GC(199) User=0.01s Sys=0.00s Real=0.00s
[2024-04-05T13:41:53.030+0300][908.799s][info][gc,marking  ] GC(199) Concurrent Cleanup for Next Mark
[2024-04-05T13:41:53.032+0300][908.802s][info][gc,marking  ] GC(199) Concurrent Cleanup for Next Mark 2.560ms
[2024-04-05T13:41:53.032+0300][908.802s][info][gc          ] GC(199) Concurrent Mark Cycle 3403.334ms
[2024-04-05T13:41:57.959+0300][913.729s][info][gc,start    ] GC(201) Pause Young (Prepare Mixed) (G1 Evacuation Pause)
[2024-04-05T13:41:57.959+0300][913.729s][info][gc,task     ] GC(201) Using 6 workers of 6 for evacuation
[2024-04-05T13:41:57.990+0300][913.759s][info][gc,phases   ] GC(201)   Pre Evacuate Collection Set: 0.4ms
[2024-04-05T13:41:57.990+0300][913.759s][info][gc,phases   ] GC(201)   Merge Heap Roots: 0.3ms
[2024-04-05T13:41:57.990+0300][913.759s][info][gc,phases   ] GC(201)   Evacuate Collection Set: 27.3ms
[2024-04-05T13:41:57.990+0300][913.759s][info][gc,phases   ] GC(201)   Post Evacuate Collection Set: 2.0ms
[2024-04-05T13:41:57.990+0300][913.760s][info][gc,phases   ] GC(201)   Other: 0.2ms
[2024-04-05T13:41:57.990+0300][913.760s][info][gc,heap     ] GC(201) Eden regions: 182->0(46)
[2024-04-05T13:41:57.990+0300][913.760s][info][gc,heap     ] GC(201) Survivor regions: 27->5(27)
[2024-04-05T13:41:57.990+0300][913.760s][info][gc,heap     ] GC(201) Old regions: 530->549
[2024-04-05T13:41:57.990+0300][913.760s][info][gc,heap     ] GC(201) Archive regions: 2->2
[2024-04-05T13:41:57.990+0300][913.760s][info][gc,heap     ] GC(201) Humongous regions: 36->36
[2024-04-05T13:41:57.990+0300][913.760s][info][gc,metaspace] GC(201) Metaspace: 424987K(443712K)->424987K(443712K) NonClass: 374365K(385728K)->374365K(385728K) Class: 50621K(57984K)->50621K(57984K)
[2024-04-05T13:41:57.990+0300][913.760s][info][gc          ] GC(201) Pause Young (Prepare Mixed) (G1 Evacuation Pause) 774M->589M(1024M) 30.663ms
[2024-04-05T13:41:57.990+0300][913.760s][info][gc,cpu      ] GC(201) User=0.10s Sys=0.00s Real=0.03s
[2024-04-05T13:41:59.064+0300][914.834s][info][gc,start    ] GC(202) Pause Young (Mixed) (G1 Evacuation Pause)
[2024-04-05T13:41:59.064+0300][914.834s][info][gc,task     ] GC(202) Using 6 workers of 6 for evacuation
[2024-04-05T13:41:59.094+0300][914.864s][info][gc,phases   ] GC(202)   Pre Evacuate Collection Set: 0.5ms
[2024-04-05T13:41:59.094+0300][914.864s][info][gc,phases   ] GC(202)   Merge Heap Roots: 0.8ms
[2024-04-05T13:41:59.094+0300][914.864s][info][gc,phases   ] GC(202)   Evacuate Collection Set: 24.5ms
[2024-04-05T13:41:59.095+0300][914.864s][info][gc,phases   ] GC(202)   Post Evacuate Collection Set: 4.0ms
[2024-04-05T13:41:59.095+0300][914.864s][info][gc,phases   ] GC(202)   Other: 0.2ms
[2024-04-05T13:41:59.095+0300][914.864s][info][gc,heap     ] GC(202) Eden regions: 46->0(206)
[2024-04-05T13:41:59.095+0300][914.864s][info][gc,heap     ] GC(202) Survivor regions: 5->4(7)
[2024-04-05T13:41:59.095+0300][914.864s][info][gc,heap     ] GC(202) Old regions: 549->536
[2024-04-05T13:41:59.095+0300][914.864s][info][gc,heap     ] GC(202) Archive regions: 2->2
[2024-04-05T13:41:59.095+0300][914.864s][info][gc,heap     ] GC(202) Humongous regions: 36->36
[2024-04-05T13:41:59.095+0300][914.864s][info][gc,metaspace] GC(202) Metaspace: 425141K(443712K)->425141K(443712K) NonClass: 374517K(385728K)->374517K(385728K) Class: 50623K(57984K)->50623K(57984K)
[2024-04-05T13:41:59.095+0300][914.864s][info][gc          ] GC(202) Pause Young (Mixed) (G1 Evacuation Pause) 635M->576M(1024M) 30.455ms
[2024-04-05T13:41:59.095+0300][914.864s][info][gc,cpu      ] GC(202) User=0.10s Sys=0.01s Real=0.03s
[2024-04-05T13:42:04.790+0300][920.559s][info][gc,start    ] GC(203) Pause Young (Concurrent Start) (G1 Humongous Allocation)
[2024-04-05T13:42:04.790+0300][920.559s][info][gc,task     ] GC(203) Using 6 workers of 6 for evacuation
[2024-04-05T13:42:04.798+0300][920.568s][info][gc,phases   ] GC(203)   Pre Evacuate Collection Set: 1.2ms
[2024-04-05T13:42:04.798+0300][920.568s][info][gc,phases   ] GC(203)   Merge Heap Roots: 0.2ms
[2024-04-05T13:42:04.798+0300][920.568s][info][gc,phases   ] GC(203)   Evacuate Collection Set: 5.3ms
[2024-04-05T13:42:04.798+0300][920.568s][info][gc,phases   ] GC(203)   Post Evacuate Collection Set: 1.4ms
[2024-04-05T13:42:04.798+0300][920.568s][info][gc,phases   ] GC(203)   Other: 0.1ms
[2024-04-05T13:42:04.798+0300][920.568s][info][gc,heap     ] GC(203) Eden regions: 29->0(211)
[2024-04-05T13:42:04.798+0300][920.568s][info][gc,heap     ] GC(203) Survivor regions: 4->4(27)
[2024-04-05T13:42:04.798+0300][920.568s][info][gc,heap     ] GC(203) Old regions: 536->536
[2024-04-05T13:42:04.798+0300][920.568s][info][gc,heap     ] GC(203) Archive regions: 2->2
[2024-04-05T13:42:04.798+0300][920.568s][info][gc,heap     ] GC(203) Humongous regions: 36->36
[2024-04-05T13:42:04.798+0300][920.568s][info][gc,metaspace] GC(203) Metaspace: 425282K(443712K)->425282K(443712K) NonClass: 374655K(385728K)->374655K(385728K) Class: 50627K(57984K)->50627K(57984K)
[2024-04-05T13:42:04.798+0300][920.568s][info][gc          ] GC(203) Pause Young (Concurrent Start) (G1 Humongous Allocation) 604M->576M(1024M) 8.445ms
[2024-04-05T13:42:04.798+0300][920.568s][info][gc,cpu      ] GC(203) User=0.03s Sys=0.00s Real=0.01s
[2024-04-05T13:42:04.798+0300][920.568s][info][gc          ] GC(204) Concurrent Mark Cycle
[2024-04-05T13:42:04.798+0300][920.568s][info][gc,marking  ] GC(204) Concurrent Clear Claimed Marks
[2024-04-05T13:42:04.799+0300][920.569s][info][gc,marking  ] GC(204) Concurrent Clear Claimed Marks 0.824ms
[2024-04-05T13:42:04.799+0300][920.569s][info][gc,marking  ] GC(204) Concurrent Scan Root Regions
[2024-04-05T13:42:04.803+0300][920.573s][info][gc,marking  ] GC(204) Concurrent Scan Root Regions 3.987ms
[2024-04-05T13:42:04.803+0300][920.573s][info][gc,marking  ] GC(204) Concurrent Mark
[2024-04-05T13:42:04.803+0300][920.573s][info][gc,marking  ] GC(204) Concurrent Mark From Roots
[2024-04-05T13:42:04.803+0300][920.573s][info][gc,task     ] GC(204) Using 2 workers of 2 for marking
[2024-04-05T13:42:05.254+0300][921.024s][info][gc,marking  ] GC(204) Concurrent Mark From Roots 451.089ms
[2024-04-05T13:42:05.254+0300][921.024s][info][gc,marking  ] GC(204) Concurrent Preclean
[2024-04-05T13:42:05.256+0300][921.025s][info][gc,marking  ] GC(204) Concurrent Preclean 1.209ms
[2024-04-05T13:42:05.256+0300][921.025s][info][gc,start    ] GC(204) Pause Remark
[2024-04-05T13:42:05.311+0300][921.081s][info][gc          ] GC(204) Pause Remark 679M->670M(1024M) 55.350ms
[2024-04-05T13:42:05.311+0300][921.081s][info][gc,cpu      ] GC(204) User=0.23s Sys=0.00s Real=0.06s
[2024-04-05T13:42:05.311+0300][921.081s][info][gc,marking  ] GC(204) Concurrent Mark 508.152ms
[2024-04-05T13:42:05.311+0300][921.081s][info][gc,marking  ] GC(204) Concurrent Rebuild Remembered Sets
[2024-04-05T13:42:05.802+0300][921.572s][info][gc,marking  ] GC(204) Concurrent Rebuild Remembered Sets 490.970ms
[2024-04-05T13:42:05.804+0300][921.574s][info][gc,start    ] GC(204) Pause Cleanup
[2024-04-05T13:42:05.805+0300][921.574s][info][gc          ] GC(204) Pause Cleanup 780M->780M(1024M) 0.592ms
[2024-04-05T13:42:05.805+0300][921.574s][info][gc,cpu      ] GC(204) User=0.00s Sys=0.00s Real=0.00s
[2024-04-05T13:42:05.805+0300][921.575s][info][gc,marking  ] GC(204) Concurrent Cleanup for Next Mark
[2024-04-05T13:42:05.807+0300][921.576s][info][gc,marking  ] GC(204) Concurrent Cleanup for Next Mark 1.575ms
[2024-04-05T13:42:05.807+0300][921.576s][info][gc          ] GC(204) Concurrent Mark Cycle 1008.286ms
[2024-04-05T13:42:09.385+0300][925.155s][info][gc,start    ] GC(205) Pause Young (Prepare Mixed) (G1 Evacuation Pause)
[2024-04-05T13:42:09.386+0300][925.155s][info][gc,task     ] GC(205) Using 6 workers of 6 for evacuation
[2024-04-05T13:42:09.399+0300][925.169s][info][gc,phases   ] GC(205)   Pre Evacuate Collection Set: 0.4ms
[2024-04-05T13:42:09.399+0300][925.169s][info][gc,phases   ] GC(205)   Merge Heap Roots: 0.4ms
[2024-04-05T13:42:09.399+0300][925.169s][info][gc,phases   ] GC(205)   Evacuate Collection Set: 10.6ms
[2024-04-05T13:42:09.399+0300][925.169s][info][gc,phases   ] GC(205)   Post Evacuate Collection Set: 2.1ms
[2024-04-05T13:42:09.399+0300][925.169s][info][gc,phases   ] GC(205)   Other: 0.2ms
[2024-04-05T13:42:09.399+0300][925.169s][info][gc,heap     ] GC(205) Eden regions: 211->0(24)
[2024-04-05T13:42:09.399+0300][925.169s][info][gc,heap     ] GC(205) Survivor regions: 4->27(27)
[2024-04-05T13:42:09.399+0300][925.169s][info][gc,heap     ] GC(205) Old regions: 536->537
[2024-04-05T13:42:09.399+0300][925.169s][info][gc,heap     ] GC(205) Archive regions: 2->2
[2024-04-05T13:42:09.399+0300][925.169s][info][gc,heap     ] GC(205) Humongous regions: 75->75
[2024-04-05T13:42:09.399+0300][925.169s][info][gc,metaspace] GC(205) Metaspace: 425720K(443712K)->425720K(443712K) NonClass: 375037K(385728K)->375037K(385728K) Class: 50682K(57984K)->50682K(57984K)
[2024-04-05T13:42:09.399+0300][925.169s][info][gc          ] GC(205) Pause Young (Prepare Mixed) (G1 Evacuation Pause) 826M->639M(1024M) 14.054ms
[2024-04-05T13:42:09.399+0300][925.169s][info][gc,cpu      ] GC(205) User=0.06s Sys=0.00s Real=0.02s
[2024-04-05T13:42:12.008+0300][927.778s][info][gc,start    ] GC(206) Pause Young (Mixed) (G1 Evacuation Pause)
[2024-04-05T13:42:12.008+0300][927.778s][info][gc,task     ] GC(206) Using 6 workers of 6 for evacuation
[2024-04-05T13:42:12.030+0300][927.800s][info][gc,phases   ] GC(206)   Pre Evacuate Collection Set: 0.3ms
[2024-04-05T13:42:12.030+0300][927.800s][info][gc,phases   ] GC(206)   Merge Heap Roots: 0.4ms
[2024-04-05T13:42:12.030+0300][927.800s][info][gc,phases   ] GC(206)   Evacuate Collection Set: 19.0ms
[2024-04-05T13:42:12.030+0300][927.800s][info][gc,phases   ] GC(206)   Post Evacuate Collection Set: 2.1ms
[2024-04-05T13:42:12.030+0300][927.800s][info][gc,phases   ] GC(206)   Other: 0.1ms
[2024-04-05T13:42:12.030+0300][927.800s][info][gc,heap     ] GC(206) Eden regions: 24->0(180)
[2024-04-05T13:42:12.030+0300][927.800s][info][gc,heap     ] GC(206) Survivor regions: 27->4(7)
[2024-04-05T13:42:12.030+0300][927.800s][info][gc,heap     ] GC(206) Old regions: 537->525
[2024-04-05T13:42:12.030+0300][927.800s][info][gc,heap     ] GC(206) Archive regions: 2->2
[2024-04-05T13:42:12.030+0300][927.800s][info][gc,heap     ] GC(206) Humongous regions: 75->75
[2024-04-05T13:42:12.030+0300][927.800s][info][gc,metaspace] GC(206) Metaspace: 425720K(443712K)->425720K(443712K) NonClass: 375037K(385728K)->375037K(385728K) Class: 50682K(57984K)->50682K(57984K)
[2024-04-05T13:42:12.030+0300][927.800s][info][gc          ] GC(206) Pause Young (Mixed) (G1 Evacuation Pause) 663M->604M(1024M) 22.121ms
[2024-04-05T13:42:12.030+0300][927.800s][info][gc,cpu      ] GC(206) User=0.11s Sys=0.00s Real=0.03s
[2024-04-05T13:42:12.463+0300][928.233s][info][gc,start    ] GC(207) Pause Young (Concurrent Start) (G1 Humongous Allocation)
[2024-04-05T13:42:12.463+0300][928.233s][info][gc,task     ] GC(207) Using 6 workers of 6 for evacuation
[2024-04-05T13:42:12.469+0300][928.238s][info][gc,phases   ] GC(207)   Pre Evacuate Collection Set: 1.1ms
[2024-04-05T13:42:12.469+0300][928.238s][info][gc,phases   ] GC(207)   Merge Heap Roots: 0.2ms
[2024-04-05T13:42:12.469+0300][928.238s][info][gc,phases   ] GC(207)   Evacuate Collection Set: 3.2ms
[2024-04-05T13:42:12.469+0300][928.238s][info][gc,phases   ] GC(207)   Post Evacuate Collection Set: 1.0ms
[2024-04-05T13:42:12.469+0300][928.238s][info][gc,phases   ] GC(207)   Other: 0.0ms
[2024-04-05T13:42:12.469+0300][928.238s][info][gc,heap     ] GC(207) Eden regions: 6->0(131)
[2024-04-05T13:42:12.469+0300][928.238s][info][gc,heap     ] GC(207) Survivor regions: 4->7(23)
[2024-04-05T13:42:12.469+0300][928.238s][info][gc,heap     ] GC(207) Old regions: 525->525
[2024-04-05T13:42:12.469+0300][928.238s][info][gc,heap     ] GC(207) Archive regions: 2->2
[2024-04-05T13:42:12.469+0300][928.238s][info][gc,heap     ] GC(207) Humongous regions: 75->75
[2024-04-05T13:42:12.469+0300][928.238s][info][gc,metaspace] GC(207) Metaspace: 425728K(443712K)->425728K(443712K) NonClass: 375043K(385728K)->375043K(385728K) Class: 50685K(57984K)->50685K(57984K)
[2024-04-05T13:42:12.469+0300][928.238s][info][gc          ] GC(207) Pause Young (Concurrent Start) (G1 Humongous Allocation) 609M->606M(1024M) 5.759ms
[2024-04-05T13:42:12.469+0300][928.238s][info][gc          ] GC(208) Concurrent Mark Cycle
[2024-04-05T13:42:12.469+0300][928.238s][info][gc,marking  ] GC(208) Concurrent Clear Claimed Marks
[2024-04-05T13:42:12.469+0300][928.238s][info][gc,cpu      ] GC(207) User=0.02s Sys=0.00s Real=0.00s
[2024-04-05T13:42:12.470+0300][928.240s][info][gc,marking  ] GC(208) Concurrent Clear Claimed Marks 1.267ms
[2024-04-05T13:42:12.470+0300][928.240s][info][gc,marking  ] GC(208) Concurrent Scan Root Regions
[2024-04-05T13:42:12.472+0300][928.242s][info][gc,marking  ] GC(208) Concurrent Scan Root Regions 2.159ms
[2024-04-05T13:42:12.472+0300][928.242s][info][gc,marking  ] GC(208) Concurrent Mark
[2024-04-05T13:42:12.472+0300][928.242s][info][gc,marking  ] GC(208) Concurrent Mark From Roots
[2024-04-05T13:42:12.472+0300][928.242s][info][gc,task     ] GC(208) Using 2 workers of 2 for marking
[2024-04-05T13:42:12.837+0300][928.607s][info][gc,marking  ] GC(208) Concurrent Mark From Roots 364.680ms
[2024-04-05T13:42:12.837+0300][928.607s][info][gc,marking  ] GC(208) Concurrent Preclean
[2024-04-05T13:42:12.838+0300][928.608s][info][gc,marking  ] GC(208) Concurrent Preclean 1.159ms
[2024-04-05T13:42:12.839+0300][928.608s][info][gc,start    ] GC(208) Pause Remark
[2024-04-05T13:42:12.862+0300][928.632s][info][gc          ] GC(208) Pause Remark 628M->580M(1024M) 23.524ms
[2024-04-05T13:42:12.862+0300][928.632s][info][gc,cpu      ] GC(208) User=0.06s Sys=0.00s Real=0.02s
[2024-04-05T13:42:12.863+0300][928.632s][info][gc,marking  ] GC(208) Concurrent Mark 390.293ms
[2024-04-05T13:42:12.863+0300][928.632s][info][gc,marking  ] GC(208) Concurrent Rebuild Remembered Sets
[2024-04-05T13:42:13.298+0300][929.068s][info][gc,marking  ] GC(208) Concurrent Rebuild Remembered Sets 435.585ms
[2024-04-05T13:42:13.298+0300][929.068s][info][gc,start    ] GC(208) Pause Cleanup
[2024-04-05T13:42:13.299+0300][929.069s][info][gc          ] GC(208) Pause Cleanup 582M->582M(1024M) 0.436ms
[2024-04-05T13:42:13.299+0300][929.069s][info][gc,cpu      ] GC(208) User=0.00s Sys=0.00s Real=0.00s
[2024-04-05T13:42:13.299+0300][929.069s][info][gc,marking  ] GC(208) Concurrent Cleanup for Next Mark
[2024-04-05T13:42:13.300+0300][929.070s][info][gc,marking  ] GC(208) Concurrent Cleanup for Next Mark 1.108ms
[2024-04-05T13:42:13.300+0300][929.070s][info][gc          ] GC(208) Concurrent Mark Cycle 831.452ms
[2024-04-05T13:46:07.898+0300][1163.667s][info][gc,start    ] GC(209) Pause Young (Prepare Mixed) (G1 Evacuation Pause)
[2024-04-05T13:46:07.898+0300][1163.667s][info][gc,task     ] GC(209) Using 6 workers of 6 for evacuation
[2024-04-05T13:46:07.916+0300][1163.686s][info][gc,phases   ] GC(209)   Pre Evacuate Collection Set: 0.5ms
[2024-04-05T13:46:07.916+0300][1163.686s][info][gc,phases   ] GC(209)   Merge Heap Roots: 0.9ms
[2024-04-05T13:46:07.916+0300][1163.686s][info][gc,phases   ] GC(209)   Evacuate Collection Set: 12.0ms
[2024-04-05T13:46:07.916+0300][1163.686s][info][gc,phases   ] GC(209)   Post Evacuate Collection Set: 4.7ms
[2024-04-05T13:46:07.916+0300][1163.686s][info][gc,phases   ] GC(209)   Other: 0.1ms
[2024-04-05T13:46:07.916+0300][1163.686s][info][gc,heap     ] GC(209) Eden regions: 131->0(43)
[2024-04-05T13:46:07.916+0300][1163.686s][info][gc,heap     ] GC(209) Survivor regions: 7->8(18)
[2024-04-05T13:46:07.916+0300][1163.686s][info][gc,heap     ] GC(209) Old regions: 525->525
[2024-04-05T13:46:07.916+0300][1163.686s][info][gc,heap     ] GC(209) Archive regions: 2->2
[2024-04-05T13:46:07.916+0300][1163.686s][info][gc,heap     ] GC(209) Humongous regions: 39->38
[2024-04-05T13:46:07.916+0300][1163.686s][info][gc,metaspace] GC(209) Metaspace: 426187K(443712K)->426187K(443712K) NonClass: 375486K(385728K)->375486K(385728K) Class: 50700K(57984K)->50700K(57984K)
[2024-04-05T13:46:07.916+0300][1163.686s][info][gc          ] GC(209) Pause Young (Prepare Mixed) (G1 Evacuation Pause) 701M->570M(1024M) 18.577ms
[2024-04-05T13:46:07.916+0300][1163.686s][info][gc,cpu      ] GC(209) User=0.04s Sys=0.00s Real=0.01s
[2024-04-05T13:48:37.929+0300][1313.699s][info][gc,start    ] GC(210) Pause Young (Mixed) (G1 Evacuation Pause)
[2024-04-05T13:48:37.930+0300][1313.699s][info][gc,task     ] GC(210) Using 6 workers of 6 for evacuation
[2024-04-05T13:48:37.993+0300][1313.763s][info][gc,phases   ] GC(210)   Pre Evacuate Collection Set: 0.4ms
[2024-04-05T13:48:37.994+0300][1313.763s][info][gc,phases   ] GC(210)   Merge Heap Roots: 2.2ms
[2024-04-05T13:48:37.994+0300][1313.763s][info][gc,phases   ] GC(210)   Evacuate Collection Set: 57.0ms
[2024-04-05T13:48:37.994+0300][1313.763s][info][gc,phases   ] GC(210)   Post Evacuate Collection Set: 4.2ms
[2024-04-05T13:48:37.994+0300][1313.763s][info][gc,phases   ] GC(210)   Other: 0.2ms
[2024-04-05T13:48:37.994+0300][1313.763s][info][gc,heap     ] GC(210) Eden regions: 43->0(177)
[2024-04-05T13:48:37.994+0300][1313.763s][info][gc,heap     ] GC(210) Survivor regions: 8->3(7)
[2024-04-05T13:48:37.994+0300][1313.763s][info][gc,heap     ] GC(210) Old regions: 525->518
[2024-04-05T13:48:37.994+0300][1313.763s][info][gc,heap     ] GC(210) Archive regions: 2->2
[2024-04-05T13:48:37.994+0300][1313.763s][info][gc,heap     ] GC(210) Humongous regions: 43->43
[2024-04-05T13:48:37.994+0300][1313.763s][info][gc,metaspace] GC(210) Metaspace: 426355K(443712K)->426355K(443712K) NonClass: 375652K(385728K)->375652K(385728K) Class: 50702K(57984K)->50702K(57984K)
[2024-04-05T13:48:37.994+0300][1313.763s][info][gc          ] GC(210) Pause Young (Mixed) (G1 Evacuation Pause) 618M->563M(1024M) 64.382ms
[2024-04-05T13:48:37.994+0300][1313.763s][info][gc,cpu      ] GC(210) User=0.29s Sys=0.02s Real=0.07s
[2024-04-05T13:48:37.999+0300][1313.768s][info][gc,start    ] GC(211) Pause Young (Concurrent Start) (G1 Humongous Allocation)
[2024-04-05T13:48:37.999+0300][1313.768s][info][gc,task     ] GC(211) Using 6 workers of 6 for evacuation
[2024-04-05T13:48:38.010+0300][1313.779s][info][gc,phases   ] GC(211)   Pre Evacuate Collection Set: 1.9ms
[2024-04-05T13:48:38.010+0300][1313.779s][info][gc,phases   ] GC(211)   Merge Heap Roots: 0.2ms
[2024-04-05T13:48:38.010+0300][1313.779s][info][gc,phases   ] GC(211)   Evacuate Collection Set: 6.1ms
[2024-04-05T13:48:38.010+0300][1313.779s][info][gc,phases   ] GC(211)   Post Evacuate Collection Set: 2.5ms
[2024-04-05T13:48:38.010+0300][1313.780s][info][gc,phases   ] GC(211)   Other: 0.4ms
[2024-04-05T13:48:38.010+0300][1313.780s][info][gc,heap     ] GC(211) Eden regions: 1->0(176)
[2024-04-05T13:48:38.010+0300][1313.780s][info][gc,heap     ] GC(211) Survivor regions: 3->2(23)
[2024-04-05T13:48:38.010+0300][1313.780s][info][gc,heap     ] GC(211) Old regions: 518->518
[2024-04-05T13:48:38.010+0300][1313.780s][info][gc,heap     ] GC(211) Archive regions: 2->2
[2024-04-05T13:48:38.010+0300][1313.780s][info][gc,heap     ] GC(211) Humongous regions: 43->43
[2024-04-05T13:48:38.010+0300][1313.780s][info][gc,metaspace] GC(211) Metaspace: 426355K(443712K)->426355K(443712K) NonClass: 375652K(385728K)->375652K(385728K) Class: 50702K(57984K)->50702K(57984K)
[2024-04-05T13:48:38.010+0300][1313.780s][info][gc          ] GC(211) Pause Young (Concurrent Start) (G1 Humongous Allocation) 563M->563M(1024M) 11.480ms
[2024-04-05T13:48:38.010+0300][1313.780s][info][gc,cpu      ] GC(211) User=0.03s Sys=0.00s Real=0.01s
[2024-04-05T13:48:38.010+0300][1313.780s][info][gc          ] GC(212) Concurrent Mark Cycle
[2024-04-05T13:48:38.010+0300][1313.780s][info][gc,marking  ] GC(212) Concurrent Clear Claimed Marks
[2024-04-05T13:48:38.011+0300][1313.781s][info][gc,marking  ] GC(212) Concurrent Clear Claimed Marks 1.168ms
[2024-04-05T13:48:38.011+0300][1313.781s][info][gc,marking  ] GC(212) Concurrent Scan Root Regions
[2024-04-05T13:48:38.032+0300][1313.801s][info][gc,marking  ] GC(212) Concurrent Scan Root Regions 20.240ms
[2024-04-05T13:48:38.032+0300][1313.801s][info][gc,marking  ] GC(212) Concurrent Mark
[2024-04-05T13:48:38.032+0300][1313.801s][info][gc,marking  ] GC(212) Concurrent Mark From Roots
[2024-04-05T13:48:38.032+0300][1313.801s][info][gc,task     ] GC(212) Using 2 workers of 2 for marking
[2024-04-05T13:48:38.691+0300][1314.461s][info][gc,marking  ] GC(212) Concurrent Mark From Roots 659.501ms
[2024-04-05T13:48:38.691+0300][1314.461s][info][gc,marking  ] GC(212) Concurrent Preclean
[2024-04-05T13:48:38.693+0300][1314.463s][info][gc,marking  ] GC(212) Concurrent Preclean 2.173ms
[2024-04-05T13:48:38.694+0300][1314.464s][info][gc,start    ] GC(212) Pause Remark
[2024-04-05T13:48:38.768+0300][1314.537s][info][gc          ] GC(212) Pause Remark 569M->553M(1024M) 73.438ms
[2024-04-05T13:48:38.768+0300][1314.537s][info][gc,cpu      ] GC(212) User=0.30s Sys=0.00s Real=0.07s
[2024-04-05T13:48:38.768+0300][1314.538s][info][gc,marking  ] GC(212) Concurrent Mark 736.188ms
[2024-04-05T13:48:38.768+0300][1314.538s][info][gc,marking  ] GC(212) Concurrent Rebuild Remembered Sets
[2024-04-05T13:48:39.704+0300][1315.474s][info][gc,marking  ] GC(212) Concurrent Rebuild Remembered Sets 936.032ms
[2024-04-05T13:48:39.705+0300][1315.474s][info][gc,start    ] GC(212) Pause Cleanup
[2024-04-05T13:48:39.706+0300][1315.475s][info][gc          ] GC(212) Pause Cleanup 554M->554M(1024M) 0.897ms
[2024-04-05T13:48:39.706+0300][1315.475s][info][gc,cpu      ] GC(212) User=0.00s Sys=0.00s Real=0.00s
[2024-04-05T13:48:39.706+0300][1315.475s][info][gc,marking  ] GC(212) Concurrent Cleanup for Next Mark
[2024-04-05T13:48:39.707+0300][1315.477s][info][gc,marking  ] GC(212) Concurrent Cleanup for Next Mark 1.532ms
[2024-04-05T13:48:39.707+0300][1315.477s][info][gc          ] GC(212) Concurrent Mark Cycle 1697.189ms
[2024-04-05T13:57:37.946+0300][1853.716s][info][gc,start    ] GC(213) Pause Young (Prepare Mixed) (G1 Evacuation Pause)
[2024-04-05T13:57:37.946+0300][1853.716s][info][gc,task     ] GC(213) Using 6 workers of 6 for evacuation
[2024-04-05T13:57:37.967+0300][1853.736s][info][gc,phases   ] GC(213)   Pre Evacuate Collection Set: 0.5ms
[2024-04-05T13:57:37.967+0300][1853.737s][info][gc,phases   ] GC(213)   Merge Heap Roots: 0.9ms
[2024-04-05T13:57:37.967+0300][1853.737s][info][gc,phases   ] GC(213)   Evacuate Collection Set: 13.3ms
[2024-04-05T13:57:37.967+0300][1853.737s][info][gc,phases   ] GC(213)   Post Evacuate Collection Set: 5.9ms
[2024-04-05T13:57:37.967+0300][1853.737s][info][gc,phases   ] GC(213)   Other: 0.1ms
[2024-04-05T13:57:37.967+0300][1853.737s][info][gc,heap     ] GC(213) Eden regions: 176->0(47)
[2024-04-05T13:57:37.967+0300][1853.737s][info][gc,heap     ] GC(213) Survivor regions: 2->4(23)
[2024-04-05T13:57:37.967+0300][1853.737s][info][gc,heap     ] GC(213) Old regions: 518->518
[2024-04-05T13:57:37.967+0300][1853.737s][info][gc,heap     ] GC(213) Archive regions: 2->2
[2024-04-05T13:57:37.967+0300][1853.737s][info][gc,heap     ] GC(213) Humongous regions: 48->48
[2024-04-05T13:57:37.967+0300][1853.737s][info][gc,metaspace] GC(213) Metaspace: 426788K(443712K)->426788K(443712K) NonClass: 376078K(385728K)->376078K(385728K) Class: 50709K(57984K)->50709K(57984K)
[2024-04-05T13:57:37.967+0300][1853.737s][info][gc          ] GC(213) Pause Young (Prepare Mixed) (G1 Evacuation Pause) 744M->570M(1024M) 21.135ms
[2024-04-05T13:57:37.967+0300][1853.737s][info][gc,cpu      ] GC(213) User=0.04s Sys=0.02s Real=0.02s
[2024-04-05T13:57:42.055+0300][1857.824s][info][gc,start    ] GC(214) Pause Young (Mixed) (G1 Evacuation Pause)
[2024-04-05T13:57:42.055+0300][1857.824s][info][gc,task     ] GC(214) Using 6 workers of 6 for evacuation
[2024-04-05T13:57:42.077+0300][1857.847s][info][gc,phases   ] GC(214)   Pre Evacuate Collection Set: 0.2ms
[2024-04-05T13:57:42.078+0300][1857.847s][info][gc,phases   ] GC(214)   Merge Heap Roots: 0.7ms
[2024-04-05T13:57:42.078+0300][1857.847s][info][gc,phases   ] GC(214)   Evacuate Collection Set: 17.5ms
[2024-04-05T13:57:42.078+0300][1857.847s][info][gc,phases   ] GC(214)   Post Evacuate Collection Set: 4.1ms
[2024-04-05T13:57:42.078+0300][1857.847s][info][gc,phases   ] GC(214)   Other: 0.2ms
[2024-04-05T13:57:42.078+0300][1857.847s][info][gc,heap     ] GC(214) Eden regions: 47->0(174)
[2024-04-05T13:57:42.078+0300][1857.847s][info][gc,heap     ] GC(214) Survivor regions: 4->7(7)
[2024-04-05T13:57:42.078+0300][1857.847s][info][gc,heap     ] GC(214) Old regions: 518->517
[2024-04-05T13:57:42.078+0300][1857.847s][info][gc,heap     ] GC(214) Archive regions: 2->2
[2024-04-05T13:57:42.078+0300][1857.847s][info][gc,heap     ] GC(214) Humongous regions: 50->50
[2024-04-05T13:57:42.078+0300][1857.847s][info][gc,metaspace] GC(214) Metaspace: 426823K(443712K)->426823K(443712K) NonClass: 376110K(385728K)->376110K(385728K) Class: 50712K(57984K)->50712K(57984K)
[2024-04-05T13:57:42.078+0300][1857.847s][info][gc          ] GC(214) Pause Young (Mixed) (G1 Evacuation Pause) 619M->574M(1024M) 22.844ms
[2024-04-05T13:57:42.078+0300][1857.847s][info][gc,cpu      ] GC(214) User=0.08s Sys=0.00s Real=0.03s
[2024-04-05T13:57:54.154+0300][1869.923s][info][gc,start    ] GC(215) Pause Young (Concurrent Start) (G1 Humongous Allocation)
[2024-04-05T13:57:54.154+0300][1869.923s][info][gc,task     ] GC(215) Using 6 workers of 6 for evacuation
[2024-04-05T13:57:54.160+0300][1869.930s][info][gc,phases   ] GC(215)   Pre Evacuate Collection Set: 1.5ms
[2024-04-05T13:57:54.160+0300][1869.930s][info][gc,phases   ] GC(215)   Merge Heap Roots: 0.2ms
[2024-04-05T13:57:54.160+0300][1869.930s][info][gc,phases   ] GC(215)   Evacuate Collection Set: 3.8ms
[2024-04-05T13:57:54.161+0300][1869.930s][info][gc,phases   ] GC(215)   Post Evacuate Collection Set: 1.3ms
[2024-04-05T13:57:54.161+0300][1869.930s][info][gc,phases   ] GC(215)   Other: 0.1ms
[2024-04-05T13:57:54.161+0300][1869.930s][info][gc,heap     ] GC(215) Eden regions: 26->0(189)
[2024-04-05T13:57:54.161+0300][1869.930s][info][gc,heap     ] GC(215) Survivor regions: 7->2(23)
[2024-04-05T13:57:54.161+0300][1869.930s][info][gc,heap     ] GC(215) Old regions: 517->517
[2024-04-05T13:57:54.161+0300][1869.930s][info][gc,heap     ] GC(215) Archive regions: 2->2
[2024-04-05T13:57:54.161+0300][1869.930s][info][gc,heap     ] GC(215) Humongous regions: 50->50
[2024-04-05T13:57:54.161+0300][1869.930s][info][gc,metaspace] GC(215) Metaspace: 426904K(443712K)->426904K(443712K) NonClass: 376181K(385728K)->376181K(385728K) Class: 50722K(57984K)->50722K(57984K)
[2024-04-05T13:57:54.161+0300][1869.930s][info][gc          ] GC(215) Pause Young (Concurrent Start) (G1 Humongous Allocation) 600M->569M(1024M) 7.076ms
[2024-04-05T13:57:54.161+0300][1869.930s][info][gc          ] GC(216) Concurrent Mark Cycle
[2024-04-05T13:57:54.161+0300][1869.930s][info][gc,marking  ] GC(216) Concurrent Clear Claimed Marks
[2024-04-05T13:57:54.161+0300][1869.930s][info][gc,cpu      ] GC(215) User=0.02s Sys=0.00s Real=0.01s
[2024-04-05T13:57:54.162+0300][1869.931s][info][gc,marking  ] GC(216) Concurrent Clear Claimed Marks 1.079ms
[2024-04-05T13:57:54.162+0300][1869.931s][info][gc,marking  ] GC(216) Concurrent Scan Root Regions
[2024-04-05T13:57:54.166+0300][1869.936s][info][gc,marking  ] GC(216) Concurrent Scan Root Regions 4.135ms
[2024-04-05T13:57:54.166+0300][1869.936s][info][gc,marking  ] GC(216) Concurrent Mark
[2024-04-05T13:57:54.166+0300][1869.936s][info][gc,marking  ] GC(216) Concurrent Mark From Roots
[2024-04-05T13:57:54.166+0300][1869.936s][info][gc,task     ] GC(216) Using 2 workers of 2 for marking
[2024-04-05T13:57:54.524+0300][1870.294s][info][gc,marking  ] GC(216) Concurrent Mark From Roots 358.052ms
[2024-04-05T13:57:54.524+0300][1870.294s][info][gc,marking  ] GC(216) Concurrent Preclean
[2024-04-05T13:57:54.526+0300][1870.296s][info][gc,marking  ] GC(216) Concurrent Preclean 1.980ms
[2024-04-05T13:57:54.527+0300][1870.296s][info][gc,start    ] GC(216) Pause Remark
[2024-04-05T13:57:54.591+0300][1870.361s][info][gc          ] GC(216) Pause Remark 661M->638M(1024M) 64.805ms
[2024-04-05T13:57:54.592+0300][1870.361s][info][gc,cpu      ] GC(216) User=0.31s Sys=0.00s Real=0.07s
[2024-04-05T13:57:54.592+0300][1870.362s][info][gc,marking  ] GC(216) Concurrent Mark 425.903ms
[2024-04-05T13:57:54.592+0300][1870.362s][info][gc,marking  ] GC(216) Concurrent Rebuild Remembered Sets
[2024-04-05T13:57:55.188+0300][1870.958s][info][gc,marking  ] GC(216) Concurrent Rebuild Remembered Sets 596.542ms
[2024-04-05T13:57:55.189+0300][1870.958s][info][gc,start    ] GC(216) Pause Cleanup
[2024-04-05T13:57:55.189+0300][1870.959s][info][gc          ] GC(216) Pause Cleanup 688M->688M(1024M) 0.572ms
[2024-04-05T13:57:55.189+0300][1870.959s][info][gc,cpu      ] GC(216) User=0.01s Sys=0.00s Real=0.00s
[2024-04-05T13:57:55.190+0300][1870.959s][info][gc,marking  ] GC(216) Concurrent Cleanup for Next Mark
[2024-04-05T13:57:55.191+0300][1870.961s][info][gc,marking  ] GC(216) Concurrent Cleanup for Next Mark 1.492ms
[2024-04-05T13:57:55.191+0300][1870.961s][info][gc          ] GC(216) Concurrent Mark Cycle 1030.643ms
[2024-04-05T13:58:07.189+0300][1882.958s][info][gc,start    ] GC(217) Pause Young (Prepare Mixed) (G1 Evacuation Pause)
[2024-04-05T13:58:07.189+0300][1882.958s][info][gc,task     ] GC(217) Using 6 workers of 6 for evacuation
[2024-04-05T13:58:07.201+0300][1882.970s][info][gc,phases   ] GC(217)   Pre Evacuate Collection Set: 0.2ms
[2024-04-05T13:58:07.201+0300][1882.971s][info][gc,phases   ] GC(217)   Merge Heap Roots: 0.3ms
[2024-04-05T13:58:07.201+0300][1882.971s][info][gc,phases   ] GC(217)   Evacuate Collection Set: 9.4ms
[2024-04-05T13:58:07.201+0300][1882.971s][info][gc,phases   ] GC(217)   Post Evacuate Collection Set: 2.0ms
[2024-04-05T13:58:07.201+0300][1882.971s][info][gc,phases   ] GC(217)   Other: 0.1ms
[2024-04-05T13:58:07.201+0300][1882.971s][info][gc,heap     ] GC(217) Eden regions: 189->0(41)
[2024-04-05T13:58:07.201+0300][1882.971s][info][gc,heap     ] GC(217) Survivor regions: 2->10(24)
[2024-04-05T13:58:07.201+0300][1882.971s][info][gc,heap     ] GC(217) Old regions: 517->517
[2024-04-05T13:58:07.201+0300][1882.971s][info][gc,heap     ] GC(217) Archive regions: 2->2
[2024-04-05T13:58:07.201+0300][1882.971s][info][gc,heap     ] GC(217) Humongous regions: 31->31
[2024-04-05T13:58:07.201+0300][1882.971s][info][gc,metaspace] GC(217) Metaspace: 426550K(443712K)->426550K(443712K) NonClass: 375982K(385728K)->375982K(385728K) Class: 50567K(57984K)->50567K(57984K)
[2024-04-05T13:58:07.201+0300][1882.971s][info][gc          ] GC(217) Pause Young (Prepare Mixed) (G1 Evacuation Pause) 739M->557M(1024M) 12.272ms
[2024-04-05T13:58:07.201+0300][1882.971s][info][gc,cpu      ] GC(217) User=0.04s Sys=0.00s Real=0.02s
[2024-04-05T13:58:07.353+0300][1883.122s][info][gc,start    ] GC(218) Pause Young (Mixed) (G1 Evacuation Pause)
[2024-04-05T13:58:07.353+0300][1883.122s][info][gc,task     ] GC(218) Using 6 workers of 6 for evacuation
[2024-04-05T13:58:07.392+0300][1883.161s][info][gc,phases   ] GC(218)   Pre Evacuate Collection Set: 0.2ms
[2024-04-05T13:58:07.392+0300][1883.161s][info][gc,phases   ] GC(218)   Merge Heap Roots: 0.9ms
[2024-04-05T13:58:07.392+0300][1883.161s][info][gc,phases   ] GC(218)   Evacuate Collection Set: 36.1ms
[2024-04-05T13:58:07.392+0300][1883.161s][info][gc,phases   ] GC(218)   Post Evacuate Collection Set: 1.7ms
[2024-04-05T13:58:07.392+0300][1883.161s][info][gc,phases   ] GC(218)   Other: 0.1ms
[2024-04-05T13:58:07.392+0300][1883.161s][info][gc,heap     ] GC(218) Eden regions: 41->0(219)
[2024-04-05T13:58:07.392+0300][1883.161s][info][gc,heap     ] GC(218) Survivor regions: 10->7(7)
[2024-04-05T13:58:07.392+0300][1883.161s][info][gc,heap     ] GC(218) Old regions: 517->497
[2024-04-05T13:58:07.392+0300][1883.161s][info][gc,heap     ] GC(218) Archive regions: 2->2
[2024-04-05T13:58:07.392+0300][1883.161s][info][gc,heap     ] GC(218) Humongous regions: 31->31
[2024-04-05T13:58:07.392+0300][1883.161s][info][gc,metaspace] GC(218) Metaspace: 426615K(443712K)->426615K(443712K) NonClass: 376040K(385728K)->376040K(385728K) Class: 50575K(57984K)->50575K(57984K)
[2024-04-05T13:58:07.392+0300][1883.161s][info][gc          ] GC(218) Pause Young (Mixed) (G1 Evacuation Pause) 598M->535M(1024M) 39.219ms
[2024-04-05T13:58:07.392+0300][1883.161s][info][gc,cpu      ] GC(218) User=0.16s Sys=0.00s Real=0.04s
[2024-04-05T13:58:07.605+0300][1883.374s][info][gc,start    ] GC(219) Pause Young (Concurrent Start) (G1 Humongous Allocation)
[2024-04-05T13:58:07.605+0300][1883.375s][info][gc,task     ] GC(219) Using 6 workers of 6 for evacuation
[2024-04-05T13:58:07.614+0300][1883.384s][info][gc,phases   ] GC(219)   Pre Evacuate Collection Set: 1.3ms
[2024-04-05T13:58:07.614+0300][1883.384s][info][gc,phases   ] GC(219)   Merge Heap Roots: 0.1ms
[2024-04-05T13:58:07.614+0300][1883.384s][info][gc,phases   ] GC(219)   Evacuate Collection Set: 6.5ms
[2024-04-05T13:58:07.614+0300][1883.384s][info][gc,phases   ] GC(219)   Post Evacuate Collection Set: 1.3ms
[2024-04-05T13:58:07.614+0300][1883.384s][info][gc,phases   ] GC(219)   Other: 0.0ms
[2024-04-05T13:58:07.614+0300][1883.384s][info][gc,heap     ] GC(219) Eden regions: 29->0(224)
[2024-04-05T13:58:07.614+0300][1883.384s][info][gc,heap     ] GC(219) Survivor regions: 7->9(29)
[2024-04-05T13:58:07.614+0300][1883.384s][info][gc,heap     ] GC(219) Old regions: 497->497
[2024-04-05T13:58:07.614+0300][1883.384s][info][gc,heap     ] GC(219) Archive regions: 2->2
[2024-04-05T13:58:07.614+0300][1883.384s][info][gc,heap     ] GC(219) Humongous regions: 31->31
[2024-04-05T13:58:07.614+0300][1883.384s][info][gc,metaspace] GC(219) Metaspace: 426731K(443712K)->426731K(443712K) NonClass: 376148K(385728K)->376148K(385728K) Class: 50582K(57984K)->50582K(57984K)
[2024-04-05T13:58:07.614+0300][1883.384s][info][gc          ] GC(219) Pause Young (Concurrent Start) (G1 Humongous Allocation) 563M->537M(1024M) 9.483ms
[2024-04-05T13:58:07.614+0300][1883.384s][info][gc          ] GC(220) Concurrent Mark Cycle
[2024-04-05T13:58:07.614+0300][1883.384s][info][gc,marking  ] GC(220) Concurrent Clear Claimed Marks
[2024-04-05T13:58:07.614+0300][1883.384s][info][gc,cpu      ] GC(219) User=0.03s Sys=0.00s Real=0.01s
[2024-04-05T13:58:07.615+0300][1883.385s][info][gc,marking  ] GC(220) Concurrent Clear Claimed Marks 0.929ms
[2024-04-05T13:58:07.615+0300][1883.385s][info][gc,marking  ] GC(220) Concurrent Scan Root Regions
[2024-04-05T13:58:07.620+0300][1883.389s][info][gc,marking  ] GC(220) Concurrent Scan Root Regions 4.241ms
[2024-04-05T13:58:07.620+0300][1883.389s][info][gc,marking  ] GC(220) Concurrent Mark
[2024-04-05T13:58:07.620+0300][1883.389s][info][gc,marking  ] GC(220) Concurrent Mark From Roots
[2024-04-05T13:58:07.620+0300][1883.389s][info][gc,task     ] GC(220) Using 2 workers of 2 for marking
[2024-04-05T13:58:08.051+0300][1883.820s][info][gc,marking  ] GC(220) Concurrent Mark From Roots 431.177ms
[2024-04-05T13:58:08.051+0300][1883.821s][info][gc,marking  ] GC(220) Concurrent Preclean
[2024-04-05T13:58:08.052+0300][1883.822s][info][gc,marking  ] GC(220) Concurrent Preclean 1.363ms
[2024-04-05T13:58:08.052+0300][1883.822s][info][gc,start    ] GC(220) Pause Remark
[2024-04-05T13:58:08.110+0300][1883.879s][info][gc          ] GC(220) Pause Remark 561M->559M(1024M) 57.061ms
[2024-04-05T13:58:08.110+0300][1883.879s][info][gc,cpu      ] GC(220) User=0.22s Sys=0.01s Real=0.06s
[2024-04-05T13:58:08.110+0300][1883.880s][info][gc,marking  ] GC(220) Concurrent Mark 490.370ms
[2024-04-05T13:58:08.110+0300][1883.880s][info][gc,marking  ] GC(220) Concurrent Rebuild Remembered Sets
[2024-04-05T13:58:08.612+0300][1884.381s][info][gc,marking  ] GC(220) Concurrent Rebuild Remembered Sets 501.626ms
[2024-04-05T13:58:08.612+0300][1884.382s][info][gc,start    ] GC(220) Pause Cleanup
[2024-04-05T13:58:08.612+0300][1884.382s][info][gc          ] GC(220) Pause Cleanup 560M->560M(1024M) 0.403ms
[2024-04-05T13:58:08.613+0300][1884.382s][info][gc,cpu      ] GC(220) User=0.00s Sys=0.00s Real=0.00s
[2024-04-05T13:58:08.613+0300][1884.382s][info][gc,marking  ] GC(220) Concurrent Cleanup for Next Mark
[2024-04-05T13:58:08.614+0300][1884.384s][info][gc,marking  ] GC(220) Concurrent Cleanup for Next Mark 1.291ms
[2024-04-05T13:58:08.614+0300][1884.384s][info][gc          ] GC(220) Concurrent Mark Cycle 999.523ms
[2024-04-05T13:58:47.764+0300][1923.533s][info][gc,start    ] GC(221) Pause Young (Prepare Mixed) (G1 Evacuation Pause)
[2024-04-05T13:58:47.764+0300][1923.533s][info][gc,task     ] GC(221) Using 6 workers of 6 for evacuation
[2024-04-05T13:58:47.778+0300][1923.548s][info][gc,phases   ] GC(221)   Pre Evacuate Collection Set: 0.2ms
[2024-04-05T13:58:47.778+0300][1923.548s][info][gc,phases   ] GC(221)   Merge Heap Roots: 0.4ms
[2024-04-05T13:58:47.778+0300][1923.548s][info][gc,phases   ] GC(221)   Evacuate Collection Set: 10.7ms
[2024-04-05T13:58:47.778+0300][1923.548s][info][gc,phases   ] GC(221)   Post Evacuate Collection Set: 2.8ms
[2024-04-05T13:58:47.778+0300][1923.548s][info][gc,phases   ] GC(221)   Other: 0.1ms
[2024-04-05T13:58:47.778+0300][1923.548s][info][gc,heap     ] GC(221) Eden regions: 224->0(32)
[2024-04-05T13:58:47.778+0300][1923.548s][info][gc,heap     ] GC(221) Survivor regions: 9->19(30)
[2024-04-05T13:58:47.778+0300][1923.548s][info][gc,heap     ] GC(221) Old regions: 497->497
[2024-04-05T13:58:47.778+0300][1923.548s][info][gc,heap     ] GC(221) Archive regions: 2->2
[2024-04-05T13:58:47.778+0300][1923.548s][info][gc,heap     ] GC(221) Humongous regions: 35->35
[2024-04-05T13:58:47.778+0300][1923.548s][info][gc,metaspace] GC(221) Metaspace: 427258K(443712K)->427258K(443712K) NonClass: 376646K(385728K)->376646K(385728K) Class: 50611K(57984K)->50611K(57984K)
[2024-04-05T13:58:47.778+0300][1923.548s][info][gc          ] GC(221) Pause Young (Prepare Mixed) (G1 Evacuation Pause) 765M->550M(1024M) 14.327ms
[2024-04-05T13:58:47.778+0300][1923.548s][info][gc,cpu      ] GC(221) User=0.06s Sys=0.00s Real=0.02s
[2024-04-05T13:58:49.751+0300][1925.520s][info][gc,start    ] GC(222) Pause Young (Mixed) (G1 Evacuation Pause)
[2024-04-05T13:58:49.751+0300][1925.520s][info][gc,task     ] GC(222) Using 6 workers of 6 for evacuation
[2024-04-05T13:58:49.783+0300][1925.553s][info][gc,phases   ] GC(222)   Pre Evacuate Collection Set: 0.3ms
[2024-04-05T13:58:49.783+0300][1925.553s][info][gc,phases   ] GC(222)   Merge Heap Roots: 0.9ms
[2024-04-05T13:58:49.783+0300][1925.553s][info][gc,phases   ] GC(222)   Evacuate Collection Set: 29.2ms
[2024-04-05T13:58:49.783+0300][1925.553s][info][gc,phases   ] GC(222)   Post Evacuate Collection Set: 2.1ms
[2024-04-05T13:58:49.783+0300][1925.553s][info][gc,phases   ] GC(222)   Other: 0.1ms
[2024-04-05T13:58:49.783+0300][1925.553s][info][gc,heap     ] GC(222) Eden regions: 32->0(222)
[2024-04-05T13:58:49.783+0300][1925.553s][info][gc,heap     ] GC(222) Survivor regions: 19->2(7)
[2024-04-05T13:58:49.783+0300][1925.553s][info][gc,heap     ] GC(222) Old regions: 497->506
[2024-04-05T13:58:49.783+0300][1925.553s][info][gc,heap     ] GC(222) Archive regions: 2->2
[2024-04-05T13:58:49.783+0300][1925.553s][info][gc,heap     ] GC(222) Humongous regions: 35->35
[2024-04-05T13:58:49.783+0300][1925.553s][info][gc,metaspace] GC(222) Metaspace: 427291K(443712K)->427291K(443712K) NonClass: 376675K(385728K)->376675K(385728K) Class: 50615K(57984K)->50615K(57984K)
[2024-04-05T13:58:49.783+0300][1925.553s][info][gc          ] GC(222) Pause Young (Mixed) (G1 Evacuation Pause) 582M->543M(1024M) 32.738ms
[2024-04-05T13:58:49.784+0300][1925.553s][info][gc,cpu      ] GC(222) User=0.13s Sys=0.00s Real=0.03s
[2024-04-05T13:58:50.398+0300][1926.168s][info][gc,start    ] GC(223) Pause Young (Concurrent Start) (G1 Humongous Allocation)
[2024-04-05T13:58:50.398+0300][1926.168s][info][gc,task     ] GC(223) Using 6 workers of 6 for evacuation
[2024-04-05T13:58:50.408+0300][1926.177s][info][gc,phases   ] GC(223)   Pre Evacuate Collection Set: 1.2ms
[2024-04-05T13:58:50.408+0300][1926.177s][info][gc,phases   ] GC(223)   Merge Heap Roots: 0.1ms
[2024-04-05T13:58:50.408+0300][1926.177s][info][gc,phases   ] GC(223)   Evacuate Collection Set: 4.5ms
[2024-04-05T13:58:50.408+0300][1926.177s][info][gc,phases   ] GC(223)   Post Evacuate Collection Set: 3.2ms
[2024-04-05T13:58:50.408+0300][1926.177s][info][gc,phases   ] GC(223)   Other: 0.1ms
[2024-04-05T13:58:50.408+0300][1926.177s][info][gc,heap     ] GC(223) Eden regions: 74->0(227)
[2024-04-05T13:58:50.408+0300][1926.177s][info][gc,heap     ] GC(223) Survivor regions: 2->4(28)
[2024-04-05T13:58:50.408+0300][1926.177s][info][gc,heap     ] GC(223) Old regions: 506->506
[2024-04-05T13:58:50.408+0300][1926.177s][info][gc,heap     ] GC(223) Archive regions: 2->2
[2024-04-05T13:58:50.408+0300][1926.177s][info][gc,heap     ] GC(223) Humongous regions: 35->35
[2024-04-05T13:58:50.408+0300][1926.177s][info][gc,metaspace] GC(223) Metaspace: 427388K(443712K)->427388K(443712K) NonClass: 376767K(385728K)->376767K(385728K) Class: 50621K(57984K)->50621K(57984K)
[2024-04-05T13:58:50.408+0300][1926.177s][info][gc          ] GC(223) Pause Young (Concurrent Start) (G1 Humongous Allocation) 617M->545M(1024M) 9.411ms
[2024-04-05T13:58:50.408+0300][1926.177s][info][gc,cpu      ] GC(223) User=0.02s Sys=0.01s Real=0.00s
[2024-04-05T13:58:50.408+0300][1926.178s][info][gc          ] GC(224) Concurrent Mark Cycle
[2024-04-05T13:58:50.408+0300][1926.178s][info][gc,marking  ] GC(224) Concurrent Clear Claimed Marks
[2024-04-05T13:58:50.409+0300][1926.179s][info][gc,marking  ] GC(224) Concurrent Clear Claimed Marks 0.978ms
[2024-04-05T13:58:50.409+0300][1926.179s][info][gc,marking  ] GC(224) Concurrent Scan Root Regions
[2024-04-05T13:58:50.413+0300][1926.182s][info][gc,marking  ] GC(224) Concurrent Scan Root Regions 3.526ms
[2024-04-05T13:58:50.413+0300][1926.182s][info][gc,marking  ] GC(224) Concurrent Mark
[2024-04-05T13:58:50.413+0300][1926.182s][info][gc,marking  ] GC(224) Concurrent Mark From Roots
[2024-04-05T13:58:50.413+0300][1926.182s][info][gc,task     ] GC(224) Using 2 workers of 2 for marking
[2024-04-05T13:58:50.775+0300][1926.544s][info][gc,marking  ] GC(224) Concurrent Mark From Roots 362.042ms
[2024-04-05T13:58:50.775+0300][1926.544s][info][gc,marking  ] GC(224) Concurrent Preclean
[2024-04-05T13:58:50.776+0300][1926.546s][info][gc,marking  ] GC(224) Concurrent Preclean 1.467ms
[2024-04-05T13:58:50.776+0300][1926.546s][info][gc,start    ] GC(224) Pause Remark
[2024-04-05T13:58:50.807+0300][1926.576s][info][gc          ] GC(224) Pause Remark 561M->555M(1024M) 30.196ms
[2024-04-05T13:58:50.807+0300][1926.576s][info][gc,cpu      ] GC(224) User=0.06s Sys=0.01s Real=0.03s
[2024-04-05T13:58:50.809+0300][1926.578s][info][gc,marking  ] GC(224) Concurrent Mark 396.049ms
[2024-04-05T13:58:50.809+0300][1926.578s][info][gc,marking  ] GC(224) Concurrent Rebuild Remembered Sets
[2024-04-05T13:58:51.418+0300][1927.188s][info][gc,marking  ] GC(224) Concurrent Rebuild Remembered Sets 609.719ms
[2024-04-05T13:58:51.419+0300][1927.188s][info][gc,start    ] GC(224) Pause Cleanup
[2024-04-05T13:58:51.419+0300][1927.189s][info][gc          ] GC(224) Pause Cleanup 715M->715M(1024M) 0.359ms
[2024-04-05T13:58:51.419+0300][1927.189s][info][gc,cpu      ] GC(224) User=0.00s Sys=0.00s Real=0.00s
[2024-04-05T13:58:51.419+0300][1927.189s][info][gc,marking  ] GC(224) Concurrent Cleanup for Next Mark
[2024-04-05T13:58:51.421+0300][1927.190s][info][gc,marking  ] GC(224) Concurrent Cleanup for Next Mark 1.233ms
[2024-04-05T13:58:51.421+0300][1927.190s][info][gc          ] GC(224) Concurrent Mark Cycle 1012.754ms
[2024-04-05T13:58:51.729+0300][1927.499s][info][gc,start    ] GC(225) Pause Young (Prepare Mixed) (G1 Evacuation Pause)
[2024-04-05T13:58:51.729+0300][1927.499s][info][gc,task     ] GC(225) Using 6 workers of 6 for evacuation
[2024-04-05T13:58:51.740+0300][1927.510s][info][gc,phases   ] GC(225)   Pre Evacuate Collection Set: 0.2ms
[2024-04-05T13:58:51.741+0300][1927.511s][info][gc,phases   ] GC(225)   Merge Heap Roots: 0.3ms
[2024-04-05T13:58:51.741+0300][1927.511s][info][gc,phases   ] GC(225)   Evacuate Collection Set: 7.9ms
[2024-04-05T13:58:51.741+0300][1927.511s][info][gc,phases   ] GC(225)   Post Evacuate Collection Set: 2.3ms
[2024-04-05T13:58:51.741+0300][1927.511s][info][gc,phases   ] GC(225)   Other: 0.1ms
[2024-04-05T13:58:51.741+0300][1927.511s][info][gc,heap     ] GC(225) Eden regions: 227->0(35)
[2024-04-05T13:58:51.741+0300][1927.511s][info][gc,heap     ] GC(225) Survivor regions: 4->16(29)
[2024-04-05T13:58:51.741+0300][1927.511s][info][gc,heap     ] GC(225) Old regions: 506->506
[2024-04-05T13:58:51.741+0300][1927.511s][info][gc,heap     ] GC(225) Archive regions: 2->2
[2024-04-05T13:58:51.741+0300][1927.511s][info][gc,heap     ] GC(225) Humongous regions: 82->81
[2024-04-05T13:58:51.741+0300][1927.511s][info][gc,metaspace] GC(225) Metaspace: 427571K(443712K)->427571K(443712K) NonClass: 376938K(385728K)->376938K(385728K) Class: 50633K(57984K)->50633K(57984K)
[2024-04-05T13:58:51.742+0300][1927.511s][info][gc          ] GC(225) Pause Young (Prepare Mixed) (G1 Evacuation Pause) 819M->603M(1024M) 12.252ms
[2024-04-05T13:58:51.742+0300][1927.511s][info][gc,cpu      ] GC(225) User=0.03s Sys=0.00s Real=0.02s
[2024-04-05T13:58:51.923+0300][1927.692s][info][gc,start    ] GC(226) Pause Young (Mixed) (G1 Evacuation Pause)
[2024-04-05T13:58:51.923+0300][1927.692s][info][gc,task     ] GC(226) Using 6 workers of 6 for evacuation
[2024-04-05T13:58:51.967+0300][1927.737s][info][gc,phases   ] GC(226)   Pre Evacuate Collection Set: 1.9ms
[2024-04-05T13:58:51.967+0300][1927.737s][info][gc,phases   ] GC(226)   Merge Heap Roots: 1.4ms
[2024-04-05T13:58:51.967+0300][1927.737s][info][gc,phases   ] GC(226)   Evacuate Collection Set: 31.7ms
[2024-04-05T13:58:51.967+0300][1927.737s][info][gc,phases   ] GC(226)   Post Evacuate Collection Set: 9.6ms
[2024-04-05T13:58:51.967+0300][1927.737s][info][gc,phases   ] GC(226)   Other: 0.1ms
[2024-04-05T13:58:51.967+0300][1927.737s][info][gc,heap     ] GC(226) Eden regions: 35->0(184)
[2024-04-05T13:58:51.967+0300][1927.737s][info][gc,heap     ] GC(226) Survivor regions: 16->2(7)
[2024-04-05T13:58:51.967+0300][1927.737s][info][gc,heap     ] GC(226) Old regions: 506->511
[2024-04-05T13:58:51.967+0300][1927.737s][info][gc,heap     ] GC(226) Archive regions: 2->2
[2024-04-05T13:58:51.967+0300][1927.737s][info][gc,heap     ] GC(226) Humongous regions: 81->81
[2024-04-05T13:58:51.967+0300][1927.737s][info][gc,metaspace] GC(226) Metaspace: 427589K(443712K)->427589K(443712K) NonClass: 376955K(385728K)->376955K(385728K) Class: 50634K(57984K)->50634K(57984K)
[2024-04-05T13:58:51.967+0300][1927.737s][info][gc          ] GC(226) Pause Young (Mixed) (G1 Evacuation Pause) 638M->593M(1024M) 44.900ms
[2024-04-05T13:58:51.967+0300][1927.737s][info][gc,cpu      ] GC(226) User=0.12s Sys=0.00s Real=0.04s
[2024-04-05T13:58:52.315+0300][1928.085s][info][gc,start    ] GC(227) Pause Young (Concurrent Start) (G1 Humongous Allocation)
[2024-04-05T13:58:52.315+0300][1928.085s][info][gc,task     ] GC(227) Using 6 workers of 6 for evacuation
[2024-04-05T13:58:52.330+0300][1928.100s][info][gc,phases   ] GC(227)   Pre Evacuate Collection Set: 1.2ms
[2024-04-05T13:58:52.330+0300][1928.100s][info][gc,phases   ] GC(227)   Merge Heap Roots: 0.1ms
[2024-04-05T13:58:52.330+0300][1928.100s][info][gc,phases   ] GC(227)   Evacuate Collection Set: 10.3ms
[2024-04-05T13:58:52.330+0300][1928.100s][info][gc,phases   ] GC(227)   Post Evacuate Collection Set: 3.2ms
[2024-04-05T13:58:52.330+0300][1928.100s][info][gc,phases   ] GC(227)   Other: 0.1ms
[2024-04-05T13:58:52.330+0300][1928.100s][info][gc,heap     ] GC(227) Eden regions: 114->0(190)
[2024-04-05T13:58:52.330+0300][1928.100s][info][gc,heap     ] GC(227) Survivor regions: 2->2(24)
[2024-04-05T13:58:52.330+0300][1928.100s][info][gc,heap     ] GC(227) Old regions: 511->511
[2024-04-05T13:58:52.330+0300][1928.100s][info][gc,heap     ] GC(227) Archive regions: 2->2
[2024-04-05T13:58:52.330+0300][1928.100s][info][gc,heap     ] GC(227) Humongous regions: 81->81
[2024-04-05T13:58:52.330+0300][1928.100s][info][gc,metaspace] GC(227) Metaspace: 427846K(443712K)->427846K(443712K) NonClass: 377184K(385728K)->377184K(385728K) Class: 50662K(57984K)->50662K(57984K)
[2024-04-05T13:58:52.330+0300][1928.100s][info][gc          ] GC(227) Pause Young (Concurrent Start) (G1 Humongous Allocation) 706M->593M(1024M) 15.100ms
[2024-04-05T13:58:52.330+0300][1928.100s][info][gc,cpu      ] GC(227) User=0.03s Sys=0.00s Real=0.02s
[2024-04-05T13:58:52.330+0300][1928.100s][info][gc          ] GC(228) Concurrent Mark Cycle
[2024-04-05T13:58:52.330+0300][1928.100s][info][gc,marking  ] GC(228) Concurrent Clear Claimed Marks
[2024-04-05T13:58:52.331+0300][1928.101s][info][gc,marking  ] GC(228) Concurrent Clear Claimed Marks 0.985ms
[2024-04-05T13:58:52.331+0300][1928.101s][info][gc,marking  ] GC(228) Concurrent Scan Root Regions
[2024-04-05T13:58:52.344+0300][1928.113s][info][gc,marking  ] GC(228) Concurrent Scan Root Regions 12.629ms
[2024-04-05T13:58:52.344+0300][1928.114s][info][gc,marking  ] GC(228) Concurrent Mark
[2024-04-05T13:58:52.344+0300][1928.114s][info][gc,marking  ] GC(228) Concurrent Mark From Roots
[2024-04-05T13:58:52.344+0300][1928.114s][info][gc,task     ] GC(228) Using 2 workers of 2 for marking
[2024-04-05T13:58:52.760+0300][1928.529s][info][gc,marking  ] GC(228) Concurrent Mark From Roots 415.895ms
[2024-04-05T13:58:52.760+0300][1928.530s][info][gc,marking  ] GC(228) Concurrent Preclean
[2024-04-05T13:58:52.763+0300][1928.533s][info][gc,marking  ] GC(228) Concurrent Preclean 3.095ms
[2024-04-05T13:58:52.764+0300][1928.533s][info][gc,start    ] GC(228) Pause Remark
[2024-04-05T13:58:52.824+0300][1928.594s][info][gc          ] GC(228) Pause Remark 663M->611M(1024M) 60.412ms
[2024-04-05T13:58:52.824+0300][1928.594s][info][gc,cpu      ] GC(228) User=0.26s Sys=0.00s Real=0.06s
[2024-04-05T13:58:52.826+0300][1928.595s][info][gc,marking  ] GC(228) Concurrent Mark 481.776ms
[2024-04-05T13:58:52.826+0300][1928.595s][info][gc,marking  ] GC(228) Concurrent Rebuild Remembered Sets
[2024-04-05T13:58:53.364+0300][1929.134s][info][gc,marking  ] GC(228) Concurrent Rebuild Remembered Sets 538.242ms
[2024-04-05T13:58:53.364+0300][1929.134s][info][gc,start    ] GC(228) Pause Cleanup
[2024-04-05T13:58:53.365+0300][1929.134s][info][gc          ] GC(228) Pause Cleanup 621M->621M(1024M) 0.462ms
[2024-04-05T13:58:53.365+0300][1929.134s][info][gc,cpu      ] GC(228) User=0.00s Sys=0.00s Real=0.00s
[2024-04-05T13:58:53.365+0300][1929.135s][info][gc,marking  ] GC(228) Concurrent Cleanup for Next Mark
[2024-04-05T13:58:53.367+0300][1929.136s][info][gc,marking  ] GC(228) Concurrent Cleanup for Next Mark 1.407ms
[2024-04-05T13:58:53.367+0300][1929.136s][info][gc          ] GC(228) Concurrent Mark Cycle 1036.467ms
[2024-04-05T13:58:57.803+0300][1933.573s][info][gc,start    ] GC(229) Pause Young (Prepare Mixed) (G1 Evacuation Pause)
[2024-04-05T13:58:57.803+0300][1933.573s][info][gc,task     ] GC(229) Using 6 workers of 6 for evacuation
[2024-04-05T13:58:57.817+0300][1933.587s][info][gc,phases   ] GC(229)   Pre Evacuate Collection Set: 0.2ms
[2024-04-05T13:58:57.817+0300][1933.587s][info][gc,phases   ] GC(229)   Merge Heap Roots: 0.2ms
[2024-04-05T13:58:57.817+0300][1933.587s][info][gc,phases   ] GC(229)   Evacuate Collection Set: 11.2ms
[2024-04-05T13:58:57.817+0300][1933.587s][info][gc,phases   ] GC(229)   Post Evacuate Collection Set: 2.5ms
[2024-04-05T13:58:57.817+0300][1933.587s][info][gc,phases   ] GC(229)   Other: 0.1ms
[2024-04-05T13:58:57.817+0300][1933.587s][info][gc,heap     ] GC(229) Eden regions: 190->0(46)
[2024-04-05T13:58:57.817+0300][1933.587s][info][gc,heap     ] GC(229) Survivor regions: 2->5(24)
[2024-04-05T13:58:57.817+0300][1933.587s][info][gc,heap     ] GC(229) Old regions: 511->511
[2024-04-05T13:58:57.817+0300][1933.587s][info][gc,heap     ] GC(229) Archive regions: 2->2
[2024-04-05T13:58:57.817+0300][1933.587s][info][gc,heap     ] GC(229) Humongous regions: 37->37
[2024-04-05T13:58:57.817+0300][1933.587s][info][gc,metaspace] GC(229) Metaspace: 430037K(443776K)->430037K(443776K) NonClass: 379085K(385728K)->379085K(385728K) Class: 50951K(58048K)->50951K(58048K)
[2024-04-05T13:58:57.817+0300][1933.587s][info][gc          ] GC(229) Pause Young (Prepare Mixed) (G1 Evacuation Pause) 739M->553M(1024M) 14.347ms
[2024-04-05T13:58:57.817+0300][1933.587s][info][gc,cpu      ] GC(229) User=0.05s Sys=0.00s Real=0.01s
[2024-04-05T13:58:57.891+0300][1933.660s][info][gc,start    ] GC(230) Pause Young (Mixed) (G1 Evacuation Pause)
[2024-04-05T13:58:57.891+0300][1933.660s][info][gc,task     ] GC(230) Using 6 workers of 6 for evacuation
[2024-04-05T13:58:57.912+0300][1933.682s][info][gc,phases   ] GC(230)   Pre Evacuate Collection Set: 0.2ms
[2024-04-05T13:58:57.912+0300][1933.682s][info][gc,phases   ] GC(230)   Merge Heap Roots: 0.6ms
[2024-04-05T13:58:57.912+0300][1933.682s][info][gc,phases   ] GC(230)   Evacuate Collection Set: 19.3ms
[2024-04-05T13:58:57.912+0300][1933.682s][info][gc,phases   ] GC(230)   Post Evacuate Collection Set: 1.5ms
[2024-04-05T13:58:57.912+0300][1933.682s][info][gc,phases   ] GC(230)   Other: 0.1ms
[2024-04-05T13:58:57.912+0300][1933.682s][info][gc,heap     ] GC(230) Eden regions: 46->0(243)
[2024-04-05T13:58:57.912+0300][1933.682s][info][gc,heap     ] GC(230) Survivor regions: 5->1(7)
[2024-04-05T13:58:57.912+0300][1933.682s][info][gc,heap     ] GC(230) Old regions: 511->502
[2024-04-05T13:58:57.912+0300][1933.682s][info][gc,heap     ] GC(230) Archive regions: 2->2
[2024-04-05T13:58:57.912+0300][1933.682s][info][gc,heap     ] GC(230) Humongous regions: 37->37
[2024-04-05T13:58:57.912+0300][1933.682s][info][gc,metaspace] GC(230) Metaspace: 430079K(443776K)->430079K(443776K) NonClass: 379119K(385728K)->379119K(385728K) Class: 50959K(58048K)->50959K(58048K)
[2024-04-05T13:58:57.912+0300][1933.682s][info][gc          ] GC(230) Pause Young (Mixed) (G1 Evacuation Pause) 599M->540M(1024M) 21.863ms
[2024-04-05T13:58:57.913+0300][1933.682s][info][gc,cpu      ] GC(230) User=0.10s Sys=0.00s Real=0.02s
[2024-04-05T13:59:07.012+0300][1942.781s][info][gc,start    ] GC(231) Pause Young (Concurrent Start) (G1 Humongous Allocation)
[2024-04-05T13:59:07.012+0300][1942.781s][info][gc,task     ] GC(231) Using 6 workers of 6 for evacuation
[2024-04-05T13:59:07.024+0300][1942.794s][info][gc,phases   ] GC(231)   Pre Evacuate Collection Set: 2.5ms
[2024-04-05T13:59:07.025+0300][1942.794s][info][gc,phases   ] GC(231)   Merge Heap Roots: 0.3ms
[2024-04-05T13:59:07.025+0300][1942.794s][info][gc,phases   ] GC(231)   Evacuate Collection Set: 5.4ms
[2024-04-05T13:59:07.025+0300][1942.794s][info][gc,phases   ] GC(231)   Post Evacuate Collection Set: 4.2ms
[2024-04-05T13:59:07.025+0300][1942.794s][info][gc,phases   ] GC(231)   Other: 0.2ms
[2024-04-05T13:59:07.025+0300][1942.794s][info][gc,heap     ] GC(231) Eden regions: 83->0(245)
[2024-04-05T13:59:07.025+0300][1942.794s][info][gc,heap     ] GC(231) Survivor regions: 1->4(31)
[2024-04-05T13:59:07.025+0300][1942.794s][info][gc,heap     ] GC(231) Old regions: 502->502
[2024-04-05T13:59:07.025+0300][1942.794s][info][gc,heap     ] GC(231) Archive regions: 2->2
[2024-04-05T13:59:07.025+0300][1942.794s][info][gc,heap     ] GC(231) Humongous regions: 37->37
[2024-04-05T13:59:07.025+0300][1942.794s][info][gc,metaspace] GC(231) Metaspace: 430548K(443776K)->430548K(443776K) NonClass: 379527K(385728K)->379527K(385728K) Class: 51021K(58048K)->51021K(58048K)
[2024-04-05T13:59:07.025+0300][1942.794s][info][gc          ] GC(231) Pause Young (Concurrent Start) (G1 Humongous Allocation) 623M->542M(1024M) 12.957ms
[2024-04-05T13:59:07.025+0300][1942.794s][info][gc,cpu      ] GC(231) User=0.04s Sys=0.00s Real=0.01s
[2024-04-05T13:59:07.025+0300][1942.794s][info][gc          ] GC(232) Concurrent Mark Cycle
[2024-04-05T13:59:07.025+0300][1942.795s][info][gc,marking  ] GC(232) Concurrent Clear Claimed Marks
[2024-04-05T13:59:07.026+0300][1942.796s][info][gc,marking  ] GC(232) Concurrent Clear Claimed Marks 1.559ms
[2024-04-05T13:59:07.027+0300][1942.796s][info][gc,marking  ] GC(232) Concurrent Scan Root Regions
[2024-04-05T13:59:07.032+0300][1942.801s][info][gc,marking  ] GC(232) Concurrent Scan Root Regions 5.232ms
[2024-04-05T13:59:07.032+0300][1942.801s][info][gc,marking  ] GC(232) Concurrent Mark
[2024-04-05T13:59:07.032+0300][1942.801s][info][gc,marking  ] GC(232) Concurrent Mark From Roots
[2024-04-05T13:59:07.032+0300][1942.801s][info][gc,task     ] GC(232) Using 2 workers of 2 for marking
[2024-04-05T13:59:07.442+0300][1943.212s][info][gc,marking  ] GC(232) Concurrent Mark From Roots 410.523ms
[2024-04-05T13:59:07.442+0300][1943.212s][info][gc,marking  ] GC(232) Concurrent Preclean
[2024-04-05T13:59:07.444+0300][1943.213s][info][gc,marking  ] GC(232) Concurrent Preclean 1.299ms
[2024-04-05T13:59:07.444+0300][1943.214s][info][gc,start    ] GC(232) Pause Remark
[2024-04-05T13:59:07.502+0300][1943.272s][info][gc          ] GC(232) Pause Remark 613M->603M(1024M) 58.351ms
[2024-04-05T13:59:07.502+0300][1943.272s][info][gc,cpu      ] GC(232) User=0.19s Sys=0.02s Real=0.06s
[2024-04-05T13:59:07.503+0300][1943.272s][info][gc,marking  ] GC(232) Concurrent Mark 471.012ms
[2024-04-05T13:59:07.503+0300][1943.272s][info][gc,marking  ] GC(232) Concurrent Rebuild Remembered Sets
[2024-04-05T13:59:08.096+0300][1943.865s][info][gc,marking  ] GC(232) Concurrent Rebuild Remembered Sets 592.662ms
[2024-04-05T13:59:08.096+0300][1943.865s][info][gc,start    ] GC(232) Pause Cleanup
[2024-04-05T13:59:08.096+0300][1943.866s][info][gc          ] GC(232) Pause Cleanup 664M->664M(1024M) 0.379ms
[2024-04-05T13:59:08.096+0300][1943.866s][info][gc,cpu      ] GC(232) User=0.00s Sys=0.00s Real=0.00s
[2024-04-05T13:59:08.096+0300][1943.866s][info][gc,marking  ] GC(232) Concurrent Cleanup for Next Mark
[2024-04-05T13:59:08.098+0300][1943.867s][info][gc,marking  ] GC(232) Concurrent Cleanup for Next Mark 1.475ms
[2024-04-05T13:59:08.098+0300][1943.867s][info][gc          ] GC(232) Concurrent Mark Cycle 1073.048ms
[2024-04-05T14:00:46.092+0300][2041.862s][info][gc,start    ] GC(233) Pause Young (Prepare Mixed) (G1 Evacuation Pause)
[2024-04-05T14:00:46.092+0300][2041.862s][info][gc,task     ] GC(233) Using 6 workers of 6 for evacuation
[2024-04-05T14:00:46.120+0300][2041.890s][info][gc,phases   ] GC(233)   Pre Evacuate Collection Set: 0.2ms
[2024-04-05T14:00:46.120+0300][2041.890s][info][gc,phases   ] GC(233)   Merge Heap Roots: 0.3ms
[2024-04-05T14:00:46.120+0300][2041.890s][info][gc,phases   ] GC(233)   Evacuate Collection Set: 8.5ms
[2024-04-05T14:00:46.120+0300][2041.890s][info][gc,phases   ] GC(233)   Post Evacuate Collection Set: 18.9ms
[2024-04-05T14:00:46.120+0300][2041.890s][info][gc,phases   ] GC(233)   Other: 0.3ms
[2024-04-05T14:00:46.120+0300][2041.890s][info][gc,heap     ] GC(233) Eden regions: 245->0(34)
[2024-04-05T14:00:46.120+0300][2041.890s][info][gc,heap     ] GC(233) Survivor regions: 4->17(32)
[2024-04-05T14:00:46.120+0300][2041.890s][info][gc,heap     ] GC(233) Old regions: 502->502
[2024-04-05T14:00:46.120+0300][2041.890s][info][gc,heap     ] GC(233) Archive regions: 2->2
[2024-04-05T14:00:46.120+0300][2041.890s][info][gc,heap     ] GC(233) Humongous regions: 37->37
[2024-04-05T14:00:46.120+0300][2041.890s][info][gc,metaspace] GC(233) Metaspace: 431222K(443776K)->431222K(443776K) NonClass: 380130K(385728K)->380130K(385728K) Class: 51092K(58048K)->51092K(58048K)
[2024-04-05T14:00:46.120+0300][2041.890s][info][gc          ] GC(233) Pause Young (Prepare Mixed) (G1 Evacuation Pause) 787M->555M(1024M) 28.420ms
[2024-04-05T14:00:46.121+0300][2041.890s][info][gc,cpu      ] GC(233) User=0.06s Sys=0.01s Real=0.03s
[2024-04-05T14:00:46.268+0300][2042.037s][info][gc,start    ] GC(234) Pause Young (Mixed) (G1 Evacuation Pause)
[2024-04-05T14:00:46.268+0300][2042.037s][info][gc,task     ] GC(234) Using 6 workers of 6 for evacuation
[2024-04-05T14:00:46.285+0300][2042.055s][info][gc,phases   ] GC(234)   Pre Evacuate Collection Set: 0.2ms
[2024-04-05T14:00:46.285+0300][2042.055s][info][gc,phases   ] GC(234)   Merge Heap Roots: 0.3ms
[2024-04-05T14:00:46.285+0300][2042.055s][info][gc,phases   ] GC(234)   Evacuate Collection Set: 15.8ms
[2024-04-05T14:00:46.285+0300][2042.055s][info][gc,phases   ] GC(234)   Post Evacuate Collection Set: 1.1ms
[2024-04-05T14:00:46.285+0300][2042.055s][info][gc,phases   ] GC(234)   Other: 0.1ms
[2024-04-05T14:00:46.285+0300][2042.055s][info][gc,heap     ] GC(234) Eden regions: 34->0(239)
[2024-04-05T14:00:46.285+0300][2042.055s][info][gc,heap     ] GC(234) Survivor regions: 17->2(7)
[2024-04-05T14:00:46.285+0300][2042.055s][info][gc,heap     ] GC(234) Old regions: 502->506
[2024-04-05T14:00:46.285+0300][2042.055s][info][gc,heap     ] GC(234) Archive regions: 2->2
[2024-04-05T14:00:46.285+0300][2042.055s][info][gc,heap     ] GC(234) Humongous regions: 37->37
[2024-04-05T14:00:46.285+0300][2042.055s][info][gc,metaspace] GC(234) Metaspace: 431557K(443776K)->431557K(443776K) NonClass: 380416K(385728K)->380416K(385728K) Class: 51140K(58048K)->51140K(58048K)
[2024-04-05T14:00:46.285+0300][2042.055s][info][gc          ] GC(234) Pause Young (Mixed) (G1 Evacuation Pause) 589M->544M(1024M) 17.592ms
[2024-04-05T14:00:46.285+0300][2042.055s][info][gc,cpu      ] GC(234) User=0.09s Sys=0.00s Real=0.02s
[2024-04-05T14:00:48.139+0300][2043.909s][info][gc,start    ] GC(235) Pause Young (Concurrent Start) (G1 Evacuation Pause)
[2024-04-05T14:00:48.139+0300][2043.909s][info][gc,task     ] GC(235) Using 6 workers of 6 for evacuation
[2024-04-05T14:00:48.151+0300][2043.920s][info][gc,phases   ] GC(235)   Pre Evacuate Collection Set: 1.3ms
[2024-04-05T14:00:48.151+0300][2043.920s][info][gc,phases   ] GC(235)   Merge Heap Roots: 0.3ms
[2024-04-05T14:00:48.151+0300][2043.920s][info][gc,phases   ] GC(235)   Evacuate Collection Set: 7.3ms
[2024-04-05T14:00:48.151+0300][2043.920s][info][gc,phases   ] GC(235)   Post Evacuate Collection Set: 2.5ms
[2024-04-05T14:00:48.151+0300][2043.920s][info][gc,phases   ] GC(235)   Other: 0.1ms
[2024-04-05T14:00:48.151+0300][2043.920s][info][gc,heap     ] GC(235) Eden regions: 239->0(231)
[2024-04-05T14:00:48.151+0300][2043.920s][info][gc,heap     ] GC(235) Survivor regions: 2->10(31)
[2024-04-05T14:00:48.151+0300][2043.920s][info][gc,heap     ] GC(235) Old regions: 506->506
[2024-04-05T14:00:48.151+0300][2043.920s][info][gc,heap     ] GC(235) Archive regions: 2->2
[2024-04-05T14:00:48.151+0300][2043.920s][info][gc,heap     ] GC(235) Humongous regions: 37->37
[2024-04-05T14:00:48.151+0300][2043.920s][info][gc,metaspace] GC(235) Metaspace: 435471K(445952K)->435471K(445952K) NonClass: 383869K(387904K)->383869K(387904K) Class: 51601K(58048K)->51601K(58048K)
[2024-04-05T14:00:48.151+0300][2043.920s][info][gc          ] GC(235) Pause Young (Concurrent Start) (G1 Evacuation Pause) 783M->552M(1024M) 11.693ms
[2024-04-05T14:00:48.151+0300][2043.920s][info][gc,cpu      ] GC(235) User=0.05s Sys=0.00s Real=0.01s
[2024-04-05T14:00:48.151+0300][2043.921s][info][gc          ] GC(236) Concurrent Mark Cycle
[2024-04-05T14:00:48.151+0300][2043.921s][info][gc,marking  ] GC(236) Concurrent Clear Claimed Marks
[2024-04-05T14:00:48.152+0300][2043.922s][info][gc,marking  ] GC(236) Concurrent Clear Claimed Marks 1.249ms
[2024-04-05T14:00:48.152+0300][2043.922s][info][gc,marking  ] GC(236) Concurrent Scan Root Regions
[2024-04-05T14:00:48.159+0300][2043.928s][info][gc,marking  ] GC(236) Concurrent Scan Root Regions 6.554ms
[2024-04-05T14:00:48.159+0300][2043.928s][info][gc,marking  ] GC(236) Concurrent Mark
[2024-04-05T14:00:48.159+0300][2043.928s][info][gc,marking  ] GC(236) Concurrent Mark From Roots
[2024-04-05T14:00:48.159+0300][2043.928s][info][gc,task     ] GC(236) Using 2 workers of 2 for marking
[2024-04-05T14:00:48.522+0300][2044.292s][info][gc,marking  ] GC(236) Concurrent Mark From Roots 363.624ms
[2024-04-05T14:00:48.522+0300][2044.292s][info][gc,marking  ] GC(236) Concurrent Preclean
[2024-04-05T14:00:48.524+0300][2044.294s][info][gc,marking  ] GC(236) Concurrent Preclean 1.596ms
[2024-04-05T14:00:48.524+0300][2044.294s][info][gc,start    ] GC(236) Pause Remark
[2024-04-05T14:00:48.581+0300][2044.351s][info][gc          ] GC(236) Pause Remark 640M->632M(1024M) 56.973ms
[2024-04-05T14:00:48.581+0300][2044.351s][info][gc,cpu      ] GC(236) User=0.21s Sys=0.01s Real=0.06s
[2024-04-05T14:00:48.583+0300][2044.352s][info][gc,marking  ] GC(236) Concurrent Mark 423.798ms
[2024-04-05T14:00:48.583+0300][2044.352s][info][gc,marking  ] GC(236) Concurrent Rebuild Remembered Sets
[2024-04-05T14:00:49.463+0300][2045.232s][info][gc,start    ] GC(237) Pause Young (Normal) (G1 Evacuation Pause)
[2024-04-05T14:00:49.463+0300][2045.232s][info][gc,task     ] GC(237) Using 6 workers of 6 for evacuation
[2024-04-05T14:00:49.486+0300][2045.256s][info][gc,phases   ] GC(237)   Pre Evacuate Collection Set: 0.2ms
[2024-04-05T14:00:49.486+0300][2045.256s][info][gc,phases   ] GC(237)   Merge Heap Roots: 0.3ms
[2024-04-05T14:00:49.486+0300][2045.256s][info][gc,phases   ] GC(237)   Evacuate Collection Set: 19.1ms
[2024-04-05T14:00:49.486+0300][2045.256s][info][gc,phases   ] GC(237)   Post Evacuate Collection Set: 3.9ms
[2024-04-05T14:00:49.486+0300][2045.256s][info][gc,phases   ] GC(237)   Other: 0.2ms
[2024-04-05T14:00:49.486+0300][2045.256s][info][gc,heap     ] GC(237) Eden regions: 231->0(241)
[2024-04-05T14:00:49.486+0300][2045.256s][info][gc,heap     ] GC(237) Survivor regions: 10->11(31)
[2024-04-05T14:00:49.486+0300][2045.256s][info][gc,heap     ] GC(237) Old regions: 506->506
[2024-04-05T14:00:49.486+0300][2045.256s][info][gc,heap     ] GC(237) Archive regions: 2->2
[2024-04-05T14:00:49.486+0300][2045.256s][info][gc,heap     ] GC(237) Humongous regions: 30->30
[2024-04-05T14:00:49.486+0300][2045.256s][info][gc,metaspace] GC(237) Metaspace: 437690K(447872K)->437690K(447872K) NonClass: 385838K(389824K)->385838K(389824K) Class: 51852K(58048K)->51852K(58048K)
[2024-04-05T14:00:49.486+0300][2045.256s][info][gc          ] GC(237) Pause Young (Normal) (G1 Evacuation Pause) 776M->547M(1024M) 23.874ms
[2024-04-05T14:00:49.487+0300][2045.256s][info][gc,cpu      ] GC(237) User=0.06s Sys=0.00s Real=0.02s
[2024-04-05T14:00:49.529+0300][2045.299s][info][gc,marking  ] GC(236) Concurrent Rebuild Remembered Sets 946.481ms
[2024-04-05T14:00:49.534+0300][2045.304s][info][gc,start    ] GC(236) Pause Cleanup
[2024-04-05T14:00:49.534+0300][2045.304s][info][gc          ] GC(236) Pause Cleanup 570M->570M(1024M) 0.456ms
[2024-04-05T14:00:49.534+0300][2045.304s][info][gc,cpu      ] GC(236) User=0.00s Sys=0.00s Real=0.00s
[2024-04-05T14:00:49.535+0300][2045.304s][info][gc,marking  ] GC(236) Concurrent Cleanup for Next Mark
[2024-04-05T14:00:49.536+0300][2045.306s][info][gc,marking  ] GC(236) Concurrent Cleanup for Next Mark 1.364ms
[2024-04-05T14:00:49.536+0300][2045.306s][info][gc          ] GC(236) Concurrent Mark Cycle 1385.031ms
[2024-04-05T14:00:49.866+0300][2045.635s][info][gc,start    ] GC(238) Pause Young (Prepare Mixed) (G1 Evacuation Pause)
[2024-04-05T14:00:49.866+0300][2045.635s][info][gc,task     ] GC(238) Using 6 workers of 6 for evacuation
[2024-04-05T14:00:49.890+0300][2045.659s][info][gc,phases   ] GC(238)   Pre Evacuate Collection Set: 0.2ms
[2024-04-05T14:00:49.890+0300][2045.659s][info][gc,phases   ] GC(238)   Merge Heap Roots: 0.3ms
[2024-04-05T14:00:49.890+0300][2045.659s][info][gc,phases   ] GC(238)   Evacuate Collection Set: 18.8ms
[2024-04-05T14:00:49.890+0300][2045.659s][info][gc,phases   ] GC(238)   Post Evacuate Collection Set: 4.7ms
[2024-04-05T14:00:49.890+0300][2045.659s][info][gc,phases   ] GC(238)   Other: 0.1ms
[2024-04-05T14:00:49.890+0300][2045.659s][info][gc,heap     ] GC(238) Eden regions: 241->0(38)
[2024-04-05T14:00:49.890+0300][2045.659s][info][gc,heap     ] GC(238) Survivor regions: 11->13(32)
[2024-04-05T14:00:49.890+0300][2045.659s][info][gc,heap     ] GC(238) Old regions: 506->506
[2024-04-05T14:00:49.890+0300][2045.659s][info][gc,heap     ] GC(238) Archive regions: 2->2
[2024-04-05T14:00:49.890+0300][2045.659s][info][gc,heap     ] GC(238) Humongous regions: 30->30
[2024-04-05T14:00:49.890+0300][2045.659s][info][gc,metaspace] GC(238) Metaspace: 437826K(448000K)->437826K(448000K) NonClass: 385955K(389952K)->385955K(389952K) Class: 51870K(58048K)->51870K(58048K)
[2024-04-05T14:00:49.890+0300][2045.660s][info][gc          ] GC(238) Pause Young (Prepare Mixed) (G1 Evacuation Pause) 788M->548M(1024M) 24.293ms
[2024-04-05T14:00:49.890+0300][2045.660s][info][gc,cpu      ] GC(238) User=0.07s Sys=0.00s Real=0.03s
[2024-04-05T14:00:50.029+0300][2045.798s][info][gc,start    ] GC(239) Pause Young (Mixed) (G1 Evacuation Pause)
[2024-04-05T14:00:50.029+0300][2045.798s][info][gc,task     ] GC(239) Using 6 workers of 6 for evacuation
[2024-04-05T14:00:50.067+0300][2045.837s][info][gc,phases   ] GC(239)   Pre Evacuate Collection Set: 0.4ms
[2024-04-05T14:00:50.067+0300][2045.837s][info][gc,phases   ] GC(239)   Merge Heap Roots: 1.2ms
[2024-04-05T14:00:50.067+0300][2045.837s][info][gc,phases   ] GC(239)   Evacuate Collection Set: 34.8ms
[2024-04-05T14:00:50.067+0300][2045.837s][info][gc,phases   ] GC(239)   Post Evacuate Collection Set: 1.7ms
[2024-04-05T14:00:50.067+0300][2045.837s][info][gc,phases   ] GC(239)   Other: 0.1ms
[2024-04-05T14:00:50.067+0300][2045.837s][info][gc,heap     ] GC(239) Eden regions: 38->0(210)
[2024-04-05T14:00:50.067+0300][2045.837s][info][gc,heap     ] GC(239) Survivor regions: 13->7(7)
[2024-04-05T14:00:50.067+0300][2045.837s][info][gc,heap     ] GC(239) Old regions: 506->511
[2024-04-05T14:00:50.067+0300][2045.837s][info][gc,heap     ] GC(239) Archive regions: 2->2
[2024-04-05T14:00:50.067+0300][2045.837s][info][gc,heap     ] GC(239) Humongous regions: 61->61
[2024-04-05T14:00:50.067+0300][2045.837s][info][gc,metaspace] GC(239) Metaspace: 437883K(448000K)->437883K(448000K) NonClass: 385998K(389952K)->385998K(389952K) Class: 51885K(58048K)->51885K(58048K)
[2024-04-05T14:00:50.067+0300][2045.837s][info][gc          ] GC(239) Pause Young (Mixed) (G1 Evacuation Pause) 617M->579M(1024M) 38.481ms
[2024-04-05T14:00:50.067+0300][2045.837s][info][gc,cpu      ] GC(239) User=0.19s Sys=0.00s Real=0.04s
[2024-04-05T14:00:50.073+0300][2045.843s][info][gc,start    ] GC(240) Pause Young (Concurrent Start) (G1 Humongous Allocation)
[2024-04-05T14:00:50.073+0300][2045.843s][info][gc,task     ] GC(240) Using 6 workers of 6 for evacuation
[2024-04-05T14:00:50.081+0300][2045.851s][info][gc,phases   ] GC(240)   Pre Evacuate Collection Set: 1.4ms
[2024-04-05T14:00:50.081+0300][2045.851s][info][gc,phases   ] GC(240)   Merge Heap Roots: 0.2ms
[2024-04-05T14:00:50.081+0300][2045.851s][info][gc,phases   ] GC(240)   Evacuate Collection Set: 5.1ms
[2024-04-05T14:00:50.081+0300][2045.851s][info][gc,phases   ] GC(240)   Post Evacuate Collection Set: 0.9ms
[2024-04-05T14:00:50.081+0300][2045.851s][info][gc,phases   ] GC(240)   Other: 0.1ms
[2024-04-05T14:00:50.081+0300][2045.851s][info][gc,heap     ] GC(240) Eden regions: 3->0(152)
[2024-04-05T14:00:50.081+0300][2045.851s][info][gc,heap     ] GC(240) Survivor regions: 7->9(28)
[2024-04-05T14:00:50.081+0300][2045.851s][info][gc,heap     ] GC(240) Old regions: 511->511
[2024-04-05T14:00:50.081+0300][2045.851s][info][gc,heap     ] GC(240) Archive regions: 2->2
[2024-04-05T14:00:50.081+0300][2045.851s][info][gc,heap     ] GC(240) Humongous regions: 61->61
[2024-04-05T14:00:50.081+0300][2045.851s][info][gc,metaspace] GC(240) Metaspace: 437884K(448000K)->437884K(448000K) NonClass: 385999K(389952K)->385999K(389952K) Class: 51885K(58048K)->51885K(58048K)
[2024-04-05T14:00:50.081+0300][2045.851s][info][gc          ] GC(240) Pause Young (Concurrent Start) (G1 Humongous Allocation) 581M->580M(1024M) 7.955ms
[2024-04-05T14:00:50.081+0300][2045.851s][info][gc,cpu      ] GC(240) User=0.03s Sys=0.01s Real=0.01s
[2024-04-05T14:00:50.081+0300][2045.851s][info][gc          ] GC(241) Concurrent Mark Cycle
[2024-04-05T14:00:50.081+0300][2045.851s][info][gc,marking  ] GC(241) Concurrent Clear Claimed Marks
[2024-04-05T14:00:50.082+0300][2045.852s][info][gc,marking  ] GC(241) Concurrent Clear Claimed Marks 1.026ms
[2024-04-05T14:00:50.082+0300][2045.852s][info][gc,marking  ] GC(241) Concurrent Scan Root Regions
[2024-04-05T14:00:50.087+0300][2045.856s][info][gc,marking  ] GC(241) Concurrent Scan Root Regions 4.377ms
[2024-04-05T14:00:50.087+0300][2045.856s][info][gc,marking  ] GC(241) Concurrent Mark
[2024-04-05T14:00:50.087+0300][2045.856s][info][gc,marking  ] GC(241) Concurrent Mark From Roots
[2024-04-05T14:00:50.087+0300][2045.856s][info][gc,task     ] GC(241) Using 2 workers of 2 for marking
[2024-04-05T14:00:50.447+0300][2046.216s][info][gc,marking  ] GC(241) Concurrent Mark From Roots 359.775ms
[2024-04-05T14:00:50.447+0300][2046.216s][info][gc,marking  ] GC(241) Concurrent Preclean
[2024-04-05T14:00:50.448+0300][2046.217s][info][gc,marking  ] GC(241) Concurrent Preclean 1.216ms
[2024-04-05T14:00:50.448+0300][2046.218s][info][gc,start    ] GC(241) Pause Remark
[2024-04-05T14:00:50.500+0300][2046.270s][info][gc          ] GC(241) Pause Remark 678M->649M(1024M) 52.336ms
[2024-04-05T14:00:50.500+0300][2046.270s][info][gc,cpu      ] GC(241) User=0.23s Sys=0.01s Real=0.06s
[2024-04-05T14:00:50.501+0300][2046.270s][info][gc,marking  ] GC(241) Concurrent Mark 413.914ms
[2024-04-05T14:00:50.501+0300][2046.270s][info][gc,marking  ] GC(241) Concurrent Rebuild Remembered Sets
[2024-04-05T14:00:51.025+0300][2046.795s][info][gc,start    ] GC(242) Pause Young (Normal) (G1 Evacuation Pause)
[2024-04-05T14:00:51.025+0300][2046.795s][info][gc,task     ] GC(242) Using 6 workers of 6 for evacuation
[2024-04-05T14:00:51.037+0300][2046.807s][info][gc,phases   ] GC(242)   Pre Evacuate Collection Set: 0.2ms
[2024-04-05T14:00:51.037+0300][2046.807s][info][gc,phases   ] GC(242)   Merge Heap Roots: 0.4ms
[2024-04-05T14:00:51.037+0300][2046.807s][info][gc,phases   ] GC(242)   Evacuate Collection Set: 7.0ms
[2024-04-05T14:00:51.037+0300][2046.807s][info][gc,phases   ] GC(242)   Post Evacuate Collection Set: 4.3ms
[2024-04-05T14:00:51.037+0300][2046.807s][info][gc,phases   ] GC(242)   Other: 0.1ms
[2024-04-05T14:00:51.038+0300][2046.808s][info][gc,heap     ] GC(242) Eden regions: 152->0(152)
[2024-04-05T14:00:51.038+0300][2046.808s][info][gc,heap     ] GC(242) Survivor regions: 9->10(21)
[2024-04-05T14:00:51.038+0300][2046.808s][info][gc,heap     ] GC(242) Old regions: 511->511
[2024-04-05T14:00:51.038+0300][2046.808s][info][gc,heap     ] GC(242) Archive regions: 2->2
[2024-04-05T14:00:51.038+0300][2046.808s][info][gc,heap     ] GC(242) Humongous regions: 77->77
[2024-04-05T14:00:51.038+0300][2046.808s][info][gc,metaspace] GC(242) Metaspace: 437981K(448128K)->437981K(448128K) NonClass: 386090K(390080K)->386090K(390080K) Class: 51891K(58048K)->51891K(58048K)
[2024-04-05T14:00:51.038+0300][2046.808s][info][gc          ] GC(242) Pause Young (Normal) (G1 Evacuation Pause) 748M->597M(1024M) 13.145ms
[2024-04-05T14:00:51.038+0300][2046.808s][info][gc,cpu      ] GC(242) User=0.06s Sys=0.01s Real=0.02s
[2024-04-05T14:00:51.038+0300][2046.808s][info][gc,marking  ] GC(241) Concurrent Rebuild Remembered Sets 537.571ms
[2024-04-05T14:00:51.040+0300][2046.810s][info][gc,start    ] GC(241) Pause Cleanup
[2024-04-05T14:00:51.040+0300][2046.810s][info][gc          ] GC(241) Pause Cleanup 598M->598M(1024M) 0.530ms
[2024-04-05T14:00:51.040+0300][2046.810s][info][gc,cpu      ] GC(241) User=0.00s Sys=0.00s Real=0.00s
[2024-04-05T14:00:51.041+0300][2046.810s][info][gc,marking  ] GC(241) Concurrent Cleanup for Next Mark
[2024-04-05T14:00:51.043+0300][2046.812s][info][gc,marking  ] GC(241) Concurrent Cleanup for Next Mark 2.217ms
[2024-04-05T14:00:51.043+0300][2046.813s][info][gc          ] GC(241) Concurrent Mark Cycle 961.545ms
[2024-04-05T14:01:00.264+0300][2056.033s][info][gc,start    ] GC(243) Pause Young (Prepare Mixed) (G1 Evacuation Pause)
[2024-04-05T14:01:00.264+0300][2056.034s][info][gc,task     ] GC(243) Using 6 workers of 6 for evacuation
[2024-04-05T14:01:00.294+0300][2056.064s][info][gc,phases   ] GC(243)   Pre Evacuate Collection Set: 2.3ms
[2024-04-05T14:01:00.294+0300][2056.064s][info][gc,phases   ] GC(243)   Merge Heap Roots: 0.8ms
[2024-04-05T14:01:00.294+0300][2056.064s][info][gc,phases   ] GC(243)   Evacuate Collection Set: 21.9ms
[2024-04-05T14:01:00.294+0300][2056.064s][info][gc,phases   ] GC(243)   Post Evacuate Collection Set: 4.8ms
[2024-04-05T14:01:00.294+0300][2056.064s][info][gc,phases   ] GC(243)   Other: 0.3ms
[2024-04-05T14:01:00.294+0300][2056.064s][info][gc,heap     ] GC(243) Eden regions: 152->0(30)
[2024-04-05T14:01:00.294+0300][2056.064s][info][gc,heap     ] GC(243) Survivor regions: 10->21(21)
[2024-04-05T14:01:00.294+0300][2056.064s][info][gc,heap     ] GC(243) Old regions: 511->511
[2024-04-05T14:01:00.294+0300][2056.064s][info][gc,heap     ] GC(243) Archive regions: 2->2
[2024-04-05T14:01:00.294+0300][2056.064s][info][gc,heap     ] GC(243) Humongous regions: 79->79
[2024-04-05T14:01:00.294+0300][2056.064s][info][gc,metaspace] GC(243) Metaspace: 438260K(448384K)->438260K(448384K) NonClass: 386331K(390336K)->386331K(390336K) Class: 51928K(58048K)->51928K(58048K)
[2024-04-05T14:01:00.294+0300][2056.064s][info][gc          ] GC(243) Pause Young (Prepare Mixed) (G1 Evacuation Pause) 751M->611M(1024M) 30.464ms
[2024-04-05T14:01:00.294+0300][2056.064s][info][gc,cpu      ] GC(243) User=0.10s Sys=0.01s Real=0.03s
[2024-04-05T14:01:17.033+0300][2072.802s][info][gc,start    ] GC(244) Pause Young (Mixed) (G1 Evacuation Pause)
[2024-04-05T14:01:17.033+0300][2072.802s][info][gc,task     ] GC(244) Using 6 workers of 6 for evacuation
[2024-04-05T14:01:17.081+0300][2072.851s][info][gc,phases   ] GC(244)   Pre Evacuate Collection Set: 0.4ms
[2024-04-05T14:01:17.081+0300][2072.851s][info][gc,phases   ] GC(244)   Merge Heap Roots: 0.6ms
[2024-04-05T14:01:17.081+0300][2072.851s][info][gc,phases   ] GC(244)   Evacuate Collection Set: 44.8ms
[2024-04-05T14:01:17.081+0300][2072.851s][info][gc,phases   ] GC(244)   Post Evacuate Collection Set: 2.7ms
[2024-04-05T14:01:17.081+0300][2072.851s][info][gc,phases   ] GC(244)   Other: 0.2ms
[2024-04-05T14:01:17.081+0300][2072.851s][info][gc,heap     ] GC(244) Eden regions: 30->0(142)
[2024-04-05T14:01:17.081+0300][2072.851s][info][gc,heap     ] GC(244) Survivor regions: 21->7(7)
[2024-04-05T14:01:17.082+0300][2072.851s][info][gc,heap     ] GC(244) Old regions: 511->520
[2024-04-05T14:01:17.082+0300][2072.851s][info][gc,heap     ] GC(244) Archive regions: 2->2
[2024-04-05T14:01:17.082+0300][2072.851s][info][gc,heap     ] GC(244) Humongous regions: 82->82
[2024-04-05T14:01:17.082+0300][2072.851s][info][gc,metaspace] GC(244) Metaspace: 438275K(448384K)->438275K(448384K) NonClass: 386346K(390336K)->386346K(390336K) Class: 51929K(58048K)->51929K(58048K)
[2024-04-05T14:01:17.082+0300][2072.851s][info][gc          ] GC(244) Pause Young (Mixed) (G1 Evacuation Pause) 644M->609M(1024M) 49.100ms
[2024-04-05T14:01:17.082+0300][2072.851s][info][gc,cpu      ] GC(244) User=0.23s Sys=0.01s Real=0.05s
[2024-04-05T14:01:19.002+0300][2074.772s][info][gc,start    ] GC(245) Pause Young (Concurrent Start) (G1 Humongous Allocation)
[2024-04-05T14:01:19.002+0300][2074.772s][info][gc,task     ] GC(245) Using 6 workers of 6 for evacuation
[2024-04-05T14:01:19.009+0300][2074.779s][info][gc,phases   ] GC(245)   Pre Evacuate Collection Set: 1.2ms
[2024-04-05T14:01:19.009+0300][2074.779s][info][gc,phases   ] GC(245)   Merge Heap Roots: 0.2ms
[2024-04-05T14:01:19.009+0300][2074.779s][info][gc,phases   ] GC(245)   Evacuate Collection Set: 4.1ms
[2024-04-05T14:01:19.009+0300][2074.779s][info][gc,phases   ] GC(245)   Post Evacuate Collection Set: 1.5ms
[2024-04-05T14:01:19.009+0300][2074.779s][info][gc,phases   ] GC(245)   Other: 0.1ms
[2024-04-05T14:01:19.009+0300][2074.779s][info][gc,heap     ] GC(245) Eden regions: 110->0(150)
[2024-04-05T14:01:19.009+0300][2074.779s][info][gc,heap     ] GC(245) Survivor regions: 7->9(19)
[2024-04-05T14:01:19.009+0300][2074.779s][info][gc,heap     ] GC(245) Old regions: 520->520
[2024-04-05T14:01:19.009+0300][2074.779s][info][gc,heap     ] GC(245) Archive regions: 2->2
[2024-04-05T14:01:19.009+0300][2074.779s][info][gc,heap     ] GC(245) Humongous regions: 82->82
[2024-04-05T14:01:19.009+0300][2074.779s][info][gc,metaspace] GC(245) Metaspace: 438423K(448512K)->438423K(448512K) NonClass: 386481K(390464K)->386481K(390464K) Class: 51941K(58048K)->51941K(58048K)
[2024-04-05T14:01:19.009+0300][2074.779s][info][gc          ] GC(245) Pause Young (Concurrent Start) (G1 Humongous Allocation) 719M->611M(1024M) 7.245ms
[2024-04-05T14:01:19.009+0300][2074.779s][info][gc,cpu      ] GC(245) User=0.03s Sys=0.00s Real=0.00s
[2024-04-05T14:01:19.009+0300][2074.779s][info][gc          ] GC(246) Concurrent Mark Cycle
[2024-04-05T14:01:19.009+0300][2074.779s][info][gc,marking  ] GC(246) Concurrent Clear Claimed Marks
[2024-04-05T14:01:19.010+0300][2074.780s][info][gc,marking  ] GC(246) Concurrent Clear Claimed Marks 0.923ms
[2024-04-05T14:01:19.010+0300][2074.780s][info][gc,marking  ] GC(246) Concurrent Scan Root Regions
[2024-04-05T14:01:19.013+0300][2074.783s][info][gc,marking  ] GC(246) Concurrent Scan Root Regions 3.062ms
[2024-04-05T14:01:19.013+0300][2074.783s][info][gc,marking  ] GC(246) Concurrent Mark
[2024-04-05T14:01:19.013+0300][2074.783s][info][gc,marking  ] GC(246) Concurrent Mark From Roots
[2024-04-05T14:01:19.013+0300][2074.783s][info][gc,task     ] GC(246) Using 2 workers of 2 for marking
[2024-04-05T14:01:19.407+0300][2075.176s][info][gc,marking  ] GC(246) Concurrent Mark From Roots 393.257ms
[2024-04-05T14:01:19.407+0300][2075.176s][info][gc,marking  ] GC(246) Concurrent Preclean
[2024-04-05T14:01:19.408+0300][2075.178s][info][gc,marking  ] GC(246) Concurrent Preclean 1.543ms
[2024-04-05T14:01:19.409+0300][2075.178s][info][gc,start    ] GC(246) Pause Remark
[2024-04-05T14:01:19.471+0300][2075.240s][info][gc          ] GC(246) Pause Remark 671M->618M(1024M) 62.266ms
[2024-04-05T14:01:19.471+0300][2075.241s][info][gc,cpu      ] GC(246) User=0.25s Sys=0.00s Real=0.07s
[2024-04-05T14:01:19.471+0300][2075.241s][info][gc,marking  ] GC(246) Concurrent Mark 457.692ms
[2024-04-05T14:01:19.471+0300][2075.241s][info][gc,marking  ] GC(246) Concurrent Rebuild Remembered Sets
[2024-04-05T14:01:20.135+0300][2075.904s][info][gc,marking  ] GC(246) Concurrent Rebuild Remembered Sets 663.659ms
[2024-04-05T14:01:20.135+0300][2075.905s][info][gc,start    ] GC(246) Pause Cleanup
[2024-04-05T14:01:20.135+0300][2075.905s][info][gc          ] GC(246) Pause Cleanup 668M->668M(1024M) 0.390ms
[2024-04-05T14:01:20.135+0300][2075.905s][info][gc,cpu      ] GC(246) User=0.00s Sys=0.00s Real=0.00s
[2024-04-05T14:01:20.135+0300][2075.905s][info][gc,marking  ] GC(246) Concurrent Cleanup for Next Mark
[2024-04-05T14:01:20.137+0300][2075.906s][info][gc,marking  ] GC(246) Concurrent Cleanup for Next Mark 1.383ms
[2024-04-05T14:01:20.137+0300][2075.906s][info][gc          ] GC(246) Concurrent Mark Cycle 1127.637ms
[2024-04-05T14:02:10.986+0300][2126.755s][info][gc,start    ] GC(247) Pause Young (Prepare Mixed) (G1 Evacuation Pause)
[2024-04-05T14:02:10.986+0300][2126.755s][info][gc,task     ] GC(247) Using 6 workers of 6 for evacuation
[2024-04-05T14:02:10.999+0300][2126.768s][info][gc,phases   ] GC(247)   Pre Evacuate Collection Set: 0.2ms
[2024-04-05T14:02:10.999+0300][2126.768s][info][gc,phases   ] GC(247)   Merge Heap Roots: 0.3ms
[2024-04-05T14:02:10.999+0300][2126.768s][info][gc,phases   ] GC(247)   Evacuate Collection Set: 6.5ms
[2024-04-05T14:02:10.999+0300][2126.768s][info][gc,phases   ] GC(247)   Post Evacuate Collection Set: 5.6ms
[2024-04-05T14:02:10.999+0300][2126.768s][info][gc,phases   ] GC(247)   Other: 0.1ms
[2024-04-05T14:02:10.999+0300][2126.768s][info][gc,heap     ] GC(247) Eden regions: 150->0(45)
[2024-04-05T14:02:10.999+0300][2126.768s][info][gc,heap     ] GC(247) Survivor regions: 9->6(20)
[2024-04-05T14:02:10.999+0300][2126.768s][info][gc,heap     ] GC(247) Old regions: 520->520
[2024-04-05T14:02:10.999+0300][2126.768s][info][gc,heap     ] GC(247) Archive regions: 2->2
[2024-04-05T14:02:10.999+0300][2126.768s][info][gc,heap     ] GC(247) Humongous regions: 44->44
[2024-04-05T14:02:10.999+0300][2126.768s][info][gc,metaspace] GC(247) Metaspace: 439204K(449280K)->439204K(449280K) NonClass: 387172K(391232K)->387172K(391232K) Class: 52031K(58048K)->52031K(58048K)
[2024-04-05T14:02:10.999+0300][2126.768s][info][gc          ] GC(247) Pause Young (Prepare Mixed) (G1 Evacuation Pause) 723M->570M(1024M) 12.935ms
[2024-04-05T14:02:10.999+0300][2126.768s][info][gc,cpu      ] GC(247) User=0.03s Sys=0.00s Real=0.02s
[2024-04-05T14:02:11.615+0300][2127.384s][info][gc,start    ] GC(248) Pause Young (Mixed) (G1 Evacuation Pause)
[2024-04-05T14:02:11.615+0300][2127.384s][info][gc,task     ] GC(248) Using 6 workers of 6 for evacuation
[2024-04-05T14:02:11.630+0300][2127.399s][info][gc,phases   ] GC(248)   Pre Evacuate Collection Set: 0.2ms
[2024-04-05T14:02:11.630+0300][2127.399s][info][gc,phases   ] GC(248)   Merge Heap Roots: 0.3ms
[2024-04-05T14:02:11.630+0300][2127.399s][info][gc,phases   ] GC(248)   Evacuate Collection Set: 12.1ms
[2024-04-05T14:02:11.630+0300][2127.399s][info][gc,phases   ] GC(248)   Post Evacuate Collection Set: 2.6ms
[2024-04-05T14:02:11.630+0300][2127.399s][info][gc,phases   ] GC(248)   Other: 0.1ms
[2024-04-05T14:02:11.630+0300][2127.400s][info][gc,heap     ] GC(248) Eden regions: 45->0(189)
[2024-04-05T14:02:11.630+0300][2127.400s][info][gc,heap     ] GC(248) Survivor regions: 6->7(7)
[2024-04-05T14:02:11.630+0300][2127.400s][info][gc,heap     ] GC(248) Old regions: 520->514
[2024-04-05T14:02:11.630+0300][2127.400s][info][gc,heap     ] GC(248) Archive regions: 2->2
[2024-04-05T14:02:11.630+0300][2127.400s][info][gc,heap     ] GC(248) Humongous regions: 46->46
[2024-04-05T14:02:11.630+0300][2127.400s][info][gc,metaspace] GC(248) Metaspace: 439327K(449472K)->439327K(449472K) NonClass: 387289K(391424K)->387289K(391424K) Class: 52037K(58048K)->52037K(58048K)
[2024-04-05T14:02:11.630+0300][2127.400s][info][gc          ] GC(248) Pause Young (Mixed) (G1 Evacuation Pause) 617M->567M(1024M) 15.336ms
[2024-04-05T14:02:11.630+0300][2127.400s][info][gc,cpu      ] GC(248) User=0.07s Sys=0.00s Real=0.02s
[2024-04-05T14:02:37.952+0300][2153.721s][info][gc,start    ] GC(249) Pause Young (Concurrent Start) (G1 Humongous Allocation)
[2024-04-05T14:02:37.952+0300][2153.721s][info][gc,task     ] GC(249) Using 6 workers of 6 for evacuation
[2024-04-05T14:02:37.967+0300][2153.736s][info][gc,phases   ] GC(249)   Pre Evacuate Collection Set: 2.7ms
[2024-04-05T14:02:37.967+0300][2153.736s][info][gc,phases   ] GC(249)   Merge Heap Roots: 0.4ms
[2024-04-05T14:02:37.967+0300][2153.736s][info][gc,phases   ] GC(249)   Evacuate Collection Set: 7.9ms
[2024-04-05T14:02:37.967+0300][2153.736s][info][gc,phases   ] GC(249)   Post Evacuate Collection Set: 3.3ms
[2024-04-05T14:02:37.967+0300][2153.736s][info][gc,phases   ] GC(249)   Other: 0.4ms
[2024-04-05T14:02:37.967+0300][2153.736s][info][gc,heap     ] GC(249) Eden regions: 102->0(198)
[2024-04-05T14:02:37.967+0300][2153.736s][info][gc,heap     ] GC(249) Survivor regions: 7->4(25)
[2024-04-05T14:02:37.967+0300][2153.736s][info][gc,heap     ] GC(249) Old regions: 514->514
[2024-04-05T14:02:37.967+0300][2153.736s][info][gc,heap     ] GC(249) Archive regions: 2->2
[2024-04-05T14:02:37.967+0300][2153.736s][info][gc,heap     ] GC(249) Humongous regions: 46->46
[2024-04-05T14:02:37.967+0300][2153.736s][info][gc,metaspace] GC(249) Metaspace: 439415K(449536K)->439415K(449536K) NonClass: 387375K(391488K)->387375K(391488K) Class: 52039K(58048K)->52039K(58048K)
[2024-04-05T14:02:37.967+0300][2153.737s][info][gc          ] GC(249) Pause Young (Concurrent Start) (G1 Humongous Allocation) 669M->563M(1024M) 15.187ms
[2024-04-05T14:02:37.967+0300][2153.737s][info][gc,cpu      ] GC(249) User=0.04s Sys=0.00s Real=0.01s
[2024-04-05T14:02:37.967+0300][2153.737s][info][gc          ] GC(250) Concurrent Mark Cycle
[2024-04-05T14:02:37.967+0300][2153.737s][info][gc,marking  ] GC(250) Concurrent Clear Claimed Marks
[2024-04-05T14:02:37.968+0300][2153.738s][info][gc,marking  ] GC(250) Concurrent Clear Claimed Marks 1.336ms
[2024-04-05T14:02:37.968+0300][2153.738s][info][gc,marking  ] GC(250) Concurrent Scan Root Regions
[2024-04-05T14:02:37.977+0300][2153.747s][info][gc,marking  ] GC(250) Concurrent Scan Root Regions 8.645ms
[2024-04-05T14:02:37.977+0300][2153.747s][info][gc,marking  ] GC(250) Concurrent Mark
[2024-04-05T14:02:37.977+0300][2153.747s][info][gc,marking  ] GC(250) Concurrent Mark From Roots
[2024-04-05T14:02:37.977+0300][2153.747s][info][gc,task     ] GC(250) Using 2 workers of 2 for marking
[2024-04-05T14:02:38.716+0300][2154.486s][info][gc,marking  ] GC(250) Concurrent Mark From Roots 738.723ms
[2024-04-05T14:02:38.716+0300][2154.486s][info][gc,marking  ] GC(250) Concurrent Preclean
[2024-04-05T14:02:38.719+0300][2154.489s][info][gc,marking  ] GC(250) Concurrent Preclean 2.975ms
[2024-04-05T14:02:38.720+0300][2154.490s][info][gc,start    ] GC(250) Pause Remark
[2024-04-05T14:02:38.775+0300][2154.544s][info][gc          ] GC(250) Pause Remark 567M->548M(1024M) 54.401ms
[2024-04-05T14:02:38.775+0300][2154.544s][info][gc,cpu      ] GC(250) User=0.15s Sys=0.00s Real=0.05s
[2024-04-05T14:02:38.775+0300][2154.545s][info][gc,marking  ] GC(250) Concurrent Mark 797.733ms
[2024-04-05T14:02:38.775+0300][2154.545s][info][gc,marking  ] GC(250) Concurrent Rebuild Remembered Sets
[2024-04-05T14:02:39.629+0300][2155.398s][info][gc,marking  ] GC(250) Concurrent Rebuild Remembered Sets 853.706ms
[2024-04-05T14:02:39.629+0300][2155.399s][info][gc,start    ] GC(250) Pause Cleanup
[2024-04-05T14:02:39.630+0300][2155.400s][info][gc          ] GC(250) Pause Cleanup 548M->548M(1024M) 0.908ms
[2024-04-05T14:02:39.630+0300][2155.400s][info][gc,cpu      ] GC(250) User=0.00s Sys=0.00s Real=0.01s
[2024-04-05T14:02:39.630+0300][2155.400s][info][gc,marking  ] GC(250) Concurrent Cleanup for Next Mark
[2024-04-05T14:02:39.632+0300][2155.402s][info][gc,marking  ] GC(250) Concurrent Cleanup for Next Mark 2.084ms
[2024-04-05T14:02:39.632+0300][2155.402s][info][gc          ] GC(250) Concurrent Mark Cycle 1665.256ms
[2024-04-05T14:03:59.434+0300][2235.204s][info][gc,start    ] GC(251) Pause Young (Prepare Mixed) (G1 Evacuation Pause)
[2024-04-05T14:03:59.434+0300][2235.204s][info][gc,task     ] GC(251) Using 6 workers of 6 for evacuation
[2024-04-05T14:03:59.447+0300][2235.217s][info][gc,phases   ] GC(251)   Pre Evacuate Collection Set: 0.2ms
[2024-04-05T14:03:59.448+0300][2235.217s][info][gc,phases   ] GC(251)   Merge Heap Roots: 0.2ms
[2024-04-05T14:03:59.448+0300][2235.217s][info][gc,phases   ] GC(251)   Evacuate Collection Set: 9.9ms
[2024-04-05T14:03:59.448+0300][2235.217s][info][gc,phases   ] GC(251)   Post Evacuate Collection Set: 2.6ms
[2024-04-05T14:03:59.448+0300][2235.217s][info][gc,phases   ] GC(251)   Other: 0.2ms
[2024-04-05T14:03:59.448+0300][2235.217s][info][gc,heap     ] GC(251) Eden regions: 198->0(35)
[2024-04-05T14:03:59.448+0300][2235.217s][info][gc,heap     ] GC(251) Survivor regions: 4->16(26)
[2024-04-05T14:03:59.448+0300][2235.217s][info][gc,heap     ] GC(251) Old regions: 514->514
[2024-04-05T14:03:59.448+0300][2235.217s][info][gc,heap     ] GC(251) Archive regions: 2->2
[2024-04-05T14:03:59.448+0300][2235.217s][info][gc,heap     ] GC(251) Humongous regions: 36->36
[2024-04-05T14:03:59.448+0300][2235.217s][info][gc,metaspace] GC(251) Metaspace: 440711K(450752K)->440711K(450752K) NonClass: 388551K(392704K)->388551K(392704K) Class: 52159K(58048K)->52159K(58048K)
[2024-04-05T14:03:59.448+0300][2235.217s][info][gc          ] GC(251) Pause Young (Prepare Mixed) (G1 Evacuation Pause) 751M->566M(1024M) 13.271ms
[2024-04-05T14:03:59.448+0300][2235.217s][info][gc,cpu      ] GC(251) User=0.04s Sys=0.00s Real=0.01s
[2024-04-05T14:03:59.555+0300][2235.325s][info][gc,start    ] GC(252) Pause Young (Mixed) (G1 Evacuation Pause)
[2024-04-05T14:03:59.555+0300][2235.325s][info][gc,task     ] GC(252) Using 6 workers of 6 for evacuation
[2024-04-05T14:03:59.570+0300][2235.340s][info][gc,phases   ] GC(252)   Pre Evacuate Collection Set: 0.1ms
[2024-04-05T14:03:59.570+0300][2235.340s][info][gc,phases   ] GC(252)   Merge Heap Roots: 0.3ms
[2024-04-05T14:03:59.570+0300][2235.340s][info][gc,phases   ] GC(252)   Evacuate Collection Set: 12.6ms
[2024-04-05T14:03:59.570+0300][2235.340s][info][gc,phases   ] GC(252)   Post Evacuate Collection Set: 1.6ms
[2024-04-05T14:03:59.570+0300][2235.340s][info][gc,phases   ] GC(252)   Other: 0.1ms
[2024-04-05T14:03:59.570+0300][2235.340s][info][gc,heap     ] GC(252) Eden regions: 35->0(206)
[2024-04-05T14:03:59.570+0300][2235.340s][info][gc,heap     ] GC(252) Survivor regions: 16->1(7)
[2024-04-05T14:03:59.570+0300][2235.340s][info][gc,heap     ] GC(252) Old regions: 514->518
[2024-04-05T14:03:59.570+0300][2235.340s][info][gc,heap     ] GC(252) Archive regions: 2->2
[2024-04-05T14:03:59.570+0300][2235.340s][info][gc,heap     ] GC(252) Humongous regions: 36->36
[2024-04-05T14:03:59.570+0300][2235.340s][info][gc,metaspace] GC(252) Metaspace: 440721K(450752K)->440721K(450752K) NonClass: 388561K(392704K)->388561K(392704K) Class: 52159K(58048K)->52159K(58048K)
[2024-04-05T14:03:59.570+0300][2235.340s][info][gc          ] GC(252) Pause Young (Mixed) (G1 Evacuation Pause) 601M->555M(1024M) 14.895ms
[2024-04-05T14:03:59.570+0300][2235.340s][info][gc,cpu      ] GC(252) User=0.07s Sys=0.00s Real=0.02s
[2024-04-05T14:04:03.489+0300][2239.259s][info][gc,start    ] GC(253) Pause Young (Concurrent Start) (G1 Humongous Allocation)
[2024-04-05T14:04:03.489+0300][2239.259s][info][gc,task     ] GC(253) Using 6 workers of 6 for evacuation
[2024-04-05T14:04:03.504+0300][2239.273s][info][gc,phases   ] GC(253)   Pre Evacuate Collection Set: 1.7ms
[2024-04-05T14:04:03.504+0300][2239.273s][info][gc,phases   ] GC(253)   Merge Heap Roots: 0.2ms
[2024-04-05T14:04:03.504+0300][2239.273s][info][gc,phases   ] GC(253)   Evacuate Collection Set: 11.1ms
[2024-04-05T14:04:03.504+0300][2239.273s][info][gc,phases   ] GC(253)   Post Evacuate Collection Set: 1.5ms
[2024-04-05T14:04:03.504+0300][2239.273s][info][gc,phases   ] GC(253)   Other: 0.3ms
[2024-04-05T14:04:03.504+0300][2239.273s][info][gc,heap     ] GC(253) Eden regions: 125->0(215)
[2024-04-05T14:04:03.504+0300][2239.273s][info][gc,heap     ] GC(253) Survivor regions: 1->2(26)
[2024-04-05T14:04:03.504+0300][2239.273s][info][gc,heap     ] GC(253) Old regions: 518->518
[2024-04-05T14:04:03.504+0300][2239.273s][info][gc,heap     ] GC(253) Archive regions: 2->2
[2024-04-05T14:04:03.504+0300][2239.273s][info][gc,heap     ] GC(253) Humongous regions: 36->36
[2024-04-05T14:04:03.504+0300][2239.274s][info][gc,metaspace] GC(253) Metaspace: 440761K(450752K)->440761K(450752K) NonClass: 388598K(392704K)->388598K(392704K) Class: 52162K(58048K)->52162K(58048K)
[2024-04-05T14:04:03.504+0300][2239.274s][info][gc          ] GC(253) Pause Young (Concurrent Start) (G1 Humongous Allocation) 679M->555M(1024M) 15.063ms
[2024-04-05T14:04:03.504+0300][2239.274s][info][gc,cpu      ] GC(253) User=0.03s Sys=0.00s Real=0.02s
[2024-04-05T14:04:03.504+0300][2239.274s][info][gc          ] GC(254) Concurrent Mark Cycle
[2024-04-05T14:04:03.504+0300][2239.274s][info][gc,marking  ] GC(254) Concurrent Clear Claimed Marks
[2024-04-05T14:04:03.506+0300][2239.275s][info][gc,marking  ] GC(254) Concurrent Clear Claimed Marks 1.422ms
[2024-04-05T14:04:03.506+0300][2239.275s][info][gc,marking  ] GC(254) Concurrent Scan Root Regions
[2024-04-05T14:04:03.508+0300][2239.278s][info][gc,marking  ] GC(254) Concurrent Scan Root Regions 2.701ms
[2024-04-05T14:04:03.508+0300][2239.278s][info][gc,marking  ] GC(254) Concurrent Mark
[2024-04-05T14:04:03.509+0300][2239.278s][info][gc,marking  ] GC(254) Concurrent Mark From Roots
[2024-04-05T14:04:03.509+0300][2239.278s][info][gc,task     ] GC(254) Using 2 workers of 2 for marking
[2024-04-05T14:04:03.899+0300][2239.669s][info][gc,marking  ] GC(254) Concurrent Mark From Roots 390.585ms
[2024-04-05T14:04:03.899+0300][2239.669s][info][gc,marking  ] GC(254) Concurrent Preclean
[2024-04-05T14:04:03.901+0300][2239.670s][info][gc,marking  ] GC(254) Concurrent Preclean 1.526ms
[2024-04-05T14:04:03.901+0300][2239.671s][info][gc,start    ] GC(254) Pause Remark
[2024-04-05T14:04:03.971+0300][2239.740s][info][gc          ] GC(254) Pause Remark 572M->563M(1024M) 69.735ms
[2024-04-05T14:04:03.971+0300][2239.740s][info][gc,cpu      ] GC(254) User=0.26s Sys=0.00s Real=0.07s
[2024-04-05T14:04:03.971+0300][2239.741s][info][gc,marking  ] GC(254) Concurrent Mark 462.634ms
[2024-04-05T14:04:03.971+0300][2239.741s][info][gc,marking  ] GC(254) Concurrent Rebuild Remembered Sets
[2024-04-05T14:04:04.490+0300][2240.260s][info][gc,marking  ] GC(254) Concurrent Rebuild Remembered Sets 519.297ms
[2024-04-05T14:04:04.491+0300][2240.260s][info][gc,start    ] GC(254) Pause Cleanup
[2024-04-05T14:04:04.491+0300][2240.261s][info][gc          ] GC(254) Pause Cleanup 563M->563M(1024M) 0.385ms
[2024-04-05T14:04:04.491+0300][2240.261s][info][gc,cpu      ] GC(254) User=0.00s Sys=0.00s Real=0.00s
[2024-04-05T14:04:04.491+0300][2240.261s][info][gc,marking  ] GC(254) Concurrent Cleanup for Next Mark
[2024-04-05T14:04:04.493+0300][2240.262s][info][gc,marking  ] GC(254) Concurrent Cleanup for Next Mark 1.333ms
[2024-04-05T14:04:04.493+0300][2240.262s][info][gc          ] GC(254) Concurrent Mark Cycle 988.532ms
[2024-04-05T14:05:16.517+0300][2312.287s][info][gc,start    ] GC(255) Pause Young (Prepare Mixed) (G1 Evacuation Pause)
[2024-04-05T14:05:16.517+0300][2312.287s][info][gc,task     ] GC(255) Using 6 workers of 6 for evacuation
[2024-04-05T14:05:16.532+0300][2312.302s][info][gc,phases   ] GC(255)   Pre Evacuate Collection Set: 0.3ms
[2024-04-05T14:05:16.532+0300][2312.302s][info][gc,phases   ] GC(255)   Merge Heap Roots: 0.5ms
[2024-04-05T14:05:16.532+0300][2312.302s][info][gc,phases   ] GC(255)   Evacuate Collection Set: 6.9ms
[2024-04-05T14:05:16.532+0300][2312.302s][info][gc,phases   ] GC(255)   Post Evacuate Collection Set: 7.3ms
[2024-04-05T14:05:16.532+0300][2312.302s][info][gc,phases   ] GC(255)   Other: 0.1ms
[2024-04-05T14:05:16.532+0300][2312.302s][info][gc,heap     ] GC(255) Eden regions: 215->0(37)
[2024-04-05T14:05:16.532+0300][2312.302s][info][gc,heap     ] GC(255) Survivor regions: 2->14(28)
[2024-04-05T14:05:16.532+0300][2312.302s][info][gc,heap     ] GC(255) Old regions: 518->518
[2024-04-05T14:05:16.532+0300][2312.302s][info][gc,heap     ] GC(255) Archive regions: 2->2
[2024-04-05T14:05:16.532+0300][2312.302s][info][gc,heap     ] GC(255) Humongous regions: 33->33
[2024-04-05T14:05:16.532+0300][2312.302s][info][gc,metaspace] GC(255) Metaspace: 440962K(451008K)->440962K(451008K) NonClass: 388786K(392960K)->388786K(392960K) Class: 52175K(58048K)->52175K(58048K)
[2024-04-05T14:05:16.533+0300][2312.302s][info][gc          ] GC(255) Pause Young (Prepare Mixed) (G1 Evacuation Pause) 767M->564M(1024M) 15.238ms
[2024-04-05T14:05:16.533+0300][2312.302s][info][gc,cpu      ] GC(255) User=0.05s Sys=0.00s Real=0.02s
[2024-04-05T14:05:16.703+0300][2312.473s][info][gc,start    ] GC(256) Pause Young (Mixed) (G1 Evacuation Pause)
[2024-04-05T14:05:16.703+0300][2312.473s][info][gc,task     ] GC(256) Using 6 workers of 6 for evacuation
[2024-04-05T14:05:16.715+0300][2312.484s][info][gc,phases   ] GC(256)   Pre Evacuate Collection Set: 0.1ms
[2024-04-05T14:05:16.715+0300][2312.484s][info][gc,phases   ] GC(256)   Merge Heap Roots: 0.2ms
[2024-04-05T14:05:16.715+0300][2312.484s][info][gc,phases   ] GC(256)   Evacuate Collection Set: 9.3ms
[2024-04-05T14:05:16.715+0300][2312.484s][info][gc,phases   ] GC(256)   Post Evacuate Collection Set: 1.5ms
[2024-04-05T14:05:16.715+0300][2312.484s][info][gc,phases   ] GC(256)   Other: 0.2ms
[2024-04-05T14:05:16.715+0300][2312.484s][info][gc,heap     ] GC(256) Eden regions: 37->0(217)
[2024-04-05T14:05:16.715+0300][2312.484s][info][gc,heap     ] GC(256) Survivor regions: 14->1(7)
[2024-04-05T14:05:16.715+0300][2312.484s][info][gc,heap     ] GC(256) Old regions: 518->518
[2024-04-05T14:05:16.715+0300][2312.484s][info][gc,heap     ] GC(256) Archive regions: 2->2
[2024-04-05T14:05:16.715+0300][2312.484s][info][gc,heap     ] GC(256) Humongous regions: 34->34
[2024-04-05T14:05:16.715+0300][2312.484s][info][gc,metaspace] GC(256) Metaspace: 440990K(451072K)->440990K(451072K) NonClass: 388813K(393024K)->388813K(393024K) Class: 52176K(58048K)->52176K(58048K)
[2024-04-05T14:05:16.715+0300][2312.484s][info][gc          ] GC(256) Pause Young (Mixed) (G1 Evacuation Pause) 602M->552M(1024M) 11.591ms
[2024-04-05T14:05:16.715+0300][2312.484s][info][gc,cpu      ] GC(256) User=0.05s Sys=0.00s Real=0.01s
[2024-04-05T14:05:37.951+0300][2333.720s][info][gc,start    ] GC(257) Pause Young (Concurrent Start) (G1 Humongous Allocation)
[2024-04-05T14:05:37.951+0300][2333.720s][info][gc,task     ] GC(257) Using 6 workers of 6 for evacuation
[2024-04-05T14:05:37.967+0300][2333.737s][info][gc,phases   ] GC(257)   Pre Evacuate Collection Set: 2.1ms
[2024-04-05T14:05:37.967+0300][2333.737s][info][gc,phases   ] GC(257)   Merge Heap Roots: 0.3ms
[2024-04-05T14:05:37.967+0300][2333.737s][info][gc,phases   ] GC(257)   Evacuate Collection Set: 7.6ms
[2024-04-05T14:05:37.967+0300][2333.737s][info][gc,phases   ] GC(257)   Post Evacuate Collection Set: 6.0ms
[2024-04-05T14:05:37.967+0300][2333.737s][info][gc,phases   ] GC(257)   Other: 0.1ms
[2024-04-05T14:05:37.967+0300][2333.737s][info][gc,heap     ] GC(257) Eden regions: 11->0(223)
[2024-04-05T14:05:37.967+0300][2333.737s][info][gc,heap     ] GC(257) Survivor regions: 1->1(28)
[2024-04-05T14:05:37.967+0300][2333.737s][info][gc,heap     ] GC(257) Old regions: 518->518
[2024-04-05T14:05:37.967+0300][2333.737s][info][gc,heap     ] GC(257) Archive regions: 2->2
[2024-04-05T14:05:37.967+0300][2333.737s][info][gc,heap     ] GC(257) Humongous regions: 34->34
[2024-04-05T14:05:37.967+0300][2333.737s][info][gc,metaspace] GC(257) Metaspace: 441009K(451072K)->441009K(451072K) NonClass: 388832K(393024K)->388832K(393024K) Class: 52176K(58048K)->52176K(58048K)
[2024-04-05T14:05:37.967+0300][2333.737s][info][gc          ] GC(257) Pause Young (Concurrent Start) (G1 Humongous Allocation) 562M->552M(1024M) 16.471ms
[2024-04-05T14:05:37.967+0300][2333.737s][info][gc,cpu      ] GC(257) User=0.04s Sys=0.00s Real=0.01s
[2024-04-05T14:05:37.967+0300][2333.737s][info][gc          ] GC(258) Concurrent Mark Cycle
[2024-04-05T14:05:37.967+0300][2333.737s][info][gc,marking  ] GC(258) Concurrent Clear Claimed Marks
[2024-04-05T14:05:37.969+0300][2333.738s][info][gc,marking  ] GC(258) Concurrent Clear Claimed Marks 1.471ms
[2024-04-05T14:05:37.969+0300][2333.738s][info][gc,marking  ] GC(258) Concurrent Scan Root Regions
[2024-04-05T14:05:37.977+0300][2333.747s][info][gc,marking  ] GC(258) Concurrent Scan Root Regions 8.580ms
[2024-04-05T14:05:37.978+0300][2333.747s][info][gc,marking  ] GC(258) Concurrent Mark
[2024-04-05T14:05:37.978+0300][2333.747s][info][gc,marking  ] GC(258) Concurrent Mark From Roots
[2024-04-05T14:05:37.978+0300][2333.747s][info][gc,task     ] GC(258) Using 2 workers of 2 for marking
[2024-04-05T14:05:38.677+0300][2334.446s][info][gc,marking  ] GC(258) Concurrent Mark From Roots 699.026ms
[2024-04-05T14:05:38.677+0300][2334.446s][info][gc,marking  ] GC(258) Concurrent Preclean
[2024-04-05T14:05:38.679+0300][2334.449s][info][gc,marking  ] GC(258) Concurrent Preclean 2.612ms
[2024-04-05T14:05:38.680+0300][2334.449s][info][gc,start    ] GC(258) Pause Remark
[2024-04-05T14:05:38.762+0300][2334.532s][info][gc          ] GC(258) Pause Remark 556M->549M(1024M) 82.645ms
[2024-04-05T14:05:38.762+0300][2334.532s][info][gc,cpu      ] GC(258) User=0.31s Sys=0.02s Real=0.08s
[2024-04-05T14:05:38.763+0300][2334.532s][info][gc,marking  ] GC(258) Concurrent Mark 785.038ms
[2024-04-05T14:05:38.763+0300][2334.532s][info][gc,marking  ] GC(258) Concurrent Rebuild Remembered Sets
[2024-04-05T14:05:39.731+0300][2335.501s][info][gc,marking  ] GC(258) Concurrent Rebuild Remembered Sets 968.783ms
[2024-04-05T14:05:39.732+0300][2335.501s][info][gc,start    ] GC(258) Pause Cleanup
[2024-04-05T14:05:39.733+0300][2335.502s][info][gc          ] GC(258) Pause Cleanup 549M->549M(1024M) 0.850ms
[2024-04-05T14:05:39.733+0300][2335.502s][info][gc,cpu      ] GC(258) User=0.00s Sys=0.00s Real=0.00s
[2024-04-05T14:05:39.733+0300][2335.502s][info][gc,marking  ] GC(258) Concurrent Cleanup for Next Mark
[2024-04-05T14:05:39.734+0300][2335.504s][info][gc,marking  ] GC(258) Concurrent Cleanup for Next Mark 1.588ms
[2024-04-05T14:05:39.734+0300][2335.504s][info][gc          ] GC(258) Concurrent Mark Cycle 1767.224ms
[2024-04-05T14:06:52.945+0300][2408.715s][info][gc,start    ] GC(259) Pause Young (Prepare Mixed) (G1 Evacuation Pause)
[2024-04-05T14:06:52.945+0300][2408.715s][info][gc,task     ] GC(259) Using 6 workers of 6 for evacuation
[2024-04-05T14:06:52.959+0300][2408.729s][info][gc,phases   ] GC(259)   Pre Evacuate Collection Set: 0.2ms
[2024-04-05T14:06:52.959+0300][2408.729s][info][gc,phases   ] GC(259)   Merge Heap Roots: 0.4ms
[2024-04-05T14:06:52.959+0300][2408.729s][info][gc,phases   ] GC(259)   Evacuate Collection Set: 8.0ms
[2024-04-05T14:06:52.959+0300][2408.729s][info][gc,phases   ] GC(259)   Post Evacuate Collection Set: 5.2ms
[2024-04-05T14:06:52.959+0300][2408.729s][info][gc,phases   ] GC(259)   Other: 0.1ms
[2024-04-05T14:06:52.959+0300][2408.729s][info][gc,heap     ] GC(259) Eden regions: 223->0(37)
[2024-04-05T14:06:52.959+0300][2408.729s][info][gc,heap     ] GC(259) Survivor regions: 1->14(28)
[2024-04-05T14:06:52.959+0300][2408.729s][info][gc,heap     ] GC(259) Old regions: 518->518
[2024-04-05T14:06:52.959+0300][2408.729s][info][gc,heap     ] GC(259) Archive regions: 2->2
[2024-04-05T14:06:52.959+0300][2408.729s][info][gc,heap     ] GC(259) Humongous regions: 37->36
[2024-04-05T14:06:52.959+0300][2408.729s][info][gc,metaspace] GC(259) Metaspace: 441874K(451840K)->441874K(451840K) NonClass: 389635K(393792K)->389635K(393792K) Class: 52239K(58048K)->52239K(58048K)
[2024-04-05T14:06:52.959+0300][2408.729s][info][gc          ] GC(259) Pause Young (Prepare Mixed) (G1 Evacuation Pause) 778M->567M(1024M) 14.070ms
[2024-04-05T14:06:52.959+0300][2408.729s][info][gc,cpu      ] GC(259) User=0.05s Sys=0.00s Real=0.02s
[2024-04-05T14:07:00.647+0300][2416.416s][info][gc,start    ] GC(260) Pause Young (Mixed) (G1 Evacuation Pause)
[2024-04-05T14:07:00.647+0300][2416.416s][info][gc,task     ] GC(260) Using 6 workers of 6 for evacuation
[2024-04-05T14:07:00.660+0300][2416.430s][info][gc,phases   ] GC(260)   Pre Evacuate Collection Set: 0.2ms
[2024-04-05T14:07:00.660+0300][2416.430s][info][gc,phases   ] GC(260)   Merge Heap Roots: 0.2ms
[2024-04-05T14:07:00.660+0300][2416.430s][info][gc,phases   ] GC(260)   Evacuate Collection Set: 9.6ms
[2024-04-05T14:07:00.660+0300][2416.430s][info][gc,phases   ] GC(260)   Post Evacuate Collection Set: 3.5ms
[2024-04-05T14:07:00.660+0300][2416.430s][info][gc,phases   ] GC(260)   Other: 0.1ms
[2024-04-05T14:07:00.660+0300][2416.430s][info][gc,heap     ] GC(260) Eden regions: 37->0(218)
[2024-04-05T14:07:00.660+0300][2416.430s][info][gc,heap     ] GC(260) Survivor regions: 14->1(7)
[2024-04-05T14:07:00.660+0300][2416.430s][info][gc,heap     ] GC(260) Old regions: 518->519
[2024-04-05T14:07:00.660+0300][2416.430s][info][gc,heap     ] GC(260) Archive regions: 2->2
[2024-04-05T14:07:00.660+0300][2416.430s][info][gc,heap     ] GC(260) Humongous regions: 36->36
[2024-04-05T14:07:00.660+0300][2416.430s][info][gc,metaspace] GC(260) Metaspace: 441917K(451840K)->441917K(451840K) NonClass: 389678K(393792K)->389678K(393792K) Class: 52239K(58048K)->52239K(58048K)
[2024-04-05T14:07:00.660+0300][2416.430s][info][gc          ] GC(260) Pause Young (Mixed) (G1 Evacuation Pause) 604M->555M(1024M) 13.762ms
[2024-04-05T14:07:00.660+0300][2416.430s][info][gc,cpu      ] GC(260) User=0.06s Sys=0.00s Real=0.02s
[2024-04-05T14:07:07.954+0300][2423.724s][info][gc,start    ] GC(261) Pause Young (Concurrent Start) (G1 Humongous Allocation)
[2024-04-05T14:07:07.955+0300][2423.724s][info][gc,task     ] GC(261) Using 6 workers of 6 for evacuation
[2024-04-05T14:07:07.970+0300][2423.739s][info][gc,phases   ] GC(261)   Pre Evacuate Collection Set: 2.2ms
[2024-04-05T14:07:07.970+0300][2423.740s][info][gc,phases   ] GC(261)   Merge Heap Roots: 0.4ms
[2024-04-05T14:07:07.970+0300][2423.740s][info][gc,phases   ] GC(261)   Evacuate Collection Set: 7.7ms
[2024-04-05T14:07:07.970+0300][2423.740s][info][gc,phases   ] GC(261)   Post Evacuate Collection Set: 4.1ms
[2024-04-05T14:07:07.970+0300][2423.740s][info][gc,phases   ] GC(261)   Other: 0.9ms
[2024-04-05T14:07:07.970+0300][2423.740s][info][gc,heap     ] GC(261) Eden regions: 52->0(225)
[2024-04-05T14:07:07.970+0300][2423.740s][info][gc,heap     ] GC(261) Survivor regions: 1->2(28)
[2024-04-05T14:07:07.970+0300][2423.740s][info][gc,heap     ] GC(261) Old regions: 519->519
[2024-04-05T14:07:07.970+0300][2423.740s][info][gc,heap     ] GC(261) Archive regions: 2->2
[2024-04-05T14:07:07.970+0300][2423.740s][info][gc,heap     ] GC(261) Humongous regions: 36->36
[2024-04-05T14:07:07.970+0300][2423.740s][info][gc,metaspace] GC(261) Metaspace: 441964K(451904K)->441964K(451904K) NonClass: 389720K(393856K)->389720K(393856K) Class: 52243K(58048K)->52243K(58048K)
[2024-04-05T14:07:07.970+0300][2423.740s][info][gc          ] GC(261) Pause Young (Concurrent Start) (G1 Humongous Allocation) 607M->556M(1024M) 15.648ms
[2024-04-05T14:07:07.970+0300][2423.740s][info][gc          ] GC(262) Concurrent Mark Cycle
[2024-04-05T14:07:07.970+0300][2423.740s][info][gc,marking  ] GC(262) Concurrent Clear Claimed Marks
[2024-04-05T14:07:07.972+0300][2423.741s][info][gc,marking  ] GC(262) Concurrent Clear Claimed Marks 1.455ms
[2024-04-05T14:07:07.972+0300][2423.741s][info][gc,marking  ] GC(262) Concurrent Scan Root Regions
[2024-04-05T14:07:07.973+0300][2423.743s][info][gc,cpu      ] GC(261) User=0.04s Sys=0.01s Real=0.02s
[2024-04-05T14:07:07.978+0300][2423.747s][info][gc,marking  ] GC(262) Concurrent Scan Root Regions 5.859ms
[2024-04-05T14:07:07.978+0300][2423.747s][info][gc,marking  ] GC(262) Concurrent Mark
[2024-04-05T14:07:07.978+0300][2423.747s][info][gc,marking  ] GC(262) Concurrent Mark From Roots
[2024-04-05T14:07:07.978+0300][2423.747s][info][gc,task     ] GC(262) Using 2 workers of 2 for marking
[2024-04-05T14:07:08.656+0300][2424.426s][info][gc,marking  ] GC(262) Concurrent Mark From Roots 678.426ms
[2024-04-05T14:07:08.656+0300][2424.426s][info][gc,marking  ] GC(262) Concurrent Preclean
[2024-04-05T14:07:08.659+0300][2424.428s][info][gc,marking  ] GC(262) Concurrent Preclean 2.664ms
[2024-04-05T14:07:08.659+0300][2424.429s][info][gc,start    ] GC(262) Pause Remark
[2024-04-05T14:07:08.747+0300][2424.516s][info][gc          ] GC(262) Pause Remark 558M->549M(1024M) 87.270ms
[2024-04-05T14:07:08.747+0300][2424.516s][info][gc,cpu      ] GC(262) User=0.36s Sys=0.00s Real=0.08s
[2024-04-05T14:07:08.747+0300][2424.517s][info][gc,marking  ] GC(262) Concurrent Mark 769.261ms
[2024-04-05T14:07:08.747+0300][2424.517s][info][gc,marking  ] GC(262) Concurrent Rebuild Remembered Sets
[2024-04-05T14:07:09.701+0300][2425.470s][info][gc,marking  ] GC(262) Concurrent Rebuild Remembered Sets 953.666ms
[2024-04-05T14:07:09.701+0300][2425.471s][info][gc,start    ] GC(262) Pause Cleanup
[2024-04-05T14:07:09.702+0300][2425.472s][info][gc          ] GC(262) Pause Cleanup 550M->550M(1024M) 1.141ms
[2024-04-05T14:07:09.702+0300][2425.472s][info][gc,cpu      ] GC(262) User=0.00s Sys=0.00s Real=0.00s
[2024-04-05T14:07:09.702+0300][2425.472s][info][gc,marking  ] GC(262) Concurrent Cleanup for Next Mark
[2024-04-05T14:07:09.704+0300][2425.474s][info][gc,marking  ] GC(262) Concurrent Cleanup for Next Mark 1.868ms
[2024-04-05T14:07:09.704+0300][2425.474s][info][gc          ] GC(262) Concurrent Mark Cycle 1734.085ms
[2024-04-05T14:08:58.548+0300][2534.318s][info][gc,start    ] GC(263) Pause Young (Prepare Mixed) (G1 Evacuation Pause)
[2024-04-05T14:08:58.549+0300][2534.318s][info][gc,task     ] GC(263) Using 6 workers of 6 for evacuation
[2024-04-05T14:08:58.576+0300][2534.346s][info][gc,phases   ] GC(263)   Pre Evacuate Collection Set: 1.6ms
[2024-04-05T14:08:58.576+0300][2534.346s][info][gc,phases   ] GC(263)   Merge Heap Roots: 0.5ms
[2024-04-05T14:08:58.576+0300][2534.346s][info][gc,phases   ] GC(263)   Evacuate Collection Set: 20.3ms
[2024-04-05T14:08:58.576+0300][2534.346s][info][gc,phases   ] GC(263)   Post Evacuate Collection Set: 4.8ms
[2024-04-05T14:08:58.576+0300][2534.346s][info][gc,phases   ] GC(263)   Other: 0.2ms
[2024-04-05T14:08:58.576+0300][2534.346s][info][gc,heap     ] GC(263) Eden regions: 225->0(35)
[2024-04-05T14:08:58.576+0300][2534.346s][info][gc,heap     ] GC(263) Survivor regions: 2->16(29)
[2024-04-05T14:08:58.576+0300][2534.346s][info][gc,heap     ] GC(263) Old regions: 519->519
[2024-04-05T14:08:58.576+0300][2534.346s][info][gc,heap     ] GC(263) Archive regions: 2->2
[2024-04-05T14:08:58.576+0300][2534.346s][info][gc,heap     ] GC(263) Humongous regions: 33->33
[2024-04-05T14:08:58.576+0300][2534.346s][info][gc,metaspace] GC(263) Metaspace: 442728K(452544K)->442728K(452544K) NonClass: 390438K(394496K)->390438K(394496K) Class: 52290K(58048K)->52290K(58048K)
[2024-04-05T14:08:58.576+0300][2534.346s][info][gc          ] GC(263) Pause Young (Prepare Mixed) (G1 Evacuation Pause) 778M->567M(1024M) 27.752ms
[2024-04-05T14:08:58.576+0300][2534.346s][info][gc,cpu      ] GC(263) User=0.08s Sys=0.01s Real=0.03s
[2024-04-05T14:09:09.540+0300][2545.310s][info][gc,start    ] GC(264) Pause Young (Mixed) (G1 Evacuation Pause)
[2024-04-05T14:09:09.540+0300][2545.310s][info][gc,task     ] GC(264) Using 6 workers of 6 for evacuation
[2024-04-05T14:09:09.566+0300][2545.336s][info][gc,phases   ] GC(264)   Pre Evacuate Collection Set: 1.3ms
[2024-04-05T14:09:09.566+0300][2545.336s][info][gc,phases   ] GC(264)   Merge Heap Roots: 1.0ms
[2024-04-05T14:09:09.566+0300][2545.336s][info][gc,phases   ] GC(264)   Evacuate Collection Set: 17.7ms
[2024-04-05T14:09:09.566+0300][2545.336s][info][gc,phases   ] GC(264)   Post Evacuate Collection Set: 5.3ms
[2024-04-05T14:09:09.566+0300][2545.336s][info][gc,phases   ] GC(264)   Other: 0.2ms
[2024-04-05T14:09:09.566+0300][2545.336s][info][gc,heap     ] GC(264) Eden regions: 35->0(231)
[2024-04-05T14:09:09.566+0300][2545.336s][info][gc,heap     ] GC(264) Survivor regions: 16->2(7)
[2024-04-05T14:09:09.566+0300][2545.336s][info][gc,heap     ] GC(264) Old regions: 519->509
[2024-04-05T14:09:09.566+0300][2545.336s][info][gc,heap     ] GC(264) Archive regions: 2->2
[2024-04-05T14:09:09.566+0300][2545.336s][info][gc,heap     ] GC(264) Humongous regions: 34->34
[2024-04-05T14:09:09.566+0300][2545.336s][info][gc,metaspace] GC(264) Metaspace: 442840K(452672K)->442840K(452672K) NonClass: 390548K(394624K)->390548K(394624K) Class: 52291K(58048K)->52291K(58048K)
[2024-04-05T14:09:09.566+0300][2545.336s][info][gc          ] GC(264) Pause Young (Mixed) (G1 Evacuation Pause) 603M->545M(1024M) 25.961ms
[2024-04-05T14:09:09.566+0300][2545.336s][info][gc,cpu      ] GC(264) User=0.09s Sys=0.01s Real=0.02s
[2024-04-05T14:09:37.957+0300][2573.727s][info][gc,start    ] GC(265) Pause Young (Concurrent Start) (G1 Humongous Allocation)
[2024-04-05T14:09:37.957+0300][2573.727s][info][gc,task     ] GC(265) Using 6 workers of 6 for evacuation
[2024-04-05T14:09:37.970+0300][2573.740s][info][gc,phases   ] GC(265)   Pre Evacuate Collection Set: 2.0ms
[2024-04-05T14:09:37.970+0300][2573.740s][info][gc,phases   ] GC(265)   Merge Heap Roots: 0.3ms
[2024-04-05T14:09:37.970+0300][2573.740s][info][gc,phases   ] GC(265)   Evacuate Collection Set: 7.1ms
[2024-04-05T14:09:37.970+0300][2573.740s][info][gc,phases   ] GC(265)   Post Evacuate Collection Set: 3.1ms
[2024-04-05T14:09:37.970+0300][2573.740s][info][gc,phases   ] GC(265)   Other: 0.4ms
[2024-04-05T14:09:37.970+0300][2573.740s][info][gc,heap     ] GC(265) Eden regions: 22->0(238)
[2024-04-05T14:09:37.970+0300][2573.740s][info][gc,heap     ] GC(265) Survivor regions: 2->2(30)
[2024-04-05T14:09:37.970+0300][2573.740s][info][gc,heap     ] GC(265) Old regions: 509->509
[2024-04-05T14:09:37.970+0300][2573.740s][info][gc,heap     ] GC(265) Archive regions: 2->2
[2024-04-05T14:09:37.970+0300][2573.740s][info][gc,heap     ] GC(265) Humongous regions: 34->34
[2024-04-05T14:09:37.970+0300][2573.740s][info][gc,metaspace] GC(265) Metaspace: 442881K(452672K)->442881K(452672K) NonClass: 390589K(394624K)->390589K(394624K) Class: 52291K(58048K)->52291K(58048K)
[2024-04-05T14:09:37.970+0300][2573.740s][info][gc          ] GC(265) Pause Young (Concurrent Start) (G1 Humongous Allocation) 566M->544M(1024M) 13.296ms
[2024-04-05T14:09:37.971+0300][2573.740s][info][gc,cpu      ] GC(265) User=0.03s Sys=0.01s Real=0.02s
[2024-04-05T14:09:37.971+0300][2573.740s][info][gc          ] GC(266) Concurrent Mark Cycle
[2024-04-05T14:09:37.971+0300][2573.740s][info][gc,marking  ] GC(266) Concurrent Clear Claimed Marks
[2024-04-05T14:09:37.972+0300][2573.742s][info][gc,marking  ] GC(266) Concurrent Clear Claimed Marks 1.780ms
[2024-04-05T14:09:37.973+0300][2573.742s][info][gc,marking  ] GC(266) Concurrent Scan Root Regions
[2024-04-05T14:09:37.980+0300][2573.750s][info][gc,marking  ] GC(266) Concurrent Scan Root Regions 7.515ms
[2024-04-05T14:09:37.980+0300][2573.750s][info][gc,marking  ] GC(266) Concurrent Mark
[2024-04-05T14:09:37.980+0300][2573.750s][info][gc,marking  ] GC(266) Concurrent Mark From Roots
[2024-04-05T14:09:37.980+0300][2573.750s][info][gc,task     ] GC(266) Using 2 workers of 2 for marking
[2024-04-05T14:09:38.723+0300][2574.492s][info][gc,marking  ] GC(266) Concurrent Mark From Roots 742.572ms
[2024-04-05T14:09:38.723+0300][2574.492s][info][gc,marking  ] GC(266) Concurrent Preclean
[2024-04-05T14:09:38.728+0300][2574.498s][info][gc,marking  ] GC(266) Concurrent Preclean 5.268ms
[2024-04-05T14:09:38.729+0300][2574.498s][info][gc,start    ] GC(266) Pause Remark
[2024-04-05T14:09:38.822+0300][2574.592s][info][gc          ] GC(266) Pause Remark 553M->546M(1024M) 92.969ms
[2024-04-05T14:09:38.822+0300][2574.592s][info][gc,cpu      ] GC(266) User=0.37s Sys=0.00s Real=0.10s
[2024-04-05T14:09:38.823+0300][2574.593s][info][gc,marking  ] GC(266) Concurrent Mark 842.980ms
[2024-04-05T14:09:38.823+0300][2574.593s][info][gc,marking  ] GC(266) Concurrent Rebuild Remembered Sets
[2024-04-05T14:09:39.952+0300][2575.722s][info][gc,marking  ] GC(266) Concurrent Rebuild Remembered Sets 1128.717ms
[2024-04-05T14:09:39.953+0300][2575.722s][info][gc,start    ] GC(266) Pause Cleanup
[2024-04-05T14:09:39.954+0300][2575.723s][info][gc          ] GC(266) Pause Cleanup 582M->582M(1024M) 0.986ms
[2024-04-05T14:09:39.954+0300][2575.723s][info][gc,cpu      ] GC(266) User=0.00s Sys=0.00s Real=0.00s
[2024-04-05T14:09:39.954+0300][2575.723s][info][gc,marking  ] GC(266) Concurrent Cleanup for Next Mark
[2024-04-05T14:09:39.956+0300][2575.726s][info][gc,marking  ] GC(266) Concurrent Cleanup for Next Mark 2.564ms
[2024-04-05T14:09:39.956+0300][2575.726s][info][gc          ] GC(266) Concurrent Mark Cycle 1985.840ms
